Hello, distributed file storage! Some repeated content to pad the file. Some repeated content to pad the file. Some repeated content to pad the file. Some repeated content to pad the file. Some repeated content to pad the file. Some repeated content to pad the file. Some repeated content to pad the file. Some repeated content to pad the file. Some repeated content to pad the file. Some repeated content to pad the file. Some repeated content to pad the file. Some repeated content to pad the file. Some repeated content to pad the file. Some repeated content to pad the file. Some repeated content to pad the file. Some repeated content to pad the file. Some repeated content to pad the file. Some repeated content to pad the file. Some repeated content to pad the file. Some repeated content to pad the file. Some repeated content to pad the file. Some repeated content to pad the file. Some repeated content to pad the file. Some repeated content to pad the file. Some repeated content to pad the file. Some repeated content to pad the file. Some repeated content to pad the file. Some repeated content to pad the file. Some repeated content to pad the file. Some repeated content to pad the file. Some repeated content to pad the file. Some repeated content to pad the file. Some repeated content to pad the file. Some repeated content to pad the file. Some repeated content to pad the file. Some repeated content to pad the file. Some repeated content to pad the file. Some repeated content to pad the file. Some repeated content to pad the file. Some repeated content to pad the file. Some repeated content to pad the file. Some repeated content to pad the file. Some repeated content to pad the file. Some repeated content to pad the file. Some repeated content to pad the file. Some repeated content to pad the file. Some repeated content to pad the file. Some repeated content to pad the file. Some repeated content to pad the file. Some repeated content to pad the file. Some repeated content to pad the file. Some repeated content to pad the file. Some repeated content to pad the file. Some repeated content to pad the file. Some repeated content to pad the file. Some repeated content to pad the file. Some repeated content to pad the file. Some repeated content to pad the file. Some repeated content to pad the file. Some repeated content to pad the file. Some repeated content to pad the file. Some repeated content to pad the file. Some repeated content to pad the file. Some repeated content to pad the file. Some repeated content to pad the file. Some repeated content to pad the file. Some repeated content to pad the file. Some repeated content to pad the file. Some repeated content to pad the file. Some repeated content to pad the file. Some repeated content to pad the file. Some repeated content to pad the file. Some repeated content to pad the file. Some repeated content to pad the file. Some repeated content to pad the file. Some repeated content to pad the file. Some repeated content to pad the file. Some repeated content to pad the file. Some repeated content to pad the file. Some repeated content to pad the file. Some repeated content to pad the file. Some repeated content to pad the file. Some repeated content to pad the file. Some repeated content to pad the file. Some repeated content to pad the file. Some repeated content to pad the file. Some repeated content to pad the file. Some repeated content to pad the file. Some repeated content to pad the file. Some repeated content to pad the file. Some repeated content to pad the file. Some repeated content to pad the file. Some repeated content to pad the file. Some repeated content to pad the file. Some repeated content to pad the file. Some repeated content to pad the file. Some repeated content to pad the file. Some repeated content to pad the file. Some repeated content to pad the file. Some repeated content to pad the file. Some repeated content to pad the file. Some repeated content to pad the file. Some repeated content to pad the file. Some repeated content to pad the file. Some repeated content to pad the file. Some repeated content to pad the file. Some repeated content to pad the file. Some repeated content to pad the file. Some repeated content to pad the file. Some repeated content to pad the file. Some repeated content to pad the file. Some repeated content to pad the file. Some repeated content to pad the file. Some repeated content to pad the file. Some repeated content to pad the file. Some repeated content to pad the file. Some repeated content to pad the file. Some repeated content to pad the file. Some repeated content to pad the file. Some repeated content to pad the file. Some repeated content to pad the file. Some repeated content to pad the file. Some repeated content to pad the file. Some repeated content to pad the file. Some repeated content to pad the file. Some repeated content to pad the file. Some repeated content to pad the file. Some repeated content to pad the file. Some repeated content to pad the file. Some repeated content to pad the file. Some repeated content to pad the file. Some repeated content to pad the file. Some repeated content to pad the file. Some repeated content to pad the file. Some repeated content to pad the file. Some repeated content to pad the file. Some repeated content to pad the file. Some repeated content to pad the file. Some repeated content to pad the file. Some repeated content to pad the file. Some repeated content to pad the file. Some repeated content to pad the file. Some repeated content to pad the file. Some repeated content to pad the file. Some repeated content to pad the file. Some repeated content to pad the file. Some repeated content to pad the file. Some repeated content to pad the file. Some repeated content to pad the file. Some repeated content to pad the file. Some repeated content to pad the file. Some repeated content to pad the file. Some repeated content to pad the file. Some repeated content to pad the file. Some repeated content to pad the file. Some repeated content to pad the file. Some repeated content to pad the file. Some repeated content to pad the file. Some repeated content to pad the file. Some repeated content to pad the file. Some repeated content to pad the file. Some repeated content to pad the file. Some repeated content to pad the file. Some repeated content to pad the file. Some repeated content to pad the file. Some repeated content to pad the file. Some repeated content to pad the file. Some repeated content to pad the file. Some repeated content to pad the file. Some repeated content to pad the file. Some repeated content to pad the file. Some repeated content to pad the file. Some repeated content to pad the file. Some repeated content to pad the file. Some repeated content to pad the file. Some repeated content to pad the file. Some repeated content to pad the file. Some repeated content to pad the file. Some repeated content to pad the file. Some repeated content to pad the file. Some repeated content to pad the file. Some repeated content to pad the file. Some repeated content to pad the file. Some repeated content to pad the file. Some repeated content to pad the file. Some repeated content to pad the file. Some repeated content to pad the file. Some repeated content to pad the file. Some repeated content to pad the file. Some repeated content to pad the file. Some repeated content to pad the file. Some repeated content to pad the file. Some repeated content to pad the file. Some repeated content to pad the file. Some repeated content to pad the file. Some repeated content to pad the file. Some repeated content to pad the file. Some repeated content to pad the file. Some repeated content to pad the file. Some repeated content to pad the file. Some repeated content to pad the file. Some repeated content to pad the file. Some repeated content to pad the file. Some repeated content to pad the file. Some repeated content to pad the file. Some repeated content to pad the file. Some repeated content to pad the file. Some repeated content to pad the file. Some repeated content to pad the file. Some repeated content to pad the file. Some repeated content to pad the file. Some repeated content to pad the file. Some repeated content to pad the file. Some repeated content to pad the file. Some repeated content to pad the file. Some repeated content to pad the file. Some repeated content to pad the file. Some repeated content to pad the file. Some repeated content to pad the file. Some repeated content to pad the file. Some repeated content to pad the file. Some repeated content to pad the file. Some repeated content to pad the file. Some repeated content to pad the file. Some repeated content to pad the file. Some repeated content to pad the file. Some repeated content to pad the file. Some repeated content to pad the file. Some repeated content to pad the file. Some repeated content to pad the file. Some repeated content to pad the file. Some repeated content to pad the file. Some repeated content to pad the file. Some repeated content to pad the file. Some repeated content to pad the file. Some repeated content to pad the file. Some repeated content to pad the file. Some repeated content to pad the file. Some repeated content to pad the file. Some repeated content to pad the file. Some repeated content to pad the file. Some repeated content to pad the file. Some repeated content to pad the file. Some repeated content to pad the file. Some repeated content to pad the file. Some repeated content to pad the file. Some repeated content to pad the file. Some repeated content to pad the file. Some repeated content to pad the file. Some repeated content to pad the file. Some repeated content to pad the file. Some repeated content to pad the file. Some repeated content to pad the file. Some repeated content to pad the file. Some repeated content to pad the file. Some repeated content to pad the file. Some repeated content to pad the file. Some repeated content to pad the file. Some repeated content to pad the file. Some repeated content to pad the file. Some repeated content to pad the file. Some repeated content to pad the file. Some repeated content to pad the file. Some repeated content to pad the file. Some repeated content to pad the file. Some repeated content to pad the file. Some repeated content to pad the file. Some repeated content to pad the file. Some repeated content to pad the file. Some repeated content to pad the file. Some repeated content to pad the file. Some repeated content to pad the file. Some repeated content to pad the file. Some repeated content to pad the file. Some repeated content to pad the file. Some repeated content to pad the file. Some repeated content to pad the file. Some repeated content to pad the file. Some repeated content to pad the file. Some repeated content to pad the file. Some repeated content to pad the file. Some repeated content to pad the file. Some repeated content to pad the file. Some repeated content to pad the file. Some repeated content to pad the file. Some repeated content to pad the file. Some repeated content to pad the file. Some repeated content to pad the file. Some repeated content to pad the file. Some repeated content to pad the file. Some repeated content to pad the file. Some repeated content to pad the file. Some repeated content to pad the file. Some repeated content to pad the file. Some repeated content to pad the file. Some repeated content to pad the file. Some repeated content to pad the file. Some repeated content to pad the file. Some repeated content to pad the file. Some repeated content to pad the file. Some repeated content to pad the file. Some repeated content to pad the file. Some repeated content to pad the file. Some repeated content to pad the file. Some repeated content to pad the file. Some repeated content to pad the file. Some repeated content to pad the file. Some repeated content to pad the file. Some repeated content to pad the file. Some repeated content to pad the file. Some repeated content to pad the file. Some repeated content to pad the file. Some repeated content to pad the file. Some repeated content to pad the file. Some repeated content to pad the file. Some repeated content to pad the file. Some repeated content to pad the file. Some repeated content to pad the file. Some repeated content to pad the file. Some repeated content to pad the file. Some repeated content to pad the file. Some repeated content to pad the file. Some repeated content to pad the file. Some repeated content to pad the file. Some repeated content to pad the file. Some repeated content to pad the file. Some repeated content to pad the file. Some repeated content to pad the file. Some repeated content to pad the file. Some repeated content to pad the file. Some repeated content to pad the file. Some repeated content to pad the file. Some repeated content to pad the file. Some repeated content to pad the file. Some repeated content to pad the file. Some repeated content to pad the file. Some repeated content to pad the file. Some repeated content to pad the file. Some repeated content to pad the file. Some repeated content to pad the file. Some repeated content to pad the file. Some repeated content to pad the file. Some repeated content to pad the file. Some repeated content to pad the file. Some repeated content to pad the file. Some repeated content to pad the file. Some repeated content to pad the file. Some repeated content to pad the file. Some repeated content to pad the file. Some repeated content to pad the file. Some repeated content to pad the file. Some repeated content to pad the file. Some repeated content to pad the file. Some repeated content to pad the file. Some repeated content to pad the file. Some repeated content to pad the file. Some repeated content to pad the file. Some repeated content to pad the file. Some repeated content to pad the file. Some repeated content to pad the file. Some repeated content to pad the file. Some repeated content to pad the file. Some repeated content to pad the file. Some repeated content to pad the file. Some repeated content to pad the file. Some repeated content to pad the file. Some repeated content to pad the file. Some repeated content to pad the file. Some repeated content to pad the file. Some repeated content to pad the file. Some repeated content to pad the file. Some repeated content to pad the file. Some repeated content to pad the file. Some repeated content to pad the file. Some repeated content to pad the file. Some repeated content to pad the file. Some repeated content to pad the file. Some repeated content to pad the file. Some repeated content to pad the file. Some repeated content to pad the file. Some repeated content to pad the file. Some repeated content to pad the file. Some repeated content to pad the file. Some repeated content to pad the file. Some repeated content to pad the file. Some repeated content to pad the file. Some repeated content to pad the file. Some repeated content to pad the file. Some repeated content to pad the file. Some repeated content to pad the file. Some repeated content to pad the file. Some repeated content to pad the file. Some repeated content to pad the file. Some repeated content to pad the file. Some repeated content to pad the file. Some repeated content to pad the file. Some repeated content to pad the file. Some repeated content to pad the file. Some repeated content to pad the file. Some repeated content to pad the file. Some repeated content to pad the file. Some repeated content to pad the file. Some repeated content to pad the file. Some repeated content to pad the file. Some repeated content to pad the file. Some repeated content to pad the file. Some repeated content to pad the file. Some repeated content to pad the file. Some repeated content to pad the file. Some repeated content to pad the file. Some repeated content to pad the file. Some repeated content to pad the file. Some repeated content to pad the file. Some repeated content to pad the file. Some repeated content to pad the file. Some repeated content to pad the file. Some repeated content to pad the file. Some repeated content to pad the file. Some repeated content to pad the file. Some repeated content to pad the file. Some repeated content to pad the file. Some repeated content to pad the file. Some repeated content to pad the file. Some repeated content to pad the file. Some repeated content to pad the file. Some repeated content to pad the file. Some repeated content to pad the file. Some repeated content to pad the file. Some repeated content to pad the file. Some repeated content to pad the file. Some repeated content to pad the file. Some repeated content to pad the file. Some repeated content to pad the file. Some repeated content to pad the file. Some repeated content to pad the file. Some repeated content to pad the file. Some repeated content to pad the file. Some repeated content to pad the file. Some repeated content to pad the file. Some repeated content to pad the file. Some repeated content to pad the file. Some repeated content to pad the file. Some repeated content to pad the file. Some repeated content to pad the file. Some repeated content to pad the file. Some repeated content to pad the file. Some repeated content to pad the file. Some repeated content to pad the file. Some repeated content to pad the file. Some repeated content to pad the file. Some repeated content to pad the file. Some repeated content to pad the file. Some repeated content to pad the file. Some repeated content to pad the file. Some repeated content to pad the file. Some repeated content to pad the file. Some repeated content to pad the file. Some repeated content to pad the file. Some repeated content to pad the file. Some repeated content to pad the file. Some repeated content to pad the file. Some repeated content to pad the file. Some repeated content to pad the file. Some repeated content to pad the file. Some repeated content to pad the file. Some repeated content to pad the file. Some repeated content to pad the file. Some repeated content to pad the file. Some repeated content to pad the file. Some repeated content to pad the file. Some repeated content to pad the file. Some repeated content to pad the file. Some repeated content to pad the file. Some repeated content to pad the file. Some repeated content to pad the file. Some repeated content to pad the file. Some repeated content to pad the file. Some repeated content to pad the file. Some repeated content to pad the file. Some repeated content to pad the file. Some repeated content to pad the file. Some repeated content to pad the file. Some repeated content to pad the file. Some repeated content to pad the file. Some repeated content to pad the file. Some repeated content to pad the file. Some repeated content to pad the file. Some repeated content to pad the file. Some repeated content to pad the file. Some repeated content to pad the file. Some repeated content to pad the file. Some repeated content to pad the file. Some repeated content to pad the file. Some repeated content to pad the file. Some repeated content to pad the file. Some repeated content to pad the file. Some repeated content to pad the file. Some repeated content to pad the file. Some repeated content to pad the file. Some repeated content to pad the file. Some repeated content to pad the file. Some repeated content to pad the file. Some repeated content to pad the file. Some repeated content to pad the file. Some repeated content to pad the file. Some repeated content to pad the file. Some repeated content to pad the file. Some repeated content to pad the file. Some repeated content to pad the file. Some repeated content to pad the file. Some repeated content to pad the file. Some repeated content to pad the file. Some repeated content to pad the file. Some repeated content to pad the file. Some repeated content to pad the file. Some repeated content to pad the file. Some repeated content to pad the file. Some repeated content to pad the file. Some repeated content to pad the file. Some repeated content to pad the file. Some repeated content to pad the file. Some repeated content to pad the file. Some repeated content to pad the file. Some repeated content to pad the file. Some repeated content to pad the file. Some repeated content to pad the file. Some repeated content to pad the file. Some repeated content to pad the file. Some repeated content to pad the file. Some repeated content to pad the file. Some repeated content to pad the file. Some repeated content to pad the file. Some repeated content to pad the file. Some repeated content to pad the file. Some repeated content to pad the file. Some repeated content to pad the file. Some repeated content to pad the file. Some repeated content to pad the file. Some repeated content to pad the file. Some repeated content to pad the file. Some repeated content to pad the file. Some repeated content to pad the file. Some repeated content to pad the file. Some repeated content to pad the file. Some repeated content to pad the file. Some repeated content to pad the file. Some repeated content to pad the file. Some repeated content to pad the file. Some repeated content to pad the file. Some repeated content to pad the file. Some repeated content to pad the file. Some repeated content to pad the file. Some repeated content to pad the file. Some repeated content to pad the file. Some repeated content to pad the file. Some repeated content to pad the file. Some repeated content to pad the file. Some repeated content to pad the file. Some repeated content to pad the file. Some repeated content to pad the file. Some repeated content to pad the file. Some repeated content to pad the file. Some repeated content to pad the file. Some repeated content to pad the file. Some repeated content to pad the file. Some repeated content to pad the file. Some repeated content to pad the file. Some repeated content to pad the file. Some repeated content to pad the file. Some repeated content to pad the file. Some repeated content to pad the file. Some repeated content to pad the file. Some repeated content to pad the file. Some repeated content to pad the file. Some repeated content to pad the file. Some repeated content to pad the file. Some repeated content to pad the file. Some repeated content to pad the file. Some repeated content to pad the file. Some repeated content to pad the file. Some repeated content to pad the file. Some repeated content to pad the file. Some repeated content to pad the file. Some repeated content to pad the file. Some repeated content to pad the file. Some repeated content to pad the file. Some repeated content to pad the file. Some repeated content to pad the file. Some repeated content to pad the file. Some repeated content to pad the file. Some repeated content to pad the file. Some repeated content to pad the file. Some repeated content to pad the file. Some repeated content to pad the file. Some repeated content to pad the file. Some repeated content to pad the file. Some repeated content to pad the file. Some repeated content to pad the file. Some repeated content to pad the file. Some repeated content to pad the file. Some repeated content to pad the file. Some repeated content to pad the file. Some repeated content to pad the file. Some repeated content to pad the file. Some repeated content to pad the file. Some repeated content to pad the file. Some repeated content to pad the file. Some repeated content to pad the file. Some repeated content to pad the file. Some repeated content to pad the file. Some repeated content to pad the file. Some repeated content to pad the file. Some repeated content to pad the file. Some repeated content to pad the file. Some repeated content to pad the file. Some repeated content to pad the file. Some repeated content to pad the file. Some repeated content to pad the file. Some repeated content to pad the file. Some repeated content to pad the file. Some repeated content to pad the file. Some repeated content to pad the file. Some repeated content to pad the file. Some repeated content to pad the file. Some repeated content to pad the file. Some repeated content to pad the file. Some repeated content to pad the file. Some repeated content to pad the file. Some repeated content to pad the file. Some repeated content to pad the file. Some repeated content to pad the file. Some repeated content to pad the file. Some repeated content to pad the file. Some repeated content to pad the file. Some repeated content to pad the file. Some repeated content to pad the file. Some repeated content to pad the file. Some repeated content to pad the file. Some repeated content to pad the file. Some repeated content to pad the file. Some repeated content to pad the file. Some repeated content to pad the file. Some repeated content to pad the file. Some repeated content to pad the file. Some repeated content to pad the file. Some repeated content to pad the file. Some repeated content to pad the file. Some repeated content to pad the file. Some repeated content to pad the file. Some repeated content to pad the file. Some repeated content to pad the file. Some repeated content to pad the file. Some repeated content to pad the file. Some repeated content to pad the file. Some repeated content to pad the file. Some repeated content to pad the file. Some repeated content to pad the file. Some repeated content to pad the file. Some repeated content to pad the file. Some repeated content to pad the file. Some repeated content to pad the file. Some repeated content to pad the file. Some repeated content to pad the file. Some repeated content to pad the file. Some repeated content to pad the file. Some repeated content to pad the file. Some repeated content to pad the file. Some repeated content to pad the file. Some repeated content to pad the file. Some repeated content to pad the file. Some repeated content to pad the file. Some repeated content to pad the file. Some repeated content to pad the file. Some repeated content to pad the file. Some repeated content to pad the file. Some repeated content to pad the file. Some repeated content to pad the file. Some repeated content to pad the file. Some repeated content to pad the file. Some repeated content to pad the file. Some repeated content to pad the file. Some repeated content to pad the file. Some repeated content to pad the file. Some repeated content to pad the file. Some repeated content to pad the file. Some repeated content to pad the file. Some repeated content to pad the file. Some repeated content to pad the file. Some repeated content to pad the file. Some repeated content to pad the file. Some repeated content to pad the file. Some repeated content to pad the file. Some repeated content to pad the file. Some repeated content to pad the file. Some repeated content to pad the file. Some repeated content to pad the file. Some repeated content to pad the file. Some repeated content to pad the file. Some repeated content to pad the file. Some repeated content to pad the file. Some repeated content to pad the file. Some repeated content to pad the file. Some repeated content to pad the file. Some repeated content to pad the file. Some repeated content to pad the file. Some repeated content to pad the file. Some repeated content to pad the file. Some repeated content to pad the file. Some repeated content to pad the file. Some repeated content to pad the file. Some repeated content to pad the file. Some repeated content to pad the file. Some repeated content to pad the file. Some repeated content to pad the file. Some repeated content to pad the file. Some repeated content to pad the file. Some repeated content to pad the file. Some repeated content to pad the file. Some repeated content to pad the file. Some repeated content to pad the file. Some repeated content to pad the file. Some repeated content to pad the file. Some repeated content to pad the file. Some repeated content to pad the file. Some repeated content to pad the file. Some repeated content to pad the file. Some repeated content to pad the file. Some repeated content to pad the file. Some repeated content to pad the file. Some repeated content to pad the file. Some repeated content to pad the file. Some repeated content to pad the file. Some repeated content to pad the file. Some repeated content to pad the file. Some repeated content to pad the file. Some repeated content to pad the file. Some repeated content to pad the file. Some repeated content to pad the file. Some repeated content to pad the file. Some repeated content to pad the file. Some repeated content to pad the file. Some repeated content to pad the file. Some repeated content to pad the file. Some repeated content to pad the file. Some repeated content to pad the file. Some repeated content to pad the file. Some repeated content to pad the file. Some repeated content to pad the file. Some repeated content to pad the file. Some repeated content to pad the file. Some repeated content to pad the file. Some repeated content to pad the file. Some repeated content to pad the file. Some repeated content to pad the file. Some repeated content to pad the file. Some repeated content to pad the file. Some repeated content to pad the file. Some repeated content to pad the file. Some repeated content to pad the file. Some repeated content to pad the file. Some repeated content to pad the file. Some repeated content to pad the file. Some repeated content to pad the file. Some repeated content to pad the file. Some repeated content to pad the file. Some repeated content to pad the file. Some repeated content to pad the file. Some repeated content to pad the file. Some repeated content to pad the file. Some repeated content to pad the file. Some repeated content to pad the file. Some repeated content to pad the file. Some repeated content to pad the file. Some repeated content to pad the file. Some repeated content to pad the file. Some repeated content to pad the file. Some repeated content to pad the file. Some repeated content to pad the file. Some repeated content to pad the file. Some repeated content to pad the file. Some repeated content to pad the file. Some repeated content to pad the file. Some repeated content to pad the file. Some repeated content to pad the file. Some repeated content to pad the file. Some repeated content to pad the file. Some repeated content to pad the file. Some repeated content to pad the file. Some repeated content to pad the file. Some repeated content to pad the file. Some repeated content to pad the file. Some repeated content to pad the file. Some repeated content to pad the file. Some repeated content to pad the file. Some repeated content to pad the file. Some repeated content to pad the file. Some repeated content to pad the file. Some repeated content to pad the file. Some repeated content to pad the file. Some repeated content to pad the file. Some repeated content to pad the file. Some repeated content to pad the file. Some repeated content to pad the file. Some repeated content to pad the file. Some repeated content to pad the file. Some repeated content to pad the file. Some repeated content to pad the file. Some repeated content to pad the file. Some repeated content to pad the file. Some repeated content to pad the file. Some repeated content to pad the file. Some repeated content to pad the file. Some repeated content to pad the file. Some repeated content to pad the file. Some repeated content to pad the file. Some repeated content to pad the file. Some repeated content to pad the file. Some repeated content to pad the file. Some repeated content to pad the file. Some repeated content to pad the file. Some repeated content to pad the file. Some repeated content to pad the file. Some repeated content to pad the file. Some repeated content to pad the file. Some repeated content to pad the file. Some repeated content to pad the file. Some repeated content to pad the file. Some repeated content to pad the file. Some repeated content to pad the file. Some repeated content to pad the file. Some repeated content to pad the file. Some repeated content to pad the file. Some repeated content to pad the file. Some repeated content to pad the file. Some repeated content to pad the file. Some repeated content to pad the file. Some repeated content to pad the file. Some repeated content to pad the file. Some repeated content to pad the file. Some repeated content to pad the file. Some repeated content to pad the file. Some repeated content to pad the file. Some repeated content to pad the file. Some repeated content to pad the file. Some repeated content to pad the file. Some repeated content to pad the file. Some repeated content to pad the file. Some repeated content to pad the file. Some repeated content to pad the file. Some repeated content to pad the file. Some repeated content to pad the file. Some repeated content to pad the file. Some repeated content to pad the file. Some repeated content to pad the file. Some repeated content to pad the file. Some repeated content to pad the file. Some repeated content to pad the file. Some repeated content to pad the file. Some repeated content to pad the file. Some repeated content to pad the file. Some repeated content to pad the file. Some repeated content to pad the file. Some repeated content to pad the file. Some repeated content to pad the file. Some repeated content to pad the file. Some repeated content to pad the file. Some repeated content to pad the file. Some repeated content to pad the file. Some repeated content to pad the file. Some repeated content to pad the file. Some repeated content to pad the file. Some repeated content to pad the file. Some repeated content to pad the file. Some repeated content to pad the file. Some repeated content to pad the file. Some repeated content to pad the file. Some repeated content to pad the file. Some repeated content to pad the file. Some repeated content to pad the file. Some repeated content to pad the file. Some repeated content to pad the file. Some repeated content to pad the file. Some repeated content to pad the file. Some repeated content to pad the file. Some repeated content to pad the file. Some repeated content to pad the file. Some repeated content to pad the file. Some repeated content to pad the file. Some repeated content to pad the file. Some repeated content to pad the file. Some repeated content to pad the file. Some repeated content to pad the file. Some repeated content to pad the file. Some repeated content to pad the file. Some repeated content to pad the file. Some repeated content to pad the file. Some repeated content to pad the file. Some repeated content to pad the file. Some repeated content to pad the file. Some repeated content to pad the file. Some repeated content to pad the file. Some repeated content to pad the file. Some repeated content to pad the file. Some repeated content to pad the file. Some repeated content to pad the file. Some repeated content to pad the file. Some repeated content to pad the file. Some repeated content to pad the file. Some repeated content to pad the file. Some repeated content to pad the file. Some repeated content to pad the file. Some repeated content to pad the file. Some repeated content to pad the file. Some repeated content to pad the file. Some repeated content to pad the file. Some repeated content to pad the file. Some repeated content to pad the file. Some repeated content to pad the file. Some repeated content to pad the file. Some repeated content to pad the file. Some repeated content to pad the file. Some repeated content to pad the file. Some repeated content to pad the file. Some repeated content to pad the file. Some repeated content to pad the file. Some repeated content to pad the file. Some repeated content to pad the file. Some repeated content to pad the file. Some repeated content to pad the file. Some repeated content to pad the file. Some repeated content to pad the file. Some repeated content to pad the file. Some repeated content to pad the file. Some repeated content to pad the file. Some repeated content to pad the file. Some repeated content to pad the file. Some repeated content to pad the file. Some repeated content to pad the file. Some repeated content to pad the file. Some repeated content to pad the file. Some repeated content to pad the file. Some repeated content to pad the file. Some repeated content to pad the file. Some repeated content to pad the file. Some repeated content to pad the file. Some repeated content to pad the file. Some repeated content to pad the file. Some repeated content to pad the file. Some repeated content to pad the file. Some repeated content to pad the file. Some repeated content to pad the file. Some repeated content to pad the file. Some repeated content to pad the file. Some repeated content to pad the file. Some repeated content to pad the file. Some repeated content to pad the file. Some repeated content to pad the file. Some repeated content to pad the file. Some repeated content to pad the file. Some repeated content to pad the file. Some repeated content to pad the file. Some repeated content to pad the file. Some repeated content to pad the file. Some repeated content to pad the file. Some repeated content to pad the file. Some repeated content to pad the file. Some repeated content to pad the file. Some repeated content to pad the file. Some repeated content to pad the file. Some repeated content to pad the file. Some repeated content to pad the file. Some repeated content to pad the file. Some repeated content to pad the file. Some repeated content to pad the file. Some repeated content to pad the file. Some repeated content to pad the file. Some repeated content to pad the file. Some repeated content to pad the file. Some repeated content to pad the file. Some repeated content to pad the file. Some repeated content to pad the file. Some repeated content to pad the file. Some repeated content to pad the file. Some repeated content to pad the file. Some repeated content to pad the file. Some repeated content to pad the file. Some repeated content to pad the file. Some repeated content to pad the file. Some repeated content to pad the file. Some repeated content to pad the file. Some repeated content to pad the file. Some repeated content to pad the file. Some repeated content to pad the file. Some repeated content to pad the file. Some repeated content to pad the file. Some repeated content to pad the file. Some repeated content to pad the file. Some repeated content to pad the file. Some repeated content to pad the file. Some repeated content to pad the file. Some repeated content to pad the file. Some repeated content to pad the file. Some repeated content to pad the file. Some repeated content to pad the file. Some repeated content to pad the file. Some repeated content to pad the file. Some repeated content to pad the file. Some repeated content to pad the file. Some repeated content to pad the file. Some repeated content to pad the file. Some repeated content to pad the file. Some repeated content to pad the file. Some repeated content to pad the file. Some repeated content to pad the file. Some repeated content to pad the file. Some repeated content to pad the file. Some repeated content to pad the file. Some repeated content to pad the file. Some repeated content to pad the file. Some repeated content to pad the file. Some repeated content to pad the file. Some repeated content to pad the file. Some repeated content to pad the file. Some repeated content to pad the file. Some repeated content to pad the file. Some repeated content to pad the file. Some repeated content to pad the file. Some repeated content to pad the file. Some repeated content to pad the file. Some repeated content to pad the file. Some repeated content to pad the file. Some repeated content to pad the file. Some repeated content to pad the file. Some repeated content to pad the file. Some repeated content to pad the file. Some repeated content to pad the file. Some repeated content to pad the file. Some repeated content to pad the file. Some repeated content to pad the file. Some repeated content to pad the file. Some repeated content to pad the file. Some repeated content to pad the file. Some repeated content to pad the file. Some repeated content to pad the file. Some repeated content to pad the file. Some repeated content to pad the file. Some repeated content to pad the file. Some repeated content to pad the file. Some repeated content to pad the file. Some repeated content to pad the file. Some repeated content to pad the file. Some repeated content to pad the file. Some repeated content to pad the file. Some repeated content to pad the file. Some repeated content to pad the file. Some repeated content to pad the file. Some repeated content to pad the file. Some repeated content to pad the file. Some repeated content to pad the file. Some repeated content to pad the file. Some repeated content to pad the file. Some repeated content to pad the file. Some repeated content to pad the file. Some repeated content to pad the file. Some repeated content to pad the file. Some repeated content to pad the file. Some repeated content to pad the file. Some repeated content to pad the file. Some repeated content to pad the file. Some repeated content to pad the file. Some repeated content to pad the file. Some repeated content to pad the file. Some repeated content to pad the file. Some repeated content to pad the file. Some repeated content to pad the file. Some repeated content to pad the file. Some repeated content to pad the file. Some repeated content to pad the file. Some repeated content to pad the file. Some repeated content to pad the file. Some repeated content to pad the file. Some repeated content to pad the file. Some repeated content to pad the file. Some repeated content to pad the file. Some repeated content to pad the file. Some repeated content to pad the file. Some repeated content to pad the file. Some repeated content to pad the file. Some repeated content to pad the file. Some repeated content to pad the file. Some repeated content to pad the file. Some repeated content to pad the file. Some repeated content to pad the file. Some repeated content to pad the file. Some repeated content to pad the file. Some repeated content to pad the file. Some repeated content to pad the file. Some repeated content to pad the file. Some repeated content to pad the file. Some repeated content to pad the file. Some repeated content to pad the file. Some repeated content to pad the file. Some repeated content to pad the file. Some repeated content to pad the file. Some repeated content to pad the file. Some repeated content to pad the file. Some repeated content to pad the file. Some repeated content to pad the file. Some repeated content to pad the file. Some repeated content to pad the file. Some repeated content to pad the file. Some repeated content to pad the file. Some repeated content to pad the file. Some repeated content to pad the file. Some repeated content to pad the file. Some repeated content to pad the file. Some repeated content to pad the file. Some repeated content to pad the file. Some repeated content to pad the file. Some repeated content to pad the file. Some repeated content to pad the file. Some repeated content to pad the file. Some repeated content to pad the file. Some repeated content to pad the file. Some repeated content to pad the file. Some repeated content to pad the file. Some repeated content to pad the file. Some repeated content to pad the file. Some repeated content to pad the file. Some repeated content to pad the file. Some repeated content to pad the file. Some repeated content to pad the file. Some repeated content to pad the file. Some repeated content to pad the file. Some repeated content to pad the file. Some repeated content to pad the file. Some repeated content to pad the file. Some repeated content to pad the file. Some repeated content to pad the file. Some repeated content to pad the file. Some repeated content to pad the file. Some repeated content to pad the file. Some repeated content to pad the file. Some repeated content to pad the file. Some repeated content to pad the file. Some repeated content to pad the file. Some repeated content to pad the file. Some repeated content to pad the file. Some repeated content to pad the file. Some repeated content to pad the file. Some repeated content to pad the file. Some repeated content to pad the file. Some repeated content to pad the file. Some repeated content to pad the file. Some repeated content to pad the file. Some repeated content to pad the file. Some repeated content to pad the file. Some repeated content to pad the file. Some repeated content to pad the file. Some repeated content to pad the file. Some repeated content to pad the file. Some repeated content to pad the file. Some repeated content to pad the file. Some repeated content to pad the file. Some repeated content to pad the file. Some repeated content to pad the file. Some repeated content to pad the file. Some repeated content to pad the file. Some repeated content to pad the file. Some repeated content to pad the file. Some repeated content to pad the file. Some repeated content to pad the file. Some repeated content to pad the file. Some repeated content to pad the file. Some repeated content to pad the file. Some repeated content to pad the file. Some repeated content to pad the file. Some repeated content to pad the file. Some repeated content to pad the file. Some repeated content to pad the file. Some repeated content to pad the file. Some repeated content to pad the file. Some repeated content to pad the file. Some repeated content to pad the file. Some repeated content to pad the file. Some repeated content to pad the file. Some repeated content to pad the file. Some repeated content to pad the file. Some repeated content to pad the file. Some repeated content to pad the file. Some repeated content to pad the file. Some repeated content to pad the file. Some repeated content to pad the file. Some repeated content to pad the file. Some repeated content to pad the file. Some repeated content to pad the file. Some repeated content to pad the file. Some repeated content to pad the file. Some repeated content to pad the file. Some repeated content to pad the file. Some repeated content to pad the file. Some repeated content to pad the file. Some repeated content to pad the file. Some repeated content to pad the file. Some repeated content to pad the file. Some repeated content to pad the file. Some repeated content to pad the file. Some repeated content to pad the file. Some repeated content to pad the file. Some repeated content to pad the file. Some repeated content to pad the file. Some repeated content to pad the file. Some repeated content to pad the file. Some repeated content to pad the file. Some repeated content to pad the file. Some repeated content to pad the file. Some repeated content to pad the file. Some repeated content to pad the file. Some repeated content to pad the file. Some repeated content to pad the file. Some repeated content to pad the file. Some repeated content to pad the file. Some repeated content to pad the file. Some repeated content to pad the file. Some repeated content to pad the file. Some repeated content to pad the file. Some repeated content to pad the file. Some repeated content to pad the file. Some repeated content to pad the file. Some repeated content to pad the file. Some repeated content to pad the file. Some repeated content to pad the file. Some repeated content to pad the file. Some repeated content to pad the file. Some repeated content to pad the file. Some repeated content to pad the file. Some repeated content to pad the file. Some repeated content to pad the file. Some repeated content to pad the file. Some repeated content to pad the file. Some repeated content to pad the file. Some repeated content to pad the file. Some repeated content to pad the file. Some repeated content to pad the file. Some repeated content to pad the file. Some repeated content to pad the file. Some repeated content to pad the file. Some repeated content to pad the file. Some repeated content to pad the file. Some repeated content to pad the file. Some repeated content to pad the file. Some repeated content to pad the file. Some repeated content to pad the file. Some repeated content to pad the file. Some repeated content to pad the file. Some repeated content to pad the file. Some repeated content to pad the file. Some repeated content to pad the file. Some repeated content to pad the file. Some repeated content to pad the file. Some repeated content to pad the file. Some repeated content to pad the file. Some repeated content to pad the file. Some repeated content to pad the file. Some repeated content to pad the file. Some repeated content to pad the file. Some repeated content to pad the file. Some repeated content to pad the file. Some repeated content to pad the file. Some repeated content to pad the file. Some repeated content to pad the file. Some repeated content to pad the file. Some repeated content to pad the file. Some repeated content to pad the file. Some repeated content to pad the file. Some repeated content to pad the file. Some repeated content to pad the file. Some repeated content to pad the file. Some repeated content to pad the file. Some repeated content to pad the file. Some repeated content to pad the file. Some repeated content to pad the file. Some repeated content to pad the file. Some repeated content to pad the file. Some repeated content to pad the file. Some repeated content to pad the file. Some repeated content to pad the file. Some repeated content to pad the file. Some repeated content to pad the file. Some repeated content to pad the file. Some repeated content to pad the file. Some repeated content to pad the file. Some repeated content to pad the file. Some repeated content to pad the file. Some repeated content to pad the file. Some repeated content to pad the file. Some repeated content to pad the file. Some repeated content to pad the file. Some repeated content to pad the file. Some repeated content to pad the file. Some repeated content to pad the file. Some repeated content to pad the file. Some repeated content to pad the file. Some repeated content to pad the file. Some repeated content to pad the file. Some repeated content to pad the file. Some repeated content to pad the file. Some repeated content to pad the file. Some repeated content to pad the file. Some repeated content to pad the file. Some repeated content to pad the file. Some repeated content to pad the file. Some repeated content to pad the file. Some repeated content to pad the file. Some repeated content to pad the file. Some repeated content to pad the file. Some repeated content to pad the file. Some repeated content to pad the file. Some repeated content to pad the file. Some repeated content to pad the file. Some repeated content to pad the file. Some repeated content to pad the file. Some repeated content to pad the file. Some repeated content to pad the file. Some repeated content to pad the file. Some repeated content to pad the file. Some repeated content to pad the file. Some repeated content to pad the file. Some repeated content to pad the file. Some repeated content to pad the file. Some repeated content to pad the file. Some repeated content to pad the file. Some repeated content to pad the file. Some repeated content to pad the file. Some repeated content to pad the file. Some repeated content to pad the file. Some repeated content to pad the file. Some repeated content to pad the file. Some repeated content to pad the file. Some repeated content to pad the file. Some repeated content to pad the file. Some repeated content to pad the file. Some repeated content to pad the file. Some repeated content to pad the file. Some repeated content to pad the file. Some repeated content to pad the file. Some repeated content to pad the file. Some repeated content to pad the file. Some repeated content to pad the file. Some repeated content to pad the file. Some repeated content to pad the file. Some repeated content to pad the file. Some repeated content to pad the file. Some repeated content to pad the file. Some repeated content to pad the file. Some repeated content to pad the file. Some repeated content to pad the file. Some repeated content to pad the file. Some repeated content to pad the file. Some repeated content to pad the file. Some repeated content to pad the file. Some repeated content to pad the file. Some repeated content to pad the file. Some repeated content to pad the file. Some repeated content to pad the file. Some repeated content to pad the file. Some repeated content to pad the file. Some repeated content to pad the file. Some repeated content to pad the file. Some repeated content to pad the file. Some repeated content to pad the file. Some repeated content to pad the file. Some repeated content to pad the file. Some repeated content to pad the file. Some repeated content to pad the file. Some repeated content to pad the file. Some repeated content to pad the file. Some repeated content to pad the file. Some repeated content to pad the file. Some repeated content to pad the file. Some repeated content to pad the file. Some repeated content to pad the file. Some repeated content to pad the file. Some repeated content to pad the file. Some repeated content to pad the file. Some repeated content to pad the file. Some repeated content to pad the file. Some repeated content to pad the file. Some repeated content to pad the file. Some repeated content to pad the file. Some repeated content to pad the file. Some repeated content to pad the file. Some repeated content to pad the file. Some repeated content to pad the file. Some repeated content to pad the file. Some repeated content to pad the file. Some repeated content to pad the file. Some repeated content to pad the file. Some repeated content to pad the file. Some repeated content to pad the file. Some repeated content to pad the file. Some repeated content to pad the file. Some repeated content to pad the file. Some repeated content to pad the file. Some repeated content to pad the file. Some repeated content to pad the file. Some repeated content to pad the file. Some repeated content to pad the file. Some repeated content to pad the file. Some repeated content to pad the file. Some repeated content to pad the file. Some repeated content to pad the file. Some repeated content to pad the file. Some repeated content to pad the file. Some repeated content to pad the file. Some repeated content to pad the file. Some repeated content to pad the file. Some repeated content to pad the file. Some repeated content to pad the file. Some repeated content to pad the file. Some repeated content to pad the file. Some repeated content to pad the file. Some repeated content to pad the file. Some repeated content to pad the file. Some repeated content to pad the file. Some repeated content to pad the file. Some repeated content to pad the file. Some repeated content to pad the file. Some repeated content to pad the file. Some repeated content to pad the file. Some repeated content to pad the file. Some repeated content to pad the file. Some repeated content to pad the file. Some repeated content to pad the file. Some repeated content to pad the file. Some repeated content to pad the file. Some repeated content to pad the file. Some repeated content to pad the file. Some repeated content to pad the file. Some repeated content to pad the file. Some repeated content to pad the file. Some repeated content to pad the file. Some repeated content to pad the file. Some repeated content to pad the file. Some repeated content to pad the file. Some repeated content to pad the file. Some repeated content to pad the file. Some repeated content to pad the file. Some repeated content to pad the file. Some repeated content to pad the file. Some repeated content to pad the file. Some repeated content to pad the file. Some repeated content to pad the file. Some repeated content to pad the file. Some repeated content to pad the file. Some repeated content to pad the file. Some repeated content to pad the file. Some repeated content to pad the file. Some repeated content to pad the file. Some repeated content to pad the file. Some repeated content to pad the file. Some repeated content to pad the file. Some repeated content to pad the file. Some repeated content to pad the file. Some repeated content to pad the file. Some repeated content to pad the file. Some repeated content to pad the file. Some repeated content to pad the file. Some repeated content to pad the file. Some repeated content to pad the file. Some repeated content to pad the file. Some repeated content to pad the file. Some repeated content to pad the file. Some repeated content to pad the file. Some repeated content to pad the file. Some repeated content to pad the file. Some repeated content to pad the file. Some repeated content to pad the file. Some repeated content to pad the file. Some repeated content to pad the file. Some repeated content to pad the file. Some repeated content to pad the file. Some repeated content to pad the file. Some repeated content to pad the file. Some repeated content to pad the file. Some repeated content to pad the file. Some repeated content to pad the file. Some repeated content to pad the file. Some repeated content to pad the file. Some repeated content to pad the file. Some repeated content to pad the file. Some repeated content to pad the file. Some repeated content to pad the file. Some repeated content to pad the file. Some repeated content to pad the file. Some repeated content to pad the file. Some repeated content to pad the file. Some repeated content to pad the file. Some repeated content to pad the file. Some repeated content to pad the file. Some repeated content to pad the file. Some repeated content to pad the file. Some repeated content to pad the file. Some repeated content to pad the file. Some repeated content to pad the file. Some repeated content to pad the file. Some repeated content to pad the file. Some repeated content to pad the file. Some repeated content to pad the file. Some repeated content to pad the file. Some repeated content to pad the file. Some repeated content to pad the file. Some repeated content to pad the file. Some repeated content to pad the file. Some repeated content to pad the file. Some repeated content to pad the file. Some repeated content to pad the file. Some repeated content to pad the file. Some repeated content to pad the file. Some repeated content to pad the file. Some repeated content to pad the file. Some repeated content to pad the file. Some repeated content to pad the file. Some repeated content to pad the file. Some repeated content to pad the file. Some repeated content to pad the file. Some repeated content to pad the file. Some repeated content to pad the file. Some repeated content to pad the file. Some repeated content to pad the file. Some repeated content to pad the file. Some repeated content to pad the file. Some repeated content to pad the file. Some repeated content to pad the file. Some repeated content to pad the file. Some repeated content to pad the file. Some repeated content to pad the file. Some repeated content to pad the file. Some repeated content to pad the file. Some repeated content to pad the file. Some repeated content to pad the file. Some repeated content to pad the file. Some repeated content to pad the file. Some repeated content to pad the file. Some repeated content to pad the file. Some repeated content to pad the file. Some repeated content to pad the file. Some repeated content to pad the file. Some repeated content to pad the file. Some repeated content to pad the file. Some repeated content to pad the file. Some repeated content to pad the file. Some repeated content to pad the file. Some repeated content to pad the file. Some repeated content to pad the file. Some repeated content to pad the file. Some repeated content to pad the file. Some repeated content to pad the file. Some repeated content to pad the file. Some repeated content to pad the file. Some repeated content to pad the file. Some repeated content to pad the file. Some repeated content to pad the file. Some repeated content to pad the file. Some repeated content to pad the file. Some repeated content to pad the file. Some repeated content to pad the file. Some repeated content to pad the file. Some repeated content to pad the file. Some repeated content to pad the file. Some repeated content to pad the file. Some repeated content to pad the file. Some repeated content to pad the file. Some repeated content to pad the file. Some repeated content to pad the file. Some repeated content to pad the file. Some repeated content to pad the file. Some repeated content to pad the file. Some repeated content to pad the file. Some repeated content to pad the file. Some repeated content to pad the file. Some repeated content to pad the file. Some repeated content to pad the file. Some repeated content to pad the file. Some repeated content to pad the file. Some repeated content to pad the file. Some repeated content to pad the file. Some repeated content to pad the file. Some repeated content to pad the file. Some repeated content to pad the file. Some repeated content to pad the file. Some repeated content to pad the file. Some repeated content to pad the file. Some repeated content to pad the file. Some repeated content to pad the file. Some repeated content to pad the file. Some repeated content to pad the file. Some repeated content to pad the file. Some repeated content to pad the file. Some repeated content to pad the file. Some repeated content to pad the file. Some repeated content to pad the file. Some repeated content to pad the file. Some repeated content to pad the file. Some repeated content to pad the file. Some repeated content to pad the file. Some repeated content to pad the file. Some repeated content to pad the file. Some repeated content to pad the file. Some repeated content to pad the file. Some repeated content to pad the file. Some repeated content to pad the file. Some repeated content to pad the file. Some repeated content to pad the file. Some repeated content to pad the file. Some repeated content to pad the file. Some repeated content to pad the file. Some repeated content to pad the file. Some repeated content to pad the file. Some repeated content to pad the file. Some repeated content to pad the file. Some repeated content to pad the file. Some repeated content to pad the file. Some repeated content to pad the file. Some repeated content to pad the file. Some repeated content to pad the file. Some repeated content to pad the file. Some repeated content to pad the file. Some repeated content to pad the file. Some repeated content to pad the file. Some repeated content to pad the file. Some repeated content to pad the file. Some repeated content to pad the file. Some repeated content to pad the file. Some repeated content to pad the file. Some repeated content to pad the file. Some repeated content to pad the file. Some repeated content to pad the file. Some repeated content to pad the file. Some repeated content to pad the file. Some repeated content to pad the file. Some repeated content to pad the file. Some repeated content to pad the file. Some repeated content to pad the file. Some repeated content to pad the file. Some repeated content to pad the file. Some repeated content to pad the file. Some repeated content to pad the file. Some repeated content to pad the file. Some repeated content to pad the file. Some repeated content to pad the file. Some repeated content to pad the file. Some repeated content to pad the file. Some repeated content to pad the file. Some repeated content to pad the file. Some repeated content to pad the file. Some repeated content to pad the file. Some repeated content to pad the file. Some repeated content to pad the file. Some repeated content to pad the file. Some repeated content to pad the file. Some repeated content to pad the file. Some repeated content to pad the file. Some repeated content to pad the file. Some repeated content to pad the file. Some repeated content to pad the file. Some repeated content to pad the file. Some repeated content to pad the file. Some repeated content to pad the file. Some repeated content to pad the file. Some repeated content to pad the file. Some repeated content to pad the file. Some repeated content to pad the file. Some repeated content to pad the file. Some repeated content to pad the file. Some repeated content to pad the file. Some repeated content to pad the file. Some repeated content to pad the file. Some repeated content to pad the file. Some repeated content to pad the file. Some repeated content to pad the file. Some repeated content to pad the file. Some repeated content to pad the file. Some repeated content to pad the file. Some repeated content to pad the file. Some repeated content to pad the file. Some repeated content to pad the file. Some repeated content to pad the file. Some repeated content to pad the file. Some repeated content to pad the file. Some repeated content to pad the file. Some repeated content to pad the file. Some repeated content to pad the file. Some repeated content to pad the file. Some repeated content to pad the file. Some repeated content to pad the file. Some repeated content to pad the file. Some repeated content to pad the file. Some repeated content to pad the file. Some repeated content to pad the file. Some repeated content to pad the file. Some repeated content to pad the file. Some repeated content to pad the file. Some repeated content to pad the file. Some repeated content to pad the file. Some repeated content to pad the file. Some repeated content to pad the file. Some repeated content to pad the file. Some repeated content to pad the file. Some repeated content to pad the file. Some repeated content to pad the file. Some repeated content to pad the file. Some repeated content to pad the file. Some repeated content to pad the file. Some repeated content to pad the file. Some repeated content to pad the file. Some repeated content to pad the file. Some repeated content to pad the file. Some repeated content to pad the file. Some repeated content to pad the file. Some repeated content to pad the file. Some repeated content to pad the file. Some repeated content to pad the file. Some repeated content to pad the file. Some repeated content to pad the file. Some repeated content to pad the file. Some repeated content to pad the file. Some repeated content to pad the file. Some repeated content to pad the file. Some repeated content to pad the file. Some repeated content to pad the file. Some repeated content to pad the file. Some repeated content to pad the file. Some repeated content to pad the file. Some repeated content to pad the file. Some repeated content to pad the file. Some repeated content to pad the file. Some repeated content to pad the file. Some repeated content to pad the file. Some repeated content to pad the file. Some repeated content to pad the file. Some repeated content to pad the file. Some repeated content to pad the file. Some repeated content to pad the file. Some repeated content to pad the file. Some repeated content to pad the file. Some repeated content to pad the file. Some repeated content to pad the file. Some repeated content to pad the file. Some repeated content to pad the file. Some repeated content to pad the file. Some repeated content to pad the file. Some repeated content to pad the file. Some repeated content to pad the file. Some repeated content to pad the file. Some repeated content to pad the file. Some repeated content to pad the file. Some repeated content to pad the file. Some repeated content to pad the file. Some repeated content to pad the file. Some repeated content to pad the file. Some repeated content to pad the file. Some repeated content to pad the file. Some repeated content to pad the file. Some repeated content to pad the file. Some repeated content to pad the file. Some repeated content to pad the file. Some repeated content to pad the file. Some repeated content to pad the file. Some repeated content to pad the file. Some repeated content to pad the file. Some repeated content to pad the file. Some repeated content to pad the file. Some repeated content to pad the file. Some repeated content to pad the file. Some repeated content to pad the file. Some repeated content to pad the file. Some repeated content to pad the file. Some repeated content to pad the file. Some repeated content to pad the file. Some repeated content to pad the file. Some repeated content to pad the file. Some repeated content to pad the file. Some repeated content to pad the file. Some repeated content to pad the file. Some repeated content to pad the file. Some repeated content to pad the file. Some repeated content to pad the file. Some repeated content to pad the file. Some repeated content to pad the file. Some repeated content to pad the file. Some repeated content to pad the file. Some repeated content to pad the file. Some repeated content to pad the file. Some repeated content to pad the file. Some repeated content to pad the file. Some repeated content to pad the file. Some repeated content to pad the file. Some repeated content to pad the file. Some repeated content to pad the file. Some repeated content to pad the file. Some repeated content to pad the file. Some repeated content to pad the file. Some repeated content to pad the file. Some repeated content to pad the file. Some repeated content to pad the file. Some repeated content to pad the file. Some repeated content to pad the file. Some repeated content to pad the file. Some repeated content to pad the file. Some repeated content to pad the file. Some repeated content to pad the file. Some repeated content to pad the file. Some repeated content to pad the file. Some repeated content to pad the file. Some repeated content to pad the file. Some repeated content to pad the file. Some repeated content to pad the file. Some repeated content to pad the file. Some repeated content to pad the file. Some repeated content to pad the file. Some repeated content to pad the file. Some repeated content to pad the file. Some repeated content to pad the file. Some repeated content to pad the file. Some repeated content to pad the file. Some repeated content to pad the file. Some repeated content to pad the file. Some repeated content to pad the file. Some repeated content to pad the file. Some repeated content to pad the file. Some repeated content to pad the file. Some repeated content to pad the file. Some repeated content to pad the file. Some repeated content to pad the file. Some repeated content to pad the file. Some repeated content to pad the file. Some repeated content to pad the file. Some repeated content to pad the file. Some repeated content to pad the file. Some repeated content to pad the file. Some repeated content to pad the file. Some repeated content to pad the file. Some repeated content to pad the file. Some repeated content to pad the file. Some repeated content to pad the file. Some repeated content to pad the file. Some repeated content to pad the file. Some repeated content to pad the file. Some repeated content to pad the file. Some repeated content to pad the file. Some repeated content to pad the file. Some repeated content to pad the file. Some repeated content to pad the file. Some repeated content to pad the file. Some repeated content to pad the file. Some repeated content to pad the file. Some repeated content to pad the file. Some repeated content to pad the file. Some repeated content to pad the file. Some repeated content to pad the file. Some repeated content to pad the file. Some repeated content to pad the file. Some repeated content to pad the file. Some repeated content to pad the file. Some repeated content to pad the file. Some repeated content to pad the file. Some repeated content to pad the file. Some repeated content to pad the file. Some repeated content to pad the file. Some repeated content to pad the file. Some repeated content to pad the file. Some repeated content to pad the file. Some repeated content to pad the file. Some repeated content to pad the file. Some repeated content to pad the file. Some repeated content to pad the file. Some repeated content to pad the file. Some repeated content to pad the file. Some repeated content to pad the file. Some repeated content to pad the file. Some repeated content to pad the file. Some repeated content to pad the file. Some repeated content to pad the file. Some repeated content to pad the file. Some repeated content to pad the file. Some repeated content to pad the file. Some repeated content to pad the file. Some repeated content to pad the file. Some repeated content to pad the file. Some repeated content to pad the file. Some repeated content to pad the file. Some repeated content to pad the file. Some repeated content to pad the file. Some repeated content to pad the file. Some repeated content to pad the file. Some repeated content to pad the file. Some repeated content to pad the file. Some repeated content to pad the file. Some repeated content to pad the file. Some repeated content to pad the file. Some repeated content to pad the file. Some repeated content to pad the file. Some repeated content to pad the file. Some repeated content to pad the file. Some repeated content to pad the file. Some repeated content to pad the file. Some repeated content to pad the file. Some repeated content to pad the file. Some repeated content to pad the file. Some repeated content to pad the file. Some repeated content to pad the file. Some repeated content to pad the file. Some repeated content to pad the file. Some repeated content to pad the file. Some repeated content to pad the file. Some repeated content to pad the file. Some repeated content to pad the file. Some repeated content to pad the file. Some repeated content to pad the file. Some repeated content to pad the file. Some repeated content to pad the file. Some repeated content to pad the file. Some repeated content to pad the file. Some repeated content to pad the file. Some repeated content to pad the file. Some repeated content to pad the file. Some repeated content to pad the file. Some repeated content to pad the file. Some repeated content to pad the file. Some repeated content to pad the file. Some repeated content to pad the file. Some repeated content to pad the file. Some repeated content to pad the file. Some repeated content to pad the file. Some repeated content to pad the file. Some repeated content to pad the file. Some repeated content to pad the file. Some repeated content to pad the file. Some repeated content to pad the file. Some repeated content to pad the file. Some repeated content to pad the file. Some repeated content to pad the file. Some repeated content to pad the file. Some repeated content to pad the file. Some repeated content to pad the file. Some repeated content to pad the file. Some repeated content to pad the file. Some repeated content to pad the file. Some repeated content to pad the file. Some repeated content to pad the file. Some repeated content to pad the file. Some repeated content to pad the file. Some repeated content to pad the file. Some repeated content to pad the file. Some repeated content to pad the file. Some repeated content to pad the file. Some repeated content to pad the file. Some repeated content to pad the file. Some repeated content to pad the file. Some repeated content to pad the file. Some repeated content to pad the file. Some repeated content to pad the file. Some repeated content to pad the file. Some repeated content to pad the file. Some repeated content to pad the file. Some repeated content to pad the file. Some repeated content to pad the file. Some repeated content to pad the file. Some repeated content to pad the file. Some repeated content to pad the file. Some repeated content to pad the file. Some repeated content to pad the file. Some repeated content to pad the file. Some repeated content to pad the file. Some repeated content to pad the file. Some repeated content to pad the file. Some repeated content to pad the file. Some repeated content to pad the file. Some repeated content to pad the file. Some repeated content to pad the file. Some repeated content to pad the file. Some repeated content to pad the file. Some repeated content to pad the file. Some repeated content to pad the file. Some repeated content to pad the file. Some repeated content to pad the file. Some repeated content to pad the file. Some repeated content to pad the file. Some repeated content to pad the file. Some repeated content to pad the file. Some repeated content to pad the file. Some repeated content to pad the file. Some repeated content to pad the file. Some repeated content to pad the file. Some repeated content to pad the file. Some repeated content to pad the file. Some repeated content to pad the file. Some repeated content to pad the file. Some repeated content to pad the file. Some repeated content to pad the file. Some repeated content to pad the file. Some repeated content to pad the file. Some repeated content to pad the file. Some repeated content to pad the file. Some repeated content to pad the file. Some repeated content to pad the file. Some repeated content to pad the file. Some repeated content to pad the file. Some repeated content to pad the file. Some repeated content to pad the file. Some repeated content to pad the file. Some repeated content to pad the file. Some repeated content to pad the file. Some repeated content to pad the file. Some repeated content to pad the file. Some repeated content to pad the file. Some repeated content to pad the file. Some repeated content to pad the file. Some repeated content to pad the file. Some repeated content to pad the file. Some repeated content to pad the file. Some repeated content to pad the file. Some repeated content to pad the file. Some repeated content to pad the file. Some repeated content to pad the file. Some repeated content to pad the file. Some repeated content to pad the file. Some repeated content to pad the file. Some repeated content to pad the file. Some repeated content to pad the file. Some repeated content to pad the file. Some repeated content to pad the file. Some repeated content to pad the file. Some repeated content to pad the file. Some repeated content to pad the file. Some repeated content to pad the file. Some repeated content to pad the file. Some repeated content to pad the file. Some repeated content to pad the file. Some repeated content to pad the file. Some repeated content to pad the file. Some repeated content to pad the file. Some repeated content to pad the file. Some repeated content to pad the file. Some repeated content to pad the file. Some repeated content to pad the file. Some repeated content to pad the file. Some repeated content to pad the file. Some repeated content to pad the file. Some repeated content to pad the file. Some repeated content to pad the file. Some repeated content to pad the file. Some repeated content to pad the file. Some repeated content to pad the file. Some repeated content to pad the file. Some repeated content to pad the file. Some repeated content to pad the file. Some repeated content to pad the file. Some repeated content to pad the file. Some repeated content to pad the file. Some repeated content to pad the file. Some repeated content to pad the file. Some repeated content to pad the file. Some repeated content to pad the file. Some repeated content to pad the file. Some repeated content to pad the file. Some repeated content to pad the file. Some repeated content to pad the file. Some repeated content to pad the file. Some repeated content to pad the file. Some repeated content to pad the file. Some repeated content to pad the file. Some repeated content to pad the file. Some repeated content to pad the file. Some repeated content to pad the file. Some repeated content to pad the file. Some repeated content to pad the file. Some repeated content to pad the file. Some repeated content to pad the file. Some repeated content to pad the file. Some repeated content to pad the file. Some repeated content to pad the file. Some repeated content to pad the file. Some repeated content to pad the file. Some repeated content to pad the file. Some repeated content to pad the file. Some repeated content to pad the file. Some repeated content to pad the file. Some repeated content to pad the file. Some repeated content to pad the file. Some repeated content to pad the file. Some repeated content to pad the file. Some repeated content to pad the file. Some repeated content to pad the file. Some repeated content to pad the file. Some repeated content to pad the file. Some repeated content to pad the file. Some repeated content to pad the file. Some repeated content to pad the file. Some repeated content to pad the file. Some repeated content to pad the file. Some repeated content to pad the file. Some repeated content to pad the file. Some repeated content to pad the file. Some repeated content to pad the file. Some repeated content to pad the file. Some repeated content to pad the file. Some repeated content to pad the file. Some repeated content to pad the file. Some repeated content to pad the file. Some repeated content to pad the file. Some repeated content to pad the file. Some repeated content to pad the file. Some repeated content to pad the file. Some repeated content to pad the file. Some repeated content to pad the file. Some repeated content to pad the file. Some repeated content to pad the file. Some repeated content to pad the file. Some repeated content to pad the file. Some repeated content to pad the file. Some repeated content to pad the file. Some repeated content to pad the file. Some repeated content to pad the file. Some repeated content to pad the file. Some repeated content to pad the file. Some repeated content to pad the file. Some repeated content to pad the file. Some repeated content to pad the file. Some repeated content to pad the file. Some repeated content to pad the file. Some repeated content to pad the file. Some repeated content to pad the file. Some repeated content to pad the file. Some repeated content to pad the file. Some repeated content to pad the file. Some repeated content to pad the file. Some repeated content to pad the file. Some repeated content to pad the file. Some repeated content to pad the file. Some repeated content to pad the file. Some repeated content to pad the file. Some repeated content to pad the file. Some repeated content to pad the file. Some repeated content to pad the file. Some repeated content to pad the file. Some repeated content to pad the file. Some repeated content to pad the file. Some repeated content to pad the file. Some repeated content to pad the file. Some repeated content to pad the file. Some repeated content to pad the file. Some repeated content to pad the file. Some repeated content to pad the file. Some repeated content to pad the file. Some repeated content to pad the file. Some repeated content to pad the file. Some repeated content to pad the file. Some repeated content to pad the file. Some repeated content to pad the file. Some repeated content to pad the file. Some repeated content to pad the file. Some repeated content to pad the file. Some repeated content to pad the file. Some repeated content to pad the file. Some repeated content to pad the file. Some repeated content to pad the file. Some repeated content to pad the file. Some repeated content to pad the file. Some repeated content to pad the file. Some repeated content to pad the file. Some repeated content to pad the file. Some repeated content to pad the file. Some repeated content to pad the file. Some repeated content to pad the file. Some repeated content to pad the file. Some repeated content to pad the file. Some repeated content to pad the file. Some repeated content to pad the file. Some repeated content to pad the file. Some repeated content to pad the file. Some repeated content to pad the file. Some repeated content to pad the file. Some repeated content to pad the file. Some repeated content to pad the file. Some repeated content to pad the file. Some repeated content to pad the file. Some repeated content to pad the file. Some repeated content to pad the file. Some repeated content to pad the file. Some repeated content to pad the file. Some repeated content to pad the file. Some repeated content to pad the file. Some repeated content to pad the file. Some repeated content to pad the file. Some repeated content to pad the file. Some repeated content to pad the file. Some repeated content to pad the file. Some repeated content to pad the file. Some repeated content to pad the file. Some repeated content to pad the file. Some repeated content to pad the file. Some repeated content to pad the file. Some repeated content to pad the file. Some repeated content to pad the file. Some repeated content to pad the file. Some repeated content to pad the file. Some repeated content to pad the file. Some repeated content to pad the file. Some repeated content to pad the file. Some repeated content to pad the file. Some repeated content to pad the file. Some repeated content to pad the file. Some repeated content to pad the file. Some repeated content to pad the file. Some repeated content to pad the file. Some repeated content to pad the file. Some repeated content to pad the file. Some repeated content to pad the file. Some repeated content to pad the file. Some repeated content to pad the file. Some repeated content to pad the file. Some repeated content to pad the file. Some repeated content to pad the file. Some repeated content to pad the file. Some repeated content to pad the file. Some repeated content to pad the file. Some repeated content to pad the file. Some repeated content to pad the file. Some repeated content to pad the file. Some repeated content to pad the file. Some repeated content to pad the file. Some repeated content to pad the file. Some repeated content to pad the file. Some repeated content to pad the file. Some repeated content to pad the file. Some repeated content to pad the file. Some repeated content to pad the file. Some repeated content to pad the file. Some repeated content to pad the file. Some repeated content to pad the file. Some repeated content to pad the file. Some repeated content to pad the file. Some repeated content to pad the file. Some repeated content to pad the file. Some repeated content to pad the file. Some repeated content to pad the file. Some repeated content to pad the file. Some repeated content to pad the file. Some repeated content to pad the file. Some repeated content to pad the file. Some repeated content to pad the file. Some repeated content to pad the file. Some repeated content to pad the file. Some repeated content to pad the file. Some repeated content to pad the file. Some repeated content to pad the file. Some repeated content to pad the file. Some repeated content to pad the file. Some repeated content to pad the file. Some repeated content to pad the file. Some repeated content to pad the file. Some repeated content to pad the file. Some repeated content to pad the file. Some repeated content to pad the file. Some repeated content to pad the file. Some repeated content to pad the file. Some repeated content to pad the file. Some repeated content to pad the file. Some repeated content to pad the file. Some repeated content to pad the file. Some repeated content to pad the file. Some repeated content to pad the file. Some repeated content to pad the file. Some repeated content to pad the file. Some repeated content to pad the file. Some repeated content to pad the file. Some repeated content to pad the file. Some repeated content to pad the file. Some repeated content to pad the file. Some repeated content to pad the file. Some repeated content to pad the file. Some repeated content to pad the file. Some repeated content to pad the file. Some repeated content to pad the file. Some repeated content to pad the file. Some repeated content to pad the file. Some repeated content to pad the file. Some repeated content to pad the file. Some repeated content to pad the file. Some repeated content to pad the file. Some repeated content to pad the file. Some repeated content to pad the file. Some repeated content to pad the file. Some repeated content to pad the file. Some repeated content to pad the file. Some repeated content to pad the file. Some repeated content to pad the file. Some repeated content to pad the file. Some repeated content to pad the file. Some repeated content to pad the file. Some repeated content to pad the file. Some repeated content to pad the file. Some repeated content to pad the file. Some repeated content to pad the file. Some repeated content to pad the file. Some repeated content to pad the file. Some repeated content to pad the file. Some repeated content to pad the file. Some repeated content to pad the file. Some repeated content to pad the file. Some repeated content to pad the file. Some repeated content to pad the file. Some repeated content to pad the file. Some repeated content to pad the file. Some repeated content to pad the file. Some repeated content to pad the file. Some repeated content to pad the file. Some repeated content to pad the file. Some repeated content to pad the file. Some repeated content to pad the file. Some repeated content to pad the file. Some repeated content to pad the file. Some repeated content to pad the file. Some repeated content to pad the file. Some repeated content to pad the file. Some repeated content to pad the file. Some repeated content to pad the file. Some repeated content to pad the file. Some repeated content to pad the file. Some repeated content to pad the file. Some repeated content to pad the file. Some repeated content to pad the file. Some repeated content to pad the file. Some repeated content to pad the file. Some repeated content to pad the file. Some repeated content to pad the file. Some repeated content to pad the file. Some repeated content to pad the file. Some repeated content to pad the file. Some repeated content to pad the file. Some repeated content to pad the file. Some repeated content to pad the file. Some repeated content to pad the file. Some repeated content to pad the file. Some repeated content to pad the file. Some repeated content to pad the file. Some repeated content to pad the file. Some repeated content to pad the file. Some repeated content to pad the file. Some repeated content to pad the file. Some repeated content to pad the file. Some repeated content to pad the file. Some repeated content to pad the file. Some repeated content to pad the file. Some repeated content to pad the file. Some repeated content to pad the file. Some repeated content to pad the file. Some repeated content to pad the file. Some repeated content to pad the file. Some repeated content to pad the file. Some repeated content to pad the file. Some repeated content to pad the file. Some repeated content to pad the file. Some repeated content to pad the file. Some repeated content to pad the file. Some repeated content to pad the file. Some repeated content to pad the file. Some repeated content to pad the file. Some repeated content to pad the file. Some repeated content to pad the file. Some repeated content to pad the file. Some repeated content to pad the file. Some repeated content to pad the file. Some repeated content to pad the file. Some repeated content to pad the file. Some repeated content to pad the file. Some repeated content to pad the file. Some repeated content to pad the file. Some repeated content to pad the file. Some repeated content to pad the file. Some repeated content to pad the file. Some repeated content to pad the file. Some repeated content to pad the file. Some repeated content to pad the file. Some repeated content to pad the file. Some repeated content to pad the file. Some repeated content to pad the file. Some repeated content to pad the file. Some repeated content to pad the file. Some repeated content to pad the file. Some repeated content to pad the file. Some repeated content to pad the file. Some repeated content to pad the file. Some repeated content to pad the file. Some repeated content to pad the file. Some repeated content to pad the file. Some repeated content to pad the file. Some repeated content to pad the file. Some repeated content to pad the file. Some repeated content to pad the file. Some repeated content to pad the file. Some repeated content to pad the file. Some repeated content to pad the file. Some repeated content to pad the file. Some repeated content to pad the file. Some repeated content to pad the file. Some repeated content to pad the file. Some repeated content to pad the file. Some repeated content to pad the file. Some repeated content to pad the file. Some repeated content to pad the file. Some repeated content to pad the file. Some repeated content to pad the file. Some repeated content to pad the file. Some repeated content to pad the file. Some repeated content to pad the file. Some repeated content to pad the file. Some repeated content to pad the file. Some repeated content to pad the file. Some repeated content to pad the file. Some repeated content to pad the file. Some repeated content to pad the file. Some repeated content to pad the file. Some repeated content to pad the file. Some repeated content to pad the file. Some repeated content to pad the file. Some repeated content to pad the file. Some repeated content to pad the file. Some repeated content to pad the file. Some repeated content to pad the file. Some repeated content to pad the file. Some repeated content to pad the file. Some repeated content to pad the file. Some repeated content to pad the file. Some repeated content to pad the file. Some repeated content to pad the file. Some repeated content to pad the file. Some repeated content to pad the file. Some repeated content to pad the file. Some repeated content to pad the file. Some repeated content to pad the file. Some repeated content to pad the file. Some repeated content to pad the file. Some repeated content to pad the file. Some repeated content to pad the file. Some repeated content to pad the file. Some repeated content to pad the file. Some repeated content to pad the file. Some repeated content to pad the file. Some repeated content to pad the file. Some repeated content to pad the file. Some repeated content to pad the file. Some repeated content to pad the file. Some repeated content to pad the file. Some repeated content to pad the file. Some repeated content to pad the file. Some repeated content to pad the file. Some repeated content to pad the file. Some repeated content to pad the file. Some repeated content to pad the file. Some repeated content to pad the file. Some repeated content to pad the file. Some repeated content to pad the file. Some repeated content to pad the file. Some repeated content to pad the file. Some repeated content to pad the file. Some repeated content to pad the file. Some repeated content to pad the file. Some repeated content to pad the file. Some repeated content to pad the file. Some repeated content to pad the file. Some repeated content to pad the file. Some repeated content to pad the file. Some repeated content to pad the file. Some repeated content to pad the file. Some repeated content to pad the file. Some repeated content to pad the file. Some repeated content to pad the file. Some repeated content to pad the file. Some repeated content to pad the file. Some repeated content to pad the file. Some repeated content to pad the file. Some repeated content to pad the file. Some repeated content to pad the file. Some repeated content to pad the file. Some repeated content to pad the file. Some repeated content to pad the file. Some repeated content to pad the file. Some repeated content to pad the file. Some repeated content to pad the file. Some repeated content to pad the file. Some repeated content to pad the file. Some repeated content to pad the file. Some repeated content to pad the file. Some repeated content to pad the file. Some repeated content to pad the file. Some repeated content to pad the file. Some repeated content to pad the file. Some repeated content to pad the file. Some repeated content to pad the file. Some repeated content to pad the file. Some repeated content to pad the file. Some repeated content to pad the file. Some repeated content to pad the file. Some repeated content to pad the file. Some repeated content to pad the file. Some repeated content to pad the file. Some repeated content to pad the file. Some repeated content to pad the file. Some repeated content to pad the file. Some repeated content to pad the file. Some repeated content to pad the file. Some repeated content to pad the file. Some repeated content to pad the file. Some repeated content to pad the file. Some repeated content to pad the file. Some repeated content to pad the file. Some repeated content to pad the file. Some repeated content to pad the file. Some repeated content to pad the file. Some repeated content to pad the file. Some repeated content to pad the file. Some repeated content to pad the file. Some repeated content to pad the file. Some repeated content to pad the file. Some repeated content to pad the file. Some repeated content to pad the file. Some repeated content to pad the file. Some repeated content to pad the file. Some repeated content to pad the file. Some repeated content to pad the file. Some repeated content to pad the file. Some repeated content to pad the file. Some repeated content to pad the file. Some repeated content to pad the file. Some repeated content to pad the file. Some repeated content to pad the file. Some repeated content to pad the file. Some repeated content to pad the file. Some repeated content to pad the file. Some repeated content to pad the file. Some repeated content to pad the file. Some repeated content to pad the file. Some repeated content to pad the file. Some repeated content to pad the file. Some repeated content to pad the file. Some repeated content to pad the file. Some repeated content to pad the file. Some repeated content to pad the file. Some repeated content to pad the file. Some repeated content to pad the file. Some repeated content to pad the file. Some repeated content to pad the file. Some repeated content to pad the file. Some repeated content to pad the file. Some repeated content to pad the file. Some repeated content to pad the file. Some repeated content to pad the file. Some repeated content to pad the file. Some repeated content to pad the file. Some repeated content to pad the file. Some repeated content to pad the file. Some repeated content to pad the file. Some repeated content to pad the file. Some repeated content to pad the file. Some repeated content to pad the file. Some repeated content to pad the file. Some repeated content to pad the file. Some repeated content to pad the file. Some repeated content to pad the file. Some repeated content to pad the file. Some repeated content to pad the file. Some repeated content to pad the file. Some repeated content to pad the file. Some repeated content to pad the file. Some repeated content to pad the file. Some repeated content to pad the file. Some repeated content to pad the file. Some repeated content to pad the file. Some repeated content to pad the file. Some repeated content to pad the file. Some repeated content to pad the file. Some repeated content to pad the file. Some repeated content to pad the file. Some repeated content to pad the file. Some repeated content to pad the file. Some repeated content to pad the file. Some repeated content to pad the file. Some repeated content to pad the file. Some repeated content to pad the file. Some repeated content to pad the file. Some repeated content to pad the file. Some repeated content to pad the file. Some repeated content to pad the file. Some repeated content to pad the file. Some repeated content to pad the file. Some repeated content to pad the file. Some repeated content to pad the file. Some repeated content to pad the file. Some repeated content to pad the file. Some repeated content to pad the file. Some repeated content to pad the file. Some repeated content to pad the file. Some repeated content to pad the file. Some repeated content to pad the file. Some repeated content to pad the file. Some repeated content to pad the file. Some repeated content to pad the file. Some repeated content to pad the file. Some repeated content to pad the file. Some repeated content to pad the file. Some repeated content to pad the file. Some repeated content to pad the file. Some repeated content to pad the file. Some repeated content to pad the file. Some repeated content to pad the file. Some repeated content to pad the file. Some repeated content to pad the file. Some repeated content to pad the file. Some repeated content to pad the file. Some repeated content to pad the file. Some repeated content to pad the file. Some repeated content to pad the file. Some repeated content to pad the file. Some repeated content to pad the file. Some repeated content to pad the file. Some repeated content to pad the file. Some repeated content to pad the file. Some repeated content to pad the file. Some repeated content to pad the file. Some repeated content to pad the file. Some repeated content to pad the file. Some repeated content to pad the file. Some repeated content to pad the file. Some repeated content to pad the file. Some repeated content to pad the file. Some repeated content to pad the file. Some repeated content to pad the file. Some repeated content to pad the file. Some repeated content to pad the file. Some repeated content to pad the file. Some repeated content to pad the file. Some repeated content to pad the file. Some repeated content to pad the file. Some repeated content to pad the file. Some repeated content to pad the file. Some repeated content to pad the file. Some repeated content to pad the file. Some repeated content to pad the file. Some repeated content to pad the file. Some repeated content to pad the file. Some repeated content to pad the file. Some repeated content to pad the file. Some repeated content to pad the file. Some repeated content to pad the file. Some repeated content to pad the file. Some repeated content to pad the file. Some repeated content to pad the file. Some repeated content to pad the file. Some repeated content to pad the file. Some repeated content to pad the file. Some repeated content to pad the file. Some repeated content to pad the file. Some repeated content to pad the file. Some repeated content to pad the file. Some repeated content to pad the file. Some repeated content to pad the file. Some repeated content to pad the file. Some repeated content to pad the file. Some repeated content to pad the file. Some repeated content to pad the file. Some repeated content to pad the file. Some repeated content to pad the file. Some repeated content to pad the file. Some repeated content to pad the file. Some repeated content to pad the file. Some repeated content to pad the file. Some repeated content to pad the file. Some repeated content to pad the file. Some repeated content to pad the file. Some repeated content to pad the file. Some repeated content to pad the file. Some repeated content to pad the file. Some repeated content to pad the file. Some repeated content to pad the file. Some repeated content to pad the file. Some repeated content to pad the file. Some repeated content to pad the file. Some repeated content to pad the file. Some repeated content to pad the file. Some repeated content to pad the file. Some repeated content to pad the file. Some repeated content to pad the file. Some repeated content to pad the file. Some repeated content to pad the file. Some repeated content to pad the file. Some repeated content to pad the file. Some repeated content to pad the file. Some repeated content to pad the file. Some repeated content to pad the file. Some repeated content to pad the file. Some repeated content to pad the file. Some repeated content to pad the file. Some repeated content to pad the file. Some repeated content to pad the file. Some repeated content to pad the file. Some repeated content to pad the file. Some repeated content to pad the file. Some repeated content to pad the file. Some repeated content to pad the file. Some repeated content to pad the file. Some repeated content to pad the file. Some repeated content to pad the file. Some repeated content to pad the file. Some repeated content to pad the file. Some repeated content to pad the file. Some repeated content to pad the file. Some repeated content to pad the file. Some repeated content to pad the file. Some repeated content to pad the file. Some repeated content to pad the file. Some repeated content to pad the file. Some repeated content to pad the file. Some repeated content to pad the file. Some repeated content to pad the file. Some repeated content to pad the file. Some repeated content to pad the file. Some repeated content to pad the file. Some repeated content to pad the file. Some repeated content to pad the file. Some repeated content to pad the file. Some repeated content to pad the file. Some repeated content to pad the file. Some repeated content to pad the file. Some repeated content to pad the file. Some repeated content to pad the file. Some repeated content to pad the file. Some repeated content to pad the file. Some repeated content to pad the file. Some repeated content to pad the file. Some repeated content to pad the file. Some repeated content to pad the file. Some repeated content to pad the file. Some repeated content to pad the file. Some repeated content to pad the file. Some repeated content to pad the file. Some repeated content to pad the file. Some repeated content to pad the file. Some repeated content to pad the file. Some repeated content to pad the file. Some repeated content to pad the file. Some repeated content to pad the file. Some repeated content to pad the file. Some repeated content to pad the file. Some repeated content to pad the file. Some repeated content to pad the file. Some repeated content to pad the file. Some repeated content to pad the file. Some repeated content to pad the file. Some repeated content to pad the file. Some repeated content to pad the file. Some repeated content to pad the file. Some repeated content to pad the file. Some repeated content to pad the file. Some repeated content to pad the file. Some repeated content to pad the file. Some repeated content to pad the file. Some repeated content to pad the file. Some repeated content to pad the file. Some repeated content to pad the file. Some repeated content to pad the file. Some repeated content to pad the file. Some repeated content to pad the file. Some repeated content to pad the file. Some repeated content to pad the file. Some repeated content to pad the file. Some repeated content to pad the file. Some repeated content to pad the file. Some repeated content to pad the file. Some repeated content to pad the file. Some repeated content to pad the file. Some repeated content to pad the file. Some repeated content to pad the file. Some repeated content to pad the file. Some repeated content to pad the file. Some repeated content to pad the file. Some repeated content to pad the file. Some repeated content to pad the file. Some repeated content to pad the file. Some repeated content to pad the file. Some repeated content to pad the file. Some repeated content to pad the file. Some repeated content to pad the file. Some repeated content to pad the file. Some repeated content to pad the file. Some repeated content to pad the file. Some repeated content to pad the file. Some repeated content to pad the file. Some repeated content to pad the file. Some repeated content to pad the file. Some repeated content to pad the file. Some repeated content to pad the file. Some repeated content to pad the file. Some repeated content to pad the file. Some repeated content to pad the file. Some repeated content to pad the file. Some repeated content to pad the file. Some repeated content to pad the file. Some repeated content to pad the file. Some repeated content to pad the file. Some repeated content to pad the file. Some repeated content to pad the file. Some repeated content to pad the file. Some repeated content to pad the file. Some repeated content to pad the file. Some repeated content to pad the file. Some repeated content to pad the file. Some repeated content to pad the file. Some repeated content to pad the file. Some repeated content to pad the file. Some repeated content to pad the file. Some repeated content to pad the file. Some repeated content to pad the file. Some repeated content to pad the file. Some repeated content to pad the file. Some repeated content to pad the file. Some repeated content to pad the file. Some repeated content to pad the file. Some repeated content to pad the file. Some repeated content to pad the file. Some repeated content to pad the file. Some repeated content to pad the file. Some repeated content to pad the file. Some repeated content to pad the file. Some repeated content to pad the file. Some repeated content to pad the file. Some repeated content to pad the file. Some repeated content to pad the file. Some repeated content to pad the file. Some repeated content to pad the file. Some repeated content to pad the file. Some repeated content to pad the file. Some repeated content to pad the file. Some repeated content to pad the file. Some repeated content to pad the file. Some repeated content to pad the file. Some repeated content to pad the file. Some repeated content to pad the file. Some repeated content to pad the file. Some repeated content to pad the file. Some repeated content to pad the file. Some repeated content to pad the file. Some repeated content to pad the file. Some repeated content to pad the file. Some repeated content to pad the file. Some repeated content to pad the file. Some repeated content to pad the file. Some repeated content to pad the file. Some repeated content to pad the file. Some repeated content to pad the file. Some repeated content to pad the file. Some repeated content to pad the file. Some repeated content to pad the file. Some repeated content to pad the file. Some repeated content to pad the file. Some repeated content to pad the file. Some repeated content to pad the file. Some repeated content to pad the file. Some repeated content to pad the file. Some repeated content to pad the file. Some repeated content to pad the file. Some repeated content to pad the file. Some repeated content to pad the file. Some repeated content to pad the file. Some repeated content to pad the file. Some repeated content to pad the file. Some repeated content to pad the file. Some repeated content to pad the file. Some repeated content to pad the file. Some repeated content to pad the file. Some repeated content to pad the file. Some repeated content to pad the file. Some repeated content to pad the file. Some repeated content to pad the file. Some repeated content to pad the file. Some repeated content to pad the file. Some repeated content to pad the file. Some repeated content to pad the file. Some repeated content to pad the file. Some repeated content to pad the file. Some repeated content to pad the file. Some repeated content to pad the file. Some repeated content to pad the file. Some repeated content to pad the file. Some repeated content to pad the file. Some repeated content to pad the file. Some repeated content to pad the file. Some repeated content to pad the file. Some repeated content to pad the file. Some repeated content to pad the file. Some repeated content to pad the file. Some repeated content to pad the file. Some repeated content to pad the file. Some repeated content to pad the file. Some repeated content to pad the file. Some repeated content to pad the file. Some repeated content to pad the file. Some repeated content to pad the file. Some repeated content to pad the file. Some repeated content to pad the file. Some repeated content to pad the file. Some repeated content to pad the file. Some repeated content to pad the file. Some repeated content to pad the file. Some repeated content to pad the file. Some repeated content to pad the file. Some repeated content to pad the file. Some repeated content to pad the file. Some repeated content to pad the file. Some repeated content to pad the file. Some repeated content to pad the file. Some repeated content to pad the file. Some repeated content to pad the file. Some repeated content to pad the file. Some repeated content to pad the file. Some repeated content to pad the file. Some repeated content to pad the file. Some repeated content to pad the file. Some repeated content to pad the file. Some repeated content to pad the file. Some repeated content to pad the file. Some repeated content to pad the file. Some repeated content to pad the file. Some repeated content to pad the file. Some repeated content to pad the file. Some repeated content to pad the file. Some repeated content to pad the file. Some repeated content to pad the file. Some repeated content to pad the file. Some repeated content to pad the file. Some repeated content to pad the file. Some repeated content to pad the file. Some repeated content to pad the file. Some repeated content to pad the file. Some repeated content to pad the file. Some repeated content to pad the file. Some repeated content to pad the file. Some repeated content to pad the file. Some repeated content to pad the file. Some repeated content to pad the file. Some repeated content to pad the file. Some repeated content to pad the file. Some repeated content to pad the file. Some repeated content to pad the file. Some repeated content to pad the file. Some repeated content to pad the file. Some repeated content to pad the file. Some repeated content to pad the file. Some repeated content to pad the file. Some repeated content to pad the file. Some repeated content to pad the file. Some repeated content to pad the file. Some repeated content to pad the file. Some repeated content to pad the file. Some repeated content to pad the file. Some repeated content to pad the file. Some repeated content to pad the file. Some repeated content to pad the file. Some repeated content to pad the file. Some repeated content to pad the file. Some repeated content to pad the file. Some repeated content to pad the file. Some repeated content to pad the file. Some repeated content to pad the file. Some repeated content to pad the file. Some repeated content to pad the file. Some repeated content to pad the file. Some repeated content to pad the file. Some repeated content to pad the file. Some repeated content to pad the file. Some repeated content to pad the file. Some repeated content to pad the file. Some repeated content to pad the file. Some repeated content to pad the file. Some repeated content to pad the file. Some repeated content to pad the file. Some repeated content to pad the file. Some repeated content to pad the file. Some repeated content to pad the file. Some repeated content to pad the file. Some repeated content to pad the file. Some repeated content to pad the file. Some repeated content to pad the file. Some repeated content to pad the file. Some repeated content to pad the file. Some repeated content to pad the file. Some repeated content to pad the file. Some repeated content to pad the file. Some repeated content to pad the file. Some repeated content to pad the file. Some repeated content to pad the file. Some repeated content to pad the file. Some repeated content to pad the file. Some repeated content to pad the file. Some repeated content to pad the file. Some repeated content to pad the file. Some repeated content to pad the file. Some repeated content to pad the file. Some repeated content to pad the file. Some repeated content to pad the file. Some repeated content to pad the file. Some repeated content to pad the file. Some repeated content to pad the file. Some repeated content to pad the file. Some repeated content to pad the file. Some repeated content to pad the file. Some repeated content to pad the file. Some repeated content to pad the file. Some repeated content to pad the file. Some repeated content to pad the file. Some repeated content to pad the file. Some repeated content to pad the file. Some repeated content to pad the file. Some repeated content to pad the file. Some repeated content to pad the file. Some repeated content to pad the file. Some repeated content to pad the file. Some repeated content to pad the file. Some repeated content to pad the file. Some repeated content to pad the file. Some repeated content to pad the file. Some repeated content to pad the file. Some repeated content to pad the file. Some repeated content to pad the file. Some repeated content to pad the file. Some repeated content to pad the file. Some repeated content to pad the file. Some repeated content to pad the file. Some repeated content to pad the file. Some repeated content to pad the file. Some repeated content to pad the file. Some repeated content to pad the file. Some repeated content to pad the file. Some repeated content to pad the file. Some repeated content to pad the file. Some repeated content to pad the file. Some repeated content to pad the file. Some repeated content to pad the file. Some repeated content to pad the file. Some repeated content to pad the file. Some repeated content to pad the file. Some repeated content to pad the file. Some repeated content to pad the file. Some repeated content to pad the file. Some repeated content to pad the file. Some repeated content to pad the file. Some repeated content to pad the file. Some repeated content to pad the file. Some repeated content to pad the file. Some repeated content to pad the file. Some repeated content to pad the file. Some repeated content to pad the file. Some repeated content to pad the file. Some repeated content to pad the file. Some repeated content to pad the file. Some repeated content to pad the file. Some repeated content to pad the file. Some repeated content to pad the file. Some repeated content to pad the file. Some repeated content to pad the file. Some repeated content to pad the file. Some repeated content to pad the file. Some repeated content to pad the file. Some repeated content to pad the file. Some repeated content to pad the file. Some repeated content to pad the file. Some repeated content to pad the file. Some repeated content to pad the file. Some repeated content to pad the file. Some repeated content to pad the file. Some repeated content to pad the file. Some repeated content to pad the file. Some repeated content to pad the file. Some repeated content to pad the file. Some repeated content to pad the file. Some repeated content to pad the file. Some repeated content to pad the file. Some repeated content to pad the file. Some repeated content to pad the file. Some repeated content to pad the file. Some repeated content to pad the file. Some repeated content to pad the file. Some repeated content to pad the file. Some repeated content to pad the file. Some repeated content to pad the file. Some repeated content to pad the file. Some repeated content to pad the file. Some repeated content to pad the file. Some repeated content to pad the file. Some repeated content to pad the file. Some repeated content to pad the file. Some repeated content to pad the file. Some repeated content to pad the file. Some repeated content to pad the file. Some repeated content to pad the file. Some repeated content to pad the file. Some repeated content to pad the file. Some repeated content to pad the file. Some repeated content to pad the file. Some repeated content to pad the file. Some repeated content to pad the file. Some repeated content to pad the file. Some repeated content to pad the file. Some repeated content to pad the file. Some repeated content to pad the file. Some repeated content to pad the file. Some repeated content to pad the file. Some repeated content to pad the file. Some repeated content to pad the file. Some repeated content to pad the file. Some repeated content to pad the file. Some repeated content to pad the file. Some repeated content to pad the file. Some repeated content to pad the file. Some repeated content to pad the file. Some repeated content to pad the file. Some repeated content to pad the file. Some repeated content to pad the file. Some repeated content to pad the file. Some repeated content to pad the file. Some repeated content to pad the file. Some repeated content to pad the file. Some repeated content to pad the file. Some repeated content to pad the file. Some repeated content to pad the file. Some repeated content to pad the file. Some repeated content to pad the file. Some repeated content to pad the file. Some repeated content to pad the file. Some repeated content to pad the file. Some repeated content to pad the file. Some repeated content to pad the file. Some repeated content to pad the file. Some repeated content to pad the file. Some repeated content to pad the file. Some repeated content to pad the file. Some repeated content to pad the file. Some repeated content to pad the file. Some repeated content to pad the file. Some repeated content to pad the file. Some repeated content to pad the file. Some repeated content to pad the file. Some repeated content to pad the file. Some repeated content to pad the file. Some repeated content to pad the file. Some repeated content to pad the file. Some repeated content to pad the file. Some repeated content to pad the file. Some repeated content to pad the file. Some repeated content to pad the file. Some repeated content to pad the file. Some repeated content to pad the file. Some repeated content to pad the file. Some repeated content to pad the file. Some repeated content to pad the file. Some repeated content to pad the file. Some repeated content to pad the file. Some repeated content to pad the file. Some repeated content to pad the file. Some repeated content to pad the file. Some repeated content to pad the file. Some repeated content to pad the file. Some repeated content to pad the file. Some repeated content to pad the file. Some repeated content to pad the file. Some repeated content to pad the file. Some repeated content to pad the file. Some repeated content to pad the file. Some repeated content to pad the file. Some repeated content to pad the file. Some repeated content to pad the file. Some repeated content to pad the file. Some repeated content to pad the file. Some repeated content to pad the file. Some repeated content to pad the file. Some repeated content to pad the file. Some repeated content to pad the file. Some repeated content to pad the file. Some repeated content to pad the file. Some repeated content to pad the file. Some repeated content to pad the file. Some repeated content to pad the file. Some repeated content to pad the file. Some repeated content to pad the file. Some repeated content to pad the file. Some repeated content to pad the file. Some repeated content to pad the file. Some repeated content to pad the file. Some repeated content to pad the file. Some repeated content to pad the file. Some repeated content to pad the file. Some repeated content to pad the file. Some repeated content to pad the file. Some repeated content to pad the file. Some repeated content to pad the file. Some repeated content to pad the file. Some repeated content to pad the file. Some repeated content to pad the file. Some repeated content to pad the file. Some repeated content to pad the file. Some repeated content to pad the file. Some repeated content to pad the file. Some repeated content to pad the file. Some repeated content to pad the file. Some repeated content to pad the file. Some repeated content to pad the file. Some repeated content to pad the file. Some repeated content to pad the file. Some repeated content to pad the file. Some repeated content to pad the file. Some repeated content to pad the file. Some repeated content to pad the file. Some repeated content to pad the file. Some repeated content to pad the file. Some repeated content to pad the file. Some repeated content to pad the file. Some repeated content to pad the file. Some repeated content to pad the file. Some repeated content to pad the file. Some repeated content to pad the file. Some repeated content to pad the file. Some repeated content to pad the file. Some repeated content to pad the file. Some repeated content to pad the file. Some repeated content to pad the file. Some repeated content to pad the file. Some repeated content to pad the file. Some repeated content to pad the file. Some repeated content to pad the file. Some repeated content to pad the file. Some repeated content to pad the file. Some repeated content to pad the file. Some repeated content to pad the file. Some repeated content to pad the file. Some repeated content to pad the file. Some repeated content to pad the file. Some repeated content to pad the file. Some repeated content to pad the file. Some repeated content to pad the file. Some repeated content to pad the file. Some repeated content to pad the file. Some repeated content to pad the file. Some repeated content to pad the file. Some repeated content to pad the file. Some repeated content to pad the file. Some repeated content to pad the file. Some repeated content to pad the file. Some repeated content to pad the file. Some repeated content to pad the file. Some repeated content to pad the file. Some repeated content to pad the file. Some repeated content to pad the file. Some repeated content to pad the file. Some repeated content to pad the file. Some repeated content to pad the file. Some repeated content to pad the file. Some repeated content to pad the file. Some repeated content to pad the file. Some repeated content to pad the file. Some repeated content to pad the file. Some repeated content to pad the file. Some repeated content to pad the file. Some repeated content to pad the file. Some repeated content to pad the file. Some repeated content to pad the file. Some repeated content to pad the file. Some repeated content to pad the file. Some repeated content to pad the file. Some repeated content to pad the file. Some repeated content to pad the file. Some repeated content to pad the file. Some repeated content to pad the file. Some repeated content to pad the file. Some repeated content to pad the file. Some repeated content to pad the file. Some repeated content to pad the file. Some repeated content to pad the file. Some repeated content to pad the file. Some repeated content to pad the file. Some repeated content to pad the file. Some repeated content to pad the file. Some repeated content to pad the file. Some repeated content to pad the file. Some repeated content to pad the file. Some repeated content to pad the file. Some repeated content to pad the file. Some repeated content to pad the file. Some repeated content to pad the file. Some repeated content to pad the file. Some repeated content to pad the file. Some repeated content to pad the file. Some repeated content to pad the file. Some repeated content to pad the file. Some repeated content to pad the file. Some repeated content to pad the file. Some repeated content to pad the file. Some repeated content to pad the file. Some repeated content to pad the file. Some repeated content to pad the file. Some repeated content to pad the file. Some repeated content to pad the file. Some repeated content to pad the file. Some repeated content to pad the file. Some repeated content to pad the file. Some repeated content to pad the file. Some repeated content to pad the file. Some repeated content to pad the file. Some repeated content to pad the file. Some repeated content to pad the file. Some repeated content to pad the file. Some repeated content to pad the file. Some repeated content to pad the file. Some repeated content to pad the file. Some repeated content to pad the file. Some repeated content to pad the file. Some repeated content to pad the file. Some repeated content to pad the file. Some repeated content to pad the file. Some repeated content to pad the file. Some repeated content to pad the file. Some repeated content to pad the file. Some repeated content to pad the file. Some repeated content to pad the file. Some repeated content to pad the file. Some repeated content to pad the file. Some repeated content to pad the file. Some repeated content to pad the file. Some repeated content to pad the file. Some repeated content to pad the file. Some repeated content to pad the file. Some repeated content to pad the file. Some repeated content to pad the file. Some repeated content to pad the file. Some repeated content to pad the file. Some repeated content to pad the file. Some repeated content to pad the file. Some repeated content to pad the file. Some repeated content to pad the file. Some repeated content to pad the file. Some repeated content to pad the file. Some repeated content to pad the file. Some repeated content to pad the file. Some repeated content to pad the file. Some repeated content to pad the file. Some repeated content to pad the file. Some repeated content to pad the file. Some repeated content to pad the file. Some repeated content to pad the file. Some repeated content to pad the file. Some repeated content to pad the file. Some repeated content to pad the file. Some repeated content to pad the file. Some repeated content to pad the file. Some repeated content to pad the file. Some repeated content to pad the file. Some repeated content to pad the file. Some repeated content to pad the file. Some repeated content to pad the file. Some repeated content to pad the file. Some repeated content to pad the file. Some repeated content to pad the file. Some repeated content to pad the file. Some repeated content to pad the file. Some repeated content to pad the file. Some repeated content to pad the file. Some repeated content to pad the file. Some repeated content to pad the file. Some repeated content to pad the file. Some repeated content to pad the file. Some repeated content to pad the file. Some repeated content to pad the file. Some repeated content to pad the file. Some repeated content to pad the file. Some repeated content to pad the file. Some repeated content to pad the file. Some repeated content to pad the file. Some repeated content to pad the file. Some repeated content to pad the file. Some repeated content to pad the file. Some repeated content to pad the file. Some repeated content to pad the file. Some repeated content to pad the file. Some repeated content to pad the file. Some repeated content to pad the file. Some repeated content to pad the file. Some repeated content to pad the file. Some repeated content to pad the file. Some repeated content to pad the file. Some repeated content to pad the file. Some repeated content to pad the file. Some repeated content to pad the file. Some repeated content to pad the file. Some repeated content to pad the file. Some repeated content to pad the file. Some repeated content to pad the file. Some repeated content to pad the file. Some repeated content to pad the file. Some repeated content to pad the file. Some repeated content to pad the file. Some repeated content to pad the file. Some repeated content to pad the file. Some repeated content to pad the file. Some repeated content to pad the file. Some repeated content to pad the file. Some repeated content to pad the file. Some repeated content to pad the file. Some repeated content to pad the file. Some repeated content to pad the file. Some repeated content to pad the file. Some repeated content to pad the file. Some repeated content to pad the file. Some repeated content to pad the file. Some repeated content to pad the file. Some repeated content to pad the file. Some repeated content to pad the file. Some repeated content to pad the file. Some repeated content to pad the file. Some repeated content to pad the file. Some repeated content to pad the file. Some repeated content to pad the file. Some repeated content to pad the file. Some repeated content to pad the file. Some repeated content to pad the file. Some repeated content to pad the file. Some repeated content to pad the file. Some repeated content to pad the file. Some repeated content to pad the file. Some repeated content to pad the file. Some repeated content to pad the file. Some repeated content to pad the file. Some repeated content to pad the file. Some repeated content to pad the file. Some repeated content to pad the file. Some repeated content to pad the file. Some repeated content to pad the file. Some repeated content to pad the file. Some repeated content to pad the file. Some repeated content to pad the file. Some repeated content to pad the file. Some repeated content to pad the file. Some repeated content to pad the file. Some repeated content to pad the file. Some repeated content to pad the file. Some repeated content to pad the file. Some repeated content to pad the file. Some repeated content to pad the file. Some repeated content to pad the file. Some repeated content to pad the file. Some repeated content to pad the file. Some repeated content to pad the file. Some repeated content to pad the file. Some repeated content to pad the file. Some repeated content to pad the file. Some repeated content to pad the file. Some repeated content to pad the file. Some repeated content to pad the file. Some repeated content to pad the file. Some repeated content to pad the file. Some repeated content to pad the file. Some repeated content to pad the file. Some repeated content to pad the file. Some repeated content to pad the file. Some repeated content to pad the file. Some repeated content to pad the file. Some repeated content to pad the file. Some repeated content to pad the file. Some repeated content to pad the file. Some repeated content to pad the file. Some repeated content to pad the file. Some repeated content to pad the file. Some repeated content to pad the file. Some repeated content to pad the file. Some repeated content to pad the file. Some repeated content to pad the file. Some repeated content to pad the file. Some repeated content to pad the file. Some repeated content to pad the file. Some repeated content to pad the file. Some repeated content to pad the file. Some repeated content to pad the file. Some repeated content to pad the file. Some repeated content to pad the file. Some repeated content to pad the file. Some repeated content to pad the file. Some repeated content to pad the file. Some repeated content to pad the file. Some repeated content to pad the file. Some repeated content to pad the file. Some repeated content to pad the file. Some repeated content to pad the file. Some repeated content to pad the file. Some repeated content to pad the file. Some repeated content to pad the file. Some repeated content to pad the file. Some repeated content to pad the file. Some repeated content to pad the file. Some repeated content to pad the file. Some repeated content to pad the file. Some repeated content to pad the file. Some repeated content to pad the file. Some repeated content to pad the file. Some repeated content to pad the file. Some repeated content to pad the file. Some repeated content to pad the file. Some repeated content to pad the file. Some repeated content to pad the file. Some repeated content to pad the file. Some repeated content to pad the file. Some repeated content to pad the file. Some repeated content to pad the file. Some repeated content to pad the file. Some repeated content to pad the file. Some repeated content to pad the file. Some repeated content to pad the file. Some repeated content to pad the file. Some repeated content to pad the file. Some repeated content to pad the file. Some repeated content to pad the file. Some repeated content to pad the file. Some repeated content to pad the file. Some repeated content to pad the file. Some repeated content to pad the file. Some repeated content to pad the file. Some repeated content to pad the file. Some repeated content to pad the file. Some repeated content to pad the file. Some repeated content to pad the file. Some repeated content to pad the file. Some repeated content to pad the file. Some repeated content to pad the file. Some repeated content to pad the file. Some repeated content to pad the file. Some repeated content to pad the file. Some repeated content to pad the file. Some repeated content to pad the file. Some repeated content to pad the file. Some repeated content to pad the file. Some repeated content to pad the file. Some repeated content to pad the file. Some repeated content to pad the file. Some repeated content to pad the file. Some repeated content to pad the file. Some repeated content to pad the file. Some repeated content to pad the file. Some repeated content to pad the file. Some repeated content to pad the file. Some repeated content to pad the file. Some repeated content to pad the file. Some repeated content to pad the file. Some repeated content to pad the file. Some repeated content to pad the file. Some repeated content to pad the file. Some repeated content to pad the file. Some repeated content to pad the file. Some repeated content to pad the file. Some repeated content to pad the file. Some repeated content to pad the file. Some repeated content to pad the file. Some repeated content to pad the file. Some repeated content to pad the file. Some repeated content to pad the file. Some repeated content to pad the file. Some repeated content to pad the file. Some repeated content to pad the file. Some repeated content to pad the file. Some repeated content to pad the file. Some repeated content to pad the file. Some repeated content to pad the file. Some repeated content to pad the file. Some repeated content to pad the file. Some repeated content to pad the file. Some repeated content to pad the file. Some repeated content to pad the file. Some repeated content to pad the file. Some repeated content to pad the file. Some repeated content to pad the file. Some repeated content to pad the file. Some repeated content to pad the file. Some repeated content to pad the file. Some repeated content to pad the file. Some repeated content to pad the file. Some repeated content to pad the file. Some repeated content to pad the file. Some repeated content to pad the file. Some repeated content to pad the file. Some repeated content to pad the file. Some repeated content to pad the file. Some repeated content to pad the file. Some repeated content to pad the file. Some repeated content to pad the file. Some repeated content to pad the file. Some repeated content to pad the file. Some repeated content to pad the file. Some repeated content to pad the file. Some repeated content to pad the file. Some repeated content to pad the file. Some repeated content to pad the file. Some repeated content to pad the file. Some repeated content to pad the file. Some repeated content to pad the file. Some repeated content to pad the file. Some repeated content to pad the file. Some repeated content to pad the file. Some repeated content to pad the file. Some repeated content to pad the file. Some repeated content to pad the file. Some repeated content to pad the file. Some repeated content to pad the file. Some repeated content to pad the file. Some repeated content to pad the file. Some repeated content to pad the file. Some repeated content to pad the file. Some repeated content to pad the file. Some repeated content to pad the file. Some repeated content to pad the file. Some repeated content to pad the file. Some repeated content to pad the file. Some repeated content to pad the file. Some repeated content to pad the file. Some repeated content to pad the file. Some repeated content to pad the file. Some repeated content to pad the file. Some repeated content to pad the file. Some repeated content to pad the file. Some repeated content to pad the file. Some repeated content to pad the file. Some repeated content to pad the file. Some repeated content to pad the file. Some repeated content to pad the file. Some repeated content to pad the file. Some repeated content to pad the file. Some repeated content to pad the file. Some repeated content to pad the file. Some repeated content to pad the file. Some repeated content to pad the file. Some repeated content to pad the file. Some repeated content to pad the file. Some repeated content to pad the file. Some repeated content to pad the file. Some repeated content to pad the file. Some repeated content to pad the file. Some repeated content to pad the file. Some repeated content to pad the file. Some repeated content to pad the file. Some repeated content to pad the file. Some repeated content to pad the file. Some repeated content to pad the file. Some repeated content to pad the file. Some repeated content to pad the file. Some repeated content to pad the file. Some repeated content to pad the file. Some repeated content to pad the file. Some repeated content to pad the file. Some repeated content to pad the file. Some repeated content to pad the file. Some repeated content to pad the file. Some repeated content to pad the file. Some repeated content to pad the file. Some repeated content to pad the file. Some repeated content to pad the file. Some repeated content to pad the file. Some repeated content to pad the file. Some repeated content to pad the file. Some repeated content to pad the file. Some repeated content to pad the file. Some repeated content to pad the file. Some repeated content to pad the file. Some repeated content to pad the file. Some repeated content to pad the file. Some repeated content to pad the file. Some repeated content to pad the file. Some repeated content to pad the file. Some repeated content to pad the file. Some repeated content to pad the file. Some repeated content to pad the file. Some repeated content to pad the file. Some repeated content to pad the file. Some repeated content to pad the file. Some repeated content to pad the file. Some repeated content to pad the file. Some repeated content to pad the file. Some repeated content to pad the file. Some repeated content to pad the file. Some repeated content to pad the file. Some repeated content to pad the file. Some repeated content to pad the file. Some repeated content to pad the file. Some repeated content to pad the file. Some repeated content to pad the file. Some repeated content to pad the file. Some repeated content to pad the file. Some repeated content to pad the file. Some repeated content to pad the file. Some repeated content to pad the file. Some repeated content to pad the file. Some repeated content to pad the file. Some repeated content to pad the file. Some repeated content to pad the file. Some repeated content to pad the file. Some repeated content to pad the file. Some repeated content to pad the file. Some repeated content to pad the file. Some repeated content to pad the file. Some repeated content to pad the file. Some repeated content to pad the file. Some repeated content to pad the file. Some repeated content to pad the file. Some repeated content to pad the file. Some repeated content to pad the file. Some repeated content to pad the file. Some repeated content to pad the file. Some repeated content to pad the file. Some repeated content to pad the file. Some repeated content to pad the file. Some repeated content to pad the file. Some repeated content to pad the file. Some repeated content to pad the file. Some repeated content to pad the file. Some repeated content to pad the file. Some repeated content to pad the file. Some repeated content to pad the file. Some repeated content to pad the file. Some repeated content to pad the file. Some repeated content to pad the file. Some repeated content to pad the file. Some repeated content to pad the file. Some repeated content to pad the file. Some repeated content to pad the file. Some repeated content to pad the file. Some repeated content to pad the file. Some repeated content to pad the file. Some repeated content to pad the file. Some repeated content to pad the file. Some repeated content to pad the file. Some repeated content to pad the file. Some repeated content to pad the file. Some repeated content to pad the file. Some repeated content to pad the file. Some repeated content to pad the file. Some repeated content to pad the file. Some repeated content to pad the file. Some repeated content to pad the file. Some repeated content to pad the file. Some repeated content to pad the file. Some repeated content to pad the file. Some repeated content to pad the file. Some repeated content to pad the file. Some repeated content to pad the file. Some repeated content to pad the file. Some repeated content to pad the file. Some repeated content to pad the file. Some repeated content to pad the file. Some repeated content to pad the file. Some repeated content to pad the file. Some repeated content to pad the file. Some repeated content to pad the file. Some repeated content to pad the file. Some repeated content to pad the file. Some repeated content to pad the file. Some repeated content to pad the file. Some repeated content to pad the file. Some repeated content to pad the file. Some repeated content to pad the file. Some repeated content to pad the file. Some repeated content to pad the file. Some repeated content to pad the file. Some repeated content to pad the file. Some repeated content to pad the file. Some repeated content to pad the file. Some repeated content to pad the file. Some repeated content to pad the file. Some repeated content to pad the file. Some repeated content to pad the file. Some repeated content to pad the file. Some repeated content to pad the file. Some repeated content to pad the file. Some repeated content to pad the file. Some repeated content to pad the file. Some repeated content to pad the file. Some repeated content to pad the file. Some repeated content to pad the file. Some repeated content to pad the file. Some repeated content to pad the file. Some repeated content to pad the file. Some repeated content to pad the file. Some repeated content to pad the file. Some repeated content to pad the file. Some repeated content to pad the file. Some repeated content to pad the file. Some repeated content to pad the file. Some repeated content to pad the file. Some repeated content to pad the file. Some repeated content to pad the file. Some repeated content to pad the file. Some repeated content to pad the file. Some repeated content to pad the file. Some repeated content to pad the file. Some repeated content to pad the file. Some repeated content to pad the file. Some repeated content to pad the file. Some repeated content to pad the file. Some repeated content to pad the file. Some repeated content to pad the file. Some repeated content to pad the file. Some repeated content to pad the file. Some repeated content to pad the file. Some repeated content to pad the file. Some repeated content to pad the file. Some repeated content to pad the file. Some repeated content to pad the file. Some repeated content to pad the file. Some repeated content to pad the file. Some repeated content to pad the file. Some repeated content to pad the file. Some repeated content to pad the file. Some repeated content to pad the file. Some repeated content to pad the file. Some repeated content to pad the file. Some repeated content to pad the file. Some repeated content to pad the file. Some repeated content to pad the file. Some repeated content to pad the file. Some repeated content to pad the file. Some repeated content to pad the file. Some repeated content to pad the file. Some repeated content to pad the file. Some repeated content to pad the file. Some repeated content to pad the file. Some repeated content to pad the file. Some repeated content to pad the file. Some repeated content to pad the file. Some repeated content to pad the file. Some repeated content to pad the file. Some repeated content to pad the file. Some repeated content to pad the file. Some repeated content to pad the file. Some repeated content to pad the file. Some repeated content to pad the file. Some repeated content to pad the file. Some repeated content to pad the file. Some repeated content to pad the file. Some repeated content to pad the file. Some repeated content to pad the file. Some repeated content to pad the file. Some repeated content to pad the file. Some repeated content to pad the file. Some repeated content to pad the file. Some repeated content to pad the file. Some repeated content to pad the file. Some repeated content to pad the file. Some repeated content to pad the file. Some repeated content to pad the file. Some repeated content to pad the file. Some repeated content to pad the file. Some repeated content to pad the file. Some repeated content to pad the file. Some repeated content to pad the file. Some repeated content to pad the file. Some repeated content to pad the file. Some repeated content to pad the file. Some repeated content to pad the file. Some repeated content to pad the file. Some repeated content to pad the file. Some repeated content to pad the file. Some repeated content to pad the file. Some repeated content to pad the file. Some repeated content to pad the file. Some repeated content to pad the file. Some repeated content to pad the file. Some repeated content to pad the file. Some repeated content to pad the file. Some repeated content to pad the file. Some repeated content to pad the file. Some repeated content to pad the file. Some repeated content to pad the file. Some repeated content to pad the file. Some repeated content to pad the file. Some repeated content to pad the file. Some repeated content to pad the file. Some repeated content to pad the file. Some repeated content to pad the file. Some repeated content to pad the file. Some repeated content to pad the file. Some repeated content to pad the file. Some repeated content to pad the file. Some repeated content to pad the file. Some repeated content to pad the file. Some repeated content to pad the file. Some repeated content to pad the file. Some repeated content to pad the file. Some repeated content to pad the file. Some repeated content to pad the file. Some repeated content to pad the file. Some repeated content to pad the file. Some repeated content to pad the file. Some repeated content to pad the file. Some repeated content to pad the file. Some repeated content to pad the file. Some repeated content to pad the file. Some repeated content to pad the file. Some repeated content to pad the file. Some repeated content to pad the file. Some repeated content to pad the file. Some repeated content to pad the file. Some repeated content to pad the file. Some repeated content to pad the file. Some repeated content to pad the file. Some repeated content to pad the file. Some repeated content to pad the file. Some repeated content to pad the file. Some repeated content to pad the file. Some repeated content to pad the file. Some repeated content to pad the file. Some repeated content to pad the file. Some repeated content to pad the file. Some repeated content to pad the file. Some repeated content to pad the file. Some repeated content to pad the file. Some repeated content to pad the file. Some repeated content to pad the file. Some repeated content to pad the file. Some repeated content to pad the file. Some repeated content to pad the file. Some repeated content to pad the file. Some repeated content to pad the file. Some repeated content to pad the file. Some repeated content to pad the file. Some repeated content to pad the file. Some repeated content to pad the file. Some repeated content to pad the file. Some repeated content to pad the file. Some repeated content to pad the file. Some repeated content to pad the file. Some repeated content to pad the file. Some repeated content to pad the file. Some repeated content to pad the file. Some repeated content to pad the file. Some repeated content to pad the file. Some repeated content to pad the file. Some repeated content to pad the file. Some repeated content to pad the file. Some repeated content to pad the file. Some repeated content to pad the file. Some repeated content to pad the file. Some repeated content to pad the file. Some repeated content to pad the file. Some repeated content to pad the file. Some repeated content to pad the file. Some repeated content to pad the file. Some repeated content to pad the file. Some repeated content to pad the file. Some repeated content to pad the file. Some repeated content to pad the file. Some repeated content to pad the file. Some repeated content to pad the file. Some repeated content to pad the file. Some repeated content to pad the file. Some repeated content to pad the file. Some repeated content to pad the file. Some repeated content to pad the file. Some repeated content to pad the file. Some repeated content to pad the file. Some repeated content to pad the file. Some repeated content to pad the file. Some repeated content to pad the file. Some repeated content to pad the file. Some repeated content to pad the file. Some repeated content to pad the file. Some repeated content to pad the file. Some repeated content to pad the file. Some repeated content to pad the file. Some repeated content to pad the file. Some repeated content to pad the file. Some repeated content to pad the file. Some repeated content to pad the file. Some repeated content to pad the file. Some repeated content to pad the file. Some repeated content to pad the file. Some repeated content to pad the file. Some repeated content to pad the file. Some repeated content to pad the file. Some repeated content to pad the file. Some repeated content to pad the file. Some repeated content to pad the file. Some repeated content to pad the file. Some repeated content to pad the file. Some repeated content to pad the file. Some repeated content to pad the file. Some repeated content to pad the file. Some repeated content to pad the file. Some repeated content to pad the file. Some repeated content to pad the file. Some repeated content to pad the file. Some repeated content to pad the file. Some repeated content to pad the file. Some repeated content to pad the file. Some repeated content to pad the file. Some repeated content to pad the file. Some repeated content to pad the file. Some repeated content to pad the file. Some repeated content to pad the file. Some repeated content to pad the file. Some repeated content to pad the file. Some repeated content to pad the file. Some repeated content to pad the file. Some repeated content to pad the file. Some repeated content to pad the file. Some repeated content to pad the file. Some repeated content to pad the file. Some repeated content to pad the file. Some repeated content to pad the file. Some repeated content to pad the file. Some repeated content to pad the file. Some repeated content to pad the file. Some repeated content to pad the file. Some repeated content to pad the file. Some repeated content to pad the file. Some repeated content to pad the file. Some repeated content to pad the file. Some repeated content to pad the file. Some repeated content to pad the file. Some repeated content to pad the file. Some repeated content to pad the file. Some repeated content to pad the file. Some repeated content to pad the file. Some repeated content to pad the file. Some repeated content to pad the file. Some repeated content to pad the file. Some repeated content to pad the file. Some repeated content to pad the file. Some repeated content to pad the file. Some repeated content to pad the file. Some repeated content to pad the file. Some repeated content to pad the file. Some repeated content to pad the file. Some repeated content to pad the file. Some repeated content to pad the file. Some repeated content to pad the file. Some repeated content to pad the file. Some repeated content to pad the file. Some repeated content to pad the file. Some repeated content to pad the file. Some repeated content to pad the file. Some repeated content to pad the file. Some repeated content to pad the file. Some repeated content to pad the file. Some repeated content to pad the file. Some repeated content to pad the file. Some repeated content to pad the file. Some repeated content to pad the file. Some repeated content to pad the file. Some repeated content to pad the file. Some repeated content to pad the file. Some repeated content to pad the file. Some repeated content to pad the file. Some repeated content to pad the file. Some repeated content to pad the file. Some repeated content to pad the file. Some repeated content to pad the file. Some repeated content to pad the file. Some repeated content to pad the file. Some repeated content to pad the file. Some repeated content to pad the file. Some repeated content to pad the file. Some repeated content to pad the file. Some repeated content to pad the file. Some repeated content to pad the file. Some repeated content to pad the file. Some repeated content to pad the file. Some repeated content to pad the file. Some repeated content to pad the file. Some repeated content to pad the file. Some repeated content to pad the file. Some repeated content to pad the file. Some repeated content to pad the file. Some repeated content to pad the file. Some repeated content to pad the file. Some repeated content to pad the file. Some repeated content to pad the file. Some repeated content to pad the file. Some repeated content to pad the file. Some repeated content to pad the file. Some repeated content to pad the file. Some repeated content to pad the file. Some repeated content to pad the file. Some repeated content to pad the file. Some repeated content to pad the file. Some repeated content to pad the file. Some repeated content to pad the file. Some repeated content to pad the file. Some repeated content to pad the file. Some repeated content to pad the file. Some repeated content to pad the file. Some repeated content to pad the file. Some repeated content to pad the file. Some repeated content to pad the file. Some repeated content to pad the file. Some repeated content to pad the file. Some repeated content to pad the file. Some repeated content to pad the file. Some repeated content to pad the file. Some repeated content to pad the file. Some repeated content to pad the file. Some repeated content to pad the file. Some repeated content to pad the file. Some repeated content to pad the file. Some repeated content to pad the file. Some repeated content to pad the file. Some repeated content to pad the file. Some repeated content to pad the file. Some repeated content to pad the file. Some repeated content to pad the file. Some repeated content to pad the file. Some repeated content to pad the file. Some repeated content to pad the file. Some repeated content to pad the file. Some repeated content to pad the file. Some repeated content to pad the file. Some repeated content to pad the file. Some repeated content to pad the file. Some repeated content to pad the file. Some repeated content to pad the file. Some repeated content to pad the file. Some repeated content to pad the file. Some repeated content to pad the file. Some repeated content to pad the file. Some repeated content to pad the file. Some repeated content to pad the file. Some repeated content to pad the file. Some repeated content to pad the file. Some repeated content to pad the file. Some repeated content to pad the file. Some repeated content to pad the file. Some repeated content to pad the file. Some repeated content to pad the file. Some repeated content to pad the file. Some repeated content to pad the file. Some repeated content to pad the file. Some repeated content to pad the file. Some repeated content to pad the file. Some repeated content to pad the file. Some repeated content to pad the file. Some repeated content to pad the file. Some repeated content to pad the file. Some repeated content to pad the file. Some repeated content to pad the file. Some repeated content to pad the file. Some repeated content to pad the file. Some repeated content to pad the file. Some repeated content to pad the file. Some repeated content to pad the file. Some repeated content to pad the file. Some repeated content to pad the file. Some repeated content to pad the file. Some repeated content to pad the file. Some repeated content to pad the file. Some repeated content to pad the file. Some repeated content to pad the file. Some repeated content to pad the file. Some repeated content to pad the file. Some repeated content to pad the file. Some repeated content to pad the file. Some repeated content to pad the file. Some repeated content to pad the file. Some repeated content to pad the file. Some repeated content to pad the file. Some repeated content to pad the file. Some repeated content to pad the file. Some repeated content to pad the file. Some repeated content to pad the file. Some repeated content to pad the file. Some repeated content to pad the file. Some repeated content to pad the file. Some repeated content to pad the file. Some repeated content to pad the file. Some repeated content to pad the file. Some repeated content to pad the file. Some repeated content to pad the file. Some repeated content to pad the file. Some repeated content to pad the file. Some repeated content to pad the file. Some repeated content to pad the file. Some repeated content to pad the file. Some repeated content to pad the file. Some repeated content to pad the file. Some repeated content to pad the file. Some repeated content to pad the file. Some repeated content to pad the file. Some repeated content to pad the file. Some repeated content to pad the file. Some repeated content to pad the file. Some repeated content to pad the file. Some repeated content to pad the file. Some repeated content to pad the file. Some repeated content to pad the file. Some repeated content to pad the file. Some repeated content to pad the file. Some repeated content to pad the file. Some repeated content to pad the file. Some repeated content to pad the file. Some repeated content to pad the file. Some repeated content to pad the file. Some repeated content to pad the file. Some repeated content to pad the file. Some repeated content to pad the file. Some repeated content to pad the file. Some repeated content to pad the file. Some repeated content to pad the file. Some repeated content to pad the file. Some repeated content to pad the file. Some repeated content to pad the file. Some repeated content to pad the file. Some repeated content to pad the file. Some repeated content to pad the file. Some repeated content to pad the file. Some repeated content to pad the file. Some repeated content to pad the file. Some repeated content to pad the file. Some repeated content to pad the file. Some repeated content to pad the file. Some repeated content to pad the file. Some repeated content to pad the file. Some repeated content to pad the file. Some repeated content to pad the file. Some repeated content to pad the file. Some repeated content to pad the file. Some repeated content to pad the file. Some repeated content to pad the file. Some repeated content to pad the file. Some repeated content to pad the file. Some repeated content to pad the file. Some repeated content to pad the file. Some repeated content to pad the file. Some repeated content to pad the file. Some repeated content to pad the file. Some repeated content to pad the file. Some repeated content to pad the file. Some repeated content to pad the file. Some repeated content to pad the file. Some repeated content to pad the file. Some repeated content to pad the file. Some repeated content to pad the file. Some repeated content to pad the file. Some repeated content to pad the file. Some repeated content to pad the file. Some repeated content to pad the file. Some repeated content to pad the file. Some repeated content to pad the file. Some repeated content to pad the file. Some repeated content to pad the file. Some repeated content to pad the file. Some repeated content to pad the file. Some repeated content to pad the file. Some repeated content to pad the file. Some repeated content to pad the file. Some repeated content to pad the file. Some repeated content to pad the file. Some repeated content to pad the file. Some repeated content to pad the file. Some repeated content to pad the file. Some repeated content to pad the file. Some repeated content to pad the file. Some repeated content to pad the file. Some repeated content to pad the file. Some repeated content to pad the file. Some repeated content to pad the file. Some repeated content to pad the file. Some repeated content to pad the file. Some repeated content to pad the file. Some repeated content to pad the file. Some repeated content to pad the file. Some repeated content to pad the file. Some repeated content to pad the file. Some repeated content to pad the file. Some repeated content to pad the file. Some repeated content to pad the file. Some repeated content to pad the file. Some repeated content to pad the file. Some repeated content to pad the file. Some repeated content to pad the file. Some repeated content to pad the file. Some repeated content to pad the file. Some repeated content to pad the file. Some repeated content to pad the file. Some repeated content to pad the file. Some repeated content to pad the file. Some repeated content to pad the file. Some repeated content to pad the file. Some repeated content to pad the file. Some repeated content to pad the file. Some repeated content to pad the file. Some repeated content to pad the file. Some repeated content to pad the file. Some repeated content to pad the file. Some repeated content to pad the file. Some repeated content to pad the file. Some repeated content to pad the file. Some repeated content to pad the file. Some repeated content to pad the file. Some repeated content to pad the file. Some repeated content to pad the file. Some repeated content to pad the file. Some repeated content to pad the file. Some repeated content to pad the file. Some repeated content to pad the file. Some repeated content to pad the file. Some repeated content to pad the file. Some repeated content to pad the file. Some repeated content to pad the file. Some repeated content to pad the file. Some repeated content to pad the file. Some repeated content to pad the file. Some repeated content to pad the file. Some repeated content to pad the file. Some repeated content to pad the file. Some repeated content to pad the file. Some repeated content to pad the file. Some repeated content to pad the file. Some repeated content to pad the file. Some repeated content to pad the file. Some repeated content to pad the file. Some repeated content to pad the file. Some repeated content to pad the file. Some repeated content to pad the file. Some repeated content to pad the file. Some repeated content to pad the file. Some repeated content to pad the file. Some repeated content to pad the file. Some repeated content to pad the file. Some repeated content to pad the file. Some repeated content to pad the file. Some repeated content to pad the file. Some repeated content to pad the file. Some repeated content to pad the file. Some repeated content to pad the file. Some repeated content to pad the file. Some repeated content to pad the file. Some repeated content to pad the file. Some repeated content to pad the file. Some repeated content to pad the file. Some repeated content to pad the file. Some repeated content to pad the file. Some repeated content to pad the file. Some repeated content to pad the file. Some repeated content to pad the file. Some repeated content to pad the file. Some repeated content to pad the file. Some repeated content to pad the file. Some repeated content to pad the file. Some repeated content to pad the file. Some repeated content to pad the file. Some repeated content to pad the file. Some repeated content to pad the file. Some repeated content to pad the file. Some repeated content to pad the file. Some repeated content to pad the file. Some repeated content to pad the file. Some repeated content to pad the file. Some repeated content to pad the file. Some repeated content to pad the file. Some repeated content to pad the file. Some repeated content to pad the file. Some repeated content to pad the file. Some repeated content to pad the file. Some repeated content to pad the file. Some repeated content to pad the file. Some repeated content to pad the file. Some repeated content to pad the file. Some repeated content to pad the file. Some repeated content to pad the file. Some repeated content to pad the file. Some repeated content to pad the file. Some repeated content to pad the file. Some repeated content to pad the file. Some repeated content to pad the file. Some repeated content to pad the file. Some repeated content to pad the file. Some repeated content to pad the file. Some repeated content to pad the file. Some repeated content to pad the file. Some repeated content to pad the file. Some repeated content to pad the file. Some repeated content to pad the file. Some repeated content to pad the file. Some repeated content to pad the file. Some repeated content to pad the file. Some repeated content to pad the file. Some repeated content to pad the file. Some repeated content to pad the file. Some repeated content to pad the file. Some repeated content to pad the file. Some repeated content to pad the file. Some repeated content to pad the file. Some repeated content to pad the file. Some repeated content to pad the file. Some repeated content to pad the file. Some repeated content to pad the file. Some repeated content to pad the file. Some repeated content to pad the file. Some repeated content to pad the file. Some repeated content to pad the file. Some repeated content to pad the file. Some repeated content to pad the file. Some repeated content to pad the file. Some repeated content to pad the file. Some repeated content to pad the file. Some repeated content to pad the file. Some repeated content to pad the file. Some repeated content to pad the file. Some repeated content to pad the file. Some repeated content to pad the file. Some repeated content to pad the file. Some repeated content to pad the file. Some repeated content to pad the file. Some repeated content to pad the file. Some repeated content to pad the file. Some repeated content to pad the file. Some repeated content to pad the file. Some repeated content to pad the file. Some repeated content to pad the file. Some repeated content to pad the file. Some repeated content to pad the file. Some repeated content to pad the file. Some repeated content to pad the file. Some repeated content to pad the file. Some repeated content to pad the file. Some repeated content to pad the file. Some repeated content to pad the file. Some repeated content to pad the file. Some repeated content to pad the file. Some repeated content to pad the file. Some repeated content to pad the file. Some repeated content to pad the file. Some repeated content to pad the file. Some repeated content to pad the file. Some repeated content to pad the file. Some repeated content to pad the file. Some repeated content to pad the file. Some repeated content to pad the file. Some repeated content to pad the file. Some repeated content to pad the file. Some repeated content to pad the file. Some repeated content to pad the file. Some repeated content to pad the file. Some repeated content to pad the file. Some repeated content to pad the file. Some repeated content to pad the file. Some repeated content to pad the file. Some repeated content to pad the file. Some repeated content to pad the file. Some repeated content to pad the file. Some repeated content to pad the file. Some repeated content to pad the file. Some repeated content to pad the file. Some repeated content to pad the file. Some repeated content to pad the file. Some repeated content to pad the file. Some repeated content to pad the file. Some repeated content to pad the file. Some repeated content to pad the file. Some repeated content to pad the file. Some repeated content to pad the file. Some repeated content to pad the file. Some repeated content to pad the file. Some repeated content to pad the file. Some repeated content to pad the file. Some repeated content to pad the file. Some repeated content to pad the file. Some repeated content to pad the file. Some repeated content to pad the file. Some repeated content to pad the file. Some repeated content to pad the file. Some repeated content to pad the file. Some repeated content to pad the file. Some repeated content to pad the file. Some repeated content to pad the file. Some repeated content to pad the file. Some repeated content to pad the file. Some repeated content to pad the file. Some repeated content to pad the file. Some repeated content to pad the file. Some repeated content to pad the file. Some repeated content to pad the file. Some repeated content to pad the file. Some repeated content to pad the file. Some repeated content to pad the file. Some repeated content to pad the file. Some repeated content to pad the file. Some repeated content to pad the file. Some repeated content to pad the file. Some repeated content to pad the file. Some repeated content to pad the file. Some repeated content to pad the file. Some repeated content to pad the file. Some repeated content to pad the file. Some repeated content to pad the file. Some repeated content to pad the file. Some repeated content to pad the file. Some repeated content to pad the file. Some repeated content to pad the file. Some repeated content to pad the file. Some repeated content to pad the file. Some repeated content to pad the file. Some repeated content to pad the file. Some repeated content to pad the file. Some repeated content to pad the file. Some repeated content to pad the file. Some repeated content to pad the file. Some repeated content to pad the file. Some repeated content to pad the file. Some repeated content to pad the file. Some repeated content to pad the file. Some repeated content to pad the file. Some repeated content to pad the file. Some repeated content to pad the file. Some repeated content to pad the file. Some repeated content to pad the file. Some repeated content to pad the file. Some repeated content to pad the file. Some repeated content to pad the file. Some repeated content to pad the file. Some repeated content to pad the file. Some repeated content to pad the file. Some repeated content to pad the file. Some repeated content to pad the file. Some repeated content to pad the file. Some repeated content to pad the file. Some repeated content to pad the file. Some repeated content to pad the file. Some repeated content to pad the file. Some repeated content to pad the file. Some repeated content to pad the file. Some repeated content to pad the file. Some repeated content to pad the file. Some repeated content to pad the file. Some repeated content to pad the file. Some repeated content to pad the file. Some repeated content to pad the file. Some repeated content to pad the file. Some repeated content to pad the file. Some repeated content to pad the file. Some repeated content to pad the file. Some repeated content to pad the file. Some repeated content to pad the file. Some repeated content to pad the file. Some repeated content to pad the file. Some repeated content to pad the file. Some repeated content to pad the file. Some repeated content to pad the file. Some repeated content to pad the file. Some repeated content to pad the file. Some repeated content to pad the file. Some repeated content to pad the file. Some repeated content to pad the file. Some repeated content to pad the file. Some repeated content to pad the file. Some repeated content to pad the file. Some repeated content to pad the file. Some repeated content to pad the file. Some repeated content to pad the file. Some repeated content to pad the file. Some repeated content to pad the file. Some repeated content to pad the file. Some repeated content to pad the file. Some repeated content to pad the file. Some repeated content to pad the file. Some repeated content to pad the file. Some repeated content to pad the file. Some repeated content to pad the file. Some repeated content to pad the file. Some repeated content to pad the file. Some repeated content to pad the file. Some repeated content to pad the file. Some repeated content to pad the file. Some repeated content to pad the file. Some repeated content to pad the file. Some repeated content to pad the file. Some repeated content to pad the file. Some repeated content to pad the file. Some repeated content to pad the file. Some repeated content to pad the file. Some repeated content to pad the file. Some repeated content to pad the file. Some repeated content to pad the file. Some repeated content to pad the file. Some repeated content to pad the file. Some repeated content to pad the file. Some repeated content to pad the file. Some repeated content to pad the file. Some repeated content to pad the file. Some repeated content to pad the file. Some repeated content to pad the file. Some repeated content to pad the file. Some repeated content to pad the file. Some repeated content to pad the file. Some repeated content to pad the file. Some repeated content to pad the file. Some repeated content to pad the file. Some repeated content to pad the file. Some repeated content to pad the file. Some repeated content to pad the file. Some repeated content to pad the file. Some repeated content to pad the file. Some repeated content to pad the file. Some repeated content to pad the file. Some repeated content to pad the file. Some repeated content to pad the file. Some repeated content to pad the file. Some repeated content to pad the file. Some repeated content to pad the file. Some repeated content to pad the file. Some repeated content to pad the file. Some repeated content to pad the file. Some repeated content to pad the file. Some repeated content to pad the file. Some repeated content to pad the file. Some repeated content to pad the file. Some repeated content to pad the file. Some repeated content to pad the file. Some repeated content to pad the file. Some repeated content to pad the file. Some repeated content to pad the file. Some repeated content to pad the file. Some repeated content to pad the file. Some repeated content to pad the file. Some repeated content to pad the file. Some repeated content to pad the file. Some repeated content to pad the file. Some repeated content to pad the file. Some repeated content to pad the file. Some repeated content to pad the file. Some repeated content to pad the file. Some repeated content to pad the file. Some repeated content to pad the file. Some repeated content to pad the file. Some repeated content to pad the file. Some repeated content to pad the file. Some repeated content to pad the file. Some repeated content to pad the file. Some repeated content to pad the file. Some repeated content to pad the file. Some repeated content to pad the file. Some repeated content to pad the file. Some repeated content to pad the file. Some repeated content to pad the file. Some repeated content to pad the file. Some repeated content to pad the file. Some repeated content to pad the file. Some repeated content to pad the file. Some repeated content to pad the file. Some repeated content to pad the file. Some repeated content to pad the file. Some repeated content to pad the file. Some repeated content to pad the file. Some repeated content to pad the file. Some repeated content to pad the file. Some repeated content to pad the file. Some repeated content to pad the file. Some repeated content to pad the file. Some repeated content to pad the file. Some repeated content to pad the file. Some repeated content to pad the file. Some repeated content to pad the file. Some repeated content to pad the file. Some repeated content to pad the file. Some repeated content to pad the file. Some repeated content to pad the file. Some repeated content to pad the file. Some repeated content to pad the file. Some repeated content to pad the file. Some repeated content to pad the file. Some repeated content to pad the file. Some repeated content to pad the file. Some repeated content to pad the file. Some repeated content to pad the file. Some repeated content to pad the file. Some repeated content to pad the file. Some repeated content to pad the file. Some repeated content to pad the file. Some repeated content to pad the file. Some repeated content to pad the file. Some repeated content to pad the file. Some repeated content to pad the file. Some repeated content to pad the file. Some repeated content to pad the file. Some repeated content to pad the file. Some repeated content to pad the file. Some repeated content to pad the file. Some repeated content to pad the file. Some repeated content to pad the file. Some repeated content to pad the file. Some repeated content to pad the file. Some repeated content to pad the file. Some repeated content to pad the file. Some repeated content to pad the file. Some repeated content to pad the file. Some repeated content to pad the file. Some repeated content to pad the file. Some repeated content to pad the file. Some repeated content to pad the file. Some repeated content to pad the file. Some repeated content to pad the file. Some repeated content to pad the file. Some repeated content to pad the file. Some repeated content to pad the file. Some repeated content to pad the file. Some repeated content to pad the file. Some repeated content to pad the file. Some repeated content to pad the file. Some repeated content to pad the file. Some repeated content to pad the file. Some repeated content to pad the file. Some repeated content to pad the file. Some repeated content to pad the file. Some repeated content to pad the file. Some repeated content to pad the file. Some repeated content to pad the file. Some repeated content to pad the file. Some repeated content to pad the file. Some repeated content to pad the file. Some repeated content to pad the file. Some repeated content to pad the file. Some repeated content to pad the file. Some repeated content to pad the file. Some repeated content to pad the file. Some repeated content to pad the file. Some repeated content to pad the file. Some repeated content to pad the file. Some repeated content to pad the file. Some repeated content to pad the file. Some repeated content to pad the file. Some repeated content to pad the file. Some repeated content to pad the file. Some repeated content to pad the file. Some repeated content to pad the file. Some repeated content to pad the file. Some repeated content to pad the file. Some repeated content to pad the file. Some repeated content to pad the file. Some repeated content to pad the file. Some repeated content to pad the file. Some repeated content to pad the file. Some repeated content to pad the file. Some repeated content to pad the file. Some repeated content to pad the file. Some repeated content to pad the file. Some repeated content to pad the file. Some repeated content to pad the file. Some repeated content to pad the file. Some repeated content to pad the file. Some repeated content to pad the file. Some repeated content to pad the file. Some repeated content to pad the file. Some repeated content to pad the file. Some repeated content to pad the file. Some repeated content to pad the file. Some repeated content to pad the file. Some repeated content to pad the file. Some repeated content to pad the file. Some repeated content to pad the file. Some repeated content to pad the file. Some repeated content to pad the file. Some repeated content to pad the file. Some repeated content to pad the file. Some repeated content to pad the file. Some repeated content to pad the file. Some repeated content to pad the file. Some repeated content to pad the file. Some repeated content to pad the file. Some repeated content to pad the file. Some repeated content to pad the file. Some repeated content to pad the file. Some repeated content to pad the file. Some repeated content to pad the file. Some repeated content to pad the file. Some repeated content to pad the file. Some repeated content to pad the file. Some repeated content to pad the file. Some repeated content to pad the file. Some repeated content to pad the file. Some repeated content to pad the file. Some repeated content to pad the file. Some repeated content to pad the file. Some repeated content to pad the file. Some repeated content to pad the file. Some repeated content to pad the file. Some repeated content to pad the file. Some repeated content to pad the file. Some repeated content to pad the file. Some repeated content to pad the file. Some repeated content to pad the file. Some repeated content to pad the file. Some repeated content to pad the file. Some repeated content to pad the file. Some repeated content to pad the file. Some repeated content to pad the file. Some repeated content to pad the file. Some repeated content to pad the file. Some repeated content to pad the file. Some repeated content to pad the file. Some repeated content to pad the file. Some repeated content to pad the file. Some repeated content to pad the file. Some repeated content to pad the file. Some repeated content to pad the file. Some repeated content to pad the file. Some repeated content to pad the file. Some repeated content to pad the file. Some repeated content to pad the file. Some repeated content to pad the file. Some repeated content to pad the file. Some repeated content to pad the file. Some repeated content to pad the file. Some repeated content to pad the file. Some repeated content to pad the file. Some repeated content to pad the file. Some repeated content to pad the file. Some repeated content to pad the file. Some repeated content to pad the file. Some repeated content to pad the file. Some repeated content to pad the file. Some repeated content to pad the file. Some repeated content to pad the file. Some repeated content to pad the file. Some repeated content to pad the file. Some repeated content to pad the file. Some repeated content to pad the file. Some repeated content to pad the file. Some repeated content to pad the file. Some repeated content to pad the file. Some repeated content to pad the file. Some repeated content to pad the file. Some repeated content to pad the file. Some repeated content to pad the file. Some repeated content to pad the file. Some repeated content to pad the file. Some repeated content to pad the file. Some repeated content to pad the file. Some repeated content to pad the file. Some repeated content to pad the file. Some repeated content to pad the file. Some repeated content to pad the file. Some repeated content to pad the file. Some repeated content to pad the file. Some repeated content to pad the file. Some repeated content to pad the file. Some repeated content to pad the file. Some repeated content to pad the file. Some repeated content to pad the file. Some repeated content to pad the file. Some repeated content to pad the file. Some repeated content to pad the file. Some repeated content to pad the file. Some repeated content to pad the file. Some repeated content to pad the file. Some repeated content to pad the file. Some repeated content to pad the file. Some repeated content to pad the file. Some repeated content to pad the file. Some repeated content to pad the file. Some repeated content to pad the file. Some repeated content to pad the file. Some repeated content to pad the file. Some repeated content to pad the file. Some repeated content to pad the file. Some repeated content to pad the file. Some repeated content to pad the file. Some repeated content to pad the file. Some repeated content to pad the file. Some repeated content to pad the file. Some repeated content to pad the file. Some repeated content to pad the file. Some repeated content to pad the file. Some repeated content to pad the file. Some repeated content to pad the file. Some repeated content to pad the file. Some repeated content to pad the file. Some repeated content to pad the file. Some repeated content to pad the file. Some repeated content to pad the file. Some repeated content to pad the file. Some repeated content to pad the file. Some repeated content to pad the file. Some repeated content to pad the file. Some repeated content to pad the file. Some repeated content to pad the file. Some repeated content to pad the file. Some repeated content to pad the file. Some repeated content to pad the file. Some repeated content to pad the file. Some repeated content to pad the file. Some repeated content to pad the file. Some repeated content to pad the file. Some repeated content to pad the file. Some repeated content to pad the file. Some repeated content to pad the file. Some repeated content to pad the file. Some repeated content to pad the file. Some repeated content to pad the file. Some repeated content to pad the file. Some repeated content to pad the file. Some repeated content to pad the file. Some repeated content to pad the file. Some repeated content to pad the file. Some repeated content to pad the file. Some repeated content to pad the file. Some repeated content to pad the file. Some repeated content to pad the file. Some repeated content to pad the file. Some repeated content to pad the file. Some repeated content to pad the file. Some repeated content to pad the file. Some repeated content to pad the file. Some repeated content to pad the file. Some repeated content to pad the file. Some repeated content to pad the file. Some repeated content to pad the file. Some repeated content to pad the file. Some repeated content to pad the file. Some repeated content to pad the file. Some repeated content to pad the file. Some repeated content to pad the file. Some repeated content to pad the file. Some repeated content to pad the file. Some repeated content to pad the file. Some repeated content to pad the file. Some repeated content to pad the file. Some repeated content to pad the file. Some repeated content to pad the file. Some repeated content to pad the file. Some repeated content to pad the file. Some repeated content to pad the file. Some repeated content to pad the file. Some repeated content to pad the file. Some repeated content to pad the file. Some repeated content to pad the file. Some repeated content to pad the file. Some repeated content to pad the file. Some repeated content to pad the file. Some repeated content to pad the file. Some repeated content to pad the file. Some repeated content to pad the file. Some repeated content to pad the file. Some repeated content to pad the file. Some repeated content to pad the file. Some repeated content to pad the file. Some repeated content to pad the file. Some repeated content to pad the file. Some repeated content to pad the file. Some repeated content to pad the file. Some repeated content to pad the file. Some repeated content to pad the file. Some repeated content to pad the file. Some repeated content to pad the file. Some repeated content to pad the file. Some repeated content to pad the file. Some repeated content to pad the file. Some repeated content to pad the file. Some repeated content to pad the file. Some repeated content to pad the file. Some repeated content to pad the file. Some repeated content to pad the file. Some repeated content to pad the file. Some repeated content to pad the file. Some repeated content to pad the file. Some repeated content to pad the file. Some repeated content to pad the file. Some repeated content to pad the file. Some repeated content to pad the file. Some repeated content to pad the file. Some repeated content to pad the file. Some repeated content to pad the file. Some repeated content to pad the file. Some repeated content to pad the file. Some repeated content to pad the file. Some repeated content to pad the file. Some repeated content to pad the file. Some repeated content to pad the file. Some repeated content to pad the file. Some repeated content to pad the file. Some repeated content to pad the file. Some repeated content to pad the file. Some repeated content to pad the file. Some repeated content to pad the file. Some repeated content to pad the file. Some repeated content to pad the file. Some repeated content to pad the file. Some repeated content to pad the file. Some repeated content to pad the file. Some repeated content to pad the file. Some repeated content to pad the file. Some repeated content to pad the file. Some repeated content to pad the file. Some repeated content to pad the file. Some repeated content to pad the file. Some repeated content to pad the file. Some repeated content to pad the file. Some repeated content to pad the file. Some repeated content to pad the file. Some repeated content to pad the file. Some repeated content to pad the file. Some repeated content to pad the file. Some repeated content to pad the file. Some repeated content to pad the file. Some repeated content to pad the file. Some repeated content to pad the file. Some repeated content to pad the file. Some repeated content to pad the file. Some repeated content to pad the file. Some repeated content to pad the file. Some repeated content to pad the file. Some repeated content to pad the file. Some repeated content to pad the file. Some repeated content to pad the file. Some repeated content to pad the file. Some repeated content to pad the file. Some repeated content to pad the file. Some repeated content to pad the file. Some repeated content to pad the file. Some repeated content to pad the file. Some repeated content to pad the file. Some repeated content to pad the file. Some repeated content to pad the file. Some repeated content to pad the file. Some repeated content to pad the file. Some repeated content to pad the file. Some repeated content to pad the file. Some repeated content to pad the file. Some repeated content to pad the file. Some repeated content to pad the file. Some repeated content to pad the file. Some repeated content to pad the file. Some repeated content to pad the file. Some repeated content to pad the file. Some repeated content to pad the file. Some repeated content to pad the file. Some repeated content to pad the file. Some repeated content to pad the file. Some repeated content to pad the file. Some repeated content to pad the file. Some repeated content to pad the file. Some repeated content to pad the file. Some repeated content to pad the file. Some repeated content to pad the file. Some repeated content to pad the file. Some repeated content to pad the file. Some repeated content to pad the file. Some repeated content to pad the file. Some repeated content to pad the file. Some repeated content to pad the file. Some repeated content to pad the file. Some repeated content to pad the file. Some repeated content to pad the file. Some repeated content to pad the file. Some repeated content to pad the file. Some repeated content to pad the file. Some repeated content to pad the file. Some repeated content to pad the file. Some repeated content to pad the file. Some repeated content to pad the file. Some repeated content to pad the file. Some repeated content to pad the file. Some repeated content to pad the file. Some repeated content to pad the file. Some repeated content to pad the file. Some repeated content to pad the file. Some repeated content to pad the file. Some repeated content to pad the file. Some repeated content to pad the file. Some repeated content to pad the file. Some repeated content to pad the file. Some repeated content to pad the file. Some repeated content to pad the file. Some repeated content to pad the file. Some repeated content to pad the file. Some repeated content to pad the file. Some repeated content to pad the file. Some repeated content to pad the file. Some repeated content to pad the file. Some repeated content to pad the file. Some repeated content to pad the file. Some repeated content to pad the file. Some repeated content to pad the file. Some repeated content to pad the file. Some repeated content to pad the file. Some repeated content to pad the file. Some repeated content to pad the file. Some repeated content to pad the file. Some repeated content to pad the file. Some repeated content to pad the file. Some repeated content to pad the file. Some repeated content to pad the file. Some repeated content to pad the file. Some repeated content to pad the file. Some repeated content to pad the file. Some repeated content to pad the file. Some repeated content to pad the file. Some repeated content to pad the file. Some repeated content to pad the file. Some repeated content to pad the file. Some repeated content to pad the file. Some repeated content to pad the file. Some repeated content to pad the file. Some repeated content to pad the file. Some repeated content to pad the file. Some repeated content to pad the file. Some repeated content to pad the file. Some repeated content to pad the file. Some repeated content to pad the file. Some repeated content to pad the file. Some repeated content to pad the file. Some repeated content to pad the file. Some repeated content to pad the file. Some repeated content to pad the file. Some repeated content to pad the file. Some repeated content to pad the file. Some repeated content to pad the file. Some repeated content to pad the file. Some repeated content to pad the file. Some repeated content to pad the file. Some repeated content to pad the file. Some repeated content to pad the file. Some repeated content to pad the file. Some repeated content to pad the file. Some repeated content to pad the file. Some repeated content to pad the file. Some repeated content to pad the file. Some repeated content to pad the file. Some repeated content to pad the file. Some repeated content to pad the file. Some repeated content to pad the file. Some repeated content to pad the file. Some repeated content to pad the file. Some repeated content to pad the file. Some repeated content to pad the file. Some repeated content to pad the file. Some repeated content to pad the file. Some repeated content to pad the file. Some repeated content to pad the file. Some repeated content to pad the file. Some repeated content to pad the file. Some repeated content to pad the file. Some repeated content to pad the file. Some repeated content to pad the file. Some repeated content to pad the file. Some repeated content to pad the file. Some repeated content to pad the file. Some repeated content to pad the file. Some repeated content to pad the file. Some repeated content to pad the file. Some repeated content to pad the file. Some repeated content to pad the file. Some repeated content to pad the file. Some repeated content to pad the file. Some repeated content to pad the file. Some repeated content to pad the file. Some repeated content to pad the file. Some repeated content to pad the file. Some repeated content to pad the file. Some repeated content to pad the file. Some repeated content to pad the file. Some repeated content to pad the file. Some repeated content to pad the file. Some repeated content to pad the file. Some repeated content to pad the file. Some repeated content to pad the file. Some repeated content to pad the file. Some repeated content to pad the file. Some repeated content to pad the file. Some repeated content to pad the file. Some repeated content to pad the file. Some repeated content to pad the file. Some repeated content to pad the file. Some repeated content to pad the file. Some repeated content to pad the file. Some repeated content to pad the file. Some repeated content to pad the file. Some repeated content to pad the file. Some repeated content to pad the file. Some repeated content to pad the file. Some repeated content to pad the file. Some repeated content to pad the file. Some repeated content to pad the file. Some repeated content to pad the file. Some repeated content to pad the file. Some repeated content to pad the file. Some repeated content to pad the file. Some repeated content to pad the file. Some repeated content to pad the file. Some repeated content to pad the file. Some repeated content to pad the file. Some repeated content to pad the file. Some repeated content to pad the file. Some repeated content to pad the file. Some repeated content to pad the file. Some repeated content to pad the file. Some repeated content to pad the file. Some repeated content to pad the file. Some repeated content to pad the file. Some repeated content to pad the file. Some repeated content to pad the file. Some repeated content to pad the file. Some repeated content to pad the file. Some repeated content to pad the file. Some repeated content to pad the file. Some repeated content to pad the file. Some repeated content to pad the file. Some repeated content to pad the file. Some repeated content to pad the file. Some repeated content to pad the file. Some repeated content to pad the file. Some repeated content to pad the file. Some repeated content to pad the file. Some repeated content to pad the file. Some repeated content to pad the file. Some repeated content to pad the file. Some repeated content to pad the file. Some repeated content to pad the file. Some repeated content to pad the file. Some repeated content to pad the file. Some repeated content to pad the file. Some repeated content to pad the file. Some repeated content to pad the file. Some repeated content to pad the file. Some repeated content to pad the file. Some repeated content to pad the file. Some repeated content to pad the file. Some repeated content to pad the file. Some repeated content to pad the file. Some repeated content to pad the file. Some repeated content to pad the file. Some repeated content to pad the file. Some repeated content to pad the file. Some repeated content to pad the file. Some repeated content to pad the file. Some repeated content to pad the file. Some repeated content to pad the file. Some repeated content to pad the file. Some repeated content to pad the file. Some repeated content to pad the file. Some repeated content to pad the file. Some repeated content to pad the file. Some repeated content to pad the file. Some repeated content to pad the file. Some repeated content to pad the file. Some repeated content to pad the file. Some repeated content to pad the file. Some repeated content to pad the file. Some repeated content to pad the file. Some repeated content to pad the file. Some repeated content to pad the file. Some repeated content to pad the file. Some repeated content to pad the file. Some repeated content to pad the file. Some repeated content to pad the file. Some repeated content to pad the file. Some repeated content to pad the file. Some repeated content to pad the file. Some repeated content to pad the file. Some repeated content to pad the file. Some repeated content to pad the file. Some repeated content to pad the file. Some repeated content to pad the file. Some repeated content to pad the file. Some repeated content to pad the file. Some repeated content to pad the file. Some repeated content to pad the file. Some repeated content to pad the file. Some repeated content to pad the file. Some repeated content to pad the file. Some repeated content to pad the file. Some repeated content to pad the file. Some repeated content to pad the file. Some repeated content to pad the file. Some repeated content to pad the file. Some repeated content to pad the file. Some repeated content to pad the file. Some repeated content to pad the file. Some repeated content to pad the file. Some repeated content to pad the file. Some repeated content to pad the file. Some repeated content to pad the file. Some repeated content to pad the file. Some repeated content to pad the file. Some repeated content to pad the file. Some repeated content to pad the file. Some repeated content to pad the file. Some repeated content to pad the file. Some repeated content to pad the file. Some repeated content to pad the file. Some repeated content to pad the file. Some repeated content to pad the file. Some repeated content to pad the file. Some repeated content to pad the file. Some repeated content to pad the file. Some repeated content to pad the file. Some repeated content to pad the file. Some repeated content to pad the file. Some repeated content to pad the file. Some repeated content to pad the file. Some repeated content to pad the file. Some repeated content to pad the file. Some repeated content to pad the file. Some repeated content to pad the file. Some repeated content to pad the file. Some repeated content to pad the file. Some repeated content to pad the file. Some repeated content to pad the file. Some repeated content to pad the file. Some repeated content to pad the file. Some repeated content to pad the file. Some repeated content to pad the file. Some repeated content to pad the file. Some repeated content to pad the file. Some repeated content to pad the file. Some repeated content to pad the file. Some repeated content to pad the file. Some repeated content to pad the file. Some repeated content to pad the file. Some repeated content to pad the file. Some repeated content to pad the file. Some repeated content to pad the file. Some repeated content to pad the file. Some repeated content to pad the file. Some repeated content to pad the file. Some repeated content to pad the file. Some repeated content to pad the file. Some repeated content to pad the file. Some repeated content to pad the file. Some repeated content to pad the file. Some repeated content to pad the file. Some repeated content to pad the file. Some repeated content to pad the file. Some repeated content to pad the file. Some repeated content to pad the file. Some repeated content to pad the file. Some repeated content to pad the file. Some repeated content to pad the file. Some repeated content to pad the file. Some repeated content to pad the file. Some repeated content to pad the file. Some repeated content to pad the file. Some repeated content to pad the file. Some repeated content to pad the file. Some repeated content to pad the file. Some repeated content to pad the file. Some repeated content to pad the file. Some repeated content to pad the file. Some repeated content to pad the file. Some repeated content to pad the file. Some repeated content to pad the file. Some repeated content to pad the file. Some repeated content to pad the file. Some repeated content to pad the file. Some repeated content to pad the file. Some repeated content to pad the file. Some repeated content to pad the file. Some repeated content to pad the file. Some repeated content to pad the file. Some repeated content to pad the file. Some repeated content to pad the file. Some repeated content to pad the file. Some repeated content to pad the file. Some repeated content to pad the file. Some repeated content to pad the file. Some repeated content to pad the file. Some repeated content to pad the file. Some repeated content to pad the file. Some repeated content to pad the file. Some repeated content to pad the file. Some repeated content to pad the file. Some repeated content to pad the file. Some repeated content to pad the file. Some repeated content to pad the file. Some repeated content to pad the file. Some repeated content to pad the file. Some repeated content to pad the file. Some repeated content to pad the file. Some repeated content to pad the file. Some repeated content to pad the file. Some repeated content to pad the file. Some repeated content to pad the file. Some repeated content to pad the file. Some repeated content to pad the file. Some repeated content to pad the file. Some repeated content to pad the file. Some repeated content to pad the file. Some repeated content to pad the file. Some repeated content to pad the file. Some repeated content to pad the file. Some repeated content to pad the file. Some repeated content to pad the file. Some repeated content to pad the file. Some repeated content to pad the file. Some repeated content to pad the file. Some repeated content to pad the file. Some repeated content to pad the file. Some repeated content to pad the file. Some repeated content to pad the file. Some repeated content to pad the file. Some repeated content to pad the file. Some repeated content to pad the file. Some repeated content to pad the file. Some repeated content to pad the file. Some repeated content to pad the file. Some repeated content to pad the file. Some repeated content to pad the file. Some repeated content to pad the file. Some repeated content to pad the file. Some repeated content to pad the file. Some repeated content to pad the file. Some repeated content to pad the file. Some repeated content to pad the file. Some repeated content to pad the file. Some repeated content to pad the file. Some repeated content to pad the file. Some repeated content to pad the file. Some repeated content to pad the file. Some repeated content to pad the file. Some repeated content to pad the file. Some repeated content to pad the file. Some repeated content to pad the file. Some repeated content to pad the file. Some repeated content to pad the file. Some repeated content to pad the file. Some repeated content to pad the file. Some repeated content to pad the file. Some repeated content to pad the file. Some repeated content to pad the file. Some repeated content to pad the file. Some repeated content to pad the file. Some repeated content to pad the file. Some repeated content to pad the file. Some repeated content to pad the file. Some repeated content to pad the file. Some repeated content to pad the file. Some repeated content to pad the file. Some repeated content to pad the file. Some repeated content to pad the file. Some repeated content to pad the file. Some repeated content to pad the file. Some repeated content to pad the file. Some repeated content to pad the file. Some repeated content to pad the file. Some repeated content to pad the file. Some repeated content to pad the file. Some repeated content to pad the file. Some repeated content to pad the file. Some repeated content to pad the file. Some repeated content to pad the file. Some repeated content to pad the file. Some repeated content to pad the file. Some repeated content to pad the file. Some repeated content to pad the file. Some repeated content to pad the file. Some repeated content to pad the file. Some repeated content to pad the file. Some repeated content to pad the file. Some repeated content to pad the file. Some repeated content to pad the file. Some repeated content to pad the file. Some repeated content to pad the file. Some repeated content to pad the file. Some repeated content to pad the file. Some repeated content to pad the file. Some repeated content to pad the file. Some repeated content to pad the file. Some repeated content to pad the file. Some repeated content to pad the file. Some repeated content to pad the file. Some repeated content to pad the file. Some repeated content to pad the file. Some repeated content to pad the file. Some repeated content to pad the file. Some repeated content to pad the file. Some repeated content to pad the file. Some repeated content to pad the file. Some repeated content to pad the file. Some repeated content to pad the file. Some repeated content to pad the file. Some repeated content to pad the file. Some repeated content to pad the file. Some repeated content to pad the file. Some repeated content to pad the file. Some repeated content to pad the file. Some repeated content to pad the file. Some repeated content to pad the file. Some repeated content to pad the file. Some repeated content to pad the file. Some repeated content to pad the file. Some repeated content to pad the file. Some repeated content to pad the file. Some repeated content to pad the file. Some repeated content to pad the file. Some repeated content to pad the file. Some repeated content to pad the file. Some repeated content to pad the file. Some repeated content to pad the file. Some repeated content to pad the file. Some repeated content to pad the file. Some repeated content to pad the file. Some repeated content to pad the file. Some repeated content to pad the file. Some repeated content to pad the file. Some repeated content to pad the file. Some repeated content to pad the file. Some repeated content to pad the file. Some repeated content to pad the file. Some repeated content to pad the file. Some repeated content to pad the file. Some repeated content to pad the file. Some repeated content to pad the file. Some repeated content to pad the file. Some repeated content to pad the file. Some repeated content to pad the file. Some repeated content to pad the file. Some repeated content to pad the file. Some repeated content to pad the file. Some repeated content to pad the file. Some repeated content to pad the file. Some repeated content to pad the file. Some repeated content to pad the file. Some repeated content to pad the file. Some repeated content to pad the file. Some repeated content to pad the file. Some repeated content to pad the file. Some repeated content to pad the file. Some repeated content to pad the file. Some repeated content to pad the file. Some repeated content to pad the file. Some repeated content to pad the file. Some repeated content to pad the file. Some repeated content to pad the file. Some repeated content to pad the file. Some repeated content to pad the file. Some repeated content to pad the file. Some repeated content to pad the file. Some repeated content to pad the file. Some repeated content to pad the file. Some repeated content to pad the file. Some repeated content to pad the file. Some repeated content to pad the file. Some repeated content to pad the file. Some repeated content to pad the file. Some repeated content to pad the file. Some repeated content to pad the file. Some repeated content to pad the file. Some repeated content to pad the file. Some repeated content to pad the file. Some repeated content to pad the file. Some repeated content to pad the file. Some repeated content to pad the file. Some repeated content to pad the file. Some repeated content to pad the file. Some repeated content to pad the file. Some repeated content to pad the file. Some repeated content to pad the file. Some repeated content to pad the file. Some repeated content to pad the file. Some repeated content to pad the file. Some repeated content to pad the file. Some repeated content to pad the file. Some repeated content to pad the file. Some repeated content to pad the file. Some repeated content to pad the file. Some repeated content to pad the file. Some repeated content to pad the file. Some repeated content to pad the file. Some repeated content to pad the file. Some repeated content to pad the file. Some repeated content to pad the file. Some repeated content to pad the file. Some repeated content to pad the file. Some repeated content to pad the file. Some repeated content to pad the file. Some repeated content to pad the file. Some repeated content to pad the file. Some repeated content to pad the file. Some repeated content to pad the file. Some repeated content to pad the file. Some repeated content to pad the file. Some repeated content to pad the file. Some repeated content to pad the file. Some repeated content to pad the file. Some repeated content to pad the file. Some repeated content to pad the file. Some repeated content to pad the file. Some repeated content to pad the file. Some repeated content to pad the file. Some repeated content to pad the file. Some repeated content to pad the file. Some repeated content to pad the file. Some repeated content to pad the file. Some repeated content to pad the file. Some repeated content to pad the file. Some repeated content to pad the file. Some repeated content to pad the file. Some repeated content to pad the file. Some repeated content to pad the file. Some repeated content to pad the file. Some repeated content to pad the file. Some repeated content to pad the file. Some repeated content to pad the file. Some repeated content to pad the file. Some repeated content to pad the file. Some repeated content to pad the file. Some repeated content to pad the file. Some repeated content to pad the file. Some repeated content to pad the file. Some repeated content to pad the file. Some repeated content to pad the file. Some repeated content to pad the file. Some repeated content to pad the file. Some repeated content to pad the file. Some repeated content to pad the file. Some repeated content to pad the file. Some repeated content to pad the file. Some repeated content to pad the file. Some repeated content to pad the file. Some repeated content to pad the file. Some repeated content to pad the file. Some repeated content to pad the file. Some repeated content to pad the file. Some repeated content to pad the file. Some repeated content to pad the file. Some repeated content to pad the file. Some repeated content to pad the file. Some repeated content to pad the file. Some repeated content to pad the file. Some repeated content to pad the file. Some repeated content to pad the file. Some repeated content to pad the file. Some repeated content to pad the file. Some repeated content to pad the file. Some repeated content to pad the file. Some repeated content to pad the file. Some repeated content to pad the file. Some repeated content to pad the file. Some repeated content to pad the file. Some repeated content to pad the file. Some repeated content to pad the file. Some repeated content to pad the file. Some repeated content to pad the file. Some repeated content to pad the file. Some repeated content to pad the file. Some repeated content to pad the file. Some repeated content to pad the file. Some repeated content to pad the file. Some repeated content to pad the file. Some repeated content to pad the file. Some repeated content to pad the file. Some repeated content to pad the file. Some repeated content to pad the file. Some repeated content to pad the file. Some repeated content to pad the file. Some repeated content to pad the file. Some repeated content to pad the file. Some repeated content to pad the file. Some repeated content to pad the file. Some repeated content to pad the file. Some repeated content to pad the file. Some repeated content to pad the file. Some repeated content to pad the file. Some repeated content to pad the file. Some repeated content to pad the file. Some repeated content to pad the file. Some repeated content to pad the file. Some repeated content to pad the file. Some repeated content to pad the file. Some repeated content to pad the file. Some repeated content to pad the file. Some repeated content to pad the file. Some repeated content to pad the file. Some repeated content to pad the file. Some repeated content to pad the file. Some repeated content to pad the file. Some repeated content to pad the file. Some repeated content to pad the file. Some repeated content to pad the file. Some repeated content to pad the file. Some repeated content to pad the file. Some repeated content to pad the file. Some repeated content to pad the file. Some repeated content to pad the file. Some repeated content to pad the file. Some repeated content to pad the file. Some repeated content to pad the file. Some repeated content to pad the file. Some repeated content to pad the file. Some repeated content to pad the file. Some repeated content to pad the file. Some repeated content to pad the file. Some repeated content to pad the file. Some repeated content to pad the file. Some repeated content to pad the file. Some repeated content to pad the file. Some repeated content to pad the file. Some repeated content to pad the file. Some repeated content to pad the file. Some repeated content to pad the file. Some repeated content to pad the file. Some repeated content to pad the file. Some repeated content to pad the file. Some repeated content to pad the file. Some repeated content to pad the file. Some repeated content to pad the file. Some repeated content to pad the file. Some repeated content to pad the file. Some repeated content to pad the file. Some repeated content to pad the file. Some repeated content to pad the file. Some repeated content to pad the file. Some repeated content to pad the file. Some repeated content to pad the file. Some repeated content to pad the file. Some repeated content to pad the file. Some repeated content to pad the file. Some repeated content to pad the file. Some repeated content to pad the file. Some repeated content to pad the file. Some repeated content to pad the file. Some repeated content to pad the file. Some repeated content to pad the file. Some repeated content to pad the file. Some repeated content to pad the file. Some repeated content to pad the file. Some repeated content to pad the file. Some repeated content to pad the file. Some repeated content to pad the file. Some repeated content to pad the file. Some repeated content to pad the file. Some repeated content to pad the file. Some repeated content to pad the file. Some repeated content to pad the file. Some repeated content to pad the file. Some repeated content to pad the file. Some repeated content to pad the file. Some repeated content to pad the file. Some repeated content to pad the file. Some repeated content to pad the file. Some repeated content to pad the file. Some repeated content to pad the file. Some repeated content to pad the file. Some repeated content to pad the file. Some repeated content to pad the file. Some repeated content to pad the file. Some repeated content to pad the file. Some repeated content to pad the file. Some repeated content to pad the file. Some repeated content to pad the file. Some repeated content to pad the file. Some repeated content to pad the file. Some repeated content to pad the file. Some repeated content to pad the file. Some repeated content to pad the file. Some repeated content to pad the file. Some repeated content to pad the file. Some repeated content to pad the file. Some repeated content to pad the file. Some repeated content to pad the file. Some repeated content to pad the file. Some repeated content to pad the file. Some repeated content to pad the file. Some repeated content to pad the file. Some repeated content to pad the file. Some repeated content to pad the file. Some repeated content to pad the file. Some repeated content to pad the file. Some repeated content to pad the file. Some repeated content to pad the file. Some repeated content to pad the file. Some repeated content to pad the file. Some repeated content to pad the file. Some repeated content to pad the file. Some repeated content to pad the file. Some repeated content to pad the file. Some repeated content to pad the file. Some repeated content to pad the file. Some repeated content to pad the file. Some repeated content to pad the file. Some repeated content to pad the file. Some repeated content to pad the file. Some repeated content to pad the file. Some repeated content to pad the file. Some repeated content to pad the file. Some repeated content to pad the file. Some repeated content to pad the file. Some repeated content to pad the file. Some repeated content to pad the file. Some repeated content to pad the file. Some repeated content to pad the file. Some repeated content to pad the file. Some repeated content to pad the file. Some repeated content to pad the file. Some repeated content to pad the file. Some repeated content to pad the file. Some repeated content to pad the file. Some repeated content to pad the file. Some repeated content to pad the file. Some repeated content to pad the file. Some repeated content to pad the file. Some repeated content to pad the file. Some repeated content to pad the file. Some repeated content to pad the file. Some repeated content to pad the file. Some repeated content to pad the file. Some repeated content to pad the file. Some repeated content to pad the file. Some repeated content to pad the file. Some repeated content to pad the file. Some repeated content to pad the file. Some repeated content to pad the file. Some repeated content to pad the file. Some repeated content to pad the file. Some repeated content to pad the file. Some repeated content to pad the file. Some repeated content to pad the file. Some repeated content to pad the file. Some repeated content to pad the file. Some repeated content to pad the file. Some repeated content to pad the file. Some repeated content to pad the file. Some repeated content to pad the file. Some repeated content to pad the file. Some repeated content to pad the file. Some repeated content to pad the file. Some repeated content to pad the file. Some repeated content to pad the file. Some repeated content to pad the file. Some repeated content to pad the file. Some repeated content to pad the file. Some repeated content to pad the file. Some repeated content to pad the file. Some repeated content to pad the file. Some repeated content to pad the file. Some repeated content to pad the file. Some repeated content to pad the file. Some repeated content to pad the file. Some repeated content to pad the file. Some repeated content to pad the file. Some repeated content to pad the file. Some repeated content to pad the file. Some repeated content to pad the file. Some repeated content to pad the file. Some repeated content to pad the file. Some repeated content to pad the file. Some repeated content to pad the file. Some repeated content to pad the file. Some repeated content to pad the file. Some repeated content to pad the file. Some repeated content to pad the file. Some repeated content to pad the file. Some repeated content to pad the file. Some repeated content to pad the file. Some repeated content to pad the file. Some repeated content to pad the file. Some repeated content to pad the file. Some repeated content to pad the file. Some repeated content to pad the file. Some repeated content to pad the file. Some repeated content to pad the file. Some repeated content to pad the file. Some repeated content to pad the file. Some repeated content to pad the file. Some repeated content to pad the file. Some repeated content to pad the file. Some repeated content to pad the file. Some repeated content to pad the file. Some repeated content to pad the file. Some repeated content to pad the file. Some repeated content to pad the file. Some repeated content to pad the file. Some repeated content to pad the file. Some repeated content to pad the file. Some repeated content to pad the file. Some repeated content to pad the file. Some repeated content to pad the file. Some repeated content to pad the file. Some repeated content to pad the file. Some repeated content to pad the file. Some repeated content to pad the file. Some repeated content to pad the file. Some repeated content to pad the file. Some repeated content to pad the file. Some repeated content to pad the file. Some repeated content to pad the file. Some repeated content to pad the file. Some repeated content to pad the file. Some repeated content to pad the file. Some repeated content to pad the file. Some repeated content to pad the file. Some repeated content to pad the file. Some repeated content to pad the file. Some repeated content to pad the file. Some repeated content to pad the file. Some repeated content to pad the file. Some repeated content to pad the file. Some repeated content to pad the file. Some repeated content to pad the file. Some repeated content to pad the file. Some repeated content to pad the file. Some repeated content to pad the file. Some repeated content to pad the file. Some repeated content to pad the file. Some repeated content to pad the file. Some repeated content to pad the file. Some repeated content to pad the file. Some repeated content to pad the file. Some repeated content to pad the file. Some repeated content to pad the file. Some repeated content to pad the file. Some repeated content to pad the file. Some repeated content to pad the file. Some repeated content to pad the file. Some repeated content to pad the file. Some repeated content to pad the file. Some repeated content to pad the file. Some repeated content to pad the file. Some repeated content to pad the file. Some repeated content to pad the file. Some repeated content to pad the file. Some repeated content to pad the file. Some repeated content to pad the file. Some repeated content to pad the file. Some repeated content to pad the file. Some repeated content to pad the file. Some repeated content to pad the file. Some repeated content to pad the file. Some repeated content to pad the file. Some repeated content to pad the file. Some repeated content to pad the file. Some repeated content to pad the file. Some repeated content to pad the file. Some repeated content to pad the file. Some repeated content to pad the file. Some repeated content to pad the file. Some repeated content to pad the file. Some repeated content to pad the file. Some repeated content to pad the file. Some repeated content to pad the file. Some repeated content to pad the file. Some repeated content to pad the file. Some repeated content to pad the file. Some repeated content to pad the file. Some repeated content to pad the file. Some repeated content to pad the file. Some repeated content to pad the file. Some repeated content to pad the file. Some repeated content to pad the file. Some repeated content to pad the file. Some repeated content to pad the file. Some repeated content to pad the file. Some repeated content to pad the file. Some repeated content to pad the file. Some repeated content to pad the file. Some repeated content to pad the file. Some repeated content to pad the file. Some repeated content to pad the file. Some repeated content to pad the file. Some repeated content to pad the file. Some repeated content to pad the file. Some repeated content to pad the file. Some repeated content to pad the file. Some repeated content to pad the file. Some repeated content to pad the file. Some repeated content to pad the file. Some repeated content to pad the file. Some repeated content to pad the file. Some repeated content to pad the file. Some repeated content to pad the file. Some repeated content to pad the file. Some repeated content to pad the file. Some repeated content to pad the file. Some repeated content to pad the file. Some repeated content to pad the file. Some repeated content to pad the file. Some repeated content to pad the file. Some repeated content to pad the file. Some repeated content to pad the file. Some repeated content to pad the file. Some repeated content to pad the file. Some repeated content to pad the file. Some repeated content to pad the file. Some repeated content to pad the file. Some repeated content to pad the file. Some repeated content to pad the file. Some repeated content to pad the file. Some repeated content to pad the file. Some repeated content to pad the file. Some repeated content to pad the file. Some repeated content to pad the file. Some repeated content to pad the file. Some repeated content to pad the file. Some repeated content to pad the file. Some repeated content to pad the file. Some repeated content to pad the file. Some repeated content to pad the file. Some repeated content to pad the file. Some repeated content to pad the file. Some repeated content to pad the file. Some repeated content to pad the file. Some repeated content to pad the file. Some repeated content to pad the file. Some repeated content to pad the file. Some repeated content to pad the file. Some repeated content to pad the file. Some repeated content to pad the file. Some repeated content to pad the file. Some repeated content to pad the file. Some repeated content to pad the file. Some repeated content to pad the file. Some repeated content to pad the file. Some repeated content to pad the file. Some repeated content to pad the file. Some repeated content to pad the file. Some repeated content to pad the file. Some repeated content to pad the file. Some repeated content to pad the file. Some repeated content to pad the file. Some repeated content to pad the file. Some repeated content to pad the file. Some repeated content to pad the file. Some repeated content to pad the file. Some repeated content to pad the file. Some repeated content to pad the file. Some repeated content to pad the file. Some repeated content to pad the file. Some repeated content to pad the file. Some repeated content to pad the file. Some repeated content to pad the file. Some repeated content to pad the file. Some repeated content to pad the file. Some repeated content to pad the file. Some repeated content to pad the file. Some repeated content to pad the file. Some repeated content to pad the file. Some repeated content to pad the file. Some repeated content to pad the file. Some repeated content to pad the file. Some repeated content to pad the file. Some repeated content to pad the file. Some repeated content to pad the file. Some repeated content to pad the file. Some repeated content to pad the file. Some repeated content to pad the file. Some repeated content to pad the file. Some repeated content to pad the file. Some repeated content to pad the file. Some repeated content to pad the file. Some repeated content to pad the file. Some repeated content to pad the file. Some repeated content to pad the file. Some repeated content to pad the file. Some repeated content to pad the file. Some repeated content to pad the file. Some repeated content to pad the file. Some repeated content to pad the file. Some repeated content to pad the file. Some repeated content to pad the file. Some repeated content to pad the file. Some repeated content to pad the file. Some repeated content to pad the file. Some repeated content to pad the file. Some repeated content to pad the file. Some repeated content to pad the file. Some repeated content to pad the file. Some repeated content to pad the file. Some repeated content to pad the file. Some repeated content to pad the file. Some repeated content to pad the file. Some repeated content to pad the file. Some repeated content to pad the file. Some repeated content to pad the file. Some repeated content to pad the file. Some repeated content to pad the file. Some repeated content to pad the file. Some repeated content to pad the file. Some repeated content to pad the file. Some repeated content to pad the file. Some repeated content to pad the file. Some repeated content to pad the file. Some repeated content to pad the file. Some repeated content to pad the file. Some repeated content to pad the file. Some repeated content to pad the file. Some repeated content to pad the file. Some repeated content to pad the file. Some repeated content to pad the file. Some repeated content to pad the file. Some repeated content to pad the file. Some repeated content to pad the file. Some repeated content to pad the file. Some repeated content to pad the file. Some repeated content to pad the file. Some repeated content to pad the file. Some repeated content to pad the file. Some repeated content to pad the file. Some repeated content to pad the file. Some repeated content to pad the file. Some repeated content to pad the file. Some repeated content to pad the file. Some repeated content to pad the file. Some repeated content to pad the file. Some repeated content to pad the file. Some repeated content to pad the file. Some repeated content to pad the file. Some repeated content to pad the file. Some repeated content to pad the file. Some repeated content to pad the file. Some repeated content to pad the file. Some repeated content to pad the file. Some repeated content to pad the file. Some repeated content to pad the file. Some repeated content to pad the file. Some repeated content to pad the file. Some repeated content to pad the file. Some repeated content to pad the file. Some repeated content to pad the file. Some repeated content to pad the file. Some repeated content to pad the file. Some repeated content to pad the file. Some repeated content to pad the file. Some repeated content to pad the file. Some repeated content to pad the file. Some repeated content to pad the file. Some repeated content to pad the file. Some repeated content to pad the file. Some repeated content to pad the file. Some repeated content to pad the file. Some repeated content to pad the file. Some repeated content to pad the file. Some repeated content to pad the file. Some repeated content to pad the file. Some repeated content to pad the file. Some repeated content to pad the file. Some repeated content to pad the file. Some repeated content to pad the file. Some repeated content to pad the file. Some repeated content to pad the file. Some repeated content to pad the file. Some repeated content to pad the file. Some repeated content to pad the file. Some repeated content to pad the file. Some repeated content to pad the file. Some repeated content to pad the file. Some repeated content to pad the file. Some repeated content to pad the file. Some repeated content to pad the file. Some repeated content to pad the file. Some repeated content to pad the file. Some repeated content to pad the file. Some repeated content to pad the file. Some repeated content to pad the file. Some repeated content to pad the file. Some repeated content to pad the file. Some repeated content to pad the file. Some repeated content to pad the file. Some repeated content to pad the file. Some repeated content to pad the file. Some repeated content to pad the file. Some repeated content to pad the file. Some repeated content to pad the file. Some repeated content to pad the file. Some repeated content to pad the file. Some repeated content to pad the file. Some repeated content to pad the file. Some repeated content to pad the file. Some repeated content to pad the file. Some repeated content to pad the file. Some repeated content to pad the file. Some repeated content to pad the file. Some repeated content to pad the file. Some repeated content to pad the file. Some repeated content to pad the file. Some repeated content to pad the file. Some repeated content to pad the file. Some repeated content to pad the file. Some repeated content to pad the file. Some repeated content to pad the file. Some repeated content to pad the file. Some repeated content to pad the file. Some repeated content to pad the file. Some repeated content to pad the file. Some repeated content to pad the file. Some repeated content to pad the file. Some repeated content to pad the file. Some repeated content to pad the file. Some repeated content to pad the file. Some repeated content to pad the file. Some repeated content to pad the file. Some repeated content to pad the file. Some repeated content to pad the file. Some repeated content to pad the file. Some repeated content to pad the file. Some repeated content to pad the file. Some repeated content to pad the file. Some repeated content to pad the file. Some repeated content to pad the file. Some repeated content to pad the file. Some repeated content to pad the file. Some repeated content to pad the file. Some repeated content to pad the file. Some repeated content to pad the file. Some repeated content to pad the file. Some repeated content to pad the file. Some repeated content to pad the file. Some repeated content to pad the file. Some repeated content to pad the file. Some repeated content to pad the file. Some repeated content to pad the file. Some repeated content to pad the file. Some repeated content to pad the file. Some repeated content to pad the file. Some repeated content to pad the file. Some repeated content to pad the file. Some repeated content to pad the file. Some repeated content to pad the file. Some repeated content to pad the file. Some repeated content to pad the file. Some repeated content to pad the file. Some repeated content to pad the file. Some repeated content to pad the file. Some repeated content to pad the file. Some repeated content to pad the file. Some repeated content to pad the file. Some repeated content to pad the file. Some repeated content to pad the file. Some repeated content to pad the file. Some repeated content to pad the file. Some repeated content to pad the file. Some repeated content to pad the file. Some repeated content to pad the file. Some repeated content to pad the file. Some repeated content to pad the file. Some repeated content to pad the file. Some repeated content to pad the file. Some repeated content to pad the file. Some repeated content to pad the file. Some repeated content to pad the file. Some repeated content to pad the file. Some repeated content to pad the file. Some repeated content to pad the file. Some repeated content to pad the file. Some repeated content to pad the file. Some repeated content to pad the file. Some repeated content to pad the file. Some repeated content to pad the file. Some repeated content to pad the file. Some repeated content to pad the file. Some repeated content to pad the file. Some repeated content to pad the file. Some repeated content to pad the file. Some repeated content to pad the file. Some repeated content to pad the file. Some repeated content to pad the file. Some repeated content to pad the file. Some repeated content to pad the file. Some repeated content to pad the file. Some repeated content to pad the file. Some repeated content to pad the file. Some repeated content to pad the file. Some repeated content to pad the file. Some repeated content to pad the file. Some repeated content to pad the file. Some repeated content to pad the file. Some repeated content to pad the file. Some repeated content to pad the file. Some repeated content to pad the file. Some repeated content to pad the file. Some repeated content to pad the file. Some repeated content to pad the file. Some repeated content to pad the file. Some repeated content to pad the file. Some repeated content to pad the file. Some repeated content to pad the file. Some repeated content to pad the file. Some repeated content to pad the file. Some repeated content to pad the file. Some repeated content to pad the file. Some repeated content to pad the file. Some repeated content to pad the file. Some repeated content to pad the file. Some repeated content to pad the file. Some repeated content to pad the file. Some repeated content to pad the file. Some repeated content to pad the file. Some repeated content to pad the file. Some repeated content to pad the file. Some repeated content to pad the file. Some repeated content to pad the file. Some repeated content to pad the file. Some repeated content to pad the file. Some repeated content to pad the file. Some repeated content to pad the file. Some repeated content to pad the file. Some repeated content to pad the file. Some repeated content to pad the file. Some repeated content to pad the file. Some repeated content to pad the file. Some repeated content to pad the file. Some repeated content to pad the file. Some repeated content to pad the file. Some repeated content to pad the file. Some repeated content to pad the file. Some repeated content to pad the file. Some repeated content to pad the file. Some repeated content to pad the file. Some repeated content to pad the file. Some repeated content to pad the file. Some repeated content to pad the file. Some repeated content to pad the file. Some repeated content to pad the file. Some repeated content to pad the file. Some repeated content to pad the file. Some repeated content to pad the file. Some repeated content to pad the file. Some repeated content to pad the file. Some repeated content to pad the file. Some repeated content to pad the file. Some repeated content to pad the file. Some repeated content to pad the file. Some repeated content to pad the file. Some repeated content to pad the file. Some repeated content to pad the file. Some repeated content to pad the file. Some repeated content to pad the file. Some repeated content to pad the file. Some repeated content to pad the file. Some repeated content to pad the file. Some repeated content to pad the file. Some repeated content to pad the file. Some repeated content to pad the file. Some repeated content to pad the file. Some repeated content to pad the file. Some repeated content to pad the file. Some repeated content to pad the file. Some repeated content to pad the file. Some repeated content to pad the file. Some repeated content to pad the file. Some repeated content to pad the file. Some repeated content to pad the file. Some repeated content to pad the file. Some repeated content to pad the file. Some repeated content to pad the file. Some repeated content to pad the file. Some repeated content to pad the file. Some repeated content to pad the file. Some repeated content to pad the file. Some repeated content to pad the file. Some repeated content to pad the file. Some repeated content to pad the file. Some repeated content to pad the file. Some repeated content to pad the file. Some repeated content to pad the file. Some repeated content to pad the file. Some repeated content to pad the file. Some repeated content to pad the file. Some repeated content to pad the file. Some repeated content to pad the file. Some repeated content to pad the file. Some repeated content to pad the file. Some repeated content to pad the file. Some repeated content to pad the file. Some repeated content to pad the file. Some repeated content to pad the file. Some repeated content to pad the file. Some repeated content to pad the file. Some repeated content to pad the file. Some repeated content to pad the file. Some repeated content to pad the file. Some repeated content to pad the file. Some repeated content to pad the file. Some repeated content to pad the file. Some repeated content to pad the file. Some repeated content to pad the file. Some repeated content to pad the file. Some repeated content to pad the file. Some repeated content to pad the file. Some repeated content to pad the file. Some repeated content to pad the file. Some repeated content to pad the file. Some repeated content to pad the file. Some repeated content to pad the file. Some repeated content to pad the file. Some repeated content to pad the file. Some repeated content to pad the file. Some repeated content to pad the file. Some repeated content to pad the file. Some repeated content to pad the file. Some repeated content to pad the file. Some repeated content to pad the file. Some repeated content to pad the file. Some repeated content to pad the file. Some repeated content to pad the file. Some repeated content to pad the file. Some repeated content to pad the file. Some repeated content to pad the file. Some repeated content to pad the file. Some repeated content to pad the file. Some repeated content to pad the file. Some repeated content to pad the file. Some repeated content to pad the file. Some repeated content to pad the file. Some repeated content to pad the file. Some repeated content to pad the file. Some repeated content to pad the file. Some repeated content to pad the file. Some repeated content to pad the file. Some repeated content to pad the file. Some repeated content to pad the file. Some repeated content to pad the file. Some repeated content to pad the file. Some repeated content to pad the file. Some repeated content to pad the file. Some repeated content to pad the file. Some repeated content to pad the file. Some repeated content to pad the file. Some repeated content to pad the file. Some repeated content to pad the file. Some repeated content to pad the file. Some repeated content to pad the file. Some repeated content to pad the file. Some repeated content to pad the file. Some repeated content to pad the file. Some repeated content to pad the file. Some repeated content to pad the file. Some repeated content to pad the file. Some repeated content to pad the file. Some repeated content to pad the file. Some repeated content to pad the file. Some repeated content to pad the file. Some repeated content to pad the file. Some repeated content to pad the file. Some repeated content to pad the file. Some repeated content to pad the file. Some repeated content to pad the file. Some repeated content to pad the file. Some repeated content to pad the file. Some repeated content to pad the file. Some repeated content to pad the file. Some repeated content to pad the file. Some repeated content to pad the file. Some repeated content to pad the file. Some repeated content to pad the file. Some repeated content to pad the file. Some repeated content to pad the file. Some repeated content to pad the file. Some repeated content to pad the file. Some repeated content to pad the file. Some repeated content to pad the file. Some repeated content to pad the file. Some repeated content to pad the file. Some repeated content to pad the file. Some repeated content to pad the file. Some repeated content to pad the file. Some repeated content to pad the file. Some repeated content to pad the file. Some repeated content to pad the file. Some repeated content to pad the file. Some repeated content to pad the file. Some repeated content to pad the file. Some repeated content to pad the file. Some repeated content to pad the file. Some repeated content to pad the file. Some repeated content to pad the file. Some repeated content to pad the file. Some repeated content to pad the file. Some repeated content to pad the file. Some repeated content to pad the file. Some repeated content to pad the file. Some repeated content to pad the file. Some repeated content to pad the file. Some repeated content to pad the file. Some repeated content to pad the file. Some repeated content to pad the file. Some repeated content to pad the file. Some repeated content to pad the file. Some repeated content to pad the file. Some repeated content to pad the file. Some repeated content to pad the file. Some repeated content to pad the file. Some repeated content to pad the file. Some repeated content to pad the file. Some repeated content to pad the file. Some repeated content to pad the file. Some repeated content to pad the file. Some repeated content to pad the file. Some repeated content to pad the file. Some repeated content to pad the file. Some repeated content to pad the file. Some repeated content to pad the file. Some repeated content to pad the file. Some repeated content to pad the file. Some repeated content to pad the file. Some repeated content to pad the file. Some repeated content to pad the file. Some repeated content to pad the file. Some repeated content to pad the file. Some repeated content to pad the file. Some repeated content to pad the file. Some repeated content to pad the file. Some repeated content to pad the file. Some repeated content to pad the file. Some repeated content to pad the file. Some repeated content to pad the file. Some repeated content to pad the file. Some repeated content to pad the file. Some repeated content to pad the file. Some repeated content to pad the file. Some repeated content to pad the file. Some repeated content to pad the file. Some repeated content to pad the file. Some repeated content to pad the file. Some repeated content to pad the file. Some repeated content to pad the file. Some repeated content to pad the file. Some repeated content to pad the file. Some repeated content to pad the file. Some repeated content to pad the file. Some repeated content to pad the file. Some repeated content to pad the file. Some repeated content to pad the file. Some repeated content to pad the file. Some repeated content to pad the file. Some repeated content to pad the file. Some repeated content to pad the file. Some repeated content to pad the file. Some repeated content to pad the file. Some repeated content to pad the file. Some repeated content to pad the file. Some repeated content to pad the file. Some repeated content to pad the file. Some repeated content to pad the file. Some repeated content to pad the file. Some repeated content to pad the file. Some repeated content to pad the file. Some repeated content to pad the file. Some repeated content to pad the file. Some repeated content to pad the file. Some repeated content to pad the file. Some repeated content to pad the file. Some repeated content to pad the file. Some repeated content to pad the file. Some repeated content to pad the file. Some repeated content to pad the file. Some repeated content to pad the file. Some repeated content to pad the file. Some repeated content to pad the file. Some repeated content to pad the file. Some repeated content to pad the file. Some repeated content to pad the file. Some repeated content to pad the file. Some repeated content to pad the file. Some repeated content to pad the file. Some repeated content to pad the file. Some repeated content to pad the file. Some repeated content to pad the file. Some repeated content to pad the file. Some repeated content to pad the file. Some repeated content to pad the file. Some repeated content to pad the file. Some repeated content to pad the file. Some repeated content to pad the file. Some repeated content to pad the file. Some repeated content to pad the file. Some repeated content to pad the file. Some repeated content to pad the file. Some repeated content to pad the file. Some repeated content to pad the file. Some repeated content to pad the file. Some repeated content to pad the file. Some repeated content to pad the file. Some repeated content to pad the file. Some repeated content to pad the file. Some repeated content to pad the file. Some repeated content to pad the file. Some repeated content to pad the file. Some repeated content to pad the file. Some repeated content to pad the file. Some repeated content to pad the file. Some repeated content to pad the file. Some repeated content to pad the file. Some repeated content to pad the file. Some repeated content to pad the file. Some repeated content to pad the file. Some repeated content to pad the file. Some repeated content to pad the file. Some repeated content to pad the file. Some repeated content to pad the file. Some repeated content to pad the file. Some repeated content to pad the file. Some repeated content to pad the file. Some repeated content to pad the file. Some repeated content to pad the file. Some repeated content to pad the file. Some repeated content to pad the file. Some repeated content to pad the file. Some repeated content to pad the file. Some repeated content to pad the file. Some repeated content to pad the file. Some repeated content to pad the file. Some repeated content to pad the file. Some repeated content to pad the file. Some repeated content to pad the file. Some repeated content to pad the file. Some repeated content to pad the file. Some repeated content to pad the file. Some repeated content to pad the file. Some repeated content to pad the file. Some repeated content to pad the file. Some repeated content to pad the file. Some repeated content to pad the file. Some repeated content to pad the file. Some repeated content to pad the file. Some repeated content to pad the file. Some repeated content to pad the file. Some repeated content to pad the file. Some repeated content to pad the file. Some repeated content to pad the file. Some repeated content to pad the file. Some repeated content to pad the file. Some repeated content to pad the file. Some repeated content to pad the file. Some repeated content to pad the file. Some repeated content to pad the file. Some repeated content to pad the file. Some repeated content to pad the file. Some repeated content to pad the file. Some repeated content to pad the file. Some repeated content to pad the file. Some repeated content to pad the file. Some repeated content to pad the file. Some repeated content to pad the file. Some repeated content to pad the file. Some repeated content to pad the file. Some repeated content to pad the file. Some repeated content to pad the file. Some repeated content to pad the file. Some repeated content to pad the file. Some repeated content to pad the file. Some repeated content to pad the file. Some repeated content to pad the file. Some repeated content to pad the file. Some repeated content to pad the file. Some repeated content to pad the file. Some repeated content to pad the file. Some repeated content to pad the file. Some repeated content to pad the file. Some repeated content to pad the file. Some repeated content to pad the file. Some repeated content to pad the file. Some repeated content to pad the file. Some repeated content to pad the file. Some repeated content to pad the file. Some repeated content to pad the file. Some repeated content to pad the file. Some repeated content to pad the file. Some repeated content to pad the file. Some repeated content to pad the file. Some repeated content to pad the file. Some repeated content to pad the file. Some repeated content to pad the file. Some repeated content to pad the file. Some repeated content to pad the file. Some repeated content to pad the file. Some repeated content to pad the file. Some repeated content to pad the file. Some repeated content to pad the file. Some repeated content to pad the file. Some repeated content to pad the file. Some repeated content to pad the file. Some repeated content to pad the file. Some repeated content to pad the file. Some repeated content to pad the file. Some repeated content to pad the file. Some repeated content to pad the file. Some repeated content to pad the file. Some repeated content to pad the file. Some repeated content to pad the file. Some repeated content to pad the file. Some repeated content to pad the file. Some repeated content to pad the file. Some repeated content to pad the file. Some repeated content to pad the file. Some repeated content to pad the file. Some repeated content to pad the file. Some repeated content to pad the file. Some repeated content to pad the file. Some repeated content to pad the file. Some repeated content to pad the file. Some repeated content to pad the file. Some repeated content to pad the file. Some repeated content to pad the file. Some repeated content to pad the file. Some repeated content to pad the file. Some repeated content to pad the file. Some repeated content to pad the file. Some repeated content to pad the file. Some repeated content to pad the file. Some repeated content to pad the file. Some repeated content to pad the file. Some repeated content to pad the file. Some repeated content to pad the file. Some repeated content to pad the file. Some repeated content to pad the file. Some repeated content to pad the file. Some repeated content to pad the file. Some repeated content to pad the file. Some repeated content to pad the file. Some repeated content to pad the file. Some repeated content to pad the file. Some repeated content to pad the file. Some repeated content to pad the file. Some repeated content to pad the file. Some repeated content to pad the file. Some repeated content to pad the file. Some repeated content to pad the file. Some repeated content to pad the file. Some repeated content to pad the file. Some repeated content to pad the file. Some repeated content to pad the file. Some repeated content to pad the file. Some repeated content to pad the file. Some repeated content to pad the file. Some repeated content to pad the file. Some repeated content to pad the file. Some repeated content to pad the file. Some repeated content to pad the file. Some repeated content to pad the file. Some repeated content to pad the file. Some repeated content to pad the file. Some repeated content to pad the file. Some repeated content to pad the file. Some repeated content to pad the file. Some repeated content to pad the file. Some repeated content to pad the file. Some repeated content to pad the file. Some repeated content to pad the file. Some repeated content to pad the file. Some repeated content to pad the file. Some repeated content to pad the file. Some repeated content to pad the file. Some repeated content to pad the file. Some repeated content to pad the file. Some repeated content to pad the file. Some repeated content to pad the file. Some repeated content to pad the file. Some repeated content to pad the file. Some repeated content to pad the file. Some repeated content to pad the file. Some repeated content to pad the file. Some repeated content to pad the file. Some repeated content to pad the file. Some repeated content to pad the file. Some repeated content to pad the file. Some repeated content to pad the file. Some repeated content to pad the file. Some repeated content to pad the file. Some repeated content to pad the file. Some repeated content to pad the file. Some repeated content to pad the file. Some repeated content to pad the file. Some repeated content to pad the file. Some repeated content to pad the file. Some repeated content to pad the file. Some repeated content to pad the file. Some repeated content to pad the file. Some repeated content to pad the file. Some repeated content to pad the file. Some repeated content to pad the file. Some repeated content to pad the file. Some repeated content to pad the file. Some repeated content to pad the file. Some repeated content to pad the file. Some repeated content to pad the file. Some repeated content to pad the file. Some repeated content to pad the file. Some repeated content to pad the file. Some repeated content to pad the file. Some repeated content to pad the file. Some repeated content to pad the file. Some repeated content to pad the file. Some repeated content to pad the file. Some repeated content to pad the file. Some repeated content to pad the file. Some repeated content to pad the file. Some repeated content to pad the file. Some repeated content to pad the file. Some repeated content to pad the file. Some repeated content to pad the file. Some repeated content to pad the file. Some repeated content to pad the file. Some repeated content to pad the file. Some repeated content to pad the file. Some repeated content to pad the file. Some repeated content to pad the file. Some repeated content to pad the file. Some repeated content to pad the file. Some repeated content to pad the file. Some repeated content to pad the file. Some repeated content to pad the file. Some repeated content to pad the file. Some repeated content to pad the file. Some repeated content to pad the file. Some repeated content to pad the file. Some repeated content to pad the file. Some repeated content to pad the file. Some repeated content to pad the file. Some repeated content to pad the file. Some repeated content to pad the file. Some repeated content to pad the file. Some repeated content to pad the file. Some repeated content to pad the file. Some repeated content to pad the file. Some repeated content to pad the file. Some repeated content to pad the file. Some repeated content to pad the file. Some repeated content to pad the file. Some repeated content to pad the file. Some repeated content to pad the file. Some repeated content to pad the file. Some repeated content to pad the file. Some repeated content to pad the file. Some repeated content to pad the file. Some repeated content to pad the file. Some repeated content to pad the file. Some repeated content to pad the file. Some repeated content to pad the file. Some repeated content to pad the file. Some repeated content to pad the file. Some repeated content to pad the file. Some repeated content to pad the file. Some repeated content to pad the file. Some repeated content to pad the file. Some repeated content to pad the file. Some repeated content to pad the file. Some repeated content to pad the file. Some repeated content to pad the file. Some repeated content to pad the file. Some repeated content to pad the file. Some repeated content to pad the file. Some repeated content to pad the file. Some repeated content to pad the file. Some repeated content to pad the file. Some repeated content to pad the file. Some repeated content to pad the file. Some repeated content to pad the file. Some repeated content to pad the file. Some repeated content to pad the file. Some repeated content to pad the file. Some repeated content to pad the file. Some repeated content to pad the file. Some repeated content to pad the file. Some repeated content to pad the file. Some repeated content to pad the file. Some repeated content to pad the file. Some repeated content to pad the file. Some repeated content to pad the file. Some repeated content to pad the file. Some repeated content to pad the file. Some repeated content to pad the file. Some repeated content to pad the file. Some repeated content to pad the file. Some repeated content to pad the file. Some repeated content to pad the file. Some repeated content to pad the file. Some repeated content to pad the file. Some repeated content to pad the file. Some repeated content to pad the file. Some repeated content to pad the file. Some repeated content to pad the file. Some repeated content to pad the file. Some repeated content to pad the file. Some repeated content to pad the file. Some repeated content to pad the file. Some repeated content to pad the file. Some repeated content to pad the file. Some repeated content to pad the file. Some repeated content to pad the file. Some repeated content to pad the file. Some repeated content to pad the file. Some repeated content to pad the file. Some repeated content to pad the file. Some repeated content to pad the file. Some repeated content to pad the file. Some repeated content to pad the file. Some repeated content to pad the file. Some repeated content to pad the file. Some repeated content to pad the file. Some repeated content to pad the file. Some repeated content to pad the file. Some repeated content to pad the file. Some repeated content to pad the file. Some repeated content to pad the file. Some repeated content to pad the file. Some repeated content to pad the file. Some repeated content to pad the file. Some repeated content to pad the file. Some repeated content to pad the file. Some repeated content to pad the file. Some repeated content to pad the file. Some repeated content to pad the file. Some repeated content to pad the file. Some repeated content to pad the file. Some repeated content to pad the file. Some repeated content to pad the file. Some repeated content to pad the file. Some repeated content to pad the file. Some repeated content to pad the file. Some repeated content to pad the file. Some repeated content to pad the file. Some repeated content to pad the file. Some repeated content to pad the file. Some repeated content to pad the file. Some repeated content to pad the file. Some repeated content to pad the file. Some repeated content to pad the file. Some repeated content to pad the file. Some repeated content to pad the file. Some repeated content to pad the file. Some repeated content to pad the file. Some repeated content to pad the file. Some repeated content to pad the file. Some repeated content to pad the file. Some repeated content to pad the file. Some repeated content to pad the file. Some repeated content to pad the file. Some repeated content to pad the file. Some repeated content to pad the file. Some repeated content to pad the file. Some repeated content to pad the file. Some repeated content to pad the file. Some repeated content to pad the file. Some repeated content to pad the file. Some repeated content to pad the file. Some repeated content to pad the file. Some repeated content to pad the file. Some repeated content to pad the file. Some repeated content to pad the file. Some repeated content to pad the file. Some repeated content to pad the file. Some repeated content to pad the file. Some repeated content to pad the file. Some repeated content to pad the file. Some repeated content to pad the file. Some repeated content to pad the file. Some repeated content to pad the file. Some repeated content to pad the file. Some repeated content to pad the file. Some repeated content to pad the file. Some repeated content to pad the file. Some repeated content to pad the file. Some repeated content to pad the file. Some repeated content to pad the file. Some repeated content to pad the file. Some repeated content to pad the file. Some repeated content to pad the file. Some repeated content to pad the file. Some repeated content to pad the file. Some repeated content to pad the file. Some repeated content to pad the file. Some repeated content to pad the file. Some repeated content to pad the file. Some repeated content to pad the file. Some repeated content to pad the file. Some repeated content to pad the file. Some repeated content to pad the file. Some repeated content to pad the file. Some repeated content to pad the file. Some repeated content to pad the file. Some repeated content to pad the file. Some repeated content to pad the file. Some repeated content to pad the file. Some repeated content to pad the file. Some repeated content to pad the file. Some repeated content to pad the file. Some repeated content to pad the file. Some repeated content to pad the file. Some repeated content to pad the file. Some repeated content to pad the file. Some repeated content to pad the file. Some repeated content to pad the file. Some repeated content to pad the file. Some repeated content to pad the file. Some repeated content to pad the file. Some repeated content to pad the file. Some repeated content to pad the file. Some repeated content to pad the file. Some repeated content to pad the file. Some repeated content to pad the file. Some repeated content to pad the file. Some repeated content to pad the file. Some repeated content to pad the file. Some repeated content to pad the file. Some repeated content to pad the file. Some repeated content to pad the file. Some repeated content to pad the file. Some repeated content to pad the file. Some repeated content to pad the file. Some repeated content to pad the file. Some repeated content to pad the file. Some repeated content to pad the file. Some repeated content to pad the file. Some repeated content to pad the file. Some repeated content to pad the file. Some repeated content to pad the file. Some repeated content to pad the file. Some repeated content to pad the file. Some repeated content to pad the file. Some repeated content to pad the file. Some repeated content to pad the file. Some repeated content to pad the file. Some repeated content to pad the file. Some repeated content to pad the file. Some repeated content to pad the file. Some repeated content to pad the file. Some repeated content to pad the file. Some repeated content to pad the file. Some repeated content to pad the file. Some repeated content to pad the file. Some repeated content to pad the file. Some repeated content to pad the file. Some repeated content to pad the file. Some repeated content to pad the file. Some repeated content to pad the file. Some repeated content to pad the file. Some repeated content to pad the file. Some repeated content to pad the file. Some repeated content to pad the file. Some repeated content to pad the file. Some repeated content to pad the file. Some repeated content to pad the file. Some repeated content to pad the file. Some repeated content to pad the file. Some repeated content to pad the file. Some repeated content to pad the file. Some repeated content to pad the file. Some repeated content to pad the file. Some repeated content to pad the file. Some repeated content to pad the file. Some repeated content to pad the file. Some repeated content to pad the file. Some repeated content to pad the file. Some repeated content to pad the file. Some repeated content to pad the file. Some repeated content to pad the file. Some repeated content to pad the file. Some repeated content to pad the file. Some repeated content to pad the file. Some repeated content to pad the file. Some repeated content to pad the file. Some repeated content to pad the file. Some repeated content to pad the file. Some repeated content to pad the file. Some repeated content to pad the file. Some repeated content to pad the file. Some repeated content to pad the file. Some repeated content to pad the file. Some repeated content to pad the file. Some repeated content to pad the file. Some repeated content to pad the file. Some repeated content to pad the file. Some repeated content to pad the file. Some repeated content to pad the file. Some repeated content to pad the file. Some repeated content to pad the file. Some repeated content to pad the file. Some repeated content to pad the file. Some repeated content to pad the file. Some repeated content to pad the file. Some repeated content to pad the file. Some repeated content to pad the file. Some repeated content to pad the file. Some repeated content to pad the file. Some repeated content to pad the file. Some repeated content to pad the file. Some repeated content to pad the file. Some repeated content to pad the file. Some repeated content to pad the file. Some repeated content to pad the file. Some repeated content to pad the file. Some repeated content to pad the file. Some repeated content to pad the file. Some repeated content to pad the file. Some repeated content to pad the file. Some repeated content to pad the file. Some repeated content to pad the file. Some repeated content to pad the file. Some repeated content to pad the file. Some repeated content to pad the file. Some repeated content to pad the file. Some repeated content to pad the file. Some repeated content to pad the file. Some repeated content to pad the file. Some repeated content to pad the file. Some repeated content to pad the file. Some repeated content to pad the file. Some repeated content to pad the file. Some repeated content to pad the file. Some repeated content to pad the file. Some repeated content to pad the file. Some repeated content to pad the file. Some repeated content to pad the file. Some repeated content to pad the file. Some repeated content to pad the file. Some repeated content to pad the file. Some repeated content to pad the file. Some repeated content to pad the file. Some repeated content to pad the file. Some repeated content to pad the file. Some repeated content to pad the file. Some repeated content to pad the file. Some repeated content to pad the file. Some repeated content to pad the file. Some repeated content to pad the file. Some repeated content to pad the file. Some repeated content to pad the file. Some repeated content to pad the file. Some repeated content to pad the file. Some repeated content to pad the file. Some repeated content to pad the file. Some repeated content to pad the file. Some repeated content to pad the file. Some repeated content to pad the file. Some repeated content to pad the file. Some repeated content to pad the file. Some repeated content to pad the file. Some repeated content to pad the file. Some repeated content to pad the file. Some repeated content to pad the file. Some repeated content to pad the file. Some repeated content to pad the file. Some repeated content to pad the file. Some repeated content to pad the file. Some repeated content to pad the file. Some repeated content to pad the file. Some repeated content to pad the file. Some repeated content to pad the file. Some repeated content to pad the file. Some repeated content to pad the file. Some repeated content to pad the file. Some repeated content to pad the file. Some repeated content to pad the file. Some repeated content to pad the file. Some repeated content to pad the file. Some repeated content to pad the file. Some repeated content to pad the file. Some repeated content to pad the file. Some repeated content to pad the file. Some repeated content to pad the file. Some repeated content to pad the file. Some repeated content to pad the file. Some repeated content to pad the file. Some repeated content to pad the file. Some repeated content to pad the file. Some repeated content to pad the file. Some repeated content to pad the file. Some repeated content to pad the file. Some repeated content to pad the file. Some repeated content to pad the file. Some repeated content to pad the file. Some repeated content to pad the file. Some repeated content to pad the file. Some repeated content to pad the file. Some repeated content to pad the file. Some repeated content to pad the file. Some repeated content to pad the file. Some repeated content to pad the file. Some repeated content to pad the file. Some repeated content to pad the file. Some repeated content to pad the file. Some repeated content to pad the file. Some repeated content to pad the file. Some repeated content to pad the file. Some repeated content to pad the file. Some repeated content to pad the file. Some repeated content to pad the file. Some repeated content to pad the file. Some repeated content to pad the file. Some repeated content to pad the file. Some repeated content to pad the file. Some repeated content to pad the file. Some repeated content to pad the file. Some repeated content to pad the file. Some repeated content to pad the file. Some repeated content to pad the file. Some repeated content to pad the file. Some repeated content to pad the file. Some repeated content to pad the file. Some repeated content to pad the file. Some repeated content to pad the file. Some repeated content to pad the file. Some repeated content to pad the file. Some repeated content to pad the file. Some repeated content to pad the file. Some repeated content to pad the file. Some repeated content to pad the file. Some repeated content to pad the file. Some repeated content to pad the file. Some repeated content to pad the file. Some repeated content to pad the file. Some repeated content to pad the file. Some repeated content to pad the file. Some repeated content to pad the file. Some repeated content to pad the file. Some repeated content to pad the file. Some repeated content to pad the file. Some repeated content to pad the file. Some repeated content to pad the file. Some repeated content to pad the file. Some repeated content to pad the file. Some repeated content to pad the file. Some repeated content to pad the file. Some repeated content to pad the file. Some repeated content to pad the file. Some repeated content to pad the file. Some repeated content to pad the file. Some repeated content to pad the file. Some repeated content to pad the file. Some repeated content to pad the file. Some repeated content to pad the file. Some repeated content to pad the file. Some repeated content to pad the file. Some repeated content to pad the file. Some repeated content to pad the file. Some repeated content to pad the file. Some repeated content to pad the file. Some repeated content to pad the file. Some repeated content to pad the file. Some repeated content to pad the file. Some repeated content to pad the file. Some repeated content to pad the file. Some repeated content to pad the file. Some repeated content to pad the file. Some repeated content to pad the file. Some repeated content to pad the file. Some repeated content to pad the file. Some repeated content to pad the file. Some repeated content to pad the file. Some repeated content to pad the file. Some repeated content to pad the file. Some repeated content to pad the file. Some repeated content to pad the file. Some repeated content to pad the file. Some repeated content to pad the file. Some repeated content to pad the file. Some repeated content to pad the file. Some repeated content to pad the file. Some repeated content to pad the file. Some repeated content to pad the file. Some repeated content to pad the file. Some repeated content to pad the file. Some repeated content to pad the file. Some repeated content to pad the file. Some repeated content to pad the file. Some repeated content to pad the file. Some repeated content to pad the file. Some repeated content to pad the file. Some repeated content to pad the file. Some repeated content to pad the file. Some repeated content to pad the file. Some repeated content to pad the file. Some repeated content to pad the file. Some repeated content to pad the file. Some repeated content to pad the file. Some repeated content to pad the file. Some repeated content to pad the file. Some repeated content to pad the file. Some repeated content to pad the file. Some repeated content to pad the file. Some repeated content to pad the file. Some repeated content to pad the file. Some repeated content to pad the file. Some repeated content to pad the file. Some repeated content to pad the file. Some repeated content to pad the file. Some repeated content to pad the file. Some repeated content to pad the file. Some repeated content to pad the file. Some repeated content to pad the file. Some repeated content to pad the file. Some repeated content to pad the file. Some repeated content to pad the file. Some repeated content to pad the file. Some repeated content to pad the file. Some repeated content to pad the file. Some repeated content to pad the file. Some repeated content to pad the file. Some repeated content to pad the file. Some repeated content to pad the file. Some repeated content to pad the file. Some repeated content to pad the file. Some repeated content to pad the file. Some repeated content to pad the file. Some repeated content to pad the file. Some repeated content to pad the file. Some repeated content to pad the file. Some repeated content to pad the file. Some repeated content to pad the file. Some repeated content to pad the file. Some repeated content to pad the file. Some repeated content to pad the file. Some repeated content to pad the file. Some repeated content to pad the file. Some repeated content to pad the file. Some repeated content to pad the file. Some repeated content to pad the file. Some repeated content to pad the file. Some repeated content to pad the file. Some repeated content to pad the file. Some repeated content to pad the file. Some repeated content to pad the file. Some repeated content to pad the file. Some repeated content to pad the file. Some repeated content to pad the file. Some repeated content to pad the file. Some repeated content to pad the file. Some repeated content to pad the file. Some repeated content to pad the file. Some repeated content to pad the file. Some repeated content to pad the file. Some repeated content to pad the file. Some repeated content to pad the file. Some repeated content to pad the file. Some repeated content to pad the file. Some repeated content to pad the file. Some repeated content to pad the file. Some repeated content to pad the file. Some repeated content to pad the file. Some repeated content to pad the file. Some repeated content to pad the file. Some repeated content to pad the file. Some repeated content to pad the file. Some repeated content to pad the file. Some repeated content to pad the file. Some repeated content to pad the file. Some repeated content to pad the file. Some repeated content to pad the file. Some repeated content to pad the file. Some repeated content to pad the file. Some repeated content to pad the file. Some repeated content to pad the file. Some repeated content to pad the file. Some repeated content to pad the file. Some repeated content to pad the file. Some repeated content to pad the file. Some repeated content to pad the file. Some repeated content to pad the file. Some repeated content to pad the file. Some repeated content to pad the file. Some repeated content to pad the file. Some repeated content to pad the file. Some repeated content to pad the file. Some repeated content to pad the file. Some repeated content to pad the file. Some repeated content to pad the file. Some repeated content to pad the file. Some repeated content to pad the file. Some repeated content to pad the file. Some repeated content to pad the file. Some repeated content to pad the file. Some repeated content to pad the file. Some repeated content to pad the file. Some repeated content to pad the file. Some repeated content to pad the file. Some repeated content to pad the file. Some repeated content to pad the file. Some repeated content to pad the file. Some repeated content to pad the file. Some repeated content to pad the file. Some repeated content to pad the file. Some repeated content to pad the file. Some repeated content to pad the file. Some repeated content to pad the file. Some repeated content to pad the file. Some repeated content to pad the file. Some repeated content to pad the file. Some repeated content to pad the file. Some repeated content to pad the file. Some repeated content to pad the file. Some repeated content to pad the file. Some repeated content to pad the file. Some repeated content to pad the file. Some repeated content to pad the file. Some repeated content to pad the file. Some repeated content to pad the file. Some repeated content to pad the file. Some repeated content to pad the file. Some repeated content to pad the file. Some repeated content to pad the file. Some repeated content to pad the file. Some repeated content to pad the file. Some repeated content to pad the file. Some repeated content to pad the file. Some repeated content to pad the file. Some repeated content to pad the file. Some repeated content to pad the file. Some repeated content to pad the file. Some repeated content to pad the file. Some repeated content to pad the file. Some repeated content to pad the file. Some repeated content to pad the file. Some repeated content to pad the file. Some repeated content to pad the file. Some repeated content to pad the file. Some repeated content to pad the file. Some repeated content to pad the file. Some repeated content to pad the file. Some repeated content to pad the file. Some repeated content to pad the file. Some repeated content to pad the file. Some repeated content to pad the file. Some repeated content to pad the file. Some repeated content to pad the file. Some repeated content to pad the file. Some repeated content to pad the file. Some repeated content to pad the file. Some repeated content to pad the file. Some repeated content to pad the file. Some repeated content to pad the file. Some repeated content to pad the file. Some repeated content to pad the file. Some repeated content to pad the file. Some repeated content to pad the file. Some repeated content to pad the file. Some repeated content to pad the file. Some repeated content to pad the file. Some repeated content to pad the file. Some repeated content to pad the file. Some repeated content to pad the file. Some repeated content to pad the file. Some repeated content to pad the file. Some repeated content to pad the file. Some repeated content to pad the file. Some repeated content to pad the file. Some repeated content to pad the file. Some repeated content to pad the file. Some repeated content to pad the file. Some repeated content to pad the file. Some repeated content to pad the file. Some repeated content to pad the file. Some repeated content to pad the file. Some repeated content to pad the file. Some repeated content to pad the file. Some repeated content to pad the file. Some repeated content to pad the file. Some repeated content to pad the file. Some repeated content to pad the file. Some repeated content to pad the file. Some repeated content to pad the file. Some repeated content to pad the file. Some repeated content to pad the file. Some repeated content to pad the file. Some repeated content to pad the file. Some repeated content to pad the file. Some repeated content to pad the file. Some repeated content to pad the file. Some repeated content to pad the file. Some repeated content to pad the file. Some repeated content to pad the file. Some repeated content to pad the file. Some repeated content to pad the file. Some repeated content to pad the file. Some repeated content to pad the file. Some repeated content to pad the file. Some repeated content to pad the file. Some repeated content to pad the file. Some repeated content to pad the file. Some repeated content to pad the file. Some repeated content to pad the file. Some repeated content to pad the file. Some repeated content to pad the file. Some repeated content to pad the file. Some repeated content to pad the file. Some repeated content to pad the file. Some repeated content to pad the file. Some repeated content to pad the file. Some repeated content to pad the file. Some repeated content to pad the file. Some repeated content to pad the file. Some repeated content to pad the file. Some repeated content to pad the file. Some repeated content to pad the file. Some repeated content to pad the file. Some repeated content to pad the file. Some repeated content to pad the file. Some repeated content to pad the file. Some repeated content to pad the file. Some repeated content to pad the file. Some repeated content to pad the file. Some repeated content to pad the file. Some repeated content to pad the file. Some repeated content to pad the file. Some repeated content to pad the file. Some repeated content to pad the file. Some repeated content to pad the file. Some repeated content to pad the file. Some repeated content to pad the file. Some repeated content to pad the file. Some repeated content to pad the file. Some repeated content to pad the file. Some repeated content to pad the file. Some repeated content to pad the file. Some repeated content to pad the file. Some repeated content to pad the file. Some repeated content to pad the file. Some repeated content to pad the file. Some repeated content to pad the file. Some repeated content to pad the file. Some repeated content to pad the file. Some repeated content to pad the file. Some repeated content to pad the file. Some repeated content to pad the file. Some repeated content to pad the file. Some repeated content to pad the file. Some repeated content to pad the file. Some repeated content to pad the file. Some repeated content to pad the file. Some repeated content to pad the file. Some repeated content to pad the file. Some repeated content to pad the file. Some repeated content to pad the file. Some repeated content to pad the file. Some repeated content to pad the file. Some repeated content to pad the file. Some repeated content to pad the file. Some repeated content to pad the file. Some repeated content to pad the file. Some repeated content to pad the file. Some repeated content to pad the file. Some repeated content to pad the file. Some repeated content to pad the file. Some repeated content to pad the file. Some repeated content to pad the file. Some repeated content to pad the file. Some repeated content to pad the file. Some repeated content to pad the file. Some repeated content to pad the file. Some repeated content to pad the file. Some repeated content to pad the file. Some repeated content to pad the file. Some repeated content to pad the file. Some repeated content to pad the file. Some repeated content to pad the file. Some repeated content to pad the file. Some repeated content to pad the file. Some repeated content to pad the file. Some repeated content to pad the file. Some repeated content to pad the file. Some repeated content to pad the file. Some repeated content to pad the file. Some repeated content to pad the file. Some repeated content to pad the file. Some repeated content to pad the file. Some repeated content to pad the file. Some repeated content to pad the file. Some repeated content to pad the file. Some repeated content to pad the file. Some repeated content to pad the file. Some repeated content to pad the file. Some repeated content to pad the file. Some repeated content to pad the file. Some repeated content to pad the file. Some repeated content to pad the file. Some repeated content to pad the file. Some repeated content to pad the file. Some repeated content to pad the file. Some repeated content to pad the file. Some repeated content to pad the file. Some repeated content to pad the file. Some repeated content to pad the file. Some repeated content to pad the file. Some repeated content to pad the file. Some repeated content to pad the file. Some repeated content to pad the file. Some repeated content to pad the file. Some repeated content to pad the file. Some repeated content to pad the file. Some repeated content to pad the file. Some repeated content to pad the file. Some repeated content to pad the file. Some repeated content to pad the file. Some repeated content to pad the file. Some repeated content to pad the file. Some repeated content to pad the file. Some repeated content to pad the file. Some repeated content to pad the file. Some repeated content to pad the file. Some repeated content to pad the file. Some repeated content to pad the file. Some repeated content to pad the file. Some repeated content to pad the file. Some repeated content to pad the file. Some repeated content to pad the file. Some repeated content to pad the file. Some repeated content to pad the file. Some repeated content to pad the file. Some repeated content to pad the file. Some repeated content to pad the file. Some repeated content to pad the file. Some repeated content to pad the file. Some repeated content to pad the file. Some repeated content to pad the file. Some repeated content to pad the file. Some repeated content to pad the file. Some repeated content to pad the file. Some repeated content to pad the file. Some repeated content to pad the file. Some repeated content to pad the file. Some repeated content to pad the file. Some repeated content to pad the file. Some repeated content to pad the file. Some repeated content to pad the file. Some repeated content to pad the file. Some repeated content to pad the file. Some repeated content to pad the file. Some repeated content to pad the file. Some repeated content to pad the file. Some repeated content to pad the file. Some repeated content to pad the file. Some repeated content to pad the file. Some repeated content to pad the file. Some repeated content to pad the file. Some repeated content to pad the file. Some repeated content to pad the file. Some repeated content to pad the file. Some repeated content to pad the file. Some repeated content to pad the file. Some repeated content to pad the file. Some repeated content to pad the file. Some repeated content to pad the file. Some repeated content to pad the file. Some repeated content to pad the file. Some repeated content to pad the file. Some repeated content to pad the file. Some repeated content to pad the file. Some repeated content to pad the file. Some repeated content to pad the file. Some repeated content to pad the file. Some repeated content to pad the file. Some repeated content to pad the file. Some repeated content to pad the file. Some repeated content to pad the file. Some repeated content to pad the file. Some repeated content to pad the file. Some repeated content to pad the file. Some repeated content to pad the file. Some repeated content to pad the file. Some repeated content to pad the file. Some repeated content to pad the file. Some repeated content to pad the file. Some repeated content to pad the file. Some repeated content to pad the file. Some repeated content to pad the file. Some repeated content to pad the file. Some repeated content to pad the file. Some repeated content to pad the file. Some repeated content to pad the file. Some repeated content to pad the file. Some repeated content to pad the file. Some repeated content to pad the file. Some repeated content to pad the file. Some repeated content to pad the file. Some repeated content to pad the file. Some repeated content to pad the file. Some repeated content to pad the file. Some repeated content to pad the file. Some repeated content to pad the file. Some repeated content to pad the file. Some repeated content to pad the file. Some repeated content to pad the file. Some repeated content to pad the file. Some repeated content to pad the file. Some repeated content to pad the file. Some repeated content to pad the file. Some repeated content to pad the file. Some repeated content to pad the file. Some repeated content to pad the file. Some repeated content to pad the file. Some repeated content to pad the file. Some repeated content to pad the file. Some repeated content to pad the file. Some repeated content to pad the file. Some repeated content to pad the file. Some repeated content to pad the file. Some repeated content to pad the file. Some repeated content to pad the file. Some repeated content to pad the file. Some repeated content to pad the file. Some repeated content to pad the file. Some repeated content to pad the file. Some repeated content to pad the file. Some repeated content to pad the file. Some repeated content to pad the file. Some repeated content to pad the file. Some repeated content to pad the file. Some repeated content to pad the file. Some repeated content to pad the file. Some repeated content to pad the file. Some repeated content to pad the file. Some repeated content to pad the file. Some repeated content to pad the file. Some repeated content to pad the file. Some repeated content to pad the file. Some repeated content to pad the file. Some repeated content to pad the file. Some repeated content to pad the file. Some repeated content to pad the file. Some repeated content to pad the file. Some repeated content to pad the file. Some repeated content to pad the file. Some repeated content to pad the file. Some repeated content to pad the file. Some repeated content to pad the file. Some repeated content to pad the file. Some repeated content to pad the file. Some repeated content to pad the file. Some repeated content to pad the file. Some repeated content to pad the file. Some repeated content to pad the file. Some repeated content to pad the file. Some repeated content to pad the file. Some repeated content to pad the file. Some repeated content to pad the file. Some repeated content to pad the file. Some repeated content to pad the file. Some repeated content to pad the file. Some repeated content to pad the file. Some repeated content to pad the file. Some repeated content to pad the file. Some repeated content to pad the file. Some repeated content to pad the file. Some repeated content to pad the file. Some repeated content to pad the file. Some repeated content to pad the file. Some repeated content to pad the file. Some repeated content to pad the file. Some repeated content to pad the file. Some repeated content to pad the file. Some repeated content to pad the file. Some repeated content to pad the file. Some repeated content to pad the file. Some repeated content to pad the file. Some repeated content to pad the file. Some repeated content to pad the file. Some repeated content to pad the file. Some repeated content to pad the file. Some repeated content to pad the file. Some repeated content to pad the file. Some repeated content to pad the file. Some repeated content to pad the file. Some repeated content to pad the file. Some repeated content to pad the file. Some repeated content to pad the file. Some repeated content to pad the file. Some repeated content to pad the file. Some repeated content to pad the file. Some repeated content to pad the file. Some repeated content to pad the file. Some repeated content to pad the file. Some repeated content to pad the file. Some repeated content to pad the file. Some repeated content to pad the file. Some repeated content to pad the file. Some repeated content to pad the file. Some repeated content to pad the file. Some repeated content to pad the file. Some repeated content to pad the file. Some repeated content to pad the file. Some repeated content to pad the file. Some repeated content to pad the file. Some repeated content to pad the file. Some repeated content to pad the file. Some repeated content to pad the file. Some repeated content to pad the file. Some repeated content to pad the file. Some repeated content to pad the file. Some repeated content to pad the file. Some repeated content to pad the file. Some repeated content to pad the file. Some repeated content to pad the file. Some repeated content to pad the file. Some repeated content to pad the file. Some repeated content to pad the file. Some repeated content to pad the file. Some repeated content to pad the file. Some repeated content to pad the file. Some repeated content to pad the file. Some repeated content to pad the file. Some repeated content to pad the file. Some repeated content to pad the file. Some repeated content to pad the file. Some repeated content to pad the file. Some repeated content to pad the file. Some repeated content to pad the file. Some repeated content to pad the file. Some repeated content to pad the file. Some repeated content to pad the file. Some repeated content to pad the file. Some repeated content to pad the file. Some repeated content to pad the file. Some repeated content to pad the file. Some repeated content to pad the file. Some repeated content to pad the file. Some repeated content to pad the file. Some repeated content to pad the file. Some repeated content to pad the file. Some repeated content to pad the file. Some repeated content to pad the file. Some repeated content to pad the file. Some repeated content to pad the file. Some repeated content to pad the file. Some repeated content to pad the file. Some repeated content to pad the file. Some repeated content to pad the file. Some repeated content to pad the file. Some repeated content to pad the file. Some repeated content to pad the file. Some repeated content to pad the file. Some repeated content to pad the file. Some repeated content to pad the file. Some repeated content to pad the file. Some repeated content to pad the file. Some repeated content to pad the file. Some repeated content to pad the file. Some repeated content to pad the file. Some repeated content to pad the file. Some repeated content to pad the file. Some repeated content to pad the file. Some repeated content to pad the file. Some repeated content to pad the file. Some repeated content to pad the file. Some repeated content to pad the file. Some repeated content to pad the file. Some repeated content to pad the file. Some repeated content to pad the file. Some repeated content to pad the file. Some repeated content to pad the file. Some repeated content to pad the file. Some repeated content to pad the file. Some repeated content to pad the file. Some repeated content to pad the file. Some repeated content to pad the file. Some repeated content to pad the file. Some repeated content to pad the file. Some repeated content to pad the file. Some repeated content to pad the file. Some repeated content to pad the file. Some repeated content to pad the file. Some repeated content to pad the file. Some repeated content to pad the file. Some repeated content to pad the file. Some repeated content to pad the file. Some repeated content to pad the file. Some repeated content to pad the file. Some repeated content to pad the file. Some repeated content to pad the file. Some repeated content to pad the file. Some repeated content to pad the file. Some repeated content to pad the file. Some repeated content to pad the file. Some repeated content to pad the file. Some repeated content to pad the file. Some repeated content to pad the file. Some repeated content to pad the file. Some repeated content to pad the file. Some repeated content to pad the file. Some repeated content to pad the file. Some repeated content to pad the file. Some repeated content to pad the file. Some repeated content to pad the file. Some repeated content to pad the file. Some repeated content to pad the file. Some repeated content to pad the file. Some repeated content to pad the file. Some repeated content to pad the file. Some repeated content to pad the file. Some repeated content to pad the file. Some repeated content to pad the file. Some repeated content to pad the file. Some repeated content to pad the file. Some repeated content to pad the file. Some repeated content to pad the file. Some repeated content to pad the file. Some repeated content to pad the file. Some repeated content to pad the file. Some repeated content to pad the file. Some repeated content to pad the file. Some repeated content to pad the file. Some repeated content to pad the file. Some repeated content to pad the file. Some repeated content to pad the file. Some repeated content to pad the file. Some repeated content to pad the file. Some repeated content to pad the file. Some repeated content to pad the file. Some repeated content to pad the file. Some repeated content to pad the file. Some repeated content to pad the file. Some repeated content to pad the file. Some repeated content to pad the file. Some repeated content to pad the file. Some repeated content to pad the file. Some repeated content to pad the file. Some repeated content to pad the file. Some repeated content to pad the file. Some repeated content to pad the file. Some repeated content to pad the file. Some repeated content to pad the file. Some repeated content to pad the file. Some repeated content to pad the file. Some repeated content to pad the file. Some repeated content to pad the file. Some repeated content to pad the file. Some repeated content to pad the file. Some repeated content to pad the file. Some repeated content to pad the file. Some repeated content to pad the file. Some repeated content to pad the file. Some repeated content to pad the file. Some repeated content to pad the file. Some repeated content to pad the file. Some repeated content to pad the file. Some repeated content to pad the file. Some repeated content to pad the file. Some repeated content to pad the file. Some repeated content to pad the file. Some repeated content to pad the file. Some repeated content to pad the file. Some repeated content to pad the file. Some repeated content to pad the file. Some repeated content to pad the file. Some repeated content to pad the file. Some repeated content to pad the file. Some repeated content to pad the file. Some repeated content to pad the file. Some repeated content to pad the file. Some repeated content to pad the file. Some repeated content to pad the file. Some repeated content to pad the file. Some repeated content to pad the file. Some repeated content to pad the file. Some repeated content to pad the file. Some repeated content to pad the file. Some repeated content to pad the file. Some repeated content to pad the file. Some repeated content to pad the file. Some repeated content to pad the file. Some repeated content to pad the file. Some repeated content to pad the file. Some repeated content to pad the file. Some repeated content to pad the file. Some repeated content to pad the file. Some repeated content to pad the file. Some repeated content to pad the file. Some repeated content to pad the file. Some repeated content to pad the file. Some repeated content to pad the file. Some repeated content to pad the file. Some repeated content to pad the file. Some repeated content to pad the file. Some repeated content to pad the file. Some repeated content to pad the file. Some repeated content to pad the file. Some repeated content to pad the file. Some repeated content to pad the file. Some repeated content to pad the file. Some repeated content to pad the file. Some repeated content to pad the file. Some repeated content to pad the file. Some repeated content to pad the file. Some repeated content to pad the file. Some repeated content to pad the file. Some repeated content to pad the file. Some repeated content to pad the file. Some repeated content to pad the file. Some repeated content to pad the file. Some repeated content to pad the file. Some repeated content to pad the file. Some repeated content to pad the file. Some repeated content to pad the file. Some repeated content to pad the file. Some repeated content to pad the file. Some repeated content to pad the file. Some repeated content to pad the file. Some repeated content to pad the file. Some repeated content to pad the file. Some repeated content to pad the file. Some repeated content to pad the file. Some repeated content to pad the file. Some repeated content to pad the file. Some repeated content to pad the file. Some repeated content to pad the file. Some repeated content to pad the file. Some repeated content to pad the file. Some repeated content to pad the file. Some repeated content to pad the file. Some repeated content to pad the file. Some repeated content to pad the file. Some repeated content to pad the file. Some repeated content to pad the file. Some repeated content to pad the file. Some repeated content to pad the file. Some repeated content to pad the file. Some repeated content to pad the file. Some repeated content to pad the file. Some repeated content to pad the file. Some repeated content to pad the file. Some repeated content to pad the file. Some repeated content to pad the file. Some repeated content to pad the file. Some repeated content to pad the file. Some repeated content to pad the file. Some repeated content to pad the file. Some repeated content to pad the file. Some repeated content to pad the file. Some repeated content to pad the file. Some repeated content to pad the file. Some repeated content to pad the file. Some repeated content to pad the file. Some repeated content to pad the file. Some repeated content to pad the file. Some repeated content to pad the file. Some repeated content to pad the file. Some repeated content to pad the file. Some repeated content to pad the file. Some repeated content to pad the file. Some repeated content to pad the file. Some repeated content to pad the file. Some repeated content to pad the file. Some repeated content to pad the file. Some repeated content to pad the file. Some repeated content to pad the file. Some repeated content to pad the file. Some repeated content to pad the file. Some repeated content to pad the file. Some repeated content to pad the file. Some repeated content to pad the file. Some repeated content to pad the file. Some repeated content to pad the file. Some repeated content to pad the file. Some repeated content to pad the file. Some repeated content to pad the file. Some repeated content to pad the file. Some repeated content to pad the file. Some repeated content to pad the file. Some repeated content to pad the file. Some repeated content to pad the file. Some repeated content to pad the file. Some repeated content to pad the file. Some repeated content to pad the file. Some repeated content to pad the file. Some repeated content to pad the file. Some repeated content to pad the file. Some repeated content to pad the file. Some repeated content to pad the file. Some repeated content to pad the file. Some repeated content to pad the file. Some repeated content to pad the file. Some repeated content to pad the file. Some repeated content to pad the file. Some repeated content to pad the file. Some repeated content to pad the file. Some repeated content to pad the file. Some repeated content to pad the file. Some repeated content to pad the file. Some repeated content to pad the file. Some repeated content to pad the file. Some repeated content to pad the file. Some repeated content to pad the file. Some repeated content to pad the file. Some repeated content to pad the file. Some repeated content to pad the file. Some repeated content to pad the file. Some repeated content to pad the file. Some repeated content to pad the file. Some repeated content to pad the file. Some repeated content to pad the file. Some repeated content to pad the file. Some repeated content to pad the file. Some repeated content to pad the file. Some repeated content to pad the file. Some repeated content to pad the file. Some repeated content to pad the file. Some repeated content to pad the file. Some repeated content to pad the file. Some repeated content to pad the file. Some repeated content to pad the file. Some repeated content to pad the file. Some repeated content to pad the file. Some repeated content to pad the file. Some repeated content to pad the file. Some repeated content to pad the file. Some repeated content to pad the file. Some repeated content to pad the file. Some repeated content to pad the file. Some repeated content to pad the file. Some repeated content to pad the file. Some repeated content to pad the file. Some repeated content to pad the file. Some repeated content to pad the file. Some repeated content to pad the file. Some repeated content to pad the file. Some repeated content to pad the file. Some repeated content to pad the file. Some repeated content to pad the file. Some repeated content to pad the file. Some repeated content to pad the file. Some repeated content to pad the file. Some repeated content to pad the file. Some repeated content to pad the file. Some repeated content to pad the file. Some repeated content to pad the file. Some repeated content to pad the file. Some repeated content to pad the file. Some repeated content to pad the file. Some repeated content to pad the file. Some repeated content to pad the file. Some repeated content to pad the file. Some repeated content to pad the file. Some repeated content to pad the file. Some repeated content to pad the file. Some repeated content to pad the file. Some repeated content to pad the file. Some repeated content to pad the file. Some repeated content to pad the file. Some repeated content to pad the file. Some repeated content to pad the file. Some repeated content to pad the file. Some repeated content to pad the file. Some repeated content to pad the file. Some repeated content to pad the file. Some repeated content to pad the file. Some repeated content to pad the file. Some repeated content to pad the file. Some repeated content to pad the file. Some repeated content to pad the file. Some repeated content to pad the file. Some repeated content to pad the file. Some repeated content to pad the file. Some repeated content to pad the file. Some repeated content to pad the file. Some repeated content to pad the file. Some repeated content to pad the file. Some repeated content to pad the file. Some repeated content to pad the file. Some repeated content to pad the file. Some repeated content to pad the file. Some repeated content to pad the file. Some repeated content to pad the file. Some repeated content to pad the file. Some repeated content to pad the file. Some repeated content to pad the file. Some repeated content to pad the file. Some repeated content to pad the file. Some repeated content to pad the file. Some repeated content to pad the file. Some repeated content to pad the file. Some repeated content to pad the file. Some repeated content to pad the file. Some repeated content to pad the file. Some repeated content to pad the file. Some repeated content to pad the file. Some repeated content to pad the file. Some repeated content to pad the file. Some repeated content to pad the file. Some repeated content to pad the file. Some repeated content to pad the file. Some repeated content to pad the file. Some repeated content to pad the file. Some repeated content to pad the file. Some repeated content to pad the file. Some repeated content to pad the file. Some repeated content to pad the file. Some repeated content to pad the file. Some repeated content to pad the file. Some repeated content to pad the file. Some repeated content to pad the file. Some repeated content to pad the file. Some repeated content to pad the file. Some repeated content to pad the file. Some repeated content to pad the file. Some repeated content to pad the file. Some repeated content to pad the file. Some repeated content to pad the file. Some repeated content to pad the file. Some repeated content to pad the file. Some repeated content to pad the file. Some repeated content to pad the file. Some repeated content to pad the file. Some repeated content to pad the file. Some repeated content to pad the file. Some repeated content to pad the file. Some repeated content to pad the file. Some repeated content to pad the file. Some repeated content to pad the file. Some repeated content to pad the file. Some repeated content to pad the file. Some repeated content to pad the file. Some repeated content to pad the file. Some repeated content to pad the file. Some repeated content to pad the file. Some repeated content to pad the file. Some repeated content to pad the file. Some repeated content to pad the file. Some repeated content to pad the file. Some repeated content to pad the file. Some repeated content to pad the file. Some repeated content to pad the file. Some repeated content to pad the file. Some repeated content to pad the file. Some repeated content to pad the file. Some repeated content to pad the file. Some repeated content to pad the file. Some repeated content to pad the file. Some repeated content to pad the file. Some repeated content to pad the file. Some repeated content to pad the file. Some repeated content to pad the file. Some repeated content to pad the file. Some repeated content to pad the file. Some repeated content to pad the file. Some repeated content to pad the file. Some repeated content to pad the file. Some repeated content to pad the file. Some repeated content to pad the file. Some repeated content to pad the file. Some repeated content to pad the file. Some repeated content to pad the file. Some repeated content to pad the file. Some repeated content to pad the file. Some repeated content to pad the file. Some repeated content to pad the file. Some repeated content to pad the file. Some repeated content to pad the file. Some repeated content to pad the file. Some repeated content to pad the file. Some repeated content to pad the file. Some repeated content to pad the file. Some repeated content to pad the file. Some repeated content to pad the file. Some repeated content to pad the file. Some repeated content to pad the file. Some repeated content to pad the file. Some repeated content to pad the file. Some repeated content to pad the file. Some repeated content to pad the file. Some repeated content to pad the file. Some repeated content to pad the file. Some repeated content to pad the file. Some repeated content to pad the file. Some repeated content to pad the file. Some repeated content to pad the file. Some repeated content to pad the file. Some repeated content to pad the file. Some repeated content to pad the file. Some repeated content to pad the file. Some repeated content to pad the file. Some repeated content to pad the file. Some repeated content to pad the file. Some repeated content to pad the file. Some repeated content to pad the file. Some repeated content to pad the file. Some repeated content to pad the file. Some repeated content to pad the file. Some repeated content to pad the file. Some repeated content to pad the file. Some repeated content to pad the file. Some repeated content to pad the file. Some repeated content to pad the file. Some repeated content to pad the file. Some repeated content to pad the file. Some repeated content to pad the file. Some repeated content to pad the file. Some repeated content to pad the file. Some repeated content to pad the file. Some repeated content to pad the file. Some repeated content to pad the file. Some repeated content to pad the file. Some repeated content to pad the file. Some repeated content to pad the file. Some repeated content to pad the file. Some repeated content to pad the file. Some repeated content to pad the file. Some repeated content to pad the file. Some repeated content to pad the file. Some repeated content to pad the file. Some repeated content to pad the file. Some repeated content to pad the file. Some repeated content to pad the file. Some repeated content to pad the file. Some repeated content to pad the file. Some repeated content to pad the file. Some repeated content to pad the file. Some repeated content to pad the file. Some repeated content to pad the file. Some repeated content to pad the file. Some repeated content to pad the file. Some repeated content to pad the file. Some repeated content to pad the file. Some repeated content to pad the file. Some repeated content to pad the file. Some repeated content to pad the file. Some repeated content to pad the file. Some repeated content to pad the file. Some repeated content to pad the file. Some repeated content to pad the file. Some repeated content to pad the file. Some repeated content to pad the file. Some repeated content to pad the file. Some repeated content to pad the file. Some repeated content to pad the file. Some repeated content to pad the file. Some repeated content to pad the file. Some repeated content to pad the file. Some repeated content to pad the file. Some repeated content to pad the file. Some repeated content to pad the file. Some repeated content to pad the file. Some repeated content to pad the file. Some repeated content to pad the file. Some repeated content to pad the file. Some repeated content to pad the file. Some repeated content to pad the file. Some repeated content to pad the file. Some repeated content to pad the file. Some repeated content to pad the file. Some repeated content to pad the file. Some repeated content to pad the file. Some repeated content to pad the file. Some repeated content to pad the file. Some repeated content to pad the file. Some repeated content to pad the file. Some repeated content to pad the file. Some repeated content to pad the file. Some repeated content to pad the file. Some repeated content to pad the file. Some repeated content to pad the file. Some repeated content to pad the file. Some repeated content to pad the file. Some repeated content to pad the file. Some repeated content to pad the file. Some repeated content to pad the file. Some repeated content to pad the file. Some repeated content to pad the file. Some repeated content to pad the file. Some repeated content to pad the file. Some repeated content to pad the file. Some repeated content to pad the file. Some repeated content to pad the file. Some repeated content to pad the file. Some repeated content to pad the file. Some repeated content to pad the file. Some repeated content to pad the file. Some repeated content to pad the file. Some repeated content to pad the file. Some repeated content to pad the file. Some repeated content to pad the file. Some repeated content to pad the file. Some repeated content to pad the file. Some repeated content to pad the file. Some repeated content to pad the file. Some repeated content to pad the file. Some repeated content to pad the file. Some repeated content to pad the file. Some repeated content to pad the file. Some repeated content to pad the file. Some repeated content to pad the file. Some repeated content to pad the file. Some repeated content to pad the file. Some repeated content to pad the file. Some repeated content to pad the file. Some repeated content to pad the file. Some repeated content to pad the file. Some repeated content to pad the file. Some repeated content to pad the file. Some repeated content to pad the file. Some repeated content to pad the file. Some repeated content to pad the file. Some repeated content to pad the file. Some repeated content to pad the file. Some repeated content to pad the file. Some repeated content to pad the file. Some repeated content to pad the file. Some repeated content to pad the file. Some repeated content to pad the file. Some repeated content to pad the file. Some repeated content to pad the file. Some repeated content to pad the file. Some repeated content to pad the file. Some repeated content to pad the file. Some repeated content to pad the file. Some repeated content to pad the file. Some repeated content to pad the file. Some repeated content to pad the file. Some repeated content to pad the file. Some repeated content to pad the file. Some repeated content to pad the file. Some repeated content to pad the file. Some repeated content to pad the file. Some repeated content to pad the file. Some repeated content to pad the file. Some repeated content to pad the file. Some repeated content to pad the file. Some repeated content to pad the file. Some repeated content to pad the file. Some repeated content to pad the file. Some repeated content to pad the file. Some repeated content to pad the file. Some repeated content to pad the file. Some repeated content to pad the file. Some repeated content to pad the file. Some repeated content to pad the file. Some repeated content to pad the file. Some repeated content to pad the file. Some repeated content to pad the file. Some repeated content to pad the file. Some repeated content to pad the file. Some repeated content to pad the file. Some repeated content to pad the file. Some repeated content to pad the file. Some repeated content to pad the file. Some repeated content to pad the file. Some repeated content to pad the file. Some repeated content to pad the file. Some repeated content to pad the file. Some repeated content to pad the file. Some repeated content to pad the file. Some repeated content to pad the file. Some repeated content to pad the file. Some repeated content to pad the file. Some repeated content to pad the file. Some repeated content to pad the file. Some repeated content to pad the file. Some repeated content to pad the file. Some repeated content to pad the file. Some repeated content to pad the file. Some repeated content to pad the file. Some repeated content to pad the file. Some repeated content to pad the file. Some repeated content to pad the file. Some repeated content to pad the file. Some repeated content to pad the file. Some repeated content to pad the file. Some repeated content to pad the file. Some repeated content to pad the file. Some repeated content to pad the file. Some repeated content to pad the file. Some repeated content to pad the file. Some repeated content to pad the file. Some repeated content to pad the file. Some repeated content to pad the file. Some repeated content to pad the file. Some repeated content to pad the file. Some repeated content to pad the file. Some repeated content to pad the file. Some repeated content to pad the file. Some repeated content to pad the file. Some repeated content to pad the file. Some repeated content to pad the file. Some repeated content to pad the file. Some repeated content to pad the file. Some repeated content to pad the file. Some repeated content to pad the file. Some repeated content to pad the file. Some repeated content to pad the file. Some repeated content to pad the file. Some repeated content to pad the file. Some repeated content to pad the file. Some repeated content to pad the file. Some repeated content to pad the file. Some repeated content to pad the file. Some repeated content to pad the file. Some repeated content to pad the file. Some repeated content to pad the file. Some repeated content to pad the file. Some repeated content to pad the file. Some repeated content to pad the file. Some repeated content to pad the file. Some repeated content to pad the file. Some repeated content to pad the file. Some repeated content to pad the file. Some repeated content to pad the file. Some repeated content to pad the file. Some repeated content to pad the file. Some repeated content to pad the file. Some repeated content to pad the file. Some repeated content to pad the file. Some repeated content to pad the file. Some repeated content to pad the file. Some repeated content to pad the file. Some repeated content to pad the file. Some repeated content to pad the file. Some repeated content to pad the file. Some repeated content to pad the file. Some repeated content to pad the file. Some repeated content to pad the file. Some repeated content to pad the file. Some repeated content to pad the file. Some repeated content to pad the file. Some repeated content to pad the file. Some repeated content to pad the file. Some repeated content to pad the file. Some repeated content to pad the file. Some repeated content to pad the file. Some repeated content to pad the file. Some repeated content to pad the file. Some repeated content to pad the file. Some repeated content to pad the file. Some repeated content to pad the file. Some repeated content to pad the file. Some repeated content to pad the file. Some repeated content to pad the file. Some repeated content to pad the file. Some repeated content to pad the file. Some repeated content to pad the file. Some repeated content to pad the file. Some repeated content to pad the file. Some repeated content to pad the file. Some repeated content to pad the file. Some repeated content to pad the file. Some repeated content to pad the file. Some repeated content to pad the file. Some repeated content to pad the file. Some repeated content to pad the file. Some repeated content to pad the file. Some repeated content to pad the file. Some repeated content to pad the file. Some repeated content to pad the file. Some repeated content to pad the file. Some repeated content to pad the file. Some repeated content to pad the file. Some repeated content to pad the file. Some repeated content to pad the file. Some repeated content to pad the file. Some repeated content to pad the file. Some repeated content to pad the file. Some repeated content to pad the file. Some repeated content to pad the file. Some repeated content to pad the file. Some repeated content to pad the file. Some repeated content to pad the file. Some repeated content to pad the file. Some repeated content to pad the file. Some repeated content to pad the file. Some repeated content to pad the file. Some repeated content to pad the file. Some repeated content to pad the file. Some repeated content to pad the file. Some repeated content to pad the file. Some repeated content to pad the file. Some repeated content to pad the file. Some repeated content to pad the file. Some repeated content to pad the file. Some repeated content to pad the file. Some repeated content to pad the file. Some repeated content to pad the file. Some repeated content to pad the file. Some repeated content to pad the file. Some repeated content to pad the file. Some repeated content to pad the file. Some repeated content to pad the file. Some repeated content to pad the file. Some repeated content to pad the file. Some repeated content to pad the file. Some repeated content to pad the file. Some repeated content to pad the file. Some repeated content to pad the file. Some repeated content to pad the file. Some repeated content to pad the file. Some repeated content to pad the file. Some repeated content to pad the file. Some repeated content to pad the file. Some repeated content to pad the file. Some repeated content to pad the file. Some repeated content to pad the file. Some repeated content to pad the file. Some repeated content to pad the file. Some repeated content to pad the file. Some repeated content to pad the file. Some repeated content to pad the file. Some repeated content to pad the file. Some repeated content to pad the file. Some repeated content to pad the file. Some repeated content to pad the file. Some repeated content to pad the file. Some repeated content to pad the file. Some repeated content to pad the file. Some repeated content to pad the file. Some repeated content to pad the file. Some repeated content to pad the file. Some repeated content to pad the file. Some repeated content to pad the file. Some repeated content to pad the file. Some repeated content to pad the file. Some repeated content to pad the file. Some repeated content to pad the file. Some repeated content to pad the file. Some repeated content to pad the file. Some repeated content to pad the file. Some repeated content to pad the file. Some repeated content to pad the file. Some repeated content to pad the file. Some repeated content to pad the file. Some repeated content to pad the file. Some repeated content to pad the file. Some repeated content to pad the file. Some repeated content to pad the file. Some repeated content to pad the file. Some repeated content to pad the file. Some repeated content to pad the file. Some repeated content to pad the file. Some repeated content to pad the file. Some repeated content to pad the file. Some repeated content to pad the file. Some repeated content to pad the file. Some repeated content to pad the file. Some repeated content to pad the file. Some repeated content to pad the file. Some repeated content to pad the file. Some repeated content to pad the file. Some repeated content to pad the file. Some repeated content to pad the file. Some repeated content to pad the file. Some repeated content to pad the file. Some repeated content to pad the file. Some repeated content to pad the file. Some repeated content to pad the file. Some repeated content to pad the file. Some repeated content to pad the file. Some repeated content to pad the file. Some repeated content to pad the file. Some repeated content to pad the file. Some repeated content to pad the file. Some repeated content to pad the file. Some repeated content to pad the file. Some repeated content to pad the file. Some repeated content to pad the file. Some repeated content to pad the file. Some repeated content to pad the file. Some repeated content to pad the file. Some repeated content to pad the file. Some repeated content to pad the file. Some repeated content to pad the file. Some repeated content to pad the file. Some repeated content to pad the file. Some repeated content to pad the file. Some repeated content to pad the file. Some repeated content to pad the file. Some repeated content to pad the file. Some repeated content to pad the file. Some repeated content to pad the file. Some repeated content to pad the file. Some repeated content to pad the file. Some repeated content to pad the file. Some repeated content to pad the file. Some repeated content to pad the file. Some repeated content to pad the file. Some repeated content to pad the file. Some repeated content to pad the file. Some repeated content to pad the file. Some repeated content to pad the file. Some repeated content to pad the file. Some repeated content to pad the file. Some repeated content to pad the file. Some repeated content to pad the file. Some repeated content to pad the file. Some repeated content to pad the file. Some repeated content to pad the file. Some repeated content to pad the file. Some repeated content to pad the file. Some repeated content to pad the file. Some repeated content to pad the file. Some repeated content to pad the file. Some repeated content to pad the file. Some repeated content to pad the file. Some repeated content to pad the file. Some repeated content to pad the file. Some repeated content to pad the file. Some repeated content to pad the file. Some repeated content to pad the file. Some repeated content to pad the file. Some repeated content to pad the file. Some repeated content to pad the file. Some repeated content to pad the file. Some repeated content to pad the file. Some repeated content to pad the file. Some repeated content to pad the file. Some repeated content to pad the file. Some repeated content to pad the file. Some repeated content to pad the file. Some repeated content to pad the file. Some repeated content to pad the file. Some repeated content to pad the file. Some repeated content to pad the file. Some repeated content to pad the file. Some repeated content to pad the file. Some repeated content to pad the file. Some repeated content to pad the file. Some repeated content to pad the file. Some repeated content to pad the file. Some repeated content to pad the file. Some repeated content to pad the file. Some repeated content to pad the file. Some repeated content to pad the file. Some repeated content to pad the file. Some repeated content to pad the file. Some repeated content to pad the file. Some repeated content to pad the file. Some repeated content to pad the file. Some repeated content to pad the file. Some repeated content to pad the file. Some repeated content to pad the file. Some repeated content to pad the file. Some repeated content to pad the file. Some repeated content to pad the file. Some repeated content to pad the file. Some repeated content to pad the file. Some repeated content to pad the file. Some repeated content to pad the file. Some repeated content to pad the file. Some repeated content to pad the file. Some repeated content to pad the file. Some repeated content to pad the file. Some repeated content to pad the file. Some repeated content to pad the file. Some repeated content to pad the file. Some repeated content to pad the file. Some repeated content to pad the file. Some repeated content to pad the file. Some repeated content to pad the file. Some repeated content to pad the file. Some repeated content to pad the file. Some repeated content to pad the file. Some repeated content to pad the file. Some repeated content to pad the file. Some repeated content to pad the file. Some repeated content to pad the file. Some repeated content to pad the file. Some repeated content to pad the file. Some repeated content to pad the file. Some repeated content to pad the file. Some repeated content to pad the file. Some repeated content to pad the file. Some repeated content to pad the file. Some repeated content to pad the file. Some repeated content to pad the file. Some repeated content to pad the file. Some repeated content to pad the file. Some repeated content to pad the file. Some repeated content to pad the file. Some repeated content to pad the file. Some repeated content to pad the file. Some repeated content to pad the file. Some repeated content to pad the file. Some repeated content to pad the file. Some repeated content to pad the file. Some repeated content to pad the file. Some repeated content to pad the file. Some repeated content to pad the file. Some repeated content to pad the file. Some repeated content to pad the file. Some repeated content to pad the file. Some repeated content to pad the file. Some repeated content to pad the file. Some repeated content to pad the file. Some repeated content to pad the file. Some repeated content to pad the file. Some repeated content to pad the file. Some repeated content to pad the file. Some repeated content to pad the file. Some repeated content to pad the file. Some repeated content to pad the file. Some repeated content to pad the file. Some repeated content to pad the file. Some repeated content to pad the file. Some repeated content to pad the file. Some repeated content to pad the file. Some repeated content to pad the file. Some repeated content to pad the file. Some repeated content to pad the file. Some repeated content to pad the file. Some repeated content to pad the file. Some repeated content to pad the file. Some repeated content to pad the file. Some repeated content to pad the file. Some repeated content to pad the file. Some repeated content to pad the file. Some repeated content to pad the file. Some repeated content to pad the file. Some repeated content to pad the file. Some repeated content to pad the file. Some repeated content to pad the file. Some repeated content to pad the file. Some repeated content to pad the file. Some repeated content to pad the file. Some repeated content to pad the file. Some repeated content to pad the file. Some repeated content to pad the file. Some repeated content to pad the file. Some repeated content to pad the file. Some repeated content to pad the file. Some repeated content to pad the file. Some repeated content to pad the file. Some repeated content to pad the file. Some repeated content to pad the file. Some repeated content to pad the file. Some repeated content to pad the file. Some repeated content to pad the file. Some repeated content to pad the file. Some repeated content to pad the file. Some repeated content to pad the file. Some repeated content to pad the file. Some repeated content to pad the file. Some repeated content to pad the file. Some repeated content to pad the file. Some repeated content to pad the file. Some repeated content to pad the file. Some repeated content to pad the file. Some repeated content to pad the file. Some repeated content to pad the file. Some repeated content to pad the file. Some repeated content to pad the file. Some repeated content to pad the file. Some repeated content to pad the file. Some repeated content to pad the file. Some repeated content to pad the file. Some repeated content to pad the file. Some repeated content to pad the file. Some repeated content to pad the file. Some repeated content to pad the file. Some repeated content to pad the file. Some repeated content to pad the file. Some repeated content to pad the file. Some repeated content to pad the file. Some repeated content to pad the file. Some repeated content to pad the file. Some repeated content to pad the file. Some repeated content to pad the file. Some repeated content to pad the file. Some repeated content to pad the file. Some repeated content to pad the file. Some repeated content to pad the file. Some repeated content to pad the file. Some repeated content to pad the file. Some repeated content to pad the file. Some repeated content to pad the file. Some repeated content to pad the file. Some repeated content to pad the file. Some repeated content to pad the file. Some repeated content to pad the file. Some repeated content to pad the file. Some repeated content to pad the file. Some repeated content to pad the file. Some repeated content to pad the file. Some repeated content to pad the file. Some repeated content to pad the file. Some repeated content to pad the file. Some repeated content to pad the file. Some repeated content to pad the file. Some repeated content to pad the file. Some repeated content to pad the file. Some repeated content to pad the file. Some repeated content to pad the file. Some repeated content to pad the file. Some repeated content to pad the file. Some repeated content to pad the file. Some repeated content to pad the file. Some repeated content to pad the file. Some repeated content to pad the file. Some repeated content to pad the file. Some repeated content to pad the file. Some repeated content to pad the file. Some repeated content to pad the file. Some repeated content to pad the file. Some repeated content to pad the file. Some repeated content to pad the file. Some repeated content to pad the file. Some repeated content to pad the file. Some repeated content to pad the file. Some repeated content to pad the file. Some repeated content to pad the file. Some repeated content to pad the file. Some repeated content to pad the file. Some repeated content to pad the file. Some repeated content to pad the file. Some repeated content to pad the file. Some repeated content to pad the file. Some repeated content to pad the file. Some repeated content to pad the file. Some repeated content to pad the file. Some repeated content to pad the file. Some repeated content to pad the file. Some repeated content to pad the file. Some repeated content to pad the file. Some repeated content to pad the file. Some repeated content to pad the file. Some repeated content to pad the file. Some repeated content to pad the file. Some repeated content to pad the file. Some repeated content to pad the file. Some repeated content to pad the file. Some repeated content to pad the file. Some repeated content to pad the file. Some repeated content to pad the file. Some repeated content to pad the file. Some repeated content to pad the file. Some repeated content to pad the file. Some repeated content to pad the file. Some repeated content to pad the file. Some repeated content to pad the file. Some repeated content to pad the file. Some repeated content to pad the file. Some repeated content to pad the file. Some repeated content to pad the file. Some repeated content to pad the file. Some repeated content to pad the file. Some repeated content to pad the file. Some repeated content to pad the file. Some repeated content to pad the file. Some repeated content to pad the file. Some repeated content to pad the file. Some repeated content to pad the file. Some repeated content to pad the file. Some repeated content to pad the file. Some repeated content to pad the file. Some repeated content to pad the file. Some repeated content to pad the file. Some repeated content to pad the file. Some repeated content to pad the file. Some repeated content to pad the file. Some repeated content to pad the file. Some repeated content to pad the file. Some repeated content to pad the file. Some repeated content to pad the file. Some repeated content to pad the file. Some repeated content to pad the file. Some repeated content to pad the file. Some repeated content to pad the file. Some repeated content to pad the file. Some repeated content to pad the file. Some repeated content to pad the file. Some repeated content to pad the file. Some repeated content to pad the file. Some repeated content to pad the file. Some repeated content to pad the file. Some repeated content to pad the file. Some repeated content to pad the file. Some repeated content to pad the file. Some repeated content to pad the file. Some repeated content to pad the file. Some repeated content to pad the file. Some repeated content to pad the file. Some repeated content to pad the file. Some repeated content to pad the file. Some repeated content to pad the file. Some repeated content to pad the file. Some repeated content to pad the file. Some repeated content to pad the file. Some repeated content to pad the file. Some repeated content to pad the file. Some repeated content to pad the file. Some repeated content to pad the file. Some repeated content to pad the file. Some repeated content to pad the file. Some repeated content to pad the file. Some repeated content to pad the file. Some repeated content to pad the file. Some repeated content to pad the file. Some repeated content to pad the file. Some repeated content to pad the file. Some repeated content to pad the file. Some repeated content to pad the file. Some repeated content to pad the file. Some repeated content to pad the file. Some repeated content to pad the file. Some repeated content to pad the file. Some repeated content to pad the file. Some repeated content to pad the file. Some repeated content to pad the file. Some repeated content to pad the file. Some repeated content to pad the file. Some repeated content to pad the file. Some repeated content to pad the file. Some repeated content to pad the file. Some repeated content to pad the file. Some repeated content to pad the file. Some repeated content to pad the file. Some repeated content to pad the file. Some repeated content to pad the file. Some repeated content to pad the file. Some repeated content to pad the file. Some repeated content to pad the file. Some repeated content to pad the file. Some repeated content to pad the file. Some repeated content to pad the file. Some repeated content to pad the file. Some repeated content to pad the file. Some repeated content to pad the file. Some repeated content to pad the file. Some repeated content to pad the file. Some repeated content to pad the file. Some repeated content to pad the file. Some repeated content to pad the file. Some repeated content to pad the file. Some repeated content to pad the file. Some repeated content to pad the file. Some repeated content to pad the file. Some repeated content to pad the file. Some repeated content to pad the file. Some repeated content to pad the file. Some repeated content to pad the file. Some repeated content to pad the file. Some repeated content to pad the file. Some repeated content to pad the file. Some repeated content to pad the file. Some repeated content to pad the file. Some repeated content to pad the file. Some repeated content to pad the file. Some repeated content to pad the file. Some repeated content to pad the file. Some repeated content to pad the file. Some repeated content to pad the file. Some repeated content to pad the file. Some repeated content to pad the file. Some repeated content to pad the file. Some repeated content to pad the file. Some repeated content to pad the file. Some repeated content to pad the file. Some repeated content to pad the file. Some repeated content to pad the file. Some repeated content to pad the file. Some repeated content to pad the file. Some repeated content to pad the file. Some repeated content to pad the file. Some repeated content to pad the file. Some repeated content to pad the file. Some repeated content to pad the file. Some repeated content to pad the file. Some repeated content to pad the file. Some repeated content to pad the file. Some repeated content to pad the file. Some repeated content to pad the file. Some repeated content to pad the file. Some repeated content to pad the file. Some repeated content to pad the file. Some repeated content to pad the file. Some repeated content to pad the file. Some repeated content to pad the file. Some repeated content to pad the file. Some repeated content to pad the file. Some repeated content to pad the file. Some repeated content to pad the file. Some repeated content to pad the file. Some repeated content to pad the file. Some repeated content to pad the file. Some repeated content to pad the file. Some repeated content to pad the file. Some repeated content to pad the file. Some repeated content to pad the file. Some repeated content to pad the file. Some repeated content to pad the file. Some repeated content to pad the file. Some repeated content to pad the file. Some repeated content to pad the file. Some repeated content to pad the file. Some repeated content to pad the file. Some repeated content to pad the file. Some repeated content to pad the file. Some repeated content to pad the file. Some repeated content to pad the file. Some repeated content to pad the file. Some repeated content to pad the file. Some repeated content to pad the file. Some repeated content to pad the file. Some repeated content to pad the file. Some repeated content to pad the file. Some repeated content to pad the file. Some repeated content to pad the file. Some repeated content to pad the file. Some repeated content to pad the file. Some repeated content to pad the file. Some repeated content to pad the file. Some repeated content to pad the file. Some repeated content to pad the file. Some repeated content to pad the file. Some repeated content to pad the file. Some repeated content to pad the file. Some repeated content to pad the file. Some repeated content to pad the file. Some repeated content to pad the file. Some repeated content to pad the file. Some repeated content to pad the file. Some repeated content to pad the file. Some repeated content to pad the file. Some repeated content to pad the file. Some repeated content to pad the file. Some repeated content to pad the file. Some repeated content to pad the file. Some repeated content to pad the file. Some repeated content to pad the file. Some repeated content to pad the file. Some repeated content to pad the file. Some repeated content to pad the file. Some repeated content to pad the file. Some repeated content to pad the file. Some repeated content to pad the file. Some repeated content to pad the file. Some repeated content to pad the file. Some repeated content to pad the file. Some repeated content to pad the file. Some repeated content to pad the file. Some repeated content to pad the file. Some repeated content to pad the file. Some repeated content to pad the file. Some repeated content to pad the file. Some repeated content to pad the file. Some repeated content to pad the file. Some repeated content to pad the file. Some repeated content to pad the file. Some repeated content to pad the file. Some repeated content to pad the file. Some repeated content to pad the file. Some repeated content to pad the file. Some repeated content to pad the file. Some repeated content to pad the file. Some repeated content to pad the file. Some repeated content to pad the file. Some repeated content to pad the file. Some repeated content to pad the file. Some repeated content to pad the file. Some repeated content to pad the file. Some repeated content to pad the file. Some repeated content to pad the file. Some repeated content to pad the file. Some repeated content to pad the file. Some repeated content to pad the file. Some repeated content to pad the file. Some repeated content to pad the file. Some repeated content to pad the file. Some repeated content to pad the file. Some repeated content to pad the file. Some repeated content to pad the file. Some repeated content to pad the file. Some repeated content to pad the file. Some repeated content to pad the file. Some repeated content to pad the file. Some repeated content to pad the file. Some repeated content to pad the file. Some repeated content to pad the file. Some repeated content to pad the file. Some repeated content to pad the file. Some repeated content to pad the file. Some repeated content to pad the file. Some repeated content to pad the file. Some repeated content to pad the file. Some repeated content to pad the file. Some repeated content to pad the file. Some repeated content to pad the file. Some repeated content to pad the file. Some repeated content to pad the file. Some repeated content to pad the file. Some repeated content to pad the file. Some repeated content to pad the file. Some repeated content to pad the file. Some repeated content to pad the file. Some repeated content to pad the file. Some repeated content to pad the file. Some repeated content to pad the file. Some repeated content to pad the file. Some repeated content to pad the file. Some repeated content to pad the file. Some repeated content to pad the file. Some repeated content to pad the file. Some repeated content to pad the file. Some repeated content to pad the file. Some repeated content to pad the file. Some repeated content to pad the file. Some repeated content to pad the file. Some repeated content to pad the file. Some repeated content to pad the file. Some repeated content to pad the file. Some repeated content to pad the file. Some repeated content to pad the file. Some repeated content to pad the file. Some repeated content to pad the file. Some repeated content to pad the file. Some repeated content to pad the file. Some repeated content to pad the file. Some repeated content to pad the file. Some repeated content to pad the file. Some repeated content to pad the file. Some repeated content to pad the file. Some repeated content to pad the file. Some repeated content to pad the file. Some repeated content to pad the file. Some repeated content to pad the file. Some repeated content to pad the file. Some repeated content to pad the file. Some repeated content to pad the file. Some repeated content to pad the file. Some repeated content to pad the file. Some repeated content to pad the file. Some repeated content to pad the file. Some repeated content to pad the file. Some repeated content to pad the file. Some repeated content to pad the file. Some repeated content to pad the file. Some repeated content to pad the file. Some repeated content to pad the file. Some repeated content to pad the file. Some repeated content to pad the file. Some repeated content to pad the file. Some repeated content to pad the file. Some repeated content to pad the file. Some repeated content to pad the file. Some repeated content to pad the file. Some repeated content to pad the file. Some repeated content to pad the file. Some repeated content to pad the file. Some repeated content to pad the file. Some repeated content to pad the file. Some repeated content to pad the file. Some repeated content to pad the file. Some repeated content to pad the file. Some repeated content to pad the file. Some repeated content to pad the file. Some repeated content to pad the file. Some repeated content to pad the file. Some repeated content to pad the file. Some repeated content to pad the file. Some repeated content to pad the file. Some repeated content to pad the file. Some repeated content to pad the file. Some repeated content to pad the file. Some repeated content to pad the file. Some repeated content to pad the file. Some repeated content to pad the file. Some repeated content to pad the file. Some repeated content to pad the file. Some repeated content to pad the file. Some repeated content to pad the file. Some repeated content to pad the file. Some repeated content to pad the file. Some repeated content to pad the file. Some repeated content to pad the file. Some repeated content to pad the file. Some repeated content to pad the file. Some repeated content to pad the file. Some repeated content to pad the file. Some repeated content to pad the file. Some repeated content to pad the file. Some repeated content to pad the file. Some repeated content to pad the file. Some repeated content to pad the file. Some repeated content to pad the file. Some repeated content to pad the file. Some repeated content to pad the file. Some repeated content to pad the file. Some repeated content to pad the file. Some repeated content to pad the file. Some repeated content to pad the file. Some repeated content to pad the file. Some repeated content to pad the file. Some repeated content to pad the file. Some repeated content to pad the file. Some repeated content to pad the file. Some repeated content to pad the file. Some repeated content to pad the file. Some repeated content to pad the file. Some repeated content to pad the file. Some repeated content to pad the file. Some repeated content to pad the file. Some repeated content to pad the file. Some repeated content to pad the file. Some repeated content to pad the file. Some repeated content to pad the file. Some repeated content to pad the file. Some repeated content to pad the file. Some repeated content to pad the file. Some repeated content to pad the file. Some repeated content to pad the file. Some repeated content to pad the file. Some repeated content to pad the file. Some repeated content to pad the file. Some repeated content to pad the file. Some repeated content to pad the file. Some repeated content to pad the file. Some repeated content to pad the file. Some repeated content to pad the file. Some repeated content to pad the file. Some repeated content to pad the file. Some repeated content to pad the file. Some repeated content to pad the file. Some repeated content to pad the file. Some repeated content to pad the file. Some repeated content to pad the file. Some repeated content to pad the file. Some repeated content to pad the file. Some repeated content to pad the file. Some repeated content to pad the file. Some repeated content to pad the file. Some repeated content to pad the file. Some repeated content to pad the file. Some repeated content to pad the file. Some repeated content to pad the file. Some repeated content to pad the file. Some repeated content to pad the file. Some repeated content to pad the file. Some repeated content to pad the file. Some repeated content to pad the file. Some repeated content to pad the file. Some repeated content to pad the file. Some repeated content to pad the file. Some repeated content to pad the file. Some repeated content to pad the file. Some repeated content to pad the file. Some repeated content to pad the file. Some repeated content to pad the file. Some repeated content to pad the file. Some repeated content to pad the file. Some repeated content to pad the file. Some repeated content to pad the file. Some repeated content to pad the file. Some repeated content to pad the file. Some repeated content to pad the file. Some repeated content to pad the file. Some repeated content to pad the file. Some repeated content to pad the file. Some repeated content to pad the file. Some repeated content to pad the file. Some repeated content to pad the file. Some repeated content to pad the file. Some repeated content to pad the file. Some repeated content to pad the file. Some repeated content to pad the file. Some repeated content to pad the file. Some repeated content to pad the file. Some repeated content to pad the file. Some repeated content to pad the file. Some repeated content to pad the file. Some repeated content to pad the file. Some repeated content to pad the file. Some repeated content to pad the file. Some repeated content to pad the file. Some repeated content to pad the file. Some repeated content to pad the file. Some repeated content to pad the file. Some repeated content to pad the file. Some repeated content to pad the file. Some repeated content to pad the file. Some repeated content to pad the file. Some repeated content to pad the file. Some repeated content to pad the file. Some repeated content to pad the file. Some repeated content to pad the file. Some repeated content to pad the file. Some repeated content to pad the file. Some repeated content to pad the file. Some repeated content to pad the file. Some repeated content to pad the file. Some repeated content to pad the file. Some repeated content to pad the file. Some repeated content to pad the file. Some repeated content to pad the file. Some repeated content to pad the file. Some repeated content to pad the file. Some repeated content to pad the file. Some repeated content to pad the file. Some repeated content to pad the file. Some repeated content to pad the file. Some repeated content to pad the file. Some repeated content to pad the file. Some repeated content to pad the file. Some repeated content to pad the file. Some repeated content to pad the file. Some repeated content to pad the file. Some repeated content to pad the file. Some repeated content to pad the file. Some repeated content to pad the file. Some repeated content to pad the file. Some repeated content to pad the file. Some repeated content to pad the file. Some repeated content to pad the file. Some repeated content to pad the file. Some repeated content to pad the file. Some repeated content to pad the file. Some repeated content to pad the file. Some repeated content to pad the file. Some repeated content to pad the file. Some repeated content to pad the file. Some repeated content to pad the file. Some repeated content to pad the file. Some repeated content to pad the file. Some repeated content to pad the file. Some repeated content to pad the file. Some repeated content to pad the file. Some repeated content to pad the file. Some repeated content to pad the file. Some repeated content to pad the file. Some repeated content to pad the file. Some repeated content to pad the file. Some repeated content to pad the file. Some repeated content to pad the file. Some repeated content to pad the file. Some repeated content to pad the file. Some repeated content to pad the file. Some repeated content to pad the file. Some repeated content to pad the file. Some repeated content to pad the file. Some repeated content to pad the file. Some repeated content to pad the file. Some repeated content to pad the file. Some repeated content to pad the file. Some repeated content to pad the file. Some repeated content to pad the file. Some repeated content to pad the file. Some repeated content to pad the file. Some repeated content to pad the file. Some repeated content to pad the file. Some repeated content to pad the file. Some repeated content to pad the file. Some repeated content to pad the file. Some repeated content to pad the file. Some repeated content to pad the file. Some repeated content to pad the file. Some repeated content to pad the file. Some repeated content to pad the file. Some repeated content to pad the file. Some repeated content to pad the file. Some repeated content to pad the file. Some repeated content to pad the file. Some repeated content to pad the file. Some repeated content to pad the file. Some repeated content to pad the file. Some repeated content to pad the file. Some repeated content to pad the file. Some repeated content to pad the file. Some repeated content to pad the file. Some repeated content to pad the file. Some repeated content to pad the file. Some repeated content to pad the file. Some repeated content to pad the file. Some repeated content to pad the file. Some repeated content to pad the file. Some repeated content to pad the file. Some repeated content to pad the file. Some repeated content to pad the file. Some repeated content to pad the file. Some repeated content to pad the file. Some repeated content to pad the file. Some repeated content to pad the file. Some repeated content to pad the file. Some repeated content to pad the file. Some repeated content to pad the file. Some repeated content to pad the file. Some repeated content to pad the file. Some repeated content to pad the file. Some repeated content to pad the file. Some repeated content to pad the file. Some repeated content to pad the file. Some repeated content to pad the file. Some repeated content to pad the file. Some repeated content to pad the file. Some repeated content to pad the file. Some repeated content to pad the file. Some repeated content to pad the file. Some repeated content to pad the file. Some repeated content to pad the file. Some repeated content to pad the file. Some repeated content to pad the file. Some repeated content to pad the file. Some repeated content to pad the file. Some repeated content to pad the file. Some repeated content to pad the file. Some repeated content to pad the file. Some repeated content to pad the file. Some repeated content to pad the file. Some repeated content to pad the file. Some repeated content to pad the file. Some repeated content to pad the file. Some repeated content to pad the file. Some repeated content to pad the file. Some repeated content to pad the file. Some repeated content to pad the file. Some repeated content to pad the file. Some repeated content to pad the file. Some repeated content to pad the file. Some repeated content to pad the file. Some repeated content to pad the file. Some repeated content to pad the file. Some repeated content to pad the file. Some repeated content to pad the file. Some repeated content to pad the file. Some repeated content to pad the file. Some repeated content to pad the file. Some repeated content to pad the file. Some repeated content to pad the file. Some repeated content to pad the file. Some repeated content to pad the file. Some repeated content to pad the file. Some repeated content to pad the file. Some repeated content to pad the file. Some repeated content to pad the file. Some repeated content to pad the file. Some repeated content to pad the file. Some repeated content to pad the file. Some repeated content to pad the file. Some repeated content to pad the file. Some repeated content to pad the file. Some repeated content to pad the file. Some repeated content to pad the file. Some repeated content to pad the file. Some repeated content to pad the file. Some repeated content to pad the file. Some repeated content to pad the file. Some repeated content to pad the file. Some repeated content to pad the file. Some repeated content to pad the file. Some repeated content to pad the file. Some repeated content to pad the file. Some repeated content to pad the file. Some repeated content to pad the file. Some repeated content to pad the file. Some repeated content to pad the file. Some repeated content to pad the file. Some repeated content to pad the file. Some repeated content to pad the file. Some repeated content to pad the file. Some repeated content to pad the file. Some repeated content to pad the file. Some repeated content to pad the file. Some repeated content to pad the file. Some repeated content to pad the file. Some repeated content to pad the file. Some repeated content to pad the file. Some repeated content to pad the file. Some repeated content to pad the file. Some repeated content to pad the file. Some repeated content to pad the file. Some repeated content to pad the file. Some repeated content to pad the file. Some repeated content to pad the file. Some repeated content to pad the file. Some repeated content to pad the file. Some repeated content to pad the file. Some repeated content to pad the file. Some repeated content to pad the file. Some repeated content to pad the file. Some repeated content to pad the file. Some repeated content to pad the file. Some repeated content to pad the file. Some repeated content to pad the file. Some repeated content to pad the file. Some repeated content to pad the file. Some repeated content to pad the file. Some repeated content to pad the file. Some repeated content to pad the file. Some repeated content to pad the file. Some repeated content to pad the file. Some repeated content to pad the file. Some repeated content to pad the file. Some repeated content to pad the file. Some repeated content to pad the file. Some repeated content to pad the file. Some repeated content to pad the file. Some repeated content to pad the file. Some repeated content to pad the file. Some repeated content to pad the file. Some repeated content to pad the file. Some repeated content to pad the file. Some repeated content to pad the file. Some repeated content to pad the file. Some repeated content to pad the file. Some repeated content to pad the file. Some repeated content to pad the file. Some repeated content to pad the file. Some repeated content to pad the file. Some repeated content to pad the file. Some repeated content to pad the file. Some repeated content to pad the file. Some repeated content to pad the file. Some repeated content to pad the file. Some repeated content to pad the file. Some repeated content to pad the file. Some repeated content to pad the file. Some repeated content to pad the file. Some repeated content to pad the file. Some repeated content to pad the file. Some repeated content to pad the file. Some repeated content to pad the file. Some repeated content to pad the file. Some repeated content to pad the file. Some repeated content to pad the file. Some repeated content to pad the file. Some repeated content to pad the file. Some repeated content to pad the file. Some repeated content to pad the file. Some repeated content to pad the file. Some repeated content to pad the file. Some repeated content to pad the file. Some repeated content to pad the file. Some repeated content to pad the file. Some repeated content to pad the file. Some repeated content to pad the file. Some repeated content to pad the file. Some repeated content to pad the file. Some repeated content to pad the file. Some repeated content to pad the file. Some repeated content to pad the file. Some repeated content to pad the file. Some repeated content to pad the file. Some repeated content to pad the file. Some repeated content to pad the file. Some repeated content to pad the file. Some repeated content to pad the file. Some repeated content to pad the file. Some repeated content to pad the file. Some repeated content to pad the file. Some repeated content to pad the file. Some repeated content to pad the file. Some repeated content to pad the file. Some repeated content to pad the file. Some repeated content to pad the file. Some repeated content to pad the file. Some repeated content to pad the file. Some repeated content to pad the file. Some repeated content to pad the file. Some repeated content to pad the file. Some repeated content to pad the file. Some repeated content to pad the file. Some repeated content to pad the file. Some repeated content to pad the file. Some repeated content to pad the file. Some repeated content to pad the file. Some repeated content to pad the file. Some repeated content to pad the file. Some repeated content to pad the file. Some repeated content to pad the file. Some repeated content to pad the file. Some repeated content to pad the file. Some repeated content to pad the file. Some repeated content to pad the file. Some repeated content to pad the file. Some repeated content to pad the file. Some repeated content to pad the file. Some repeated content to pad the file. Some repeated content to pad the file. Some repeated content to pad the file. Some repeated content to pad the file. Some repeated content to pad the file. Some repeated content to pad the file. Some repeated content to pad the file. Some repeated content to pad the file. Some repeated content to pad the file. Some repeated content to pad the file. Some repeated content to pad the file. Some repeated content to pad the file. Some repeated content to pad the file. Some repeated content to pad the file. Some repeated content to pad the file. Some repeated content to pad the file. Some repeated content to pad the file. Some repeated content to pad the file. Some repeated content to pad the file. Some repeated content to pad the file. Some repeated content to pad the file. Some repeated content to pad the file. Some repeated content to pad the file. Some repeated content to pad the file. Some repeated content to pad the file. Some repeated content to pad the file. Some repeated content to pad the file. Some repeated content to pad the file. Some repeated content to pad the file. Some repeated content to pad the file. Some repeated content to pad the file. Some repeated content to pad the file. Some repeated content to pad the file. Some repeated content to pad the file. Some repeated content to pad the file. Some repeated content to pad the file. Some repeated content to pad the file. Some repeated content to pad the file. Some repeated content to pad the file. Some repeated content to pad the file. Some repeated content to pad the file. Some repeated content to pad the file. Some repeated content to pad the file. Some repeated content to pad the file. Some repeated content to pad the file. Some repeated content to pad the file. Some repeated content to pad the file. Some repeated content to pad the file. Some repeated content to pad the file. Some repeated content to pad the file. Some repeated content to pad the file. Some repeated content to pad the file. Some repeated content to pad the file. Some repeated content to pad the file. Some repeated content to pad the file. Some repeated content to pad the file. Some repeated content to pad the file. Some repeated content to pad the file. Some repeated content to pad the file. Some repeated content to pad the file. Some repeated content to pad the file. Some repeated content to pad the file. Some repeated content to pad the file. Some repeated content to pad the file. Some repeated content to pad the file. Some repeated content to pad the file. Some repeated content to pad the file. Some repeated content to pad the file. Some repeated content to pad the file. Some repeated content to pad the file. Some repeated content to pad the file. Some repeated content to pad the file. Some repeated content to pad the file. Some repeated content to pad the file. Some repeated content to pad the file. Some repeated content to pad the file. Some repeated content to pad the file. Some repeated content to pad the file. Some repeated content to pad the file. Some repeated content to pad the file. Some repeated content to pad the file. Some repeated content to pad the file. Some repeated content to pad the file. Some repeated content to pad the file. Some repeated content to pad the file. Some repeated content to pad the file. Some repeated content to pad the file. Some repeated content to pad the file. Some repeated content to pad the file. Some repeated content to pad the file. Some repeated content to pad the file. Some repeated content to pad the file. Some repeated content to pad the file. Some repeated content to pad the file. Some repeated content to pad the file. Some repeated content to pad the file. Some repeated content to pad the file. Some repeated content to pad the file. Some repeated content to pad the file. Some repeated content to pad the file. Some repeated content to pad the file. Some repeated content to pad the file. Some repeated content to pad the file. Some repeated content to pad the file. Some repeated content to pad the file. Some repeated content to pad the file. Some repeated content to pad the file. Some repeated content to pad the file. Some repeated content to pad the file. Some repeated content to pad the file. Some repeated content to pad the file. Some repeated content to pad the file. Some repeated content to pad the file. Some repeated content to pad the file. Some repeated content to pad the file. Some repeated content to pad the file. Some repeated content to pad the file. Some repeated content to pad the file. Some repeated content to pad the file. Some repeated content to pad the file. Some repeated content to pad the file. Some repeated content to pad the file. Some repeated content to pad the file. Some repeated content to pad the file. Some repeated content to pad the file. Some repeated content to pad the file. Some repeated content to pad the file. Some repeated content to pad the file. Some repeated content to pad the file. Some repeated content to pad the file. Some repeated content to pad the file. Some repeated content to pad the file. Some repeated content to pad the file. Some repeated content to pad the file. Some repeated content to pad the file. Some repeated content to pad the file. Some repeated content to pad the file. Some repeated content to pad the file. Some repeated content to pad the file. Some repeated content to pad the file. Some repeated content to pad the file. Some repeated content to pad the file. Some repeated content to pad the file. Some repeated content to pad the file. Some repeated content to pad the file. Some repeated content to pad the file. Some repeated content to pad the file. Some repeated content to pad the file. Some repeated content to pad the file. Some repeated content to pad the file. Some repeated content to pad the file. Some repeated content to pad the file. Some repeated content to pad the file. Some repeated content to pad the file. Some repeated content to pad the file. Some repeated content to pad the file. Some repeated content to pad the file. Some repeated content to pad the file. Some repeated content to pad the file. Some repeated content to pad the file. Some repeated content to pad the file. Some repeated content to pad the file. Some repeated content to pad the file. Some repeated content to pad the file. Some repeated content to pad the file. Some repeated content to pad the file. Some repeated content to pad the file. Some repeated content to pad the file. Some repeated content to pad the file. Some repeated content to pad the file. Some repeated content to pad the file. Some repeated content to pad the file. Some repeated content to pad the file. Some repeated content to pad the file. Some repeated content to pad the file. Some repeated content to pad the file. Some repeated content to pad the file. Some repeated content to pad the file. Some repeated content to pad the file. Some repeated content to pad the file. Some repeated content to pad the file. Some repeated content to pad the file. Some repeated content to pad the file. Some repeated content to pad the file. Some repeated content to pad the file. Some repeated content to pad the file. Some repeated content to pad the file. Some repeated content to pad the file. Some repeated content to pad the file. Some repeated content to pad the file. Some repeated content to pad the file. Some repeated content to pad the file. Some repeated content to pad the file. Some repeated content to pad the file. Some repeated content to pad the file. Some repeated content to pad the file. Some repeated content to pad the file. Some repeated content to pad the file. Some repeated content to pad the file. Some repeated content to pad the file. Some repeated content to pad the file. Some repeated content to pad the file. Some repeated content to pad the file. Some repeated content to pad the file. Some repeated content to pad the file. Some repeated content to pad the file. Some repeated content to pad the file. Some repeated content to pad the file. Some repeated content to pad the file. Some repeated content to pad the file. Some repeated content to pad the file. Some repeated content to pad the file. Some repeated content to pad the file. Some repeated content to pad the file. Some repeated content to pad the file. Some repeated content to pad the file. Some repeated content to pad the file. Some repeated content to pad the file. Some repeated content to pad the file. Some repeated content to pad the file. Some repeated content to pad the file. Some repeated content to pad the file. Some repeated content to pad the file. Some repeated content to pad the file. Some repeated content to pad the file. Some repeated content to pad the file. Some repeated content to pad the file. Some repeated content to pad the file. Some repeated content to pad the file. Some repeated content to pad the file. Some repeated content to pad the file. Some repeated content to pad the file. Some repeated content to pad the file. Some repeated content to pad the file. Some repeated content to pad the file. Some repeated content to pad the file. Some repeated content to pad the file. Some repeated content to pad the file. Some repeated content to pad the file. Some repeated content to pad the file. Some repeated content to pad the file. Some repeated content to pad the file. Some repeated content to pad the file. Some repeated content to pad the file. Some repeated content to pad the file. Some repeated content to pad the file. Some repeated content to pad the file. Some repeated content to pad the file. Some repeated content to pad the file. Some repeated content to pad the file. Some repeated content to pad the file. Some repeated content to pad the file. Some repeated content to pad the file. Some repeated content to pad the file. Some repeated content to pad the file. Some repeated content to pad the file. Some repeated content to pad the file. Some repeated content to pad the file. Some repeated content to pad the file. Some repeated content to pad the file. Some repeated content to pad the file. Some repeated content to pad the file. Some repeated content to pad the file. Some repeated content to pad the file. Some repeated content to pad the file. Some repeated content to pad the file. Some repeated content to pad the file. Some repeated content to pad the file. Some repeated content to pad the file. Some repeated content to pad the file. Some repeated content to pad the file. Some repeated content to pad the file. Some repeated content to pad the file. Some repeated content to pad the file. Some repeated content to pad the file. Some repeated content to pad the file. Some repeated content to pad the file. Some repeated content to pad the file. Some repeated content to pad the file. Some repeated content to pad the file. Some repeated content to pad the file. Some repeated content to pad the file. Some repeated content to pad the file. Some repeated content to pad the file. Some repeated content to pad the file. Some repeated content to pad the file. Some repeated content to pad the file. Some repeated content to pad the file. Some repeated content to pad the file. Some repeated content to pad the file. Some repeated content to pad the file. Some repeated content to pad the file. Some repeated content to pad the file. Some repeated content to pad the file. Some repeated content to pad the file. Some repeated content to pad the file. Some repeated content to pad the file. Some repeated content to pad the file. Some repeated content to pad the file. Some repeated content to pad the file. Some repeated content to pad the file. Some repeated content to pad the file. Some repeated content to pad the file. Some repeated content to pad the file. Some repeated content to pad the file. Some repeated content to pad the file. Some repeated content to pad the file. Some repeated content to pad the file. Some repeated content to pad the file. Some repeated content to pad the file. Some repeated content to pad the file. Some repeated content to pad the file. Some repeated content to pad the file. Some repeated content to pad the file. Some repeated content to pad the file. Some repeated content to pad the file. Some repeated content to pad the file. Some repeated content to pad the file. Some repeated content to pad the file. Some repeated content to pad the file. Some repeated content to pad the file. Some repeated content to pad the file. Some repeated content to pad the file. Some repeated content to pad the file. Some repeated content to pad the file. Some repeated content to pad the file. Some repeated content to pad the file. Some repeated content to pad the file. Some repeated content to pad the file. Some repeated content to pad the file. Some repeated content to pad the file. Some repeated content to pad the file. Some repeated content to pad the file. Some repeated content to pad the file. Some repeated content to pad the file. Some repeated content to pad the file. Some repeated content to pad the file. Some repeated content to pad the file. Some repeated content to pad the file. Some repeated content to pad the file. Some repeated content to pad the file. Some repeated content to pad the file. Some repeated content to pad the file. Some repeated content to pad the file. Some repeated content to pad the file. Some repeated content to pad the file. Some repeated content to pad the file. Some repeated content to pad the file. Some repeated content to pad the file. Some repeated content to pad the file. Some repeated content to pad the file. Some repeated content to pad the file. Some repeated content to pad the file. Some repeated content to pad the file. Some repeated content to pad the file. Some repeated content to pad the file. Some repeated content to pad the file. Some repeated content to pad the file. Some repeated content to pad the file. Some repeated content to pad the file. Some repeated content to pad the file. Some repeated content to pad the file. Some repeated content to pad the file. Some repeated content to pad the file. Some repeated content to pad the file. Some repeated content to pad the file. Some repeated content to pad the file. Some repeated content to pad the file. Some repeated content to pad the file. Some repeated content to pad the file. Some repeated content to pad the file. Some repeated content to pad the file. Some repeated content to pad the file. Some repeated content to pad the file. Some repeated content to pad the file. Some repeated content to pad the file. Some repeated content to pad the file. Some repeated content to pad the file. Some repeated content to pad the file. Some repeated content to pad the file. Some repeated content to pad the file. Some repeated content to pad the file. Some repeated content to pad the file. Some repeated content to pad the file. Some repeated content to pad the file. Some repeated content to pad the file. Some repeated content to pad the file. Some repeated content to pad the file. Some repeated content to pad the file. Some repeated content to pad the file. Some repeated content to pad the file. Some repeated content to pad the file. Some repeated content to pad the file. Some repeated content to pad the file. Some repeated content to pad the file. Some repeated content to pad the file. Some repeated content to pad the file. Some repeated content to pad the file. Some repeated content to pad the file. Some repeated content to pad the file. Some repeated content to pad the file. Some repeated content to pad the file. Some repeated content to pad the file. Some repeated content to pad the file. Some repeated content to pad the file. Some repeated content to pad the file. Some repeated content to pad the file. Some repeated content to pad the file. Some repeated content to pad the file. Some repeated content to pad the file. Some repeated content to pad the file. Some repeated content to pad the file. Some repeated content to pad the file. Some repeated content to pad the file. Some repeated content to pad the file. Some repeated content to pad the file. Some repeated content to pad the file. Some repeated content to pad the file. Some repeated content to pad the file. Some repeated content to pad the file. Some repeated content to pad the file. Some repeated content to pad the file. Some repeated content to pad the file. Some repeated content to pad the file. Some repeated content to pad the file. Some repeated content to pad the file. Some repeated content to pad the file. Some repeated content to pad the file. Some repeated content to pad the file. Some repeated content to pad the file. Some repeated content to pad the file. Some repeated content to pad the file. Some repeated content to pad the file. Some repeated content to pad the file. Some repeated content to pad the file. Some repeated content to pad the file. Some repeated content to pad the file. Some repeated content to pad the file. Some repeated content to pad the file. Some repeated content to pad the file. Some repeated content to pad the file. Some repeated content to pad the file. Some repeated content to pad the file. Some repeated content to pad the file. Some repeated content to pad the file. Some repeated content to pad the file. Some repeated content to pad the file. Some repeated content to pad the file. Some repeated content to pad the file. Some repeated content to pad the file. Some repeated content to pad the file. Some repeated content to pad the file. Some repeated content to pad the file. Some repeated content to pad the file. Some repeated content to pad the file. Some repeated content to pad the file. Some repeated content to pad the file. Some repeated content to pad the file. Some repeated content to pad the file. Some repeated content to pad the file. Some repeated content to pad the file. Some repeated content to pad the file. Some repeated content to pad the file. Some repeated content to pad the file. Some repeated content to pad the file. Some repeated content to pad the file. Some repeated content to pad the file. Some repeated content to pad the file. Some repeated content to pad the file. Some repeated content to pad the file. Some repeated content to pad the file. Some repeated content to pad the file. Some repeated content to pad the file. Some repeated content to pad the file. Some repeated content to pad the file. Some repeated content to pad the file. Some repeated content to pad the file. Some repeated content to pad the file. Some repeated content to pad the file. Some repeated content to pad the file. Some repeated content to pad the file. Some repeated content to pad the file. Some repeated content to pad the file. Some repeated content to pad the file. Some repeated content to pad the file. Some repeated content to pad the file. Some repeated content to pad the file. Some repeated content to pad the file. Some repeated content to pad the file. Some repeated content to pad the file. Some repeated content to pad the file. Some repeated content to pad the file. Some repeated content to pad the file. Some repeated content to pad the file. Some repeated content to pad the file. Some repeated content to pad the file. Some repeated content to pad the file. Some repeated content to pad the file. Some repeated content to pad the file. Some repeated content to pad the file. Some repeated content to pad the file. Some repeated content to pad the file. Some repeated content to pad the file. Some repeated content to pad the file. Some repeated content to pad the file. Some repeated content to pad the file. Some repeated content to pad the file. Some repeated content to pad the file. Some repeated content to pad the file. Some repeated content to pad the file. Some repeated content to pad the file. Some repeated content to pad the file. Some repeated content to pad the file. Some repeated content to pad the file. Some repeated content to pad the file. Some repeated content to pad the file. Some repeated content to pad the file. Some repeated content to pad the file. Some repeated content to pad the file. Some repeated content to pad the file. Some repeated content to pad the file. Some repeated content to pad the file. Some repeated content to pad the file. Some repeated content to pad the file. Some repeated content to pad the file. Some repeated content to pad the file. Some repeated content to pad the file. Some repeated content to pad the file. Some repeated content to pad the file. Some repeated content to pad the file. Some repeated content to pad the file. Some repeated content to pad the file. Some repeated content to pad the file. Some repeated content to pad the file. Some repeated content to pad the file. Some repeated content to pad the file. Some repeated content to pad the file. Some repeated content to pad the file. Some repeated content to pad the file. Some repeated content to pad the file. Some repeated content to pad the file. Some repeated content to pad the file. Some repeated content to pad the file. Some repeated content to pad the file. Some repeated content to pad the file. Some repeated content to pad the file. Some repeated content to pad the file. Some repeated content to pad the file. Some repeated content to pad the file. Some repeated content to pad the file. Some repeated content to pad the file. Some repeated content to pad the file. Some repeated content to pad the file. Some repeated content to pad the file. Some repeated content to pad the file. Some repeated content to pad the file. Some repeated content to pad the file. Some repeated content to pad the file. Some repeated content to pad the file. Some repeated content to pad the file. Some repeated content to pad the file. Some repeated content to pad the file. Some repeated content to pad the file. Some repeated content to pad the file. Some repeated content to pad the file. Some repeated content to pad the file. Some repeated content to pad the file. Some repeated content to pad the file. Some repeated content to pad the file. Some repeated content to pad the file. Some repeated content to pad the file. Some repeated content to pad the file. Some repeated content to pad the file. Some repeated content to pad the file. Some repeated content to pad the file. Some repeated content to pad the file. Some repeated content to pad the file. Some repeated content to pad the file. Some repeated content to pad the file. Some repeated content to pad the file. Some repeated content to pad the file. Some repeated content to pad the file. Some repeated content to pad the file. Some repeated content to pad the file. Some repeated content to pad the file. Some repeated content to pad the file. Some repeated content to pad the file. Some repeated content to pad the file. Some repeated content to pad the file. Some repeated content to pad the file. Some repeated content to pad the file. Some repeated content to pad the file. Some repeated content to pad the file. Some repeated content to pad the file. Some repeated content to pad the file. Some repeated content to pad the file. Some repeated content to pad the file. Some repeated content to pad the file. Some repeated content to pad the file. Some repeated content to pad the file. Some repeated content to pad the file. Some repeated content to pad the file. Some repeated content to pad the file. Some repeated content to pad the file. Some repeated content to pad the file. Some repeated content to pad the file. Some repeated content to pad the file. Some repeated content to pad the file. Some repeated content to pad the file. Some repeated content to pad the file. Some repeated content to pad the file. Some repeated content to pad the file. Some repeated content to pad the file. Some repeated content to pad the file. Some repeated content to pad the file. Some repeated content to pad the file. Some repeated content to pad the file. Some repeated content to pad the file. Some repeated content to pad the file. Some repeated content to pad the file. Some repeated content to pad the file. Some repeated content to pad the file. Some repeated content to pad the file. Some repeated content to pad the file. Some repeated content to pad the file. Some repeated content to pad the file. Some repeated content to pad the file. Some repeated content to pad the file. Some repeated content to pad the file. Some repeated content to pad the file. Some repeated content to pad the file. Some repeated content to pad the file. Some repeated content to pad the file. Some repeated content to pad the file. Some repeated content to pad the file. Some repeated content to pad the file. Some repeated content to pad the file. Some repeated content to pad the file. Some repeated content to pad the file. Some repeated content to pad the file. Some repeated content to pad the file. Some repeated content to pad the file. Some repeated content to pad the file. Some repeated content to pad the file. Some repeated content to pad the file. Some repeated content to pad the file. Some repeated content to pad the file. Some repeated content to pad the file. Some repeated content to pad the file. Some repeated content to pad the file. Some repeated content to pad the file. Some repeated content to pad the file. Some repeated content to pad the file. Some repeated content to pad the file. Some repeated content to pad the file. Some repeated content to pad the file. Some repeated content to pad the file. Some repeated content to pad the file. Some repeated content to pad the file. Some repeated content to pad the file. Some repeated content to pad the file. Some repeated content to pad the file. Some repeated content to pad the file. Some repeated content to pad the file. Some repeated content to pad the file. Some repeated content to pad the file. Some repeated content to pad the file. Some repeated content to pad the file. Some repeated content to pad the file. Some repeated content to pad the file. Some repeated content to pad the file. Some repeated content to pad the file. Some repeated content to pad the file. Some repeated content to pad the file. Some repeated content to pad the file. Some repeated content to pad the file. Some repeated content to pad the file. Some repeated content to pad the file. Some repeated content to pad the file. Some repeated content to pad the file. Some repeated content to pad the file. Some repeated content to pad the file. Some repeated content to pad the file. Some repeated content to pad the file. Some repeated content to pad the file. Some repeated content to pad the file. Some repeated content to pad the file. Some repeated content to pad the file. Some repeated content to pad the file. Some repeated content to pad the file. Some repeated content to pad the file. Some repeated content to pad the file. Some repeated content to pad the file. Some repeated content to pad the file. Some repeated content to pad the file. Some repeated content to pad the file. Some repeated content to pad the file. Some repeated content to pad the file. Some repeated content to pad the file. Some repeated content to pad the file. Some repeated content to pad the file. Some repeated content to pad the file. Some repeated content to pad the file. Some repeated content to pad the file. Some repeated content to pad the file. Some repeated content to pad the file. Some repeated content to pad the file. Some repeated content to pad the file. Some repeated content to pad the file. Some repeated content to pad the file. Some repeated content to pad the file. Some repeated content to pad the file. Some repeated content to pad the file. Some repeated content to pad the file. Some repeated content to pad the file. Some repeated content to pad the file. Some repeated content to pad the file. Some repeated content to pad the file. Some repeated content to pad the file. Some repeated content to pad the file. Some repeated content to pad the file. Some repeated content to pad the file. Some repeated content to pad the file. Some repeated content to pad the file. Some repeated content to pad the file. Some repeated content to pad the file. Some repeated content to pad the file. Some repeated content to pad the file. Some repeated content to pad the file. Some repeated content to pad the file. Some repeated content to pad the file. Some repeated content to pad the file. Some repeated content to pad the file. Some repeated content to pad the file. Some repeated content to pad the file. Some repeated content to pad the file. Some repeated content to pad the file. Some repeated content to pad the file. Some repeated content to pad the file. Some repeated content to pad the file. Some repeated content to pad the file. Some repeated content to pad the file. Some repeated content to pad the file. Some repeated content to pad the file. Some repeated content to pad the file. Some repeated content to pad the file. Some repeated content to pad the file. Some repeated content to pad the file. Some repeated content to pad the file. Some repeated content to pad the file. Some repeated content to pad the file. Some repeated content to pad the file. Some repeated content to pad the file. Some repeated content to pad the file. Some repeated content to pad the file. Some repeated content to pad the file. Some repeated content to pad the file. Some repeated content to pad the file. Some repeated content to pad the file. Some repeated content to pad the file. Some repeated content to pad the file. Some repeated content to pad the file. Some repeated content to pad the file. Some repeated content to pad the file. Some repeated content to pad the file. Some repeated content to pad the file. Some repeated content to pad the file. Some repeated content to pad the file. Some repeated content to pad the file. Some repeated content to pad the file. Some repeated content to pad the file. Some repeated content to pad the file. Some repeated content to pad the file. Some repeated content to pad the file. Some repeated content to pad the file. Some repeated content to pad the file. Some repeated content to pad the file. Some repeated content to pad the file. Some repeated content to pad the file. Some repeated content to pad the file. Some repeated content to pad the file. Some repeated content to pad the file. Some repeated content to pad the file. Some repeated content to pad the file. Some repeated content to pad the file. Some repeated content to pad the file. Some repeated content to pad the file. Some repeated content to pad the file. Some repeated content to pad the file. Some repeated content to pad the file. Some repeated content to pad the file. Some repeated content to pad the file. Some repeated content to pad the file. Some repeated content to pad the file. Some repeated content to pad the file. Some repeated content to pad the file. Some repeated content to pad the file. Some repeated content to pad the file. Some repeated content to pad the file. Some repeated content to pad the file. Some repeated content to pad the file. Some repeated content to pad the file. Some repeated content to pad the file. Some repeated content to pad the file. Some repeated content to pad the file. Some repeated content to pad the file. Some repeated content to pad the file. Some repeated content to pad the file. Some repeated content to pad the file. Some repeated content to pad the file. Some repeated content to pad the file. Some repeated content to pad the file. Some repeated content to pad the file. Some repeated content to pad the file. Some repeated content to pad the file. Some repeated content to pad the file. Some repeated content to pad the file. Some repeated content to pad the file. Some repeated content to pad the file. Some repeated content to pad the file. Some repeated content to pad the file. Some repeated content to pad the file. Some repeated content to pad the file. Some repeated content to pad the file. Some repeated content to pad the file. Some repeated content to pad the file. Some repeated content to pad the file. Some repeated content to pad the file. Some repeated content to pad the file. Some repeated content to pad the file. Some repeated content to pad the file. Some repeated content to pad the file. Some repeated content to pad the file. Some repeated content to pad the file. Some repeated content to pad the file. Some repeated content to pad the file. Some repeated content to pad the file. Some repeated content to pad the file. Some repeated content to pad the file. Some repeated content to pad the file. Some repeated content to pad the file. Some repeated content to pad the file. Some repeated content to pad the file. Some repeated content to pad the file. Some repeated content to pad the file. Some repeated content to pad the file. Some repeated content to pad the file. Some repeated content to pad the file. Some repeated content to pad the file. Some repeated content to pad the file. Some repeated content to pad the file. Some repeated content to pad the file. Some repeated content to pad the file. Some repeated content to pad the file. Some repeated content to pad the file. Some repeated content to pad the file. Some repeated content to pad the file. Some repeated content to pad the file. Some repeated content to pad the file. Some repeated content to pad the file. Some repeated content to pad the file. Some repeated content to pad the file. Some repeated content to pad the file. Some repeated content to pad the file. Some repeated content to pad the file. Some repeated content to pad the file. Some repeated content to pad the file. Some repeated content to pad the file. Some repeated content to pad the file. Some repeated content to pad the file. Some repeated content to pad the file. Some repeated content to pad the file. Some repeated content to pad the file. Some repeated content to pad the file. Some repeated content to pad the file. Some repeated content to pad the file. Some repeated content to pad the file. Some repeated content to pad the file. Some repeated content to pad the file. Some repeated content to pad the file. Some repeated content to pad the file. Some repeated content to pad the file. Some repeated content to pad the file. Some repeated content to pad the file. Some repeated content to pad the file. Some repeated content to pad the file. Some repeated content to pad the file. Some repeated content to pad the file. Some repeated content to pad the file. Some repeated content to pad the file. Some repeated content to pad the file. Some repeated content to pad the file. Some repeated content to pad the file. Some repeated content to pad the file. Some repeated content to pad the file. Some repeated content to pad the file. Some repeated content to pad the file. Some repeated content to pad the file. Some repeated content to pad the file. Some repeated content to pad the file. Some repeated content to pad the file. Some repeated content to pad the file. Some repeated content to pad the file. Some repeated content to pad the file. Some repeated content to pad the file. Some repeated content to pad the file. Some repeated content to pad the file. Some repeated content to pad the file. Some repeated content to pad the file. Some repeated content to pad the file. Some repeated content to pad the file. Some repeated content to pad the file. Some repeated content to pad the file. Some repeated content to pad the file. Some repeated content to pad the file. Some repeated content to pad the file. Some repeated content to pad the file. Some repeated content to pad the file. Some repeated content to pad the file. Some repeated content to pad the file. Some repeated content to pad the file. Some repeated content to pad the file. Some repeated content to pad the file. Some repeated content to pad the file. Some repeated content to pad the file. Some repeated content to pad the file. Some repeated content to pad the file. Some repeated content to pad the file. Some repeated content to pad the file. Some repeated content to pad the file. Some repeated content to pad the file. Some repeated content to pad the file. Some repeated content to pad the file. Some repeated content to pad the file. Some repeated content to pad the file. Some repeated content to pad the file. Some repeated content to pad the file. Some repeated content to pad the file. Some repeated content to pad the file. Some repeated content to pad the file. Some repeated content to pad the file. Some repeated content to pad the file. Some repeated content to pad the file. Some repeated content to pad the file. Some repeated content to pad the file. Some repeated content to pad the file. Some repeated content to pad the file. Some repeated content to pad the file. Some repeated content to pad the file. Some repeated content to pad the file. Some repeated content to pad the file. Some repeated content to pad the file. Some repeated content to pad the file. Some repeated content to pad the file. Some repeated content to pad the file. Some repeated content to pad the file. Some repeated content to pad the file. Some repeated content to pad the file. Some repeated content to pad the file. Some repeated content to pad the file. Some repeated content to pad the file. Some repeated content to pad the file. Some repeated content to pad the file. Some repeated content to pad the file. Some repeated content to pad the file. Some repeated content to pad the file. Some repeated content to pad the file. Some repeated content to pad the file. Some repeated content to pad the file. Some repeated content to pad the file. Some repeated content to pad the file. Some repeated content to pad the file. Some repeated content to pad the file. Some repeated content to pad the file. Some repeated content to pad the file. Some repeated content to pad the file. Some repeated content to pad the file. Some repeated content to pad the file. Some repeated content to pad the file. Some repeated content to pad the file. Some repeated content to pad the file. Some repeated content to pad the file. Some repeated content to pad the file. Some repeated content to pad the file. Some repeated content to pad the file. Some repeated content to pad the file. Some repeated content to pad the file. Some repeated content to pad the file. Some repeated content to pad the file. Some repeated content to pad the file. Some repeated content to pad the file. Some repeated content to pad the file. Some repeated content to pad the file. Some repeated content to pad the file. Some repeated content to pad the file. Some repeated content to pad the file. Some repeated content to pad the file. Some repeated content to pad the file. Some repeated content to pad the file. Some repeated content to pad the file. Some repeated content to pad the file. Some repeated content to pad the file. Some repeated content to pad the file. Some repeated content to pad the file. Some repeated content to pad the file. Some repeated content to pad the file. Some repeated content to pad the file. Some repeated content to pad the file. Some repeated content to pad the file. Some repeated content to pad the file. Some repeated content to pad the file. Some repeated content to pad the file. Some repeated content to pad the file. Some repeated content to pad the file. Some repeated content to pad the file. Some repeated content to pad the file. Some repeated content to pad the file. Some repeated content to pad the file. Some repeated content to pad the file. Some repeated content to pad the file. Some repeated content to pad the file. Some repeated content to pad the file. Some repeated content to pad the file. Some repeated content to pad the file. Some repeated content to pad the file. Some repeated content to pad the file. Some repeated content to pad the file. Some repeated content to pad the file. Some repeated content to pad the file. Some repeated content to pad the file. Some repeated content to pad the file. Some repeated content to pad the file. Some repeated content to pad the file. Some repeated content to pad the file. Some repeated content to pad the file. Some repeated content to pad the file. Some repeated content to pad the file. Some repeated content to pad the file. Some repeated content to pad the file. Some repeated content to pad the file. Some repeated content to pad the file. Some repeated content to pad the file. Some repeated content to pad the file. Some repeated content to pad the file. Some repeated content to pad the file. Some repeated content to pad the file. Some repeated content to pad the file. Some repeated content to pad the file. Some repeated content to pad the file. Some repeated content to pad the file. Some repeated content to pad the file. Some repeated content to pad the file. Some repeated content to pad the file. Some repeated content to pad the file. Some repeated content to pad the file. Some repeated content to pad the file. Some repeated content to pad the file. Some repeated content to pad the file. Some repeated content to pad the file. Some repeated content to pad the file. Some repeated content to pad the file. Some repeated content to pad the file. Some repeated content to pad the file. Some repeated content to pad the file. Some repeated content to pad the file. Some repeated content to pad the file. Some repeated content to pad the file. Some repeated content to pad the file. Some repeated content to pad the file. Some repeated content to pad the file. Some repeated content to pad the file. Some repeated content to pad the file. Some repeated content to pad the file. Some repeated content to pad the file. Some repeated content to pad the file. Some repeated content to pad the file. Some repeated content to pad the file. Some repeated content to pad the file. Some repeated content to pad the file. Some repeated content to pad the file. Some repeated content to pad the file. Some repeated content to pad the file. Some repeated content to pad the file. Some repeated content to pad the file. Some repeated content to pad the file. Some repeated content to pad the file. Some repeated content to pad the file. Some repeated content to pad the file. Some repeated content to pad the file. Some repeated content to pad the file. Some repeated content to pad the file. Some repeated content to pad the file. Some repeated content to pad the file. Some repeated content to pad the file. Some repeated content to pad the file. Some repeated content to pad the file. Some repeated content to pad the file. Some repeated content to pad the file. Some repeated content to pad the file. Some repeated content to pad the file. Some repeated content to pad the file. Some repeated content to pad the file. Some repeated content to pad the file. Some repeated content to pad the file. Some repeated content to pad the file. Some repeated content to pad the file. Some repeated content to pad the file. Some repeated content to pad the file. Some repeated content to pad the file. Some repeated content to pad the file. Some repeated content to pad the file. Some repeated content to pad the file. Some repeated content to pad the file. Some repeated content to pad the file. Some repeated content to pad the file. Some repeated content to pad the file. Some repeated content to pad the file. Some repeated content to pad the file. Some repeated content to pad the file. Some repeated content to pad the file. Some repeated content to pad the file. Some repeated content to pad the file. Some repeated content to pad the file. Some repeated content to pad the file. Some repeated content to pad the file. Some repeated content to pad the file. Some repeated content to pad the file. Some repeated content to pad the file. Some repeated content to pad the file. Some repeated content to pad the file. Some repeated content to pad the file. Some repeated content to pad the file. Some repeated content to pad the file. Some repeated content to pad the file. Some repeated content to pad the file. Some repeated content to pad the file. Some repeated content to pad the file. Some repeated content to pad the file. Some repeated content to pad the file. Some repeated content to pad the file. Some repeated content to pad the file. Some repeated content to pad the file. Some repeated content to pad the file. Some repeated content to pad the file. Some repeated content to pad the file. Some repeated content to pad the file. Some repeated content to pad the file. Some repeated content to pad the file. Some repeated content to pad the file. Some repeated content to pad the file. Some repeated content to pad the file. Some repeated content to pad the file. Some repeated content to pad the file. Some repeated content to pad the file. Some repeated content to pad the file. Some repeated content to pad the file. Some repeated content to pad the file. Some repeated content to pad the file. Some repeated content to pad the file. Some repeated content to pad the file. Some repeated content to pad the file. Some repeated content to pad the file. Some repeated content to pad the file. Some repeated content to pad the file. Some repeated content to pad the file. Some repeated content to pad the file. Some repeated content to pad the file. Some repeated content to pad the file. Some repeated content to pad the file. Some repeated content to pad the file. Some repeated content to pad the file. Some repeated content to pad the file. Some repeated content to pad the file. Some repeated content to pad the file. Some repeated content to pad the file. Some repeated content to pad the file. Some repeated content to pad the file. Some repeated content to pad the file. Some repeated content to pad the file. Some repeated content to pad the file. Some repeated content to pad the file. Some repeated content to pad the file. Some repeated content to pad the file. Some repeated content to pad the file. Some repeated content to pad the file. Some repeated content to pad the file. Some repeated content to pad the file. Some repeated content to pad the file. Some repeated content to pad the file. Some repeated content to pad the file. Some repeated content to pad the file. Some repeated content to pad the file. Some repeated content to pad the file. Some repeated content to pad the file. Some repeated content to pad the file. Some repeated content to pad the file. Some repeated content to pad the file. Some repeated content to pad the file. Some repeated content to pad the file. Some repeated content to pad the file. Some repeated content to pad the file. Some repeated content to pad the file. Some repeated content to pad the file. Some repeated content to pad the file. Some repeated content to pad the file. Some repeated content to pad the file. Some repeated content to pad the file. Some repeated content to pad the file. Some repeated content to pad the file. Some repeated content to pad the file. Some repeated content to pad the file. Some repeated content to pad the file. Some repeated content to pad the file. Some repeated content to pad the file. Some repeated content to pad the file. Some repeated content to pad the file. Some repeated content to pad the file. Some repeated content to pad the file. Some repeated content to pad the file. Some repeated content to pad the file. Some repeated content to pad the file. Some repeated content to pad the file. Some repeated content to pad the file. Some repeated content to pad the file. Some repeated content to pad the file. Some repeated content to pad the file. Some repeated content to pad the file. Some repeated content to pad the file. Some repeated content to pad the file. Some repeated content to pad the file. Some repeated content to pad the file. Some repeated content to pad the file. Some repeated content to pad the file. Some repeated content to pad the file. Some repeated content to pad the file. Some repeated content to pad the file. Some repeated content to pad the file. Some repeated content to pad the file. Some repeated content to pad the file. Some repeated content to pad the file. Some repeated content to pad the file. Some repeated content to pad the file. Some repeated content to pad the file. Some repeated content to pad the file. Some repeated content to pad the file. Some repeated content to pad the file. Some repeated content to pad the file. Some repeated content to pad the file. Some repeated content to pad the file. Some repeated content to pad the file. Some repeated content to pad the file. Some repeated content to pad the file. Some repeated content to pad the file. Some repeated content to pad the file. Some repeated content to pad the file. Some repeated content to pad the file. Some repeated content to pad the file. Some repeated content to pad the file. Some repeated content to pad the file. Some repeated content to pad the file. Some repeated content to pad the file. Some repeated content to pad the file. Some repeated content to pad the file. Some repeated content to pad the file. Some repeated content to pad the file. Some repeated content to pad the file. Some repeated content to pad the file. Some repeated content to pad the file. Some repeated content to pad the file. Some repeated content to pad the file. Some repeated content to pad the file. Some repeated content to pad the file. Some repeated content to pad the file. Some repeated content to pad the file. Some repeated content to pad the file. Some repeated content to pad the file. Some repeated content to pad the file. Some repeated content to pad the file. Some repeated content to pad the file. Some repeated content to pad the file. Some repeated content to pad the file. Some repeated content to pad the file. Some repeated content to pad the file. Some repeated content to pad the file. Some repeated content to pad the file. Some repeated content to pad the file. Some repeated content to pad the file. Some repeated content to pad the file. Some repeated content to pad the file. Some repeated content to pad the file. Some repeated content to pad the file. Some repeated content to pad the file. Some repeated content to pad the file. Some repeated content to pad the file. Some repeated content to pad the file. Some repeated content to pad the file. Some repeated content to pad the file. Some repeated content to pad the file. Some repeated content to pad the file. Some repeated content to pad the file. Some repeated content to pad the file. Some repeated content to pad the file. Some repeated content to pad the file. Some repeated content to pad the file. Some repeated content to pad the file. Some repeated content to pad the file. Some repeated content to pad the file. Some repeated content to pad the file. Some repeated content to pad the file. Some repeated content to pad the file. Some repeated content to pad the file. Some repeated content to pad the file. Some repeated content to pad the file. Some repeated content to pad the file. Some repeated content to pad the file. Some repeated content to pad the file. Some repeated content to pad the file. Some repeated content to pad the file. Some repeated content to pad the file. Some repeated content to pad the file. Some repeated content to pad the file. Some repeated content to pad the file. Some repeated content to pad the file. Some repeated content to pad the file. Some repeated content to pad the file. Some repeated content to pad the file. Some repeated content to pad the file. Some repeated content to pad the file. Some repeated content to pad the file. Some repeated content to pad the file. Some repeated content to pad the file. Some repeated content to pad the file. Some repeated content to pad the file. Some repeated content to pad the file. Some repeated content to pad the file. Some repeated content to pad the file. Some repeated content to pad the file. Some repeated content to pad the file. Some repeated content to pad the file. Some repeated content to pad the file. Some repeated content to pad the file. Some repeated content to pad the file. Some repeated content to pad the file. Some repeated content to pad the file. Some repeated content to pad the file. Some repeated content to pad the file. Some repeated content to pad the file. Some repeated content to pad the file. Some repeated content to pad the file. Some repeated content to pad the file. Some repeated content to pad the file. Some repeated content to pad the file. Some repeated content to pad the file. Some repeated content to pad the file. Some repeated content to pad the file. Some repeated content to pad the file. Some repeated content to pad the file. Some repeated content to pad the file. Some repeated content to pad the file. Some repeated content to pad the file. Some repeated content to pad the file. Some repeated content to pad the file. Some repeated content to pad the file. Some repeated content to pad the file. Some repeated content to pad the file. Some repeated content to pad the file. Some repeated content to pad the file. Some repeated content to pad the file. Some repeated content to pad the file. Some repeated content to pad the file. Some repeated content to pad the file. Some repeated content to pad the file. Some repeated content to pad the file. Some repeated content to pad the file. Some repeated content to pad the file. Some repeated content to pad the file. Some repeated content to pad the file. Some repeated content to pad the file. Some repeated content to pad the file. Some repeated content to pad the file. Some repeated content to pad the file. Some repeated content to pad the file. Some repeated content to pad the file. Some repeated content to pad the file. Some repeated content to pad the file. Some repeated content to pad the file. Some repeated content to pad the file. Some repeated content to pad the file. Some repeated content to pad the file. Some repeated content to pad the file. Some repeated content to pad the file. Some repeated content to pad the file. Some repeated content to pad the file. Some repeated content to pad the file. Some repeated content to pad the file. Some repeated content to pad the file. Some repeated content to pad the file. Some repeated content to pad the file. Some repeated content to pad the file. Some repeated content to pad the file. Some repeated content to pad the file. Some repeated content to pad the file. Some repeated content to pad the file. Some repeated content to pad the file. Some repeated content to pad the file. Some repeated content to pad the file. Some repeated content to pad the file. Some repeated content to pad the file. Some repeated content to pad the file. Some repeated content to pad the file. Some repeated content to pad the file. Some repeated content to pad the file. Some repeated content to pad the file. Some repeated content to pad the file. Some repeated content to pad the file. Some repeated content to pad the file. Some repeated content to pad the file. Some repeated content to pad the file. Some repeated content to pad the file. Some repeated content to pad the file. Some repeated content to pad the file. Some repeated content to pad the file. Some repeated content to pad the file. Some repeated content to pad the file. Some repeated content to pad the file. Some repeated content to pad the file. Some repeated content to pad the file. Some repeated content to pad the file. Some repeated content to pad the file. Some repeated content to pad the file. Some repeated content to pad the file. Some repeated content to pad the file. Some repeated content to pad the file. Some repeated content to pad the file. Some repeated content to pad the file. Some repeated content to pad the file. Some repeated content to pad the file. Some repeated content to pad the file. Some repeated content to pad the file. Some repeated content to pad the file. Some repeated content to pad the file. Some repeated content to pad the file. Some repeated content to pad the file. Some repeated content to pad the file. Some repeated content to pad the file. Some repeated content to pad the file. Some repeated content to pad the file. Some repeated content to pad the file. Some repeated content to pad the file. Some repeated content to pad the file. Some repeated content to pad the file. Some repeated content to pad the file. Some repeated content to pad the file. Some repeated content to pad the file. Some repeated content to pad the file. Some repeated content to pad the file. Some repeated content to pad the file. Some repeated content to pad the file. Some repeated content to pad the file. Some repeated content to pad the file. Some repeated content to pad the file. Some repeated content to pad the file. Some repeated content to pad the file. Some repeated content to pad the file. Some repeated content to pad the file. Some repeated content to pad the file. Some repeated content to pad the file. Some repeated content to pad the file. Some repeated content to pad the file. Some repeated content to pad the file. Some repeated content to pad the file. Some repeated content to pad the file. Some repeated content to pad the file. Some repeated content to pad the file. Some repeated content to pad the file. Some repeated content to pad the file. Some repeated content to pad the file. Some repeated content to pad the file. Some repeated content to pad the file. Some repeated content to pad the file. Some repeated content to pad the file. Some repeated content to pad the file. Some repeated content to pad the file. Some repeated content to pad the file. Some repeated content to pad the file. Some repeated content to pad the file. Some repeated content to pad the file. Some repeated content to pad the file. Some repeated content to pad the file. Some repeated content to pad the file. Some repeated content to pad the file. Some repeated content to pad the file. Some repeated content to pad the file. Some repeated content to pad the file. Some repeated content to pad the file. Some repeated content to pad the file. Some repeated content to pad the file. Some repeated content to pad the file. Some repeated content to pad the file. Some repeated content to pad the file. Some repeated content to pad the file. Some repeated content to pad the file. Some repeated content to pad the file. Some repeated content to pad the file. Some repeated content to pad the file. Some repeated content to pad the file. Some repeated content to pad the file. Some repeated content to pad the file. Some repeated content to pad the file. Some repeated content to pad the file. Some repeated content to pad the file. Some repeated content to pad the file. Some repeated content to pad the file. Some repeated content to pad the file. Some repeated content to pad the file. Some repeated content to pad the file. Some repeated content to pad the file. Some repeated content to pad the file. Some repeated content to pad the file. Some repeated content to pad the file. Some repeated content to pad the file. Some repeated content to pad the file. Some repeated content to pad the file. Some repeated content to pad the file. Some repeated content to pad the file. Some repeated content to pad the file. Some repeated content to pad the file. Some repeated content to pad the file. Some repeated content to pad the file. Some repeated content to pad the file. Some repeated content to pad the file. Some repeated content to pad the file. Some repeated content to pad the file. Some repeated content to pad the file. Some repeated content to pad the file. Some repeated content to pad the file. Some repeated content to pad the file. Some repeated content to pad the file. Some repeated content to pad the file. Some repeated content to pad the file. Some repeated content to pad the file. Some repeated content to pad the file. Some repeated content to pad the file. Some repeated content to pad the file. Some repeated content to pad the file. Some repeated content to pad the file. Some repeated content to pad the file. Some repeated content to pad the file. Some repeated content to pad the file. Some repeated content to pad the file. Some repeated content to pad the file. Some repeated content to pad the file. Some repeated content to pad the file. Some repeated content to pad the file. Some repeated content to pad the file. Some repeated content to pad the file. Some repeated content to pad the file. Some repeated content to pad the file. Some repeated content to pad the file. Some repeated content to pad the file. Some repeated content to pad the file. Some repeated content to pad the file. Some repeated content to pad the file. Some repeated content to pad the file. Some repeated content to pad the file. Some repeated content to pad the file. Some repeated content to pad the file. Some repeated content to pad the file. Some repeated content to pad the file. Some repeated content to pad the file. Some repeated content to pad the file. Some repeated content to pad the file. Some repeated content to pad the file. Some repeated content to pad the file. Some repeated content to pad the file. Some repeated content to pad the file. Some repeated content to pad the file. Some repeated content to pad the file. Some repeated content to pad the file. Some repeated content to pad the file. Some repeated content to pad the file. Some repeated content to pad the file. Some repeated content to pad the file. Some repeated content to pad the file. Some repeated content to pad the file. Some repeated content to pad the file. Some repeated content to pad the file. Some repeated content to pad the file. Some repeated content to pad the file. Some repeated content to pad the file. Some repeated content to pad the file. Some repeated content to pad the file. Some repeated content to pad the file. Some repeated content to pad the file. Some repeated content to pad the file. Some repeated content to pad the file. Some repeated content to pad the file. Some repeated content to pad the file. Some repeated content to pad the file. Some repeated content to pad the file. Some repeated content to pad the file. Some repeated content to pad the file. Some repeated content to pad the file. Some repeated content to pad the file. Some repeated content to pad the file. Some repeated content to pad the file. Some repeated content to pad the file. Some repeated content to pad the file. Some repeated content to pad the file. Some repeated content to pad the file. Some repeated content to pad the file. Some repeated content to pad the file. Some repeated content to pad the file. Some repeated content to pad the file. Some repeated content to pad the file. Some repeated content to pad the file. Some repeated content to pad the file. Some repeated content to pad the file. Some repeated content to pad the file. Some repeated content to pad the file. Some repeated content to pad the file. Some repeated content to pad the file. Some repeated content to pad the file. Some repeated content to pad the file. Some repeated content to pad the file. Some repeated content to pad the file. Some repeated content to pad the file. Some repeated content to pad the file. Some repeated content to pad the file. Some repeated content to pad the file. Some repeated content to pad the file. Some repeated content to pad the file. Some repeated content to pad the file. Some repeated content to pad the file. Some repeated content to pad the file. Some repeated content to pad the file. Some repeated content to pad the file. Some repeated content to pad the file. Some repeated content to pad the file. Some repeated content to pad the file. Some repeated content to pad the file. Some repeated content to pad the file. Some repeated content to pad the file. Some repeated content to pad the file. Some repeated content to pad the file. Some repeated content to pad the file. Some repeated content to pad the file. Some repeated content to pad the file. Some repeated content to pad the file. Some repeated content to pad the file. Some repeated content to pad the file. Some repeated content to pad the file. Some repeated content to pad the file. Some repeated content to pad the file. Some repeated content to pad the file. Some repeated content to pad the file. Some repeated content to pad the file. Some repeated content to pad the file. Some repeated content to pad the file. Some repeated content to pad the file. Some repeated content to pad the file. Some repeated content to pad the file. Some repeated content to pad the file. Some repeated content to pad the file. Some repeated content to pad the file. Some repeated content to pad the file. Some repeated content to pad the file. Some repeated content to pad the file. Some repeated content to pad the file. Some repeated content to pad the file. Some repeated content to pad the file. Some repeated content to pad the file. Some repeated content to pad the file. Some repeated content to pad the file. Some repeated content to pad the file. Some repeated content to pad the file. Some repeated content to pad the file. Some repeated content to pad the file. Some repeated content to pad the file. Some repeated content to pad the file. Some repeated content to pad the file. Some repeated content to pad the file. Some repeated content to pad the file. Some repeated content to pad the file. Some repeated content to pad the file. Some repeated content to pad the file. Some repeated content to pad the file. Some repeated content to pad the file. Some repeated content to pad the file. Some repeated content to pad the file. Some repeated content to pad the file. Some repeated content to pad the file. Some repeated content to pad the file. Some repeated content to pad the file. Some repeated content to pad the file. Some repeated content to pad the file. Some repeated content to pad the file. Some repeated content to pad the file. Some repeated content to pad the file. Some repeated content to pad the file. Some repeated content to pad the file. Some repeated content to pad the file. Some repeated content to pad the file. Some repeated content to pad the file. Some repeated content to pad the file. Some repeated content to pad the file. Some repeated content to pad the file. Some repeated content to pad the file. Some repeated content to pad the file. Some repeated content to pad the file. Some repeated content to pad the file. Some repeated content to pad the file. Some repeated content to pad the file. Some repeated content to pad the file. Some repeated content to pad the file. Some repeated content to pad the file. Some repeated content to pad the file. Some repeated content to pad the file. Some repeated content to pad the file. Some repeated content to pad the file. Some repeated content to pad the file. Some repeated content to pad the file. Some repeated content to pad the file. Some repeated content to pad the file. Some repeated content to pad the file. Some repeated content to pad the file. Some repeated content to pad the file. Some repeated content to pad the file. Some repeated content to pad the file. Some repeated content to pad the file. Some repeated content to pad the file. Some repeated content to pad the file. Some repeated content to pad the file. Some repeated content to pad the file. Some repeated content to pad the file. Some repeated content to pad the file. Some repeated content to pad the file. Some repeated content to pad the file. Some repeated content to pad the file. Some repeated content to pad the file. Some repeated content to pad the file. Some repeated content to pad the file. Some repeated content to pad the file. Some repeated content to pad the file. Some repeated content to pad the file. Some repeated content to pad the file. Some repeated content to pad the file. Some repeated content to pad the file. Some repeated content to pad the file. Some repeated content to pad the file. Some repeated content to pad the file. Some repeated content to pad the file. Some repeated content to pad the file. Some repeated content to pad the file. Some repeated content to pad the file. Some repeated content to pad the file. Some repeated content to pad the file. Some repeated content to pad the file. Some repeated content to pad the file. Some repeated content to pad the file. Some repeated content to pad the file. Some repeated content to pad the file. Some repeated content to pad the file. Some repeated content to pad the file. Some repeated content to pad the file. Some repeated content to pad the file. Some repeated content to pad the file. Some repeated content to pad the file. Some repeated content to pad the file. Some repeated content to pad the file. Some repeated content to pad the file. Some repeated content to pad the file. Some repeated content to pad the file. Some repeated content to pad the file. Some repeated content to pad the file. Some repeated content to pad the file. Some repeated content to pad the file. Some repeated content to pad the file. Some repeated content to pad the file. Some repeated content to pad the file. Some repeated content to pad the file. Some repeated content to pad the file. Some repeated content to pad the file. Some repeated content to pad the file. Some repeated content to pad the file. Some repeated content to pad the file. Some repeated content to pad the file. Some repeated content to pad the file. Some repeated content to pad the file. Some repeated content to pad the file. Some repeated content to pad the file. Some repeated content to pad the file. Some repeated content to pad the file. Some repeated content to pad the file. Some repeated content to pad the file. Some repeated content to pad the file. Some repeated content to pad the file. Some repeated content to pad the file. Some repeated content to pad the file. Some repeated content to pad the file. Some repeated content to pad the file. Some repeated content to pad the file. Some repeated content to pad the file. Some repeated content to pad the file. Some repeated content to pad the file. Some repeated content to pad the file. Some repeated content to pad the file. Some repeated content to pad the file. Some repeated content to pad the file. Some repeated content to pad the file. Some repeated content to pad the file. Some repeated content to pad the file. Some repeated content to pad the file. Some repeated content to pad the file. Some repeated content to pad the file. Some repeated content to pad the file. Some repeated content to pad the file. Some repeated content to pad the file. Some repeated content to pad the file. Some repeated content to pad the file. Some repeated content to pad the file. Some repeated content to pad the file. Some repeated content to pad the file. Some repeated content to pad the file. Some repeated content to pad the file. Some repeated content to pad the file. Some repeated content to pad the file. Some repeated content to pad the file. Some repeated content to pad the file. Some repeated content to pad the file. Some repeated content to pad the file. Some repeated content to pad the file. Some repeated content to pad the file. Some repeated content to pad the file. Some repeated content to pad the file. Some repeated content to pad the file. Some repeated content to pad the file. Some repeated content to pad the file. Some repeated content to pad the file. Some repeated content to pad the file. Some repeated content to pad the file. Some repeated content to pad the file. Some repeated content to pad the file. Some repeated content to pad the file. Some repeated content to pad the file. Some repeated content to pad the file. Some repeated content to pad the file. Some repeated content to pad the file. Some repeated content to pad the file. Some repeated content to pad the file. Some repeated content to pad the file. Some repeated content to pad the file. Some repeated content to pad the file. Some repeated content to pad the file. Some repeated content to pad the file. Some repeated content to pad the file. Some repeated content to pad the file. Some repeated content to pad the file. Some repeated content to pad the file. Some repeated content to pad the file. Some repeated content to pad the file. Some repeated content to pad the file. Some repeated content to pad the file. Some repeated content to pad the file. Some repeated content to pad the file. Some repeated content to pad the file. Some repeated content to pad the file. Some repeated content to pad the file. Some repeated content to pad the file. Some repeated content to pad the file. Some repeated content to pad the file. Some repeated content to pad the file. Some repeated content to pad the file. Some repeated content to pad the file. Some repeated content to pad the file. Some repeated content to pad the file. Some repeated content to pad the file. Some repeated content to pad the file. Some repeated content to pad the file. Some repeated content to pad the file. Some repeated content to pad the file. Some repeated content to pad the file. Some repeated content to pad the file. Some repeated content to pad the file. Some repeated content to pad the file. Some repeated content to pad the file. Some repeated content to pad the file. Some repeated content to pad the file. Some repeated content to pad the file. Some repeated content to pad the file. Some repeated content to pad the file. Some repeated content to pad the file. Some repeated content to pad the file. Some repeated content to pad the file. Some repeated content to pad the file. Some repeated content to pad the file. Some repeated content to pad the file. Some repeated content to pad the file. Some repeated content to pad the file. Some repeated content to pad the file. Some repeated content to pad the file. Some repeated content to pad the file. Some repeated content to pad the file. Some repeated content to pad the file. Some repeated content to pad the file. Some repeated content to pad the file. Some repeated content to pad the file. Some repeated content to pad the file. Some repeated content to pad the file. Some repeated content to pad the file. Some repeated content to pad the file. Some repeated content to pad the file. Some repeated content to pad the file. Some repeated content to pad the file. Some repeated content to pad the file. Some repeated content to pad the file. Some repeated content to pad the file. Some repeated content to pad the file. Some repeated content to pad the file. Some repeated content to pad the file. Some repeated content to pad the file. Some repeated content to pad the file. Some repeated content to pad the file. Some repeated content to pad the file. Some repeated content to pad the file. Some repeated content to pad the file. Some repeated content to pad the file. Some repeated content to pad the file. Some repeated content to pad the file. Some repeated content to pad the file. Some repeated content to pad the file. Some repeated content to pad the file. Some repeated content to pad the file. Some repeated content to pad the file. Some repeated content to pad the file. Some repeated content to pad the file. Some repeated content to pad the file. Some repeated content to pad the file. Some repeated content to pad the file. Some repeated content to pad the file. Some repeated content to pad the file. Some repeated content to pad the file. Some repeated content to pad the file. Some repeated content to pad the file. Some repeated content to pad the file. Some repeated content to pad the file. Some repeated content to pad the file. Some repeated content to pad the file. Some repeated content to pad the file. Some repeated content to pad the file. Some repeated content to pad the file. Some repeated content to pad the file. Some repeated content to pad the file. Some repeated content to pad the file. Some repeated content to pad the file. Some repeated content to pad the file. Some repeated content to pad the file. Some repeated content to pad the file. Some repeated content to pad the file. Some repeated content to pad the file. Some repeated content to pad the file. Some repeated content to pad the file. Some repeated content to pad the file. Some repeated content to pad the file. Some repeated content to pad the file. Some repeated content to pad the file. Some repeated content to pad the file. Some repeated content to pad the file. Some repeated content to pad the file. Some repeated content to pad the file. Some repeated content to pad the file. Some repeated content to pad the file. Some repeated content to pad the file. Some repeated content to pad the file. Some repeated content to pad the file. Some repeated content to pad the file. Some repeated content to pad the file. Some repeated content to pad the file. Some repeated content to pad the file. Some repeated content to pad the file. Some repeated content to pad the file. Some repeated content to pad the file. Some repeated content to pad the file. Some repeated content to pad the file. Some repeated content to pad the file. Some repeated content to pad the file. Some repeated content to pad the file. Some repeated content to pad the file. Some repeated content to pad the file. Some repeated content to pad the file. Some repeated content to pad the file. Some repeated content to pad the file. Some repeated content to pad the file. Some repeated content to pad the file. Some repeated content to pad the file. Some repeated content to pad the file. Some repeated content to pad the file. Some repeated content to pad the file. Some repeated content to pad the file. Some repeated content to pad the file. Some repeated content to pad the file. Some repeated content to pad the file. Some repeated content to pad the file. Some repeated content to pad the file. Some repeated content to pad the file. Some repeated content to pad the file. Some repeated content to pad the file. Some repeated content to pad the file. Some repeated content to pad the file. Some repeated content to pad the file. Some repeated content to pad the file. Some repeated content to pad the file. Some repeated content to pad the file. Some repeated content to pad the file. Some repeated content to pad the file. Some repeated content to pad the file. Some repeated content to pad the file. Some repeated content to pad the file. Some repeated content to pad the file. Some repeated content to pad the file. Some repeated content to pad the file. Some repeated content to pad the file. Some repeated content to pad the file. Some repeated content to pad the file. Some repeated content to pad the file. Some repeated content to pad the file. Some repeated content to pad the file. Some repeated content to pad the file. Some repeated content to pad the file. Some repeated content to pad the file. Some repeated content to pad the file. Some repeated content to pad the file. Some repeated content to pad the file. Some repeated content to pad the file. Some repeated content to pad the file. Some repeated content to pad the file. Some repeated content to pad the file. Some repeated content to pad the file. Some repeated content to pad the file. Some repeated content to pad the file. Some repeated content to pad the file. Some repeated content to pad the file. Some repeated content to pad the file. Some repeated content to pad the file. Some repeated content to pad the file. Some repeated content to pad the file. Some repeated content to pad the file. Some repeated content to pad the file. Some repeated content to pad the file. Some repeated content to pad the file. Some repeated content to pad the file. Some repeated content to pad the file. Some repeated content to pad the file. Some repeated content to pad the file. Some repeated content to pad the file. Some repeated content to pad the file. Some repeated content to pad the file. Some repeated content to pad the file. Some repeated content to pad the file. Some repeated content to pad the file. Some repeated content to pad the file. Some repeated content to pad the file. Some repeated content to pad the file. Some repeated content to pad the file. Some repeated content to pad the file. Some repeated content to pad the file. Some repeated content to pad the file. Some repeated content to pad the file. Some repeated content to pad the file. Some repeated content to pad the file. Some repeated content to pad the file. Some repeated content to pad the file. Some repeated content to pad the file. Some repeated content to pad the file. Some repeated content to pad the file. Some repeated content to pad the file. Some repeated content to pad the file. Some repeated content to pad the file. Some repeated content to pad the file. Some repeated content to pad the file. Some repeated content to pad the file. Some repeated content to pad the file. Some repeated content to pad the file. Some repeated content to pad the file. Some repeated content to pad the file. Some repeated content to pad the file. Some repeated content to pad the file. Some repeated content to pad the file. Some repeated content to pad the file. Some repeated content to pad the file. Some repeated content to pad the file. Some repeated content to pad the file. Some repeated content to pad the file. Some repeated content to pad the file. Some repeated content to pad the file. Some repeated content to pad the file. Some repeated content to pad the file. Some repeated content to pad the file. Some repeated content to pad the file. Some repeated content to pad the file. Some repeated content to pad the file. Some repeated content to pad the file. Some repeated content to pad the file. Some repeated content to pad the file. Some repeated content to pad the file. Some repeated content to pad the file. Some repeated content to pad the file. Some repeated content to pad the file. Some repeated content to pad the file. Some repeated content to pad the file. Some repeated content to pad the file. Some repeated content to pad the file. Some repeated content to pad the file. Some repeated content to pad the file. Some repeated content to pad the file. Some repeated content to pad the file. Some repeated content to pad the file. Some repeated content to pad the file. Some repeated content to pad the file. Some repeated content to pad the file. Some repeated content to pad the file. Some repeated content to pad the file. Some repeated content to pad the file. Some repeated content to pad the file. Some repeated content to pad the file. Some repeated content to pad the file. Some repeated content to pad the file. Some repeated content to pad the file. Some repeated content to pad the file. Some repeated content to pad the file. Some repeated content to pad the file. Some repeated content to pad the file. Some repeated content to pad the file. Some repeated content to pad the file. Some repeated content to pad the file. Some repeated content to pad the file. Some repeated content to pad the file. Some repeated content to pad the file. Some repeated content to pad the file. Some repeated content to pad the file. Some repeated content to pad the file. Some repeated content to pad the file. Some repeated content to pad the file. Some repeated content to pad the file. Some repeated content to pad the file. Some repeated content to pad the file. Some repeated content to pad the file. Some repeated content to pad the file. Some repeated content to pad the file. Some repeated content to pad the file. Some repeated content to pad the file. Some repeated content to pad the file. Some repeated content to pad the file. Some repeated content to pad the file. Some repeated content to pad the file. Some repeated content to pad the file. Some repeated content to pad the file. Some repeated content to pad the file. Some repeated content to pad the file. Some repeated content to pad the file. Some repeated content to pad the file. Some repeated content to pad the file. Some repeated content to pad the file. Some repeated content to pad the file. Some repeated content to pad the file. Some repeated content to pad the file. Some repeated content to pad the file. Some repeated content to pad the file. Some repeated content to pad the file. Some repeated content to pad the file. Some repeated content to pad the file. Some repeated content to pad the file. Some repeated content to pad the file. Some repeated content to pad the file. Some repeated content to pad the file. Some repeated content to pad the file. Some repeated content to pad the file. Some repeated content to pad the file. Some repeated content to pad the file. Some repeated content to pad the file. Some repeated content to pad the file. Some repeated content to pad the file. Some repeated content to pad the file. Some repeated content to pad the file. Some repeated content to pad the file. Some repeated content to pad the file. Some repeated content to pad the file. Some repeated content to pad the file. Some repeated content to pad the file. Some repeated content to pad the file. Some repeated content to pad the file. Some repeated content to pad the file. Some repeated content to pad the file. Some repeated content to pad the file. Some repeated content to pad the file. Some repeated content to pad the file. Some repeated content to pad the file. Some repeated content to pad the file. Some repeated content to pad the file. Some repeated content to pad the file. Some repeated content to pad the file. Some repeated content to pad the file. Some repeated content to pad the file. Some repeated content to pad the file. Some repeated content to pad the file. Some repeated content to pad the file. Some repeated content to pad the file. Some repeated content to pad the file. Some repeated content to pad the file. Some repeated content to pad the file. Some repeated content to pad the file. Some repeated content to pad the file. Some repeated content to pad the file. Some repeated content to pad the file. Some repeated content to pad the file. Some repeated content to pad the file. Some repeated content to pad the file. Some repeated content to pad the file. Some repeated content to pad the file. Some repeated content to pad the file. Some repeated content to pad the file. Some repeated content to pad the file. Some repeated content to pad the file. Some repeated content to pad the file. Some repeated content to pad the file. Some repeated content to pad the file. Some repeated content to pad the file. Some repeated content to pad the file. Some repeated content to pad the file. Some repeated content to pad the file. Some repeated content to pad the file. Some repeated content to pad the file. Some repeated content to pad the file. Some repeated content to pad the file. Some repeated content to pad the file. Some repeated content to pad the file. Some repeated content to pad the file. Some repeated content to pad the file. Some repeated content to pad the file. Some repeated content to pad the file. Some repeated content to pad the file. Some repeated content to pad the file. Some repeated content to pad the file. Some repeated content to pad the file. Some repeated content to pad the file. Some repeated content to pad the file. Some repeated content to pad the file. Some repeated content to pad the file. Some repeated content to pad the file. Some repeated content to pad the file. Some repeated content to pad the file. Some repeated content to pad the file. Some repeated content to pad the file. Some repeated content to pad the file. Some repeated content to pad the file. Some repeated content to pad the file. Some repeated content to pad the file. Some repeated content to pad the file. Some repeated content to pad the file. Some repeated content to pad the file. Some repeated content to pad the file. Some repeated content to pad the file. Some repeated content to pad the file. Some repeated content to pad the file. Some repeated content to pad the file. Some repeated content to pad the file. Some repeated content to pad the file. Some repeated content to pad the file. Some repeated content to pad the file. Some repeated content to pad the file. Some repeated content to pad the file. Some repeated content to pad the file. Some repeated content to pad the file. Some repeated content to pad the file. Some repeated content to pad the file. Some repeated content to pad the file. Some repeated content to pad the file. Some repeated content to pad the file. Some repeated content to pad the file. Some repeated content to pad the file. Some repeated content to pad the file. Some repeated content to pad the file. Some repeated content to pad the file. Some repeated content to pad the file. Some repeated content to pad the file. Some repeated content to pad the file. Some repeated content to pad the file. Some repeated content to pad the file. Some repeated content to pad the file. Some repeated content to pad the file. Some repeated content to pad the file. Some repeated content to pad the file. Some repeated content to pad the file. Some repeated content to pad the file. Some repeated content to pad the file. Some repeated content to pad the file. Some repeated content to pad the file. Some repeated content to pad the file. Some repeated content to pad the file. Some repeated content to pad the file. Some repeated content to pad the file. Some repeated content to pad the file. Some repeated content to pad the file. Some repeated content to pad the file. Some repeated content to pad the file. Some repeated content to pad the file. Some repeated content to pad the file. Some repeated content to pad the file. Some repeated content to pad the file. Some repeated content to pad the file. Some repeated content to pad the file. Some repeated content to pad the file. Some repeated content to pad the file. Some repeated content to pad the file. Some repeated content to pad the file. Some repeated content to pad the file. Some repeated content to pad the file. Some repeated content to pad the file. Some repeated content to pad the file. Some repeated content to pad the file. Some repeated content to pad the file. Some repeated content to pad the file. Some repeated content to pad the file. Some repeated content to pad the file. Some repeated content to pad the file. Some repeated content to pad the file. Some repeated content to pad the file. Some repeated content to pad the file. Some repeated content to pad the file. Some repeated content to pad the file. Some repeated content to pad the file. Some repeated content to pad the file. Some repeated content to pad the file. Some repeated content to pad the file. Some repeated content to pad the file. Some repeated content to pad the file. Some repeated content to pad the file. Some repeated content to pad the file. Some repeated content to pad the file. Some repeated content to pad the file. Some repeated content to pad the file. Some repeated content to pad the file. Some repeated content to pad the file. Some repeated content to pad the file. Some repeated content to pad the file. Some repeated content to pad the file. Some repeated content to pad the file. Some repeated content to pad the file. Some repeated content to pad the file. Some repeated content to pad the file. Some repeated content to pad the file. Some repeated content to pad the file. Some repeated content to pad the file. Some repeated content to pad the file. Some repeated content to pad the file. Some repeated content to pad the file. Some repeated content to pad the file. Some repeated content to pad the file. Some repeated content to pad the file. Some repeated content to pad the file. Some repeated content to pad the file. Some repeated content to pad the file. Some repeated content to pad the file. Some repeated content to pad the file. Some repeated content to pad the file. Some repeated content to pad the file. Some repeated content to pad the file. Some repeated content to pad the file. Some repeated content to pad the file. Some repeated content to pad the file. Some repeated content to pad the file. Some repeated content to pad the file. Some repeated content to pad the file. Some repeated content to pad the file. Some repeated content to pad the file. Some repeated content to pad the file. Some repeated content to pad the file. Some repeated content to pad the file. Some repeated content to pad the file. Some repeated content to pad the file. Some repeated content to pad the file. Some repeated content to pad the file. Some repeated content to pad the file. Some repeated content to pad the file. Some repeated content to pad the file. Some repeated content to pad the file. Some repeated content to pad the file. Some repeated content to pad the file. Some repeated content to pad the file. Some repeated content to pad the file. Some repeated content to pad the file. Some repeated content to pad the file. Some repeated content to pad the file. Some repeated content to pad the file. Some repeated content to pad the file. Some repeated content to pad the file. Some repeated content to pad the file. Some repeated content to pad the file. Some repeated content to pad the file. Some repeated content to pad the file. Some repeated content to pad the file. Some repeated content to pad the file. Some repeated content to pad the file. Some repeated content to pad the file. Some repeated content to pad the file. Some repeated content to pad the file. Some repeated content to pad the file. Some repeated content to pad the file. Some repeated content to pad the file. Some repeated content to pad the file. Some repeated content to pad the file. Some repeated content to pad the file. Some repeated content to pad the file. Some repeated content to pad the file. Some repeated content to pad the file. Some repeated content to pad the file. Some repeated content to pad the file. Some repeated content to pad the file. Some repeated content to pad the file. Some repeated content to pad the file. Some repeated content to pad the file. Some repeated content to pad the file. Some repeated content to pad the file. Some repeated content to pad the file. Some repeated content to pad the file. Some repeated content to pad the file. Some repeated content to pad the file. Some repeated content to pad the file. Some repeated content to pad the file. Some repeated content to pad the file. Some repeated content to pad the file. Some repeated content to pad the file. Some repeated content to pad the file. Some repeated content to pad the file. Some repeated content to pad the file. Some repeated content to pad the file. Some repeated content to pad the file. Some repeated content to pad the file. Some repeated content to pad the file. Some repeated content to pad the file. Some repeated content to pad the file. Some repeated content to pad the file. Some repeated content to pad the file. Some repeated content to pad the file. Some repeated content to pad the file. Some repeated content to pad the file. Some repeated content to pad the file. Some repeated content to pad the file. Some repeated content to pad the file. Some repeated content to pad the file. Some repeated content to pad the file. Some repeated content to pad the file. Some repeated content to pad the file. Some repeated content to pad the file. Some repeated content to pad the file. Some repeated content to pad the file. Some repeated content to pad the file. Some repeated content to pad the file. Some repeated content to pad the file. Some repeated content to pad the file. Some repeated content to pad the file. Some repeated content to pad the file. Some repeated content to pad the file. Some repeated content to pad the file. Some repeated content to pad the file. Some repeated content to pad the file. Some repeated content to pad the file. Some repeated content to pad the file. Some repeated content to pad the file. Some repeated content to pad the file. Some repeated content to pad the file. Some repeated content to pad the file. Some repeated content to pad the file. Some repeated content to pad the file. Some repeated content to pad the file. Some repeated content to pad the file. Some repeated content to pad the file. Some repeated content to pad the file. Some repeated content to pad the file. Some repeated content to pad the file. Some repeated content to pad the file. Some repeated content to pad the file. Some repeated content to pad the file. Some repeated content to pad the file. Some repeated content to pad the file. Some repeated content to pad the file. Some repeated content to pad the file. Some repeated content to pad the file. Some repeated content to pad the file. Some repeated content to pad the file. Some repeated content to pad the file. Some repeated content to pad the file. Some repeated content to pad the file. Some repeated content to pad the file. Some repeated content to pad the file. Some repeated content to pad the file. Some repeated content to pad the file. Some repeated content to pad the file. Some repeated content to pad the file. Some repeated content to pad the file. Some repeated content to pad the file. Some repeated content to pad the file. Some repeated content to pad the file. Some repeated content to pad the file. Some repeated content to pad the file. Some repeated content to pad the file. Some repeated content to pad the file. Some repeated content to pad the file. Some repeated content to pad the file. Some repeated content to pad the file. Some repeated content to pad the file. Some repeated content to pad the file. Some repeated content to pad the file. Some repeated content to pad the file. Some repeated content to pad the file. Some repeated content to pad the file. Some repeated content to pad the file. Some repeated content to pad the file. Some repeated content to pad the file. Some repeated content to pad the file. Some repeated content to pad the file. Some repeated content to pad the file. Some repeated content to pad the file. Some repeated content to pad the file. Some repeated content to pad the file. Some repeated content to pad the file. Some repeated content to pad the file. Some repeated content to pad the file. Some repeated content to pad the file. Some repeated content to pad the file. Some repeated content to pad the file. Some repeated content to pad the file. Some repeated content to pad the file. Some repeated content to pad the file. Some repeated content to pad the file. Some repeated content to pad the file. Some repeated content to pad the file. Some repeated content to pad the file. Some repeated content to pad the file. Some repeated content to pad the file. Some repeated content to pad the file. Some repeated content to pad the file. Some repeated content to pad the file. Some repeated content to pad the file. Some repeated content to pad the file. Some repeated content to pad the file. Some repeated content to pad the file. Some repeated content to pad the file. Some repeated content to pad the file. Some repeated content to pad the file. Some repeated content to pad the file. Some repeated content to pad the file. Some repeated content to pad the file. Some repeated content to pad the file. Some repeated content to pad the file. Some repeated content to pad the file. Some repeated content to pad the file. Some repeated content to pad the file. Some repeated content to pad the file. Some repeated content to pad the file. Some repeated content to pad the file. Some repeated content to pad the file. Some repeated content to pad the file. Some repeated content to pad the file. Some repeated content to pad the file. Some repeated content to pad the file. Some repeated content to pad the file. Some repeated content to pad the file. Some repeated content to pad the file. Some repeated content to pad the file. Some repeated content to pad the file. Some repeated content to pad the file. Some repeated content to pad the file. Some repeated content to pad the file. Some repeated content to pad the file. Some repeated content to pad the file. Some repeated content to pad the file. Some repeated content to pad the file. Some repeated content to pad the file. Some repeated content to pad the file. Some repeated content to pad the file. Some repeated content to pad the file. Some repeated content to pad the file. Some repeated content to pad the file. Some repeated content to pad the file. Some repeated content to pad the file. Some repeated content to pad the file. Some repeated content to pad the file. Some repeated content to pad the file. Some repeated content to pad the file. Some repeated content to pad the file. Some repeated content to pad the file. Some repeated content to pad the file. Some repeated content to pad the file. Some repeated content to pad the file. Some repeated content to pad the file. Some repeated content to pad the file. Some repeated content to pad the file. Some repeated content to pad the file. Some repeated content to pad the file. Some repeated content to pad the file. Some repeated content to pad the file. Some repeated content to pad the file. Some repeated content to pad the file. Some repeated content to pad the file. Some repeated content to pad the file. Some repeated content to pad the file. Some repeated content to pad the file. Some repeated content to pad the file. Some repeated content to pad the file. Some repeated content to pad the file. Some repeated content to pad the file. Some repeated content to pad the file. Some repeated content to pad the file. Some repeated content to pad the file. Some repeated content to pad the file. Some repeated content to pad the file. Some repeated content to pad the file. Some repeated content to pad the file. Some repeated content to pad the file. Some repeated content to pad the file. Some repeated content to pad the file. Some repeated content to pad the file. Some repeated content to pad the file. Some repeated content to pad the file. Some repeated content to pad the file. Some repeated content to pad the file. Some repeated content to pad the file. Some repeated content to pad the file. Some repeated content to pad the file. Some repeated content to pad the file. Some repeated content to pad the file. Some repeated content to pad the file. Some repeated content to pad the file. Some repeated content to pad the file. Some repeated content to pad the file. Some repeated content to pad the file. Some repeated content to pad the file. Some repeated content to pad the file. Some repeated content to pad the file. Some repeated content to pad the file. Some repeated content to pad the file. Some repeated content to pad the file. Some repeated content to pad the file. Some repeated content to pad the file. Some repeated content to pad the file. Some repeated content to pad the file. Some repeated content to pad the file. Some repeated content to pad the file. Some repeated content to pad the file. Some repeated content to pad the file. Some repeated content to pad the file. Some repeated content to pad the file. Some repeated content to pad the file. Some repeated content to pad the file. Some repeated content to pad the file. Some repeated content to pad the file. Some repeated content to pad the file. Some repeated content to pad the file. Some repeated content to pad the file. Some repeated content to pad the file. Some repeated content to pad the file. Some repeated content to pad the file. Some repeated content to pad the file. Some repeated content to pad the file. Some repeated content to pad the file. Some repeated content to pad the file. Some repeated content to pad the file. Some repeated content to pad the file. Some repeated content to pad the file. Some repeated content to pad the file. Some repeated content to pad the file. Some repeated content to pad the file. Some repeated content to pad the file. Some repeated content to pad the file. Some repeated content to pad the file. Some repeated content to pad the file. Some repeated content to pad the file. Some repeated content to pad the file. Some repeated content to pad the file. Some repeated content to pad the file. Some repeated content to pad the file. Some repeated content to pad the file. Some repeated content to pad the file. Some repeated content to pad the file. Some repeated content to pad the file. Some repeated content to pad the file. Some repeated content to pad the file. Some repeated content to pad the file. Some repeated content to pad the file. Some repeated content to pad the file. Some repeated content to pad the file. Some repeated content to pad the file. Some repeated content to pad the file. Some repeated content to pad the file. Some repeated content to pad the file. Some repeated content to pad the file. Some repeated content to pad the file. Some repeated content to pad the file. Some repeated content to pad the file. Some repeated content to pad the file. Some repeated content to pad the file. Some repeated content to pad the file. Some repeated content to pad the file. Some repeated content to pad the file. Some repeated content to pad the file. Some repeated content to pad the file. Some repeated content to pad the file. Some repeated content to pad the file. Some repeated content to pad the file. Some repeated content to pad the file. Some repeated content to pad the file. Some repeated content to pad the file. Some repeated content to pad the file. Some repeated content to pad the file. Some repeated content to pad the file. Some repeated content to pad the file. Some repeated content to pad the file. Some repeated content to pad the file. Some repeated content to pad the file. Some repeated content to pad the file. Some repeated content to pad the file. Some repeated content to pad the file. Some repeated content to pad the file. Some repeated content to pad the file. Some repeated content to pad the file. Some repeated content to pad the file. Some repeated content to pad the file. Some repeated content to pad the file. Some repeated content to pad the file. Some repeated content to pad the file. Some repeated content to pad the file. Some repeated content to pad the file. Some repeated content to pad the file. Some repeated content to pad the file. Some repeated content to pad the file. Some repeated content to pad the file. Some repeated content to pad the file. Some repeated content to pad the file. Some repeated content to pad the file. Some repeated content to pad the file. Some repeated content to pad the file. Some repeated content to pad the file. Some repeated content to pad the file. Some repeated content to pad the file. Some repeated content to pad the file. Some repeated content to pad the file. Some repeated content to pad the file. Some repeated content to pad the file. Some repeated content to pad the file. Some repeated content to pad the file. Some repeated content to pad the file. Some repeated content to pad the file. Some repeated content to pad the file. Some repeated content to pad the file. Some repeated content to pad the file. Some repeated content to pad the file. Some repeated content to pad the file. Some repeated content to pad the file. Some repeated content to pad the file. Some repeated content to pad the file. Some repeated content to pad the file. Some repeated content to pad the file. Some repeated content to pad the file. Some repeated content to pad the file. Some repeated content to pad the file. Some repeated content to pad the file. Some repeated content to pad the file. Some repeated content to pad the file. Some repeated content to pad the file. Some repeated content to pad the file. Some repeated content to pad the file. Some repeated content to pad the file. Some repeated content to pad the file. Some repeated content to pad the file. Some repeated content to pad the file. Some repeated content to pad the file. Some repeated content to pad the file. Some repeated content to pad the file. Some repeated content to pad the file. Some repeated content to pad the file. Some repeated content to pad the file. Some repeated content to pad the file. Some repeated content to pad the file. Some repeated content to pad the file. Some repeated content to pad the file. Some repeated content to pad the file. Some repeated content to pad the file. Some repeated content to pad the file. Some repeated content to pad the file. Some repeated content to pad the file. Some repeated content to pad the file. Some repeated content to pad the file. Some repeated content to pad the file. Some repeated content to pad the file. Some repeated content to pad the file. Some repeated content to pad the file. Some repeated content to pad the file. Some repeated content to pad the file. Some repeated content to pad the file. Some repeated content to pad the file. Some repeated content to pad the file. Some repeated content to pad the file. Some repeated content to pad the file. Some repeated content to pad the file. Some repeated content to pad the file. Some repeated content to pad the file. Some repeated content to pad the file. Some repeated content to pad the file. Some repeated content to pad the file. Some repeated content to pad the file. Some repeated content to pad the file. Some repeated content to pad the file. Some repeated content to pad the file. Some repeated content to pad the file. Some repeated content to pad the file. Some repeated content to pad the file. Some repeated content to pad the file. Some repeated content to pad the file. Some repeated content to pad the file. Some repeated content to pad the file. Some repeated content to pad the file. Some repeated content to pad the file. Some repeated content to pad the file. Some repeated content to pad the file. Some repeated content to pad the file. Some repeated content to pad the file. Some repeated content to pad the file. Some repeated content to pad the file. Some repeated content to pad the file. Some repeated content to pad the file. Some repeated content to pad the file. Some repeated content to pad the file. Some repeated content to pad the file. Some repeated content to pad the file. Some repeated content to pad the file. Some repeated content to pad the file. Some repeated content to pad the file. Some repeated content to pad the file. Some repeated content to pad the file. Some repeated content to pad the file. Some repeated content to pad the file. Some repeated content to pad the file. Some repeated content to pad the file. Some repeated content to pad the file. Some repeated content to pad the file. Some repeated content to pad the file. Some repeated content to pad the file. Some repeated content to pad the file. Some repeated content to pad the file. Some repeated content to pad the file. Some repeated content to pad the file. Some repeated content to pad the file. Some repeated content to pad the file. Some repeated content to pad the file. Some repeated content to pad the file. Some repeated content to pad the file. Some repeated content to pad the file. Some repeated content to pad the file. Some repeated content to pad the file. Some repeated content to pad the file. Some repeated content to pad the file. Some repeated content to pad the file. Some repeated content to pad the file. Some repeated content to pad the file. Some repeated content to pad the file. Some repeated content to pad the file. Some repeated content to pad the file. Some repeated content to pad the file. Some repeated content to pad the file. Some repeated content to pad the file. Some repeated content to pad the file. Some repeated content to pad the file. Some repeated content to pad the file. Some repeated content to pad the file. Some repeated content to pad the file. Some repeated content to pad the file. Some repeated content to pad the file. Some repeated content to pad the file. Some repeated content to pad the file. Some repeated content to pad the file. Some repeated content to pad the file. Some repeated content to pad the file. Some repeated content to pad the file. Some repeated content to pad the file. Some repeated content to pad the file. Some repeated content to pad the file. Some repeated content to pad the file. Some repeated content to pad the file. Some repeated content to pad the file. Some repeated content to pad the file. Some repeated content to pad the file. Some repeated content to pad the file. Some repeated content to pad the file. Some repeated content to pad the file. Some repeated content to pad the file. Some repeated content to pad the file. Some repeated content to pad the file. Some repeated content to pad the file. Some repeated content to pad the file. Some repeated content to pad the file. Some repeated content to pad the file. Some repeated content to pad the file. Some repeated content to pad the file. Some repeated content to pad the file. Some repeated content to pad the file. Some repeated content to pad the file. Some repeated content to pad the file. Some repeated content to pad the file. Some repeated content to pad the file. Some repeated content to pad the file. Some repeated content to pad the file. Some repeated content to pad the file. Some repeated content to pad the file. Some repeated content to pad the file. Some repeated content to pad the file. Some repeated content to pad the file. Some repeated content to pad the file. Some repeated content to pad the file. Some repeated content to pad the file. Some repeated content to pad the file. Some repeated content to pad the file. Some repeated content to pad the file. Some repeated content to pad the file. Some repeated content to pad the file. Some repeated content to pad the file. Some repeated content to pad the file. Some repeated content to pad the file. Some repeated content to pad the file. Some repeated content to pad the file. Some repeated content to pad the file. Some repeated content to pad the file. Some repeated content to pad the file. Some repeated content to pad the file. Some repeated content to pad the file. Some repeated content to pad the file. Some repeated content to pad the file. Some repeated content to pad the file. Some repeated content to pad the file. Some repeated content to pad the file. Some repeated content to pad the file. Some repeated content to pad the file. Some repeated content to pad the file. Some repeated content to pad the file. Some repeated content to pad the file. Some repeated content to pad the file. Some repeated content to pad the file. Some repeated content to pad the file. Some repeated content to pad the file. Some repeated content to pad the file. Some repeated content to pad the file. Some repeated content to pad the file. Some repeated content to pad the file. Some repeated content to pad the file. Some repeated content to pad the file. Some repeated content to pad the file. Some repeated content to pad the file. Some repeated content to pad the file. Some repeated content to pad the file. Some repeated content to pad the file. Some repeated content to pad the file. Some repeated content to pad the file. Some repeated content to pad the file. Some repeated content to pad the file. Some repeated content to pad the file. Some repeated content to pad the file. Some repeated content to pad the file. Some repeated content to pad the file. Some repeated content to pad the file. Some repeated content to pad the file. Some repeated content to pad the file. Some repeated content to pad the file. Some repeated content to pad the file. Some repeated content to pad the file. Some repeated content to pad the file. Some repeated content to pad the file. Some repeated content to pad the file. Some repeated content to pad the file. Some repeated content to pad the file. Some repeated content to pad the file. Some repeated content to pad the file. Some repeated content to pad the file. Some repeated content to pad the file. Some repeated content to pad the file. Some repeated content to pad the file. Some repeated content to pad the file. Some repeated content to pad the file. Some repeated content to pad the file. Some repeated content to pad the file. Some repeated content to pad the file. Some repeated content to pad the file. Some repeated content to pad the file. Some repeated content to pad the file. Some repeated content to pad the file. Some repeated content to pad the file. Some repeated content to pad the file. Some repeated content to pad the file. Some repeated content to pad the file. Some repeated content to pad the file. Some repeated content to pad the file. Some repeated content to pad the file. Some repeated content to pad the file. Some repeated content to pad the file. Some repeated content to pad the file. Some repeated content to pad the file. Some repeated content to pad the file. Some repeated content to pad the file. Some repeated content to pad the file. Some repeated content to pad the file. Some repeated content to pad the file. Some repeated content to pad the file. Some repeated content to pad the file. Some repeated content to pad the file. Some repeated content to pad the file. Some repeated content to pad the file. Some repeated content to pad the file. Some repeated content to pad the file. Some repeated content to pad the file. Some repeated content to pad the file. Some repeated content to pad the file. Some repeated content to pad the file. Some repeated content to pad the file. Some repeated content to pad the file. Some repeated content to pad the file. Some repeated content to pad the file. Some repeated content to pad the file. Some repeated content to pad the file. Some repeated content to pad the file. Some repeated content to pad the file. Some repeated content to pad the file. Some repeated content to pad the file. Some repeated content to pad the file. Some repeated content to pad the file. Some repeated content to pad the file. Some repeated content to pad the file. Some repeated content to pad the file. Some repeated content to pad the file. Some repeated content to pad the file. Some repeated content to pad the file. Some repeated content to pad the file. Some repeated content to pad the file. Some repeated content to pad the file. Some repeated content to pad the file. Some repeated content to pad the file. Some repeated content to pad the file. Some repeated content to pad the file. Some repeated content to pad the file. Some repeated content to pad the file. Some repeated content to pad the file. Some repeated content to pad the file. Some repeated content to pad the file. Some repeated content to pad the file. Some repeated content to pad the file. Some repeated content to pad the file. Some repeated content to pad the file. Some repeated content to pad the file. Some repeated content to pad the file. Some repeated content to pad the file. Some repeated content to pad the file. Some repeated content to pad the file. Some repeated content to pad the file. Some repeated content to pad the file. Some repeated content to pad the file. Some repeated content to pad the file. Some repeated content to pad the file. Some repeated content to pad the file. Some repeated content to pad the file. Some repeated content to pad the file. Some repeated content to pad the file. Some repeated content to pad the file. Some repeated content to pad the file. Some repeated content to pad the file. Some repeated content to pad the file. Some repeated content to pad the file. Some repeated content to pad the file. Some repeated content to pad the file. Some repeated content to pad the file. Some repeated content to pad the file. Some repeated content to pad the file. Some repeated content to pad the file. Some repeated content to pad the file. Some repeated content to pad the file. Some repeated content to pad the file. Some repeated content to pad the file. Some repeated content to pad the file. Some repeated content to pad the file. Some repeated content to pad the file. Some repeated content to pad the file. Some repeated content to pad the file. Some repeated content to pad the file. Some repeated content to pad the file. Some repeated content to pad the file. Some repeated content to pad the file. Some repeated content to pad the file. Some repeated content to pad the file. Some repeated content to pad the file. Some repeated content to pad the file. Some repeated content to pad the file. Some repeated content to pad the file. Some repeated content to pad the file. Some repeated content to pad the file. Some repeated content to pad the file. Some repeated content to pad the file. Some repeated content to pad the file. Some repeated content to pad the file. Some repeated content to pad the file. Some repeated content to pad the file. Some repeated content to pad the file. Some repeated content to pad the file. Some repeated content to pad the file. Some repeated content to pad the file. Some repeated content to pad the file. Some repeated content to pad the file. Some repeated content to pad the file. Some repeated content to pad the file. Some repeated content to pad the file. Some repeated content to pad the file. Some repeated content to pad the file. Some repeated content to pad the file. Some repeated content to pad the file. Some repeated content to pad the file. Some repeated content to pad the file. Some repeated content to pad the file. Some repeated content to pad the file. Some repeated content to pad the file. Some repeated content to pad the file. Some repeated content to pad the file. Some repeated content to pad the file. Some repeated content to pad the file. Some repeated content to pad the file. Some repeated content to pad the file. Some repeated content to pad the file. Some repeated content to pad the file. Some repeated content to pad the file. Some repeated content to pad the file. Some repeated content to pad the file. Some repeated content to pad the file. Some repeated content to pad the file. Some repeated content to pad the file. Some repeated content to pad the file. Some repeated content to pad the file. Some repeated content to pad the file. Some repeated content to pad the file. Some repeated content to pad the file. Some repeated content to pad the file. Some repeated content to pad the file. Some repeated content to pad the file. Some repeated content to pad the file. Some repeated content to pad the file. Some repeated content to pad the file. Some repeated content to pad the file. Some repeated content to pad the file. Some repeated content to pad the file. Some repeated content to pad the file. Some repeated content to pad the file. Some repeated content to pad the file. Some repeated content to pad the file. Some repeated content to pad the file. Some repeated content to pad the file. Some repeated content to pad the file. Some repeated content to pad the file. Some repeated content to pad the file. Some repeated content to pad the file. Some repeated content to pad the file. Some repeated content to pad the file. Some repeated content to pad the file. Some repeated content to pad the file. Some repeated content to pad the file. Some repeated content to pad the file. Some repeated content to pad the file. Some repeated content to pad the file. Some repeated content to pad the file. Some repeated content to pad the file. Some repeated content to pad the file. Some repeated content to pad the file. Some repeated content to pad the file. Some repeated content to pad the file. Some repeated content to pad the file. Some repeated content to pad the file. Some repeated content to pad the file. Some repeated content to pad the file. Some repeated content to pad the file. Some repeated content to pad the file. Some repeated content to pad the file. Some repeated content to pad the file. Some repeated content to pad the file. Some repeated content to pad the file. Some repeated content to pad the file. Some repeated content to pad the file. Some repeated content to pad the file. Some repeated content to pad the file. Some repeated content to pad the file. Some repeated content to pad the file. Some repeated content to pad the file. Some repeated content to pad the file. Some repeated content to pad the file. Some repeated content to pad the file. Some repeated content to pad the file. Some repeated content to pad the file. Some repeated content to pad the file. Some repeated content to pad the file. Some repeated content to pad the file. Some repeated content to pad the file. Some repeated content to pad the file. Some repeated content to pad the file. Some repeated content to pad the file. Some repeated content to pad the file. Some repeated content to pad the file. Some repeated content to pad the file. Some repeated content to pad the file. Some repeated content to pad the file. Some repeated content to pad the file. Some repeated content to pad the file. Some repeated content to pad the file. Some repeated content to pad the file. Some repeated content to pad the file. Some repeated content to pad the file. Some repeated content to pad the file. Some repeated content to pad the file. Some repeated content to pad the file. Some repeated content to pad the file. Some repeated content to pad the file. Some repeated content to pad the file. Some repeated content to pad the file. Some repeated content to pad the file. Some repeated content to pad the file. Some repeated content to pad the file. Some repeated content to pad the file. Some repeated content to pad the file. Some repeated content to pad the file. Some repeated content to pad the file. Some repeated content to pad the file. Some repeated content to pad the file. Some repeated content to pad the file. Some repeated content to pad the file. Some repeated content to pad the file. Some repeated content to pad the file. Some repeated content to pad the file. Some repeated content to pad the file. Some repeated content to pad the file. Some repeated content to pad the file. Some repeated content to pad the file. Some repeated content to pad the file. Some repeated content to pad the file. Some repeated content to pad the file. Some repeated content to pad the file. Some repeated content to pad the file. Some repeated content to pad the file. Some repeated content to pad the file. Some repeated content to pad the file. Some repeated content to pad the file. Some repeated content to pad the file. Some repeated content to pad the file. Some repeated content to pad the file. Some repeated content to pad the file. Some repeated content to pad the file. Some repeated content to pad the file. Some repeated content to pad the file. Some repeated content to pad the file. Some repeated content to pad the file. Some repeated content to pad the file. Some repeated content to pad the file. Some repeated content to pad the file. Some repeated content to pad the file. Some repeated content to pad the file. Some repeated content to pad the file. Some repeated content to pad the file. Some repeated content to pad the file. Some repeated content to pad the file. Some repeated content to pad the file. Some repeated content to pad the file. Some repeated content to pad the file. Some repeated content to pad the file. Some repeated content to pad the file. Some repeated content to pad the file. Some repeated content to pad the file. Some repeated content to pad the file. Some repeated content to pad the file. Some repeated content to pad the file. Some repeated content to pad the file. Some repeated content to pad the file. Some repeated content to pad the file. Some repeated content to pad the file. Some repeated content to pad the file. Some repeated content to pad the file. Some repeated content to pad the file. Some repeated content to pad the file. Some repeated content to pad the file. Some repeated content to pad the file. Some repeated content to pad the file. Some repeated content to pad the file. Some repeated content to pad the file. Some repeated content to pad the file. Some repeated content to pad the file. Some repeated content to pad the file. Some repeated content to pad the file. Some repeated content to pad the file. Some repeated content to pad the file. Some repeated content to pad the file. Some repeated content to pad the file. Some repeated content to pad the file. Some repeated content to pad the file. Some repeated content to pad the file. Some repeated content to pad the file. Some repeated content to pad the file. Some repeated content to pad the file. Some repeated content to pad the file. Some repeated content to pad the file. Some repeated content to pad the file. Some repeated content to pad the file. Some repeated content to pad the file. Some repeated content to pad the file. Some repeated content to pad the file. Some repeated content to pad the file. Some repeated content to pad the file. Some repeated content to pad the file. Some repeated content to pad the file. Some repeated content to pad the file. Some repeated content to pad the file. Some repeated content to pad the file. Some repeated content to pad the file. Some repeated content to pad the file. Some repeated content to pad the file. Some repeated content to pad the file. Some repeated content to pad the file. Some repeated content to pad the file. Some repeated content to pad the file. Some repeated content to pad the file. Some repeated content to pad the file. Some repeated content to pad the file. Some repeated content to pad the file. Some repeated content to pad the file. Some repeated content to pad the file. Some repeated content to pad the file. Some repeated content to pad the file. Some repeated content to pad the file. Some repeated content to pad the file. Some repeated content to pad the file. Some repeated content to pad the file. Some repeated content to pad the file. Some repeated content to pad the file. Some repeated content to pad the file. Some repeated content to pad the file. Some repeated content to pad the file. Some repeated content to pad the file. Some repeated content to pad the file. Some repeated content to pad the file. Some repeated content to pad the file. Some repeated content to pad the file. Some repeated content to pad the file. Some repeated content to pad the file. Some repeated content to pad the file. Some repeated content to pad the file. Some repeated content to pad the file. Some repeated content to pad the file. Some repeated content to pad the file. Some repeated content to pad the file. Some repeated content to pad the file. Some repeated content to pad the file. Some repeated content to pad the file. Some repeated content to pad the file. Some repeated content to pad the file. Some repeated content to pad the file. Some repeated content to pad the file. Some repeated content to pad the file. Some repeated content to pad the file. Some repeated content to pad the file. Some repeated content to pad the file. Some repeated content to pad the file. Some repeated content to pad the file. Some repeated content to pad the file. Some repeated content to pad the file. Some repeated content to pad the file. Some repeated content to pad the file. Some repeated content to pad the file. Some repeated content to pad the file. Some repeated content to pad the file. Some repeated content to pad the file. Some repeated content to pad the file. Some repeated content to pad the file. Some repeated content to pad the file. Some repeated content to pad the file. Some repeated content to pad the file. Some repeated content to pad the file. Some repeated content to pad the file. Some repeated content to pad the file. Some repeated content to pad the file. Some repeated content to pad the file. Some repeated content to pad the file. Some repeated content to pad the file. Some repeated content to pad the file. Some repeated content to pad the file. Some repeated content to pad the file. Some repeated content to pad the file. Some repeated content to pad the file. Some repeated content to pad the file. Some repeated content to pad the file. Some repeated content to pad the file. Some repeated content to pad the file. Some repeated content to pad the file. Some repeated content to pad the file. Some repeated content to pad the file. Some repeated content to pad the file. Some repeated content to pad the file. Some repeated content to pad the file. Some repeated content to pad the file. Some repeated content to pad the file. Some repeated content to pad the file. Some repeated content to pad the file. Some repeated content to pad the file. Some repeated content to pad the file. Some repeated content to pad the file. Some repeated content to pad the file. Some repeated content to pad the file. Some repeated content to pad the file. Some repeated content to pad the file. Some repeated content to pad the file. Some repeated content to pad the file. Some repeated content to pad the file. Some repeated content to pad the file. Some repeated content to pad the file. Some repeated content to pad the file. Some repeated content to pad the file. Some repeated content to pad the file. Some repeated content to pad the file. Some repeated content to pad the file. Some repeated content to pad the file. Some repeated content to pad the file. Some repeated content to pad the file. Some repeated content to pad the file. Some repeated content to pad the file. Some repeated content to pad the file. Some repeated content to pad the file. Some repeated content to pad the file. Some repeated content to pad the file. Some repeated content to pad the file. Some repeated content to pad the file. Some repeated content to pad the file. Some repeated content to pad the file. Some repeated content to pad the file. Some repeated content to pad the file. Some repeated content to pad the file. Some repeated content to pad the file. Some repeated content to pad the file. Some repeated content to pad the file. Some repeated content to pad the file. Some repeated content to pad the file. Some repeated content to pad the file. Some repeated content to pad the file. Some repeated content to pad the file. Some repeated content to pad the file. Some repeated content to pad the file. Some repeated content to pad the file. Some repeated content to pad the file. Some repeated content to pad the file. Some repeated content to pad the file. Some repeated content to pad the file. Some repeated content to pad the file. Some repeated content to pad the file. Some repeated content to pad the file. Some repeated content to pad the file. Some repeated content to pad the file. Some repeated content to pad the file. Some repeated content to pad the file. Some repeated content to pad the file. Some repeated content to pad the file. Some repeated content to pad the file. Some repeated content to pad the file. Some repeated content to pad the file. Some repeated content to pad the file. Some repeated content to pad the file. Some repeated content to pad the file. Some repeated content to pad the file. Some repeated content to pad the file. Some repeated content to pad the file. Some repeated content to pad the file. Some repeated content to pad the file. Some repeated content to pad the file. Some repeated content to pad the file. Some repeated content to pad the file. Some repeated content to pad the file. Some repeated content to pad the file. Some repeated content to pad the file. Some repeated content to pad the file. Some repeated content to pad the file. Some repeated content to pad the file. Some repeated content to pad the file. Some repeated content to pad the file. Some repeated content to pad the file. Some repeated content to pad the file. Some repeated content to pad the file. Some repeated content to pad the file. Some repeated content to pad the file. Some repeated content to pad the file. Some repeated content to pad the file. Some repeated content to pad the file. Some repeated content to pad the file. Some repeated content to pad the file. Some repeated content to pad the file. Some repeated content to pad the file. Some repeated content to pad the file. Some repeated content to pad the file. Some repeated content to pad the file. Some repeated content to pad the file. Some repeated content to pad the file. Some repeated content to pad the file. Some repeated content to pad the file. Some repeated content to pad the file. Some repeated content to pad the file. Some repeated content to pad the file. Some repeated content to pad the file. Some repeated content to pad the file. Some repeated content to pad the file. Some repeated content to pad the file. Some repeated content to pad the file. Some repeated content to pad the file. Some repeated content to pad the file. Some repeated content to pad the file. Some repeated content to pad the file. Some repeated content to pad the file. Some repeated content to pad the file. Some repeated content to pad the file. Some repeated content to pad the file. Some repeated content to pad the file. Some repeated content to pad the file. Some repeated content to pad the file. Some repeated content to pad the file. Some repeated content to pad the file. Some repeated content to pad the file. Some repeated content to pad the file. Some repeated content to pad the file. Some repeated content to pad the file. Some repeated content to pad the file. Some repeated content to pad the file. Some repeated content to pad the file. Some repeated content to pad the file. Some repeated content to pad the file. Some repeated content to pad the file. Some repeated content to pad the file. Some repeated content to pad the file. Some repeated content to pad the file. Some repeated content to pad the file. Some repeated content to pad the file. Some repeated content to pad the file. Some repeated content to pad the file. Some repeated content to pad the file. Some repeated content to pad the file. Some repeated content to pad the file. Some repeated content to pad the file. Some repeated content to pad the file. Some repeated content to pad the file. Some repeated content to pad the file. Some repeated content to pad the file. Some repeated content to pad the file. Some repeated content to pad the file. Some repeated content to pad the file. Some repeated content to pad the file. Some repeated content to pad the file. Some repeated content to pad the file. Some repeated content to pad the file. Some repeated content to pad the file. Some repeated content to pad the file. Some repeated content to pad the file. Some repeated content to pad the file. Some repeated content to pad the file. Some repeated content to pad the file. Some repeated content to pad the file. Some repeated content to pad the file. Some repeated content to pad the file. Some repeated content to pad the file. Some repeated content to pad the file. Some repeated content to pad the file. Some repeated content to pad the file. Some repeated content to pad the file. Some repeated content to pad the file. Some repeated content to pad the file. Some repeated content to pad the file. Some repeated content to pad the file. Some repeated content to pad the file. Some repeated content to pad the file. Some repeated content to pad the file. Some repeated content to pad the file. Some repeated content to pad the file. Some repeated content to pad the file. Some repeated content to pad the file. Some repeated content to pad the file. Some repeated content to pad the file. Some repeated content to pad the file. Some repeated content to pad the file. Some repeated content to pad the file. Some repeated content to pad the file. Some repeated content to pad the file. Some repeated content to pad the file. Some repeated content to pad the file. Some repeated content to pad the file. Some repeated content to pad the file. Some repeated content to pad the file. Some repeated content to pad the file. Some repeated content to pad the file. Some repeated content to pad the file. Some repeated content to pad the file. Some repeated content to pad the file. Some repeated content to pad the file. Some repeated content to pad the file. Some repeated content to pad the file. Some repeated content to pad the file. Some repeated content to pad the file. Some repeated content to pad the file. Some repeated content to pad the file. Some repeated content to pad the file. Some repeated content to pad the file. Some repeated content to pad the file. Some repeated content to pad the file. Some repeated content to pad the file. Some repeated content to pad the file. Some repeated content to pad the file. Some repeated content to pad the file. Some repeated content to pad the file. Some repeated content to pad the file. Some repeated content to pad the file. Some repeated content to pad the file. Some repeated content to pad the file. Some repeated content to pad the file. Some repeated content to pad the file. Some repeated content to pad the file. Some repeated content to pad the file. Some repeated content to pad the file. Some repeated content to pad the file. Some repeated content to pad the file. Some repeated content to pad the file. Some repeated content to pad the file. Some repeated content to pad the file. Some repeated content to pad the file. Some repeated content to pad the file. Some repeated content to pad the file. Some repeated content to pad the file. Some repeated content to pad the file. Some repeated content to pad the file. Some repeated content to pad the file. Some repeated content to pad the file. Some repeated content to pad the file. Some repeated content to pad the file. Some repeated content to pad the file. Some repeated content to pad the file. Some repeated content to pad the file. Some repeated content to pad the file. Some repeated content to pad the file. Some repeated content to pad the file. Some repeated content to pad the file. Some repeated content to pad the file. Some repeated content to pad the file. Some repeated content to pad the file. Some repeated content to pad the file. Some repeated content to pad the file. Some repeated content to pad the file. Some repeated content to pad the file. Some repeated content to pad the file. Some repeated content to pad the file. Some repeated content to pad the file. Some repeated content to pad the file. Some repeated content to pad the file. Some repeated content to pad the file. Some repeated content to pad the file. Some repeated content to pad the file. Some repeated content to pad the file. Some repeated content to pad the file. Some repeated content to pad the file. Some repeated content to pad the file. Some repeated content to pad the file. Some repeated content to pad the file. Some repeated content to pad the file. Some repeated content to pad the file. Some repeated content to pad the file. Some repeated content to pad the file. Some repeated content to pad the file. Some repeated content to pad the file. Some repeated content to pad the file. Some repeated content to pad the file. Some repeated content to pad the file. Some repeated content to pad the file. Some repeated content to pad the file. Some repeated content to pad the file. Some repeated content to pad the file. Some repeated content to pad the file. Some repeated content to pad the file. Some repeated content to pad the file. Some repeated content to pad the file. Some repeated content to pad the file. Some repeated content to pad the file. Some repeated content to pad the file. Some repeated content to pad the file. Some repeated content to pad the file. Some repeated content to pad the file. Some repeated content to pad the file. Some repeated content to pad the file. Some repeated content to pad the file. Some repeated content to pad the file. Some repeated content to pad the file. Some repeated content to pad the file. Some repeated content to pad the file. Some repeated content to pad the file. Some repeated content to pad the file. Some repeated content to pad the file. Some repeated content to pad the file. Some repeated content to pad the file. Some repeated content to pad the file. Some repeated content to pad the file. Some repeated content to pad the file. Some repeated content to pad the file. Some repeated content to pad the file. Some repeated content to pad the file. Some repeated content to pad the file. Some repeated content to pad the file. Some repeated content to pad the file. Some repeated content to pad the file. Some repeated content to pad the file. Some repeated content to pad the file. Some repeated content to pad the file. Some repeated content to pad the file. Some repeated content to pad the file. Some repeated content to pad the file. Some repeated content to pad the file. Some repeated content to pad the file. Some repeated content to pad the file. Some repeated content to pad the file. Some repeated content to pad the file. Some repeated content to pad the file. Some repeated content to pad the file. Some repeated content to pad the file. Some repeated content to pad the file. Some repeated content to pad the file. Some repeated content to pad the file. Some repeated content to pad the file. Some repeated content to pad the file. Some repeated content to pad the file. Some repeated content to pad the file. Some repeated content to pad the file. Some repeated content to pad the file. Some repeated content to pad the file. Some repeated content to pad the file. Some repeated content to pad the file. Some repeated content to pad the file. Some repeated content to pad the file. Some repeated content to pad the file. Some repeated content to pad the file. Some repeated content to pad the file. Some repeated content to pad the file. Some repeated content to pad the file. Some repeated content to pad the file. Some repeated content to pad the file. Some repeated content to pad the file. Some repeated content to pad the file. Some repeated content to pad the file. Some repeated content to pad the file. Some repeated content to pad the file. Some repeated content to pad the file. Some repeated content to pad the file. Some repeated content to pad the file. Some repeated content to pad the file. Some repeated content to pad the file. Some repeated content to pad the file. Some repeated content to pad the file. Some repeated content to pad the file. Some repeated content to pad the file. Some repeated content to pad the file. Some repeated content to pad the file. Some repeated content to pad the file. Some repeated content to pad the file. Some repeated content to pad the file. Some repeated content to pad the file. Some repeated content to pad the file. Some repeated content to pad the file. Some repeated content to pad the file. Some repeated content to pad the file. Some repeated content to pad the file. Some repeated content to pad the file. Some repeated content to pad the file. Some repeated content to pad the file. Some repeated content to pad the file. Some repeated content to pad the file. Some repeated content to pad the file. Some repeated content to pad the file. Some repeated content to pad the file. Some repeated content to pad the file. Some repeated content to pad the file. Some repeated content to pad the file. Some repeated content to pad the file. Some repeated content to pad the file. Some repeated content to pad the file. Some repeated content to pad the file. Some repeated content to pad the file. Some repeated content to pad the file. Some repeated content to pad the file. Some repeated content to pad the file. Some repeated content to pad the file. Some repeated content to pad the file. Some repeated content to pad the file. Some repeated content to pad the file. Some repeated content to pad the file. Some repeated content to pad the file. Some repeated content to pad the file. Some repeated content to pad the file. Some repeated content to pad the file. Some repeated content to pad the file. Some repeated content to pad the file. Some repeated content to pad the file. Some repeated content to pad the file. Some repeated content to pad the file. Some repeated content to pad the file. Some repeated content to pad the file. Some repeated content to pad the file. Some repeated content to pad the file. Some repeated content to pad the file. Some repeated content to pad the file. Some repeated content to pad the file. Some repeated content to pad the file. Some repeated content to pad the file. Some repeated content to pad the file. Some repeated content to pad the file. Some repeated content to pad the file. Some repeated content to pad the file. Some repeated content to pad the file. Some repeated content to pad the file. Some repeated content to pad the file. Some repeated content to pad the file. Some repeated content to pad the file. Some repeated content to pad the file. Some repeated content to pad the file. Some repeated content to pad the file. Some repeated content to pad the file. Some repeated content to pad the file. Some repeated content to pad the file. Some repeated content to pad the file. Some repeated content to pad the file. Some repeated content to pad the file. Some repeated content to pad the file. Some repeated content to pad the file. Some repeated content to pad the file. Some repeated content to pad the file. Some repeated content to pad the file. Some repeated content to pad the file. Some repeated content to pad the file. Some repeated content to pad the file. Some repeated content to pad the file. Some repeated content to pad the file. Some repeated content to pad the file. Some repeated content to pad the file. Some repeated content to pad the file. Some repeated content to pad the file. Some repeated content to pad the file. Some repeated content to pad the file. Some repeated content to pad the file. Some repeated content to pad the file. Some repeated content to pad the file. Some repeated content to pad the file. Some repeated content to pad the file. Some repeated content to pad the file. Some repeated content to pad the file. Some repeated content to pad the file. Some repeated content to pad the file. Some repeated content to pad the file. Some repeated content to pad the file. Some repeated content to pad the file. Some repeated content to pad the file. Some repeated content to pad the file. Some repeated content to pad the file. Some repeated content to pad the file. Some repeated content to pad the file. Some repeated content to pad the file. Some repeated content to pad the file. Some repeated content to pad the file. Some repeated content to pad the file. Some repeated content to pad the file. Some repeated content to pad the file. Some repeated content to pad the file. Some repeated content to pad the file. Some repeated content to pad the file. Some repeated content to pad the file. Some repeated content to pad the file. Some repeated content to pad the file. Some repeated content to pad the file. Some repeated content to pad the file. Some repeated content to pad the file. Some repeated content to pad the file. Some repeated content to pad the file. Some repeated content to pad the file. Some repeated content to pad the file. Some repeated content to pad the file. Some repeated content to pad the file. Some repeated content to pad the file. Some repeated content to pad the file. Some repeated content to pad the file. Some repeated content to pad the file. Some repeated content to pad the file. Some repeated content to pad the file. Some repeated content to pad the file. Some repeated content to pad the file. Some repeated content to pad the file. Some repeated content to pad the file. Some repeated content to pad the file. Some repeated content to pad the file. Some repeated content to pad the file. Some repeated content to pad the file. Some repeated content to pad the file. Some repeated content to pad the file. Some repeated content to pad the file. Some repeated content to pad the file. Some repeated content to pad the file. Some repeated content to pad the file. Some repeated content to pad the file. Some repeated content to pad the file. Some repeated content to pad the file. Some repeated content to pad the file. Some repeated content to pad the file. Some repeated content to pad the file. Some repeated content to pad the file. Some repeated content to pad the file. Some repeated content to pad the file. Some repeated content to pad the file. Some repeated content to pad the file. Some repeated content to pad the file. Some repeated content to pad the file. Some repeated content to pad the file. Some repeated content to pad the file. Some repeated content to pad the file. Some repeated content to pad the file. Some repeated content to pad the file. Some repeated content to pad the file. Some repeated content to pad the file. Some repeated content to pad the file. Some repeated content to pad the file. Some repeated content to pad the file. Some repeated content to pad the file. Some repeated content to pad the file. Some repeated content to pad the file. Some repeated content to pad the file. Some repeated content to pad the file. Some repeated content to pad the file. Some repeated content to pad the file. Some repeated content to pad the file. Some repeated content to pad the file. Some repeated content to pad the file. Some repeated content to pad the file. Some repeated content to pad the file. Some repeated content to pad the file. Some repeated content to pad the file. Some repeated content to pad the file. Some repeated content to pad the file. Some repeated content to pad the file. Some repeated content to pad the file. Some repeated content to pad the file. Some repeated content to pad the file. Some repeated content to pad the file. Some repeated content to pad the file. Some repeated content to pad the file. Some repeated content to pad the file. Some repeated content to pad the file. Some repeated content to pad the file. Some repeated content to pad the file. Some repeated content to pad the file. Some repeated content to pad the file. Some repeated content to pad the file. Some repeated content to pad the file. Some repeated content to pad the file. Some repeated content to pad the file. Some repeated content to pad the file. Some repeated content to pad the file. Some repeated content to pad the file. Some repeated content to pad the file. Some repeated content to pad the file. Some repeated content to pad the file. Some repeated content to pad the file. Some repeated content to pad the file. Some repeated content to pad the file. Some repeated content to pad the file. Some repeated content to pad the file. Some repeated content to pad the file. Some repeated content to pad the file. Some repeated content to pad the file. Some repeated content to pad the file. Some repeated content to pad the file. Some repeated content to pad the file. Some repeated content to pad the file. Some repeated content to pad the file. Some repeated content to pad the file. Some repeated content to pad the file. Some repeated content to pad the file. Some repeated content to pad the file. Some repeated content to pad the file. Some repeated content to pad the file. Some repeated content to pad the file. Some repeated content to pad the file. Some repeated content to pad the file. Some repeated content to pad the file. Some repeated content to pad the file. Some repeated content to pad the file. Some repeated content to pad the file. Some repeated content to pad the file. Some repeated content to pad the file. Some repeated content to pad the file. Some repeated content to pad the file. Some repeated content to pad the file. Some repeated content to pad the file. Some repeated content to pad the file. Some repeated content to pad the file. Some repeated content to pad the file. Some repeated content to pad the file. Some repeated content to pad the file. Some repeated content to pad the file. Some repeated content to pad the file. Some repeated content to pad the file. Some repeated content to pad the file. Some repeated content to pad the file. Some repeated content to pad the file. Some repeated content to pad the file. Some repeated content to pad the file. Some repeated content to pad the file. Some repeated content to pad the file. Some repeated content to pad the file. Some repeated content to pad the file. Some repeated content to pad the file. Some repeated content to pad the file. Some repeated content to pad the file. Some repeated content to pad the file. Some repeated content to pad the file. Some repeated content to pad the file. Some repeated content to pad the file. Some repeated content to pad the file. Some repeated content to pad the file. Some repeated content to pad the file. Some repeated content to pad the file. Some repeated content to pad the file. Some repeated content to pad the file. Some repeated content to pad the file. Some repeated content to pad the file. Some repeated content to pad the file. Some repeated content to pad the file. Some repeated content to pad the file. Some repeated content to pad the file. Some repeated content to pad the file. Some repeated content to pad the file. Some repeated content to pad the file. Some repeated content to pad the file. Some repeated content to pad the file. Some repeated content to pad the file. Some repeated content to pad the file. Some repeated content to pad the file. Some repeated content to pad the file. Some repeated content to pad the file. Some repeated content to pad the file. Some repeated content to pad the file. Some repeated content to pad the file. Some repeated content to pad the file. Some repeated content to pad the file. Some repeated content to pad the file. Some repeated content to pad the file. Some repeated content to pad the file. Some repeated content to pad the file. Some repeated content to pad the file. Some repeated content to pad the file. Some repeated content to pad the file. Some repeated content to pad the file. Some repeated content to pad the file. Some repeated content to pad the file. Some repeated content to pad the file. Some repeated content to pad the file. Some repeated content to pad the file. Some repeated content to pad the file. Some repeated content to pad the file. Some repeated content to pad the file. Some repeated content to pad the file. Some repeated content to pad the file. Some repeated content to pad the file. Some repeated content to pad the file. Some repeated content to pad the file. Some repeated content to pad the file. Some repeated content to pad the file. Some repeated content to pad the file. Some repeated content to pad the file. Some repeated content to pad the file. Some repeated content to pad the file. Some repeated content to pad the file. Some repeated content to pad the file. Some repeated content to pad the file. Some repeated content to pad the file. Some repeated content to pad the file. Some repeated content to pad the file. Some repeated content to pad the file. Some repeated content to pad the file. Some repeated content to pad the file. Some repeated content to pad the file. Some repeated content to pad the file. Some repeated content to pad the file. Some repeated content to pad the file. Some repeated content to pad the file. Some repeated content to pad the file. Some repeated content to pad the file. Some repeated content to pad the file. Some repeated content to pad the file. Some repeated content to pad the file. Some repeated content to pad the file. Some repeated content to pad the file. Some repeated content to pad the file. Some repeated content to pad the file. Some repeated content to pad the file. Some repeated content to pad the file. Some repeated content to pad the file. Some repeated content to pad the file. Some repeated content to pad the file. Some repeated content to pad the file. Some repeated content to pad the file. Some repeated content to pad the file. Some repeated content to pad the file. Some repeated content to pad the file. Some repeated content to pad the file. Some repeated content to pad the file. Some repeated content to pad the file. Some repeated content to pad the file. Some repeated content to pad the file. Some repeated content to pad the file. Some repeated content to pad the file. Some repeated content to pad the file. Some repeated content to pad the file. Some repeated content to pad the file. Some repeated content to pad the file. Some repeated content to pad the file. Some repeated content to pad the file. Some repeated content to pad the file. Some repeated content to pad the file. Some repeated content to pad the file. Some repeated content to pad the file. Some repeated content to pad the file. Some repeated content to pad the file. Some repeated content to pad the file. Some repeated content to pad the file. Some repeated content to pad the file. Some repeated content to pad the file. Some repeated content to pad the file. Some repeated content to pad the file. Some repeated content to pad the file. Some repeated content to pad the file. Some repeated content to pad the file. Some repeated content to pad the file. Some repeated content to pad the file. Some repeated content to pad the file. Some repeated content to pad the file. Some repeated content to pad the file. Some repeated content to pad the file. Some repeated content to pad the file. Some repeated content to pad the file. Some repeated content to pad the file. Some repeated content to pad the file. Some repeated content to pad the file. Some repeated content to pad the file. Some repeated content to pad the file. Some repeated content to pad the file. Some repeated content to pad the file. Some repeated content to pad the file. Some repeated content to pad the file. Some repeated content to pad the file. Some repeated content to pad the file. Some repeated content to pad the file. Some repeated content to pad the file. Some repeated content to pad the file. Some repeated content to pad the file. Some repeated content to pad the file. Some repeated content to pad the file. Some repeated content to pad the file. Some repeated content to pad the file. Some repeated content to pad the file. Some repeated content to pad the file. Some repeated content to pad the file. Some repeated content to pad the file. Some repeated content to pad the file. Some repeated content to pad the file. Some repeated content to pad the file. Some repeated content to pad the file. Some repeated content to pad the file. Some repeated content to pad the file. Some repeated content to pad the file. Some repeated content to pad the file. Some repeated content to pad the file. Some repeated content to pad the file. Some repeated content to pad the file. Some repeated content to pad the file. Some repeated content to pad the file. Some repeated content to pad the file. Some repeated content to pad the file. Some repeated content to pad the file. Some repeated content to pad the file. Some repeated content to pad the file. Some repeated content to pad the file. Some repeated content to pad the file. Some repeated content to pad the file. Some repeated content to pad the file. Some repeated content to pad the file. Some repeated content to pad the file. Some repeated content to pad the file. Some repeated content to pad the file. Some repeated content to pad the file. Some repeated content to pad the file. Some repeated content to pad the file. Some repeated content to pad the file. Some repeated content to pad the file. Some repeated content to pad the file. Some repeated content to pad the file. Some repeated content to pad the file. Some repeated content to pad the file. Some repeated content to pad the file. Some repeated content to pad the file. Some repeated content to pad the file. Some repeated content to pad the file. Some repeated content to pad the file. Some repeated content to pad the file. Some repeated content to pad the file. Some repeated content to pad the file. Some repeated content to pad the file. Some repeated content to pad the file. Some repeated content to pad the file. Some repeated content to pad the file. Some repeated content to pad the file. Some repeated content to pad the file. Some repeated content to pad the file. Some repeated content to pad the file. Some repeated content to pad the file. Some repeated content to pad the file. Some repeated content to pad the file. Some repeated content to pad the file. Some repeated content to pad the file. Some repeated content to pad the file. Some repeated content to pad the file. Some repeated content to pad the file. Some repeated content to pad the file. Some repeated content to pad the file. Some repeated content to pad the file. Some repeated content to pad the file. Some repeated content to pad the file. Some repeated content to pad the file. Some repeated content to pad the file. Some repeated content to pad the file. Some repeated content to pad the file. Some repeated content to pad the file. Some repeated content to pad the file. Some repeated content to pad the file. Some repeated content to pad the file. Some repeated content to pad the file. Some repeated content to pad the file. Some repeated content to pad the file. Some repeated content to pad the file. Some repeated content to pad the file. Some repeated content to pad the file. Some repeated content to pad the file. Some repeated content to pad the file. Some repeated content to pad the file. Some repeated content to pad the file. Some repeated content to pad the file. Some repeated content to pad the file. Some repeated content to pad the file. Some repeated content to pad the file. Some repeated content to pad the file. Some repeated content to pad the file. Some repeated content to pad the file. Some repeated content to pad the file. Some repeated content to pad the file. Some repeated content to pad the file. Some repeated content to pad the file. Some repeated content to pad the file. Some repeated content to pad the file. Some repeated content to pad the file. Some repeated content to pad the file. Some repeated content to pad the file. Some repeated content to pad the file. Some repeated content to pad the file. Some repeated content to pad the file. Some repeated content to pad the file. Some repeated content to pad the file. Some repeated content to pad the file. Some repeated content to pad the file. Some repeated content to pad the file. Some repeated content to pad the file. Some repeated content to pad the file. Some repeated content to pad the file. Some repeated content to pad the file. Some repeated content to pad the file. Some repeated content to pad the file. Some repeated content to pad the file. Some repeated content to pad the file. Some repeated content to pad the file. Some repeated content to pad the file. Some repeated content to pad the file. Some repeated content to pad the file. Some repeated content to pad the file. Some repeated content to pad the file. Some repeated content to pad the file. Some repeated content to pad the file. Some repeated content to pad the file. Some repeated content to pad the file. Some repeated content to pad the file. Some repeated content to pad the file. Some repeated content to pad the file. Some repeated content to pad the file. Some repeated content to pad the file. Some repeated content to pad the file. Some repeated content to pad the file. Some repeated content to pad the file. Some repeated content to pad the file. Some repeated content to pad the file. Some repeated content to pad the file. Some repeated content to pad the file. Some repeated content to pad the file. Some repeated content to pad the file. Some repeated content to pad the file. Some repeated content to pad the file. Some repeated content to pad the file. Some repeated content to pad the file. Some repeated content to pad the file. Some repeated content to pad the file. Some repeated content to pad the file. Some repeated content to pad the file. Some repeated content to pad the file. Some repeated content to pad the file. Some repeated content to pad the file. Some repeated content to pad the file. Some repeated content to pad the file. Some repeated content to pad the file. Some repeated content to pad the file. Some repeated content to pad the file. Some repeated content to pad the file. Some repeated content to pad the file. Some repeated content to pad the file. Some repeated content to pad the file. Some repeated content to pad the file. Some repeated content to pad the file. Some repeated content to pad the file. Some repeated content to pad the file. Some repeated content to pad the file. Some repeated content to pad the file. Some repeated content to pad the file. Some repeated content to pad the file. Some repeated content to pad the file. Some repeated content to pad the file. Some repeated content to pad the file. Some repeated content to pad the file. Some repeated content to pad the file. Some repeated content to pad the file. Some repeated content to pad the file. Some repeated content to pad the file. Some repeated content to pad the file. Some repeated content to pad the file. Some repeated content to pad the file. Some repeated content to pad the file. Some repeated content to pad the file. Some repeated content to pad the file. Some repeated content to pad the file. Some repeated content to pad the file. Some repeated content to pad the file. Some repeated content to pad the file. Some repeated content to pad the file. Some repeated content to pad the file. Some repeated content to pad the file. Some repeated content to pad the file. Some repeated content to pad the file. Some repeated content to pad the file. Some repeated content to pad the file. Some repeated content to pad the file. Some repeated content to pad the file. Some repeated content to pad the file. Some repeated content to pad the file. Some repeated content to pad the file. Some repeated content to pad the file. Some repeated content to pad the file. Some repeated content to pad the file. Some repeated content to pad the file. Some repeated content to pad the file. Some repeated content to pad the file. Some repeated content to pad the file. Some repeated content to pad the file. Some repeated content to pad the file. Some repeated content to pad the file. Some repeated content to pad the file. Some repeated content to pad the file. Some repeated content to pad the file. Some repeated content to pad the file. Some repeated content to pad the file. Some repeated content to pad the file. Some repeated content to pad the file. Some repeated content to pad the file. Some repeated content to pad the file. Some repeated content to pad the file. Some repeated content to pad the file. Some repeated content to pad the file. Some repeated content to pad the file. Some repeated content to pad the file. Some repeated content to pad the file. Some repeated content to pad the file. Some repeated content to pad the file. Some repeated content to pad the file. Some repeated content to pad the file. Some repeated content to pad the file. Some repeated content to pad the file. Some repeated content to pad the file. Some repeated content to pad the file. Some repeated content to pad the file. Some repeated content to pad the file. Some repeated content to pad the file. Some repeated content to pad the file. Some repeated content to pad the file. Some repeated content to pad the file. Some repeated content to pad the file. Some repeated content to pad the file. Some repeated content to pad the file. Some repeated content to pad the file. Some repeated content to pad the file. Some repeated content to pad the file. Some repeated content to pad the file. Some repeated content to pad the file. Some repeated content to pad the file. Some repeated content to pad the file. Some repeated content to pad the file. Some repeated content to pad the file. Some repeated content to pad the file. Some repeated content to pad the file. Some repeated content to pad the file. Some repeated content to pad the file. Some repeated content to pad the file. Some repeated content to pad the file. Some repeated content to pad the file. Some repeated content to pad the file. Some repeated content to pad the file. Some repeated content to pad the file. Some repeated content to pad the file. Some repeated content to pad the file. Some repeated content to pad the file. Some repeated content to pad the file. Some repeated content to pad the file. Some repeated content to pad the file. Some repeated content to pad the file. Some repeated content to pad the file. Some repeated content to pad the file. Some repeated content to pad the file. Some repeated content to pad the file. Some repeated content to pad the file. Some repeated content to pad the file. Some repeated content to pad the file. Some repeated content to pad the file. Some repeated content to pad the file. Some repeated content to pad the file. Some repeated content to pad the file. Some repeated content to pad the file. Some repeated content to pad the file. Some repeated content to pad the file. Some repeated content to pad the file. Some repeated content to pad the file. Some repeated content to pad the file. Some repeated content to pad the file. Some repeated content to pad the file. Some repeated content to pad the file. Some repeated content to pad the file. Some repeated content to pad the file. Some repeated content to pad the file. Some repeated content to pad the file. Some repeated content to pad the file. Some repeated content to pad the file. Some repeated content to pad the file. Some repeated content to pad the file. Some repeated content to pad the file. Some repeated content to pad the file. Some repeated content to pad the file. Some repeated content to pad the file. Some repeated content to pad the file. Some repeated content to pad the file. Some repeated content to pad the file. Some repeated content to pad the file. Some repeated content to pad the file. Some repeated content to pad the file. Some repeated content to pad the file. Some repeated content to pad the file. Some repeated content to pad the file. Some repeated content to pad the file. Some repeated content to pad the file. Some repeated content to pad the file. Some repeated content to pad the file. Some repeated content to pad the file. Some repeated content to pad the file. Some repeated content to pad the file. Some repeated content to pad the file. Some repeated content to pad the file. Some repeated content to pad the file. Some repeated content to pad the file. Some repeated content to pad the file. Some repeated content to pad the file. Some repeated content to pad the file. Some repeated content to pad the file. Some repeated content to pad the file. Some repeated content to pad the file. Some repeated content to pad the file. Some repeated content to pad the file. Some repeated content to pad the file. Some repeated content to pad the file. Some repeated content to pad the file. Some repeated content to pad the file. Some repeated content to pad the file. Some repeated content to pad the file. Some repeated content to pad the file. Some repeated content to pad the file. Some repeated content to pad the file. Some repeated content to pad the file. Some repeated content to pad the file. Some repeated content to pad the file. Some repeated content to pad the file. Some repeated content to pad the file. Some repeated content to pad the file. Some repeated content to pad the file. Some repeated content to pad the file. Some repeated content to pad the file. Some repeated content to pad the file. Some repeated content to pad the file. Some repeated content to pad the file. Some repeated content to pad the file. Some repeated content to pad the file. Some repeated content to pad the file. Some repeated content to pad the file. Some repeated content to pad the file. Some repeated content to pad the file. Some repeated content to pad the file. Some repeated content to pad the file. Some repeated content to pad the file. Some repeated content to pad the file. Some repeated content to pad the file. Some repeated content to pad the file. Some repeated content to pad the file. Some repeated content to pad the file. Some repeated content to pad the file. Some repeated content to pad the file. Some repeated content to pad the file. Some repeated content to pad the file. Some repeated content to pad the file. Some repeated content to pad the file. Some repeated content to pad the file. Some repeated content to pad the file. Some repeated content to pad the file. Some repeated content to pad the file. Some repeated content to pad the file. Some repeated content to pad the file. Some repeated content to pad the file. Some repeated content to pad the file. Some repeated content to pad the file. Some repeated content to pad the file. Some repeated content to pad the file. Some repeated content to pad the file. Some repeated content to pad the file. Some repeated content to pad the file. Some repeated content to pad the file. Some repeated content to pad the file. Some repeated content to pad the file. Some repeated content to pad the file. Some repeated content to pad the file. Some repeated content to pad the file. Some repeated content to pad the file. Some repeated content to pad the file. Some repeated content to pad the file. Some repeated content to pad the file. Some repeated content to pad the file. Some repeated content to pad the file. Some repeated content to pad the file. Some repeated content to pad the file. Some repeated content to pad the file. Some repeated content to pad the file. Some repeated content to pad the file. Some repeated content to pad the file. Some repeated content to pad the file. Some repeated content to pad the file. Some repeated content to pad the file. Some repeated content to pad the file. Some repeated content to pad the file. Some repeated content to pad the file. Some repeated content to pad the file. Some repeated content to pad the file. Some repeated content to pad the file. Some repeated content to pad the file. Some repeated content to pad the file. Some repeated content to pad the file. Some repeated content to pad the file. Some repeated content to pad the file. Some repeated content to pad the file. Some repeated content to pad the file. Some repeated content to pad the file. Some repeated content to pad the file. Some repeated content to pad the file. Some repeated content to pad the file. Some repeated content to pad the file. Some repeated content to pad the file. Some repeated content to pad the file. Some repeated content to pad the file. Some repeated content to pad the file. Some repeated content to pad the file. Some repeated content to pad the file. Some repeated content to pad the file. Some repeated content to pad the file. Some repeated content to pad the file. Some repeated content to pad the file. Some repeated content to pad the file. Some repeated content to pad the file. Some repeated content to pad the file. Some repeated content to pad the file. Some repeated content to pad the file. Some repeated content to pad the file. Some repeated content to pad the file. Some repeated content to pad the file. Some repeated content to pad the file. Some repeated content to pad the file. Some repeated content to pad the file. Some repeated content to pad the file. Some repeated content to pad the file. Some repeated content to pad the file. Some repeated content to pad the file. Some repeated content to pad the file. Some repeated content to pad the file. Some repeated content to pad the file. Some repeated content to pad the file. Some repeated content to pad the file. Some repeated content to pad the file. Some repeated content to pad the file. Some repeated content to pad the file. Some repeated content to pad the file. Some repeated content to pad the file. Some repeated content to pad the file. Some repeated content to pad the file. Some repeated content to pad the file. Some repeated content to pad the file. Some repeated content to pad the file. Some repeated content to pad the file. Some repeated content to pad the file. Some repeated content to pad the file. Some repeated content to pad the file. Some repeated content to pad the file. Some repeated content to pad the file. Some repeated content to pad the file. Some repeated content to pad the file. Some repeated content to pad the file. Some repeated content to pad the file. Some repeated content to pad the file. Some repeated content to pad the file. Some repeated content to pad the file. Some repeated content to pad the file. Some repeated content to pad the file. Some repeated content to pad the file. Some repeated content to pad the file. Some repeated content to pad the file. Some repeated content to pad the file. Some repeated content to pad the file. Some repeated content to pad the file. Some repeated content to pad the file. Some repeated content to pad the file. Some repeated content to pad the file. Some repeated content to pad the file. Some repeated content to pad the file. Some repeated content to pad the file. Some repeated content to pad the file. Some repeated content to pad the file. Some repeated content to pad the file. Some repeated content to pad the file. Some repeated content to pad the file. Some repeated content to pad the file. Some repeated content to pad the file. Some repeated content to pad the file. Some repeated content to pad the file. Some repeated content to pad the file. Some repeated content to pad the file. Some repeated content to pad the file. Some repeated content to pad the file. Some repeated content to pad the file. Some repeated content to pad the file. Some repeated content to pad the file. Some repeated content to pad the file. Some repeated content to pad the file. Some repeated content to pad the file. Some repeated content to pad the file. Some repeated content to pad the file. Some repeated content to pad the file. Some repeated content to pad the file. Some repeated content to pad the file. Some repeated content to pad the file. Some repeated content to pad the file. Some repeated content to pad the file. Some repeated content to pad the file. Some repeated content to pad the file. Some repeated content to pad the file. Some repeated content to pad the file. Some repeated content to pad the file. Some repeated content to pad the file. Some repeated content to pad the file. Some repeated content to pad the file. Some repeated content to pad the file. Some repeated content to pad the file. Some repeated content to pad the file. Some repeated content to pad the file. Some repeated content to pad the file. Some repeated content to pad the file. Some repeated content to pad the file. Some repeated content to pad the file. Some repeated content to pad the file. Some repeated content to pad the file. Some repeated content to pad the file. Some repeated content to pad the file. Some repeated content to pad the file. Some repeated content to pad the file. Some repeated content to pad the file. Some repeated content to pad the file. Some repeated content to pad the file. Some repeated content to pad the file. Some repeated content to pad the file. Some repeated content to pad the file. Some repeated content to pad the file. Some repeated content to pad the file. Some repeated content to pad the file. Some repeated content to pad the file. Some repeated content to pad the file. Some repeated content to pad the file. Some repeated content to pad the file. Some repeated content to pad the file. Some repeated content to pad the file. Some repeated content to pad the file. Some repeated content to pad the file. Some repeated content to pad the file. Some repeated content to pad the file. Some repeated content to pad the file. Some repeated content to pad the file. Some repeated content to pad the file. Some repeated content to pad the file. Some repeated content to pad the file. Some repeated content to pad the file. Some repeated content to pad the file. Some repeated content to pad the file. Some repeated content to pad the file. Some repeated content to pad the file. Some repeated content to pad the file. Some repeated content to pad the file. Some repeated content to pad the file. Some repeated content to pad the file. Some repeated content to pad the file. Some repeated content to pad the file. Some repeated content to pad the file. Some repeated content to pad the file. Some repeated content to pad the file. Some repeated content to pad the file. Some repeated content to pad the file. Some repeated content to pad the file. Some repeated content to pad the file. Some repeated content to pad the file. Some repeated content to pad the file. Some repeated content to pad the file. Some repeated content to pad the file. Some repeated content to pad the file. Some repeated content to pad the file. Some repeated content to pad the file. Some repeated content to pad the file. Some repeated content to pad the file. Some repeated content to pad the file. Some repeated content to pad the file. Some repeated content to pad the file. Some repeated content to pad the file. Some repeated content to pad the file. Some repeated content to pad the file. Some repeated content to pad the file. Some repeated content to pad the file. Some repeated content to pad the file. Some repeated content to pad the file. Some repeated content to pad the file. Some repeated content to pad the file. Some repeated content to pad the file. Some repeated content to pad the file. Some repeated content to pad the file. Some repeated content to pad the file. Some repeated content to pad the file. Some repeated content to pad the file. Some repeated content to pad the file. Some repeated content to pad the file. Some repeated content to pad the file. Some repeated content to pad the file. Some repeated content to pad the file. Some repeated content to pad the file. Some repeated content to pad the file. Some repeated content to pad the file. Some repeated content to pad the file. Some repeated content to pad the file. Some repeated content to pad the file. Some repeated content to pad the file. Some repeated content to pad the file. Some repeated content to pad the file. Some repeated content to pad the file. Some repeated content to pad the file. Some repeated content to pad the file. Some repeated content to pad the file. Some repeated content to pad the file. Some repeated content to pad the file. Some repeated content to pad the file. Some repeated content to pad the file. Some repeated content to pad the file. Some repeated content to pad the file. Some repeated content to pad the file. Some repeated content to pad the file. Some repeated content to pad the file. Some repeated content to pad the file. Some repeated content to pad the file. Some repeated content to pad the file. Some repeated content to pad the file. Some repeated content to pad the file. Some repeated content to pad the file. Some repeated content to pad the file. Some repeated content to pad the file. Some repeated content to pad the file. Some repeated content to pad the file. Some repeated content to pad the file. Some repeated content to pad the file. Some repeated content to pad the file. Some repeated content to pad the file. Some repeated content to pad the file. Some repeated content to pad the file. Some repeated content to pad the file. Some repeated content to pad the file. Some repeated content to pad the file. Some repeated content to pad the file. Some repeated content to pad the file. Some repeated content to pad the file. Some repeated content to pad the file. Some repeated content to pad the file. Some repeated content to pad the file. Some repeated content to pad the file. Some repeated content to pad the file. Some repeated content to pad the file. Some repeated content to pad the file. Some repeated content to pad the file. Some repeated content to pad the file. Some repeated content to pad the file. Some repeated content to pad the file. Some repeated content to pad the file. Some repeated content to pad the file. Some repeated content to pad the file. Some repeated content to pad the file. Some repeated content to pad the file. Some repeated content to pad the file. Some repeated content to pad the file. Some repeated content to pad the file. Some repeated content to pad the file. Some repeated content to pad the file. Some repeated content to pad the file. Some repeated content to pad the file. Some repeated content to pad the file. Some repeated content to pad the file. Some repeated content to pad the file. Some repeated content to pad the file. Some repeated content to pad the file. Some repeated content to pad the file. Some repeated content to pad the file. Some repeated content to pad the file. Some repeated content to pad the file. Some repeated content to pad the file. Some repeated content to pad the file. Some repeated content to pad the file. Some repeated content to pad the file. Some repeated content to pad the file. Some repeated content to pad the file. Some repeated content to pad the file. Some repeated content to pad the file. Some repeated content to pad the file. Some repeated content to pad the file. Some repeated content to pad the file. Some repeated content to pad the file. Some repeated content to pad the file. Some repeated content to pad the file. Some repeated content to pad the file. Some repeated content to pad the file. Some repeated content to pad the file. Some repeated content to pad the file. Some repeated content to pad the file. Some repeated content to pad the file. Some repeated content to pad the file. Some repeated content to pad the file. Some repeated content to pad the file. Some repeated content to pad the file. Some repeated content to pad the file. Some repeated content to pad the file. Some repeated content to pad the file. Some repeated content to pad the file. Some repeated content to pad the file. Some repeated content to pad the file. Some repeated content to pad the file. Some repeated content to pad the file. Some repeated content to pad the file. Some repeated content to pad the file. Some repeated content to pad the file. Some repeated content to pad the file. Some repeated content to pad the file. Some repeated content to pad the file. Some repeated content to pad the file. Some repeated content to pad the file. Some repeated content to pad the file. Some repeated content to pad the file. Some repeated content to pad the file. Some repeated content to pad the file. Some repeated content to pad the file. Some repeated content to pad the file. Some repeated content to pad the file. Some repeated content to pad the file. Some repeated content to pad the file. Some repeated content to pad the file. Some repeated content to pad the file. Some repeated content to pad the file. Some repeated content to pad the file. Some repeated content to pad the file. Some repeated content to pad the file. Some repeated content to pad the file. Some repeated content to pad the file. Some repeated content to pad the file. Some repeated content to pad the file. Some repeated content to pad the file. Some repeated content to pad the file. Some repeated content to pad the file. Some repeated content to pad the file. Some repeated content to pad the file. Some repeated content to pad the file. Some repeated content to pad the file. Some repeated content to pad the file. Some repeated content to pad the file. Some repeated content to pad the file. Some repeated content to pad the file. Some repeated content to pad the file. Some repeated content to pad the file. Some repeated content to pad the file. Some repeated content to pad the file. Some repeated content to pad the file. Some repeated content to pad the file. Some repeated content to pad the file. Some repeated content to pad the file. Some repeated content to pad the file. Some repeated content to pad the file. Some repeated content to pad the file. Some repeated content to pad the file. Some repeated content to pad the file. Some repeated content to pad the file. Some repeated content to pad the file. Some repeated content to pad the file. Some repeated content to pad the file. Some repeated content to pad the file. Some repeated content to pad the file. Some repeated content to pad the file. Some repeated content to pad the file. Some repeated content to pad the file. Some repeated content to pad the file. Some repeated content to pad the file. Some repeated content to pad the file. Some repeated content to pad the file. Some repeated content to pad the file. Some repeated content to pad the file. Some repeated content to pad the file. Some repeated content to pad the file. Some repeated content to pad the file. Some repeated content to pad the file. Some repeated content to pad the file. Some repeated content to pad the file. Some repeated content to pad the file. Some repeated content to pad the file. Some repeated content to pad the file. Some repeated content to pad the file. Some repeated content to pad the file. Some repeated content to pad the file. Some repeated content to pad the file. Some repeated content to pad the file. Some repeated content to pad the file. Some repeated content to pad the file. Some repeated content to pad the file. Some repeated content to pad the file. Some repeated content to pad the file. Some repeated content to pad the file. Some repeated content to pad the file. Some repeated content to pad the file. Some repeated content to pad the file. Some repeated content to pad the file. Some repeated content to pad the file. Some repeated content to pad the file. Some repeated content to pad the file. Some repeated content to pad the file. Some repeated content to pad the file. Some repeated content to pad the file. Some repeated content to pad the file. Some repeated content to pad the file. Some repeated content to pad the file. Some repeated content to pad the file. Some repeated content to pad the file. Some repeated content to pad the file. Some repeated content to pad the file. Some repeated content to pad the file. Some repeated content to pad the file. Some repeated content to pad the file. Some repeated content to pad the file. Some repeated content to pad the file. Some repeated content to pad the file. Some repeated content to pad the file. Some repeated content to pad the file. Some repeated content to pad the file. Some repeated content to pad the file. Some repeated content to pad the file. Some repeated content to pad the file. Some repeated content to pad the file. Some repeated content to pad the file. Some repeated content to pad the file. Some repeated content to pad the file. Some repeated content to pad the file. Some repeated content to pad the file. Some repeated content to pad the file. Some repeated content to pad the file. Some repeated content to pad the file. Some repeated content to pad the file. Some repeated content to pad the file. Some repeated content to pad the file. Some repeated content to pad the file. Some repeated content to pad the file. Some repeated content to pad the file. Some repeated content to pad the file. Some repeated content to pad the file. Some repeated content to pad the file. Some repeated content to pad the file. Some repeated content to pad the file. Some repeated content to pad the file. Some repeated content to pad the file. Some repeated content to pad the file. Some repeated content to pad the file. Some repeated content to pad the file. Some repeated content to pad the file. Some repeated content to pad the file. Some repeated content to pad the file. Some repeated content to pad the file. Some repeated content to pad the file. Some repeated content to pad the file. Some repeated content to pad the file. Some repeated content to pad the file. Some repeated content to pad the file. Some repeated content to pad the file. Some repeated content to pad the file. Some repeated content to pad the file. Some repeated content to pad the file. Some repeated content to pad the file. Some repeated content to pad the file. Some repeated content to pad the file. Some repeated content to pad the file. Some repeated content to pad the file. Some repeated content to pad the file. Some repeated content to pad the file. Some repeated content to pad the file. Some repeated content to pad the file. Some repeated content to pad the file. Some repeated content to pad the file. Some repeated content to pad the file. Some repeated content to pad the file. Some repeated content to pad the file. Some repeated content to pad the file. Some repeated content to pad the file. Some repeated content to pad the file. Some repeated content to pad the file. Some repeated content to pad the file. Some repeated content to pad the file. Some repeated content to pad the file. Some repeated content to pad the file. Some repeated content to pad the file. Some repeated content to pad the file. Some repeated content to pad the file. Some repeated content to pad the file. Some repeated content to pad the file. Some repeated content to pad the file. Some repeated content to pad the file. Some repeated content to pad the file. Some repeated content to pad the file. Some repeated content to pad the file. Some repeated content to pad the file. Some repeated content to pad the file. Some repeated content to pad the file. Some repeated content to pad the file. Some repeated content to pad the file. Some repeated content to pad the file. Some repeated content to pad the file. Some repeated content to pad the file. Some repeated content to pad the file. Some repeated content to pad the file. Some repeated content to pad the file. Some repeated content to pad the file. Some repeated content to pad the file. Some repeated content to pad the file. Some repeated content to pad the file. Some repeated content to pad the file. Some repeated content to pad the file. Some repeated content to pad the file. Some repeated content to pad the file. Some repeated content to pad the file. Some repeated content to pad the file. Some repeated content to pad the file. Some repeated content to pad the file. Some repeated content to pad the file. Some repeated content to pad the file. Some repeated content to pad the file. Some repeated content to pad the file. Some repeated content to pad the file. Some repeated content to pad the file. Some repeated content to pad the file. Some repeated content to pad the file. Some repeated content to pad the file. Some repeated content to pad the file. Some repeated content to pad the file. Some repeated content to pad the file. Some repeated content to pad the file. Some repeated content to pad the file. Some repeated content to pad the file. Some repeated content to pad the file. Some repeated content to pad the file. Some repeated content to pad the file. Some repeated content to pad the file. Some repeated content to pad the file. Some repeated content to pad the file. Some repeated content to pad the file. Some repeated content to pad the file. Some repeated content to pad the file. Some repeated content to pad the file. Some repeated content to pad the file. Some repeated content to pad the file. Some repeated content to pad the file. Some repeated content to pad the file. Some repeated content to pad the file. Some repeated content to pad the file. Some repeated content to pad the file. Some repeated content to pad the file. Some repeated content to pad the file. Some repeated content to pad the file. Some repeated content to pad the file. Some repeated content to pad the file. Some repeated content to pad the file. Some repeated content to pad the file. Some repeated content to pad the file. Some repeated content to pad the file. Some repeated content to pad the file. Some repeated content to pad the file. Some repeated content to pad the file. Some repeated content to pad the file. Some repeated content to pad the file. Some repeated content to pad the file. Some repeated content to pad the file. Some repeated content to pad the file. Some repeated content to pad the file. Some repeated content to pad the file. Some repeated content to pad the file. Some repeated content to pad the file. Some repeated content to pad the file. Some repeated content to pad the file. Some repeated content to pad the file. Some repeated content to pad the file. Some repeated content to pad the file. Some repeated content to pad the file. Some repeated content to pad the file. Some repeated content to pad the file. Some repeated content to pad the file. Some repeated content to pad the file. Some repeated content to pad the file. Some repeated content to pad the file. Some repeated content to pad the file. Some repeated content to pad the file. Some repeated content to pad the file. Some repeated content to pad the file. Some repeated content to pad the file. Some repeated content to pad the file. Some repeated content to pad the file. Some repeated content to pad the file. Some repeated content to pad the file. Some repeated content to pad the file. Some repeated content to pad the file. Some repeated content to pad the file. Some repeated content to pad the file. Some repeated content to pad the file. Some repeated content to pad the file. Some repeated content to pad the file. Some repeated content to pad the file. Some repeated content to pad the file. Some repeated content to pad the file. Some repeated content to pad the file. Some repeated content to pad the file. Some repeated content to pad the file. Some repeated content to pad the file. Some repeated content to pad the file. Some repeated content to pad the file. Some repeated content to pad the file. Some repeated content to pad the file. Some repeated content to pad the file. Some repeated content to pad the file. Some repeated content to pad the file. Some repeated content to pad the file. Some repeated content to pad the file. Some repeated content to pad the file. Some repeated content to pad the file. Some repeated content to pad the file. Some repeated content to pad the file. Some repeated content to pad the file. Some repeated content to pad the file. Some repeated content to pad the file. Some repeated content to pad the file. Some repeated content to pad the file. Some repeated content to pad the file. Some repeated content to pad the file. Some repeated content to pad the file. Some repeated content to pad the file. Some repeated content to pad the file. Some repeated content to pad the file. Some repeated content to pad the file. Some repeated content to pad the file. Some repeated content to pad the file. Some repeated content to pad the file. Some repeated content to pad the file. Some repeated content to pad the file. Some repeated content to pad the file. Some repeated content to pad the file. Some repeated content to pad the file. Some repeated content to pad the file. Some repeated content to pad the file. Some repeated content to pad the file. Some repeated content to pad the file. Some repeated content to pad the file. Some repeated content to pad the file. Some repeated content to pad the file. Some repeated content to pad the file. Some repeated content to pad the file. Some repeated content to pad the file. Some repeated content to pad the file. Some repeated content to pad the file. Some repeated content to pad the file. Some repeated content to pad the file. Some repeated content to pad the file. Some repeated content to pad the file. Some repeated content to pad the file. Some repeated content to pad the file. Some repeated content to pad the file. Some repeated content to pad the file. Some repeated content to pad the file. Some repeated content to pad the file. Some repeated content to pad the file. Some repeated content to pad the file. Some repeated content to pad the file. Some repeated content to pad the file. Some repeated content to pad the file. Some repeated content to pad the file. Some repeated content to pad the file. Some repeated content to pad the file. Some repeated content to pad the file. Some repeated content to pad the file. Some repeated content to pad the file. Some repeated content to pad the file. Some repeated content to pad the file. Some repeated content to pad the file. Some repeated content to pad the file. Some repeated content to pad the file. Some repeated content to pad the file. Some repeated content to pad the file. Some repeated content to pad the file. Some repeated content to pad the file. Some repeated content to pad the file. Some repeated content to pad the file. Some repeated content to pad the file. Some repeated content to pad the file. Some repeated content to pad the file. Some repeated content to pad the file. Some repeated content to pad the file. Some repeated content to pad the file. Some repeated content to pad the file. Some repeated content to pad the file. Some repeated content to pad the file. Some repeated content to pad the file. Some repeated content to pad the file. Some repeated content to pad the file. Some repeated content to pad the file. Some repeated content to pad the file. Some repeated content to pad the file. Some repeated content to pad the file. Some repeated content to pad the file. Some repeated content to pad the file. Some repeated content to pad the file. Some repeated content to pad the file. Some repeated content to pad the file. Some repeated content to pad the file. Some repeated content to pad the file. Some repeated content to pad the file. Some repeated content to pad the file. Some repeated content to pad the file. Some repeated content to pad the file. Some repeated content to pad the file. Some repeated content to pad the file. Some repeated content to pad the file. Some repeated content to pad the file. Some repeated content to pad the file. Some repeated content to pad the file. Some repeated content to pad the file. Some repeated content to pad the file. Some repeated content to pad the file. Some repeated content to pad the file. Some repeated content to pad the file. Some repeated content to pad the file. Some repeated content to pad the file. Some repeated content to pad the file. Some repeated content to pad the file. Some repeated content to pad the file. Some repeated content to pad the file. Some repeated content to pad the file. Some repeated content to pad the file. Some repeated content to pad the file. Some repeated content to pad the file. Some repeated content to pad the file. Some repeated content to pad the file. Some repeated content to pad the file. Some repeated content to pad the file. Some repeated content to pad the file. Some repeated content to pad the file. Some repeated content to pad the file. Some repeated content to pad the file. Some repeated content to pad the file. Some repeated content to pad the file. Some repeated content to pad the file. Some repeated content to pad the file. Some repeated content to pad the file. Some repeated content to pad the file. Some repeated content to pad the file. Some repeated content to pad the file. Some repeated content to pad the file. Some repeated content to pad the file. Some repeated content to pad the file. Some repeated content to pad the file. Some repeated content to pad the file. Some repeated content to pad the file. Some repeated content to pad the file. Some repeated content to pad the file. Some repeated content to pad the file. Some repeated content to pad the file. Some repeated content to pad the file. Some repeated content to pad the file. Some repeated content to pad the file. Some repeated content to pad the file. Some repeated content to pad the file. Some repeated content to pad the file. Some repeated content to pad the file. Some repeated content to pad the file. Some repeated content to pad the file. Some repeated content to pad the file. Some repeated content to pad the file. Some repeated content to pad the file. Some repeated content to pad the file. Some repeated content to pad the file. Some repeated content to pad the file. Some repeated content to pad the file. Some repeated content to pad the file. Some repeated content to pad the file. Some repeated content to pad the file. Some repeated content to pad the file. Some repeated content to pad the file. Some repeated content to pad the file. Some repeated content to pad the file. Some repeated content to pad the file. Some repeated content to pad the file. Some repeated content to pad the file. Some repeated content to pad the file. Some repeated content to pad the file. Some repeated content to pad the file. Some repeated content to pad the file. Some repeated content to pad the file. Some repeated content to pad the file. Some repeated content to pad the file. Some repeated content to pad the file. Some repeated content to pad the file. Some repeated content to pad the file. Some repeated content to pad the file. Some repeated content to pad the file. Some repeated content to pad the file. Some repeated content to pad the file. Some repeated content to pad the file. Some repeated content to pad the file. Some repeated content to pad the file. Some repeated content to pad the file. Some repeated content to pad the file. Some repeated content to pad the file. Some repeated content to pad the file. Some repeated content to pad the file. Some repeated content to pad the file. Some repeated content to pad the file. Some repeated content to pad the file. Some repeated content to pad the file. Some repeated content to pad the file. Some repeated content to pad the file. Some repeated content to pad the file. Some repeated content to pad the file. Some repeated content to pad the file. Some repeated content to pad the file. Some repeated content to pad the file. Some repeated content to pad the file. Some repeated content to pad the file. Some repeated content to pad the file. Some repeated content to pad the file. Some repeated content to pad the file. Some repeated content to pad the file. Some repeated content to pad the file. Some repeated content to pad the file. Some repeated content to pad the file. Some repeated content to pad the file. Some repeated content to pad the file. Some repeated content to pad the file. Some repeated content to pad the file. Some repeated content to pad the file. Some repeated content to pad the file. Some repeated content to pad the file. Some repeated content to pad the file. Some repeated content to pad the file. Some repeated content to pad the file. Some repeated content to pad the file. Some repeated content to pad the file. Some repeated content to pad the file. Some repeated content to pad the file. Some repeated content to pad the file. Some repeated content to pad the file. Some repeated content to pad the file. Some repeated content to pad the file. Some repeated content to pad the file. Some repeated content to pad the file. Some repeated content to pad the file. Some repeated content to pad the file. Some repeated content to pad the file. Some repeated content to pad the file. Some repeated content to pad the file. Some repeated content to pad the file. Some repeated content to pad the file. Some repeated content to pad the file. Some repeated content to pad the file. Some repeated content to pad the file. Some repeated content to pad the file. Some repeated content to pad the file. Some repeated content to pad the file. Some repeated content to pad the file. Some repeated content to pad the file. Some repeated content to pad the file. Some repeated content to pad the file. Some repeated content to pad the file. Some repeated content to pad the file. Some repeated content to pad the file. Some repeated content to pad the file. Some repeated content to pad the file. Some repeated content to pad the file. Some repeated content to pad the file. Some repeated content to pad the file. Some repeated content to pad the file. Some repeated content to pad the file. Some repeated content to pad the file. Some repeated content to pad the file. Some repeated content to pad the file. Some repeated content to pad the file. Some repeated content to pad the file. Some repeated content to pad the file. Some repeated content to pad the file. Some repeated content to pad the file. Some repeated content to pad the file. Some repeated content to pad the file. Some repeated content to pad the file. Some repeated content to pad the file. Some repeated content to pad the file. Some repeated content to pad the file. Some repeated content to pad the file. Some repeated content to pad the file. Some repeated content to pad the file. Some repeated content to pad the file. Some repeated content to pad the file. Some repeated content to pad the file. Some repeated content to pad the file. Some repeated content to pad the file. Some repeated content to pad the file. Some repeated content to pad the file. Some repeated content to pad the file. Some repeated content to pad the file. Some repeated content to pad the file. Some repeated content to pad the file. Some repeated content to pad the file. Some repeated content to pad the file. Some repeated content to pad the file. Some repeated content to pad the file. Some repeated content to pad the file. Some repeated content to pad the file. Some repeated content to pad the file. Some repeated content to pad the file. Some repeated content to pad the file. Some repeated content to pad the file. Some repeated content to pad the file. Some repeated content to pad the file. Some repeated content to pad the file. Some repeated content to pad the file. Some repeated content to pad the file. Some repeated content to pad the file. Some repeated content to pad the file. Some repeated content to pad the file. Some repeated content to pad the file. Some repeated content to pad the file. Some repeated content to pad the file. Some repeated content to pad the file. Some repeated content to pad the file. Some repeated content to pad the file. Some repeated content to pad the file. Some repeated content to pad the file. Some repeated content to pad the file. Some repeated content to pad the file. Some repeated content to pad the file. Some repeated content to pad the file. Some repeated content to pad the file. Some repeated content to pad the file. Some repeated content to pad the file. Some repeated content to pad the file. Some repeated content to pad the file. Some repeated content to pad the file. Some repeated content to pad the file. Some repeated content to pad the file. Some repeated content to pad the file. Some repeated content to pad the file. Some repeated content to pad the file. Some repeated content to pad the file. Some repeated content to pad the file. Some repeated content to pad the file. Some repeated content to pad the file. Some repeated content to pad the file. Some repeated content to pad the file. Some repeated content to pad the file. Some repeated content to pad the file. Some repeated content to pad the file. Some repeated content to pad the file. Some repeated content to pad the file. Some repeated content to pad the file. Some repeated content to pad the file. Some repeated content to pad the file. Some repeated content to pad the file. Some repeated content to pad the file. Some repeated content to pad the file. Some repeated content to pad the file. Some repeated content to pad the file. Some repeated content to pad the file. Some repeated content to pad the file. Some repeated content to pad the file. Some repeated content to pad the file. Some repeated content to pad the file. Some repeated content to pad the file. Some repeated content to pad the file. Some repeated content to pad the file. Some repeated content to pad the file. Some repeated content to pad the file. Some repeated content to pad the file. Some repeated content to pad the file. Some repeated content to pad the file. Some repeated content to pad the file. Some repeated content to pad the file. Some repeated content to pad the file. Some repeated content to pad the file. Some repeated content to pad the file. Some repeated content to pad the file. Some repeated content to pad the file. Some repeated content to pad the file. Some repeated content to pad the file. Some repeated content to pad the file. Some repeated content to pad the file. Some repeated content to pad the file. Some repeated content to pad the file. Some repeated content to pad the file. Some repeated content to pad the file. Some repeated content to pad the file. Some repeated content to pad the file. Some repeated content to pad the file. Some repeated content to pad the file. Some repeated content to pad the file. Some repeated content to pad the file. Some repeated content to pad the file. Some repeated content to pad the file. Some repeated content to pad the file. Some repeated content to pad the file. Some repeated content to pad the file. Some repeated content to pad the file. Some repeated content to pad the file. Some repeated content to pad the file. Some repeated content to pad the file. Some repeated content to pad the file. Some repeated content to pad the file. Some repeated content to pad the file. Some repeated content to pad the file. Some repeated content to pad the file. Some repeated content to pad the file. Some repeated content to pad the file. Some repeated content to pad the file. Some repeated content to pad the file. Some repeated content to pad the file. Some repeated content to pad the file. Some repeated content to pad the file. Some repeated content to pad the file. Some repeated content to pad the file. Some repeated content to pad the file. Some repeated content to pad the file. Some repeated content to pad the file. Some repeated content to pad the file. Some repeated content to pad the file. Some repeated content to pad the file. Some repeated content to pad the file. Some repeated content to pad the file. Some repeated content to pad the file. Some repeated content to pad the file. Some repeated content to pad the file. Some repeated content to pad the file. Some repeated content to pad the file. Some repeated content to pad the file. Some repeated content to pad the file. Some repeated content to pad the file. Some repeated content to pad the file. Some repeated content to pad the file. Some repeated content to pad the file. Some repeated content to pad the file. Some repeated content to pad the file. Some repeated content to pad the file. Some repeated content to pad the file. Some repeated content to pad the file. Some repeated content to pad the file. Some repeated content to pad the file. Some repeated content to pad the file. Some repeated content to pad the file. Some repeated content to pad the file. Some repeated content to pad the file. Some repeated content to pad the file. Some repeated content to pad the file. Some repeated content to pad the file. Some repeated content to pad the file. Some repeated content to pad the file. Some repeated content to pad the file. Some repeated content to pad the file. Some repeated content to pad the file. Some repeated content to pad the file. Some repeated content to pad the file. Some repeated content to pad the file. Some repeated content to pad the file. Some repeated content to pad the file. Some repeated content to pad the file. Some repeated content to pad the file. Some repeated content to pad the file. Some repeated content to pad the file. Some repeated content to pad the file. Some repeated content to pad the file. Some repeated content to pad the file. Some repeated content to pad the file. Some repeated content to pad the file. Some repeated content to pad the file. Some repeated content to pad the file. Some repeated content to pad the file. Some repeated content to pad the file. Some repeated content to pad the file. Some repeated content to pad the file. Some repeated content to pad the file. Some repeated content to pad the file. Some repeated content to pad the file. Some repeated content to pad the file. Some repeated content to pad the file. Some repeated content to pad the file. Some repeated content to pad the file. Some repeated content to pad the file. Some repeated content to pad the file. Some repeated content to pad the file. Some repeated content to pad the file. Some repeated content to pad the file. Some repeated content to pad the file. Some repeated content to pad the file. Some repeated content to pad the file. Some repeated content to pad the file. Some repeated content to pad the file. Some repeated content to pad the file. Some repeated content to pad the file. Some repeated content to pad the file. Some repeated content to pad the file. Some repeated content to pad the file. Some repeated content to pad the file. Some repeated content to pad the file. Some repeated content to pad the file. Some repeated content to pad the file. Some repeated content to pad the file. Some repeated content to pad the file. Some repeated content to pad the file. Some repeated content to pad the file. Some repeated content to pad the file. Some repeated content to pad the file. Some repeated content to pad the file. Some repeated content to pad the file. Some repeated content to pad the file. Some repeated content to pad the file. Some repeated content to pad the file. Some repeated content to pad the file. Some repeated content to pad the file. Some repeated content to pad the file. Some repeated content to pad the file. Some repeated content to pad the file. Some repeated content to pad the file. Some repeated content to pad the file. Some repeated content to pad the file. Some repeated content to pad the file. Some repeated content to pad the file. Some repeated content to pad the file. Some repeated content to pad the file. Some repeated content to pad the file. Some repeated content to pad the file. Some repeated content to pad the file. Some repeated content to pad the file. Some repeated content to pad the file. Some repeated content to pad the file. Some repeated content to pad the file. Some repeated content to pad the file. Some repeated content to pad the file. Some repeated content to pad the file. Some repeated content to pad the file. Some repeated content to pad the file. Some repeated content to pad the file. Some repeated content to pad the file. Some repeated content to pad the file. Some repeated content to pad the file. Some repeated content to pad the file. Some repeated content to pad the file. Some repeated content to pad the file. Some repeated content to pad the file. Some repeated content to pad the file. Some repeated content to pad the file. Some repeated content to pad the file. Some repeated content to pad the file. Some repeated content to pad the file. Some repeated content to pad the file. Some repeated content to pad the file. Some repeated content to pad the file. Some repeated content to pad the file. Some repeated content to pad the file. Some repeated content to pad the file. Some repeated content to pad the file. Some repeated content to pad the file. Some repeated content to pad the file. Some repeated content to pad the file. Some repeated content to pad the file. Some repeated content to pad the file. Some repeated content to pad the file. Some repeated content to pad the file. Some repeated content to pad the file. Some repeated content to pad the file. Some repeated content to pad the file. Some repeated content to pad the file. Some repeated content to pad the file. Some repeated content to pad the file. Some repeated content to pad the file. Some repeated content to pad the file. Some repeated content to pad the file. Some repeated content to pad the file. Some repeated content to pad the file. Some repeated content to pad the file. Some repeated content to pad the file. Some repeated content to pad the file. Some repeated content to pad the file. Some repeated content to pad the file. Some repeated content to pad the file. Some repeated content to pad the file. Some repeated content to pad the file. Some repeated content to pad the file. Some repeated content to pad the file. Some repeated content to pad the file. Some repeated content to pad the file. Some repeated content to pad the file. Some repeated content to pad the file. Some repeated content to pad the file. Some repeated content to pad the file. Some repeated content to pad the file. Some repeated content to pad the file. Some repeated content to pad the file. Some repeated content to pad the file. Some repeated content to pad the file. Some repeated content to pad the file. Some repeated content to pad the file. Some repeated content to pad the file. Some repeated content to pad the file. Some repeated content to pad the file. Some repeated content to pad the file. Some repeated content to pad the file. Some repeated content to pad the file. Some repeated content to pad the file. Some repeated content to pad the file. Some repeated content to pad the file. Some repeated content to pad the file. Some repeated content to pad the file. Some repeated content to pad the file. Some repeated content to pad the file. Some repeated content to pad the file. Some repeated content to pad the file. Some repeated content to pad the file. Some repeated content to pad the file. Some repeated content to pad the file. Some repeated content to pad the file. Some repeated content to pad the file. Some repeated content to pad the file. Some repeated content to pad the file. Some repeated content to pad the file. Some repeated content to pad the file. Some repeated content to pad the file. Some repeated content to pad the file. Some repeated content to pad the file. Some repeated content to pad the file. Some repeated content to pad the file. Some repeated content to pad the file. Some repeated content to pad the file. Some repeated content to pad the file. Some repeated content to pad the file. Some repeated content to pad the file. Some repeated content to pad the file. Some repeated content to pad the file. Some repeated content to pad the file. Some repeated content to pad the file. Some repeated content to pad the file. Some repeated content to pad the file. Some repeated content to pad the file. Some repeated content to pad the file. Some repeated content to pad the file. Some repeated content to pad the file. Some repeated content to pad the file. Some repeated content to pad the file. Some repeated content to pad the file. Some repeated content to pad the file. Some repeated content to pad the file. Some repeated content to pad the file. Some repeated content to pad the file. Some repeated content to pad the file. Some repeated content to pad the file. Some repeated content to pad the file. Some repeated content to pad the file. Some repeated content to pad the file. Some repeated content to pad the file. Some repeated content to pad the file. Some repeated content to pad the file. Some repeated content to pad the file. Some repeated content to pad the file. Some repeated content to pad the file. Some repeated content to pad the file. Some repeated content to pad the file. Some repeated content to pad the file. Some repeated content to pad the file. Some repeated content to pad the file. Some repeated content to pad the file. Some repeated content to pad the file. Some repeated content to pad the file. Some repeated content to pad the file. Some repeated content to pad the file. Some repeated content to pad the file. Some repeated content to pad the file. Some repeated content to pad the file. Some repeated content to pad the file. Some repeated content to pad the file. Some repeated content to pad the file. Some repeated content to pad the file. Some repeated content to pad the file. Some repeated content to pad the file. Some repeated content to pad the file. Some repeated content to pad the file. Some repeated content to pad the file. Some repeated content to pad the file. Some repeated content to pad the file. Some repeated content to pad the file. Some repeated content to pad the file. Some repeated content to pad the file. Some repeated content to pad the file. Some repeated content to pad the file. Some repeated content to pad the file. Some repeated content to pad the file. Some repeated content to pad the file. Some repeated content to pad the file. Some repeated content to pad the file. Some repeated content to pad the file. Some repeated content to pad the file. Some repeated content to pad the file. Some repeated content to pad the file. Some repeated content to pad the file. Some repeated content to pad the file. Some repeated content to pad the file. Some repeated content to pad the file. Some repeated content to pad the file. Some repeated content to pad the file. Some repeated content to pad the file. Some repeated content to pad the file. Some repeated content to pad the file. Some repeated content to pad the file. Some repeated content to pad the file. Some repeated content to pad the file. Some repeated content to pad the file. Some repeated content to pad the file. Some repeated content to pad the file. Some repeated content to pad the file. Some repeated content to pad the file. Some repeated content to pad the file. Some repeated content to pad the file. Some repeated content to pad the file. Some repeated content to pad the file. Some repeated content to pad the file. Some repeated content to pad the file. Some repeated content to pad the file. Some repeated content to pad the file. Some repeated content to pad the file. Some repeated content to pad the file. Some repeated content to pad the file. Some repeated content to pad the file. Some repeated content to pad the file. Some repeated content to pad the file. Some repeated content to pad the file. Some repeated content to pad the file. Some repeated content to pad the file. Some repeated content to pad the file. Some repeated content to pad the file. Some repeated content to pad the file. Some repeated content to pad the file. Some repeated content to pad the file. Some repeated content to pad the file. Some repeated content to pad the file. Some repeated content to pad the file. Some repeated content to pad the file. Some repeated content to pad the file. Some repeated content to pad the file. Some repeated content to pad the file. Some repeated content to pad the file. Some repeated content to pad the file. Some repeated content to pad the file. Some repeated content to pad the file. Some repeated content to pad the file. Some repeated content to pad the file. Some repeated content to pad the file. Some repeated content to pad the file. Some repeated content to pad the file. Some repeated content to pad the file. Some repeated content to pad the file. Some repeated content to pad the file. Some repeated content to pad the file. Some repeated content to pad the file. Some repeated content to pad the file. Some repeated content to pad the file. Some repeated content to pad the file. Some repeated content to pad the file. Some repeated content to pad the file. Some repeated content to pad the file. Some repeated content to pad the file. Some repeated content to pad the file. Some repeated content to pad the file. Some repeated content to pad the file. Some repeated content to pad the file. Some repeated content to pad the file. Some repeated content to pad the file. Some repeated content to pad the file. Some repeated content to pad the file. Some repeated content to pad the file. Some repeated content to pad the file. Some repeated content to pad the file. Some repeated content to pad the file. Some repeated content to pad the file. Some repeated content to pad the file. Some repeated content to pad the file. Some repeated content to pad the file. Some repeated content to pad the file. Some repeated content to pad the file. Some repeated content to pad the file. Some repeated content to pad the file. Some repeated content to pad the file. Some repeated content to pad the file. Some repeated content to pad the file. Some repeated content to pad the file. Some repeated content to pad the file. Some repeated content to pad the file. Some repeated content to pad the file. Some repeated content to pad the file. Some repeated content to pad the file. Some repeated content to pad the file. Some repeated content to pad the file. Some repeated content to pad the file. Some repeated content to pad the file. Some repeated content to pad the file. Some repeated content to pad the file. Some repeated content to pad the file. Some repeated content to pad the file. Some repeated content to pad the file. Some repeated content to pad the file. Some repeated content to pad the file. Some repeated content to pad the file. Some repeated content to pad the file. Some repeated content to pad the file. Some repeated content to pad the file. Some repeated content to pad the file. Some repeated content to pad the file. Some repeated content to pad the file. Some repeated content to pad the file. Some repeated content to pad the file. Some repeated content to pad the file. Some repeated content to pad the file. Some repeated content to pad the file. Some repeated content to pad the file. Some repeated content to pad the file. Some repeated content to pad the file. Some repeated content to pad the file. Some repeated content to pad the file. Some repeated content to pad the file. Some repeated content to pad the file. Some repeated content to pad the file. Some repeated content to pad the file. Some repeated content to pad the file. Some repeated content to pad the file. Some repeated content to pad the file. Some repeated content to pad the file. Some repeated content to pad the file. Some repeated content to pad the file. Some repeated content to pad the file. Some repeated content to pad the file. Some repeated content to pad the file. Some repeated content to pad the file. Some repeated content to pad the file. Some repeated content to pad the file. Some repeated content to pad the file. Some repeated content to pad the file. Some repeated content to pad the file. Some repeated content to pad the file. Some repeated content to pad the file. Some repeated content to pad the file. Some repeated content to pad the file. Some repeated content to pad the file. Some repeated content to pad the file. Some repeated content to pad the file. Some repeated content to pad the file. Some repeated content to pad the file. Some repeated content to pad the file. Some repeated content to pad the file. Some repeated content to pad the file. Some repeated content to pad the file. Some repeated content to pad the file. Some repeated content to pad the file. Some repeated content to pad the file. Some repeated content to pad the file. Some repeated content to pad the file. Some repeated content to pad the file. Some repeated content to pad the file. Some repeated content to pad the file. Some repeated content to pad the file. Some repeated content to pad the file. Some repeated content to pad the file. Some repeated content to pad the file. Some repeated content to pad the file. Some repeated content to pad the file. Some repeated content to pad the file. Some repeated content to pad the file. Some repeated content to pad the file. Some repeated content to pad the file. Some repeated content to pad the file. Some repeated content to pad the file. Some repeated content to pad the file. Some repeated content to pad the file. Some repeated content to pad the file. Some repeated content to pad the file. Some repeated content to pad the file. Some repeated content to pad the file. Some repeated content to pad the file. Some repeated content to pad the file. Some repeated content to pad the file. Some repeated content to pad the file. Some repeated content to pad the file. Some repeated content to pad the file. Some repeated content to pad the file. Some repeated content to pad the file. Some repeated content to pad the file. Some repeated content to pad the file. Some repeated content to pad the file. Some repeated content to pad the file. Some repeated content to pad the file. Some repeated content to pad the file. Some repeated content to pad the file. Some repeated content to pad the file. Some repeated content to pad the file. Some repeated content to pad the file. Some repeated content to pad the file. Some repeated content to pad the file. Some repeated content to pad the file. Some repeated content to pad the file. Some repeated content to pad the file. Some repeated content to pad the file. Some repeated content to pad the file. Some repeated content to pad the file. Some repeated content to pad the file. Some repeated content to pad the file. Some repeated content to pad the file. Some repeated content to pad the file. Some repeated content to pad the file. Some repeated content to pad the file. Some repeated content to pad the file. Some repeated content to pad the file. Some repeated content to pad the file. Some repeated content to pad the file. Some repeated content to pad the file. Some repeated content to pad the file. Some repeated content to pad the file. Some repeated content to pad the file. Some repeated content to pad the file. Some repeated content to pad the file. Some repeated content to pad the file. Some repeated content to pad the file. Some repeated content to pad the file. Some repeated content to pad the file. Some repeated content to pad the file. Some repeated content to pad the file. Some repeated content to pad the file. Some repeated content to pad the file. Some repeated content to pad the file. Some repeated content to pad the file. Some repeated content to pad the file. Some repeated content to pad the file. Some repeated content to pad the file. Some repeated content to pad the file. Some repeated content to pad the file. Some repeated content to pad the file. Some repeated content to pad the file. Some repeated content to pad the file. Some repeated content to pad the file. Some repeated content to pad the file. Some repeated content to pad the file. Some repeated content to pad the file. Some repeated content to pad the file. Some repeated content to pad the file. Some repeated content to pad the file. Some repeated content to pad the file. Some repeated content to pad the file. Some repeated content to pad the file. Some repeated content to pad the file. Some repeated content to pad the file. Some repeated content to pad the file. Some repeated content to pad the file. Some repeated content to pad the file. Some repeated content to pad the file. Some repeated content to pad the file. Some repeated content to pad the file. Some repeated content to pad the file. Some repeated content to pad the file. Some repeated content to pad the file. Some repeated content to pad the file. Some repeated content to pad the file. Some repeated content to pad the file. Some repeated content to pad the file. Some repeated content to pad the file. Some repeated content to pad the file. Some repeated content to pad the file. Some repeated content to pad the file. Some repeated content to pad the file. Some repeated content to pad the file. Some repeated content to pad the file. Some repeated content to pad the file. Some repeated content to pad the file. Some repeated content to pad the file. Some repeated content to pad the file. Some repeated content to pad the file. Some repeated content to pad the file. Some repeated content to pad the file. Some repeated content to pad the file. Some repeated content to pad the file. Some repeated content to pad the file. Some repeated content to pad the file. Some repeated content to pad the file. Some repeated content to pad the file. Some repeated content to pad the file. Some repeated content to pad the file. Some repeated content to pad the file. Some repeated content to pad the file. Some repeated content to pad the file. Some repeated content to pad the file. Some repeated content to pad the file. Some repeated content to pad the file. Some repeated content to pad the file. Some repeated content to pad the file. Some repeated content to pad the file. Some repeated content to pad the file. Some repeated content to pad the file. Some repeated content to pad the file. Some repeated content to pad the file. Some repeated content to pad the file. Some repeated content to pad the file. Some repeated content to pad the file. Some repeated content to pad the file. Some repeated content to pad the file. Some repeated content to pad the file. Some repeated content to pad the file. Some repeated content to pad the file. Some repeated content to pad the file. Some repeated content to pad the file. Some repeated content to pad the file. Some repeated content to pad the file. Some repeated content to pad the file. Some repeated content to pad the file. Some repeated content to pad the file. Some repeated content to pad the file. Some repeated content to pad the file. Some repeated content to pad the file. Some repeated content to pad the file. Some repeated content to pad the file. Some repeated content to pad the file. Some repeated content to pad the file. Some repeated content to pad the file. Some repeated content to pad the file. Some repeated content to pad the file. Some repeated content to pad the file. Some repeated content to pad the file. Some repeated content to pad the file. Some repeated content to pad the file. Some repeated content to pad the file. Some repeated content to pad the file. Some repeated content to pad the file. Some repeated content to pad the file. Some repeated content to pad the file. Some repeated content to pad the file. Some repeated content to pad the file. Some repeated content to pad the file. Some repeated content to pad the file. Some repeated content to pad the file. Some repeated content to pad the file. Some repeated content to pad the file. Some repeated content to pad the file. Some repeated content to pad the file. Some repeated content to pad the file. Some repeated content to pad the file. Some repeated content to pad the file. Some repeated content to pad the file. Some repeated content to pad the file. Some repeated content to pad the file. Some repeated content to pad the file. Some repeated content to pad the file. Some repeated content to pad the file. Some repeated content to pad the file. Some repeated content to pad the file. Some repeated content to pad the file. Some repeated content to pad the file. Some repeated content to pad the file. Some repeated content to pad the file. Some repeated content to pad the file. Some repeated content to pad the file. Some repeated content to pad the file. Some repeated content to pad the file. Some repeated content to pad the file. Some repeated content to pad the file. Some repeated content to pad the file. Some repeated content to pad the file. Some repeated content to pad the file. Some repeated content to pad the file. Some repeated content to pad the file. Some repeated content to pad the file. Some repeated content to pad the file. Some repeated content to pad the file. Some repeated content to pad the file. Some repeated content to pad the file. Some repeated content to pad the file. Some repeated content to pad the file. Some repeated content to pad the file. Some repeated content to pad the file. Some repeated content to pad the file. Some repeated content to pad the file. Some repeated content to pad the file. Some repeated content to pad the file. Some repeated content to pad the file. Some repeated content to pad the file. Some repeated content to pad the file. Some repeated content to pad the file. Some repeated content to pad the file. Some repeated content to pad the file. Some repeated content to pad the file. Some repeated content to pad the file. Some repeated content to pad the file. Some repeated content to pad the file. Some repeated content to pad the file. Some repeated content to pad the file. Some repeated content to pad the file. Some repeated content to pad the file. Some repeated content to pad the file. Some repeated content to pad the file. Some repeated content to pad the file. Some repeated content to pad the file. Some repeated content to pad the file. Some repeated content to pad the file. Some repeated content to pad the file. Some repeated content to pad the file. Some repeated content to pad the file. Some repeated content to pad the file. Some repeated content to pad the file. Some repeated content to pad the file. Some repeated content to pad the file. Some repeated content to pad the file. Some repeated content to pad the file. Some repeated content to pad the file. Some repeated content to pad the file. Some repeated content to pad the file. Some repeated content to pad the file. Some repeated content to pad the file. Some repeated content to pad the file. Some repeated content to pad the file. Some repeated content to pad the file. Some repeated content to pad the file. Some repeated content to pad the file. Some repeated content to pad the file. Some repeated content to pad the file. Some repeated content to pad the file. Some repeated content to pad the file. Some repeated content to pad the file. Some repeated content to pad the file. Some repeated content to pad the file. Some repeated content to pad the file. Some repeated content to pad the file. Some repeated content to pad the file. Some repeated content to pad the file. Some repeated content to pad the file. Some repeated content to pad the file. Some repeated content to pad the file. Some repeated content to pad the file. Some repeated content to pad the file. Some repeated content to pad the file. Some repeated content to pad the file. Some repeated content to pad the file. Some repeated content to pad the file. Some repeated content to pad the file. Some repeated content to pad the file. Some repeated content to pad the file. Some repeated content to pad the file. Some repeated content to pad the file. Some repeated content to pad the file. Some repeated content to pad the file. Some repeated content to pad the file. Some repeated content to pad the file. Some repeated content to pad the file. Some repeated content to pad the file. Some repeated content to pad the file. Some repeated content to pad the file. Some repeated content to pad the file. Some repeated content to pad the file. Some repeated content to pad the file. Some repeated content to pad the file. Some repeated content to pad the file. Some repeated content to pad the file. Some repeated content to pad the file. Some repeated content to pad the file. Some repeated content to pad the file. Some repeated content to pad the file. Some repeated content to pad the file. Some repeated content to pad the file. Some repeated content to pad the file. Some repeated content to pad the file. Some repeated content to pad the file. Some repeated content to pad the file. Some repeated content to pad the file. Some repeated content to pad the file. Some repeated content to pad the file. Some repeated content to pad the file. Some repeated content to pad the file. Some repeated content to pad the file. Some repeated content to pad the file. Some repeated content to pad the file. Some repeated content to pad the file. Some repeated content to pad the file. Some repeated content to pad the file. Some repeated content to pad the file. Some repeated content to pad the file. Some repeated content to pad the file. Some repeated content to pad the file. Some repeated content to pad the file. Some repeated content to pad the file. Some repeated content to pad the file. Some repeated content to pad the file. Some repeated content to pad the file. Some repeated content to pad the file. Some repeated content to pad the file. Some repeated content to pad the file. Some repeated content to pad the file. Some repeated content to pad the file. Some repeated content to pad the file. Some repeated content to pad the file. Some repeated content to pad the file. Some repeated content to pad the file. Some repeated content to pad the file. Some repeated content to pad the file. Some repeated content to pad the file. Some repeated content to pad the file. Some repeated content to pad the file. Some repeated content to pad the file. Some repeated content to pad the file. Some repeated content to pad the file. Some repeated content to pad the file. Some repeated content to pad the file. Some repeated content to pad the file. Some repeated content to pad the file. Some repeated content to pad the file. Some repeated content to pad the file. Some repeated content to pad the file. Some repeated content to pad the file. Some repeated content to pad the file. Some repeated content to pad the file. Some repeated content to pad the file. Some repeated content to pad the file. Some repeated content to pad the file. Some repeated content to pad the file. Some repeated content to pad the file. Some repeated content to pad the file. Some repeated content to pad the file. Some repeated content to pad the file. Some repeated content to pad the file. Some repeated content to pad the file. Some repeated content to pad the file. Some repeated content to pad the file. Some repeated content to pad the file. Some repeated content to pad the file. Some repeated content to pad the file. Some repeated content to pad the file. Some repeated content to pad the file. Some repeated content to pad the file. Some repeated content to pad the file. Some repeated content to pad the file. Some repeated content to pad the file. Some repeated content to pad the file. Some repeated content to pad the file. Some repeated content to pad the file. Some repeated content to pad the file. Some repeated content to pad the file. Some repeated content to pad the file. Some repeated content to pad the file. Some repeated content to pad the file. Some repeated content to pad the file. Some repeated content to pad the file. Some repeated content to pad the file. Some repeated content to pad the file. Some repeated content to pad the file. Some repeated content to pad the file. Some repeated content to pad the file. Some repeated content to pad the file. Some repeated content to pad the file. Some repeated content to pad the file. Some repeated content to pad the file. Some repeated content to pad the file. Some repeated content to pad the file. Some repeated content to pad the file. Some repeated content to pad the file. Some repeated content to pad the file. Some repeated content to pad the file. Some repeated content to pad the file. Some repeated content to pad the file. Some repeated content to pad the file. Some repeated content to pad the file. Some repeated content to pad the file. Some repeated content to pad the file. Some repeated content to pad the file. Some repeated content to pad the file. Some repeated content to pad the file. Some repeated content to pad the file. Some repeated content to pad the file. Some repeated content to pad the file. Some repeated content to pad the file. Some repeated content to pad the file. Some repeated content to pad the file. Some repeated content to pad the file. Some repeated content to pad the file. Some repeated content to pad the file. Some repeated content to pad the file. Some repeated content to pad the file. Some repeated content to pad the file. Some repeated content to pad the file. Some repeated content to pad the file. Some repeated content to pad the file. Some repeated content to pad the file. Some repeated content to pad the file. Some repeated content to pad the file. Some repeated content to pad the file. Some repeated content to pad the file. Some repeated content to pad the file. Some repeated content to pad the file. Some repeated content to pad the file. Some repeated content to pad the file. Some repeated content to pad the file. Some repeated content to pad the file. Some repeated content to pad the file. Some repeated content to pad the file. Some repeated content to pad the file. Some repeated content to pad the file. Some repeated content to pad the file. Some repeated content to pad the file. Some repeated content to pad the file. Some repeated content to pad the file. Some repeated content to pad the file. Some repeated content to pad the file. Some repeated content to pad the file. Some repeated content to pad the file. Some repeated content to pad the file. Some repeated content to pad the file. Some repeated content to pad the file. Some repeated content to pad the file. Some repeated content to pad the file. Some repeated content to pad the file. Some repeated content to pad the file. Some repeated content to pad the file. Some repeated content to pad the file. Some repeated content to pad the file. Some repeated content to pad the file. Some repeated content to pad the file. Some repeated content to pad the file. Some repeated content to pad the file. Some repeated content to pad the file. Some repeated content to pad the file. Some repeated content to pad the file. Some repeated content to pad the file. Some repeated content to pad the file. Some repeated content to pad the file. Some repeated content to pad the file. Some repeated content to pad the file. Some repeated content to pad the file. Some repeated content to pad the file. Some repeated content to pad the file. Some repeated content to pad the file. Some repeated content to pad the file. Some repeated content to pad the file. Some repeated content to pad the file. Some repeated content to pad the file. Some repeated content to pad the file. Some repeated content to pad the file. Some repeated content to pad the file. Some repeated content to pad the file. Some repeated content to pad the file. Some repeated content to pad the file. Some repeated content to pad the file. Some repeated content to pad the file. Some repeated content to pad the file. Some repeated content to pad the file. Some repeated content to pad the file. Some repeated content to pad the file. Some repeated content to pad the file. Some repeated content to pad the file. Some repeated content to pad the file. Some repeated content to pad the file. Some repeated content to pad the file. Some repeated content to pad the file. Some repeated content to pad the file. Some repeated content to pad the file. Some repeated content to pad the file. Some repeated content to pad the file. Some repeated content to pad the file. Some repeated content to pad the file. Some repeated content to pad the file. Some repeated content to pad the file. Some repeated content to pad the file. Some repeated content to pad the file. Some repeated content to pad the file. Some repeated content to pad the file. Some repeated content to pad the file. Some repeated content to pad the file. Some repeated content to pad the file. Some repeated content to pad the file. Some repeated content to pad the file. Some repeated content to pad the file. Some repeated content to pad the file. Some repeated content to pad the file. Some repeated content to pad the file. Some repeated content to pad the file. Some repeated content to pad the file. Some repeated content to pad the file. Some repeated content to pad the file. Some repeated content to pad the file. Some repeated content to pad the file. Some repeated content to pad the file. Some repeated content to pad the file. Some repeated content to pad the file. Some repeated content to pad the file. Some repeated content to pad the file. Some repeated content to pad the file. Some repeated content to pad the file. Some repeated content to pad the file. Some repeated content to pad the file. Some repeated content to pad the file. Some repeated content to pad the file. Some repeated content to pad the file. Some repeated content to pad the file. Some repeated content to pad the file. Some repeated content to pad the file. Some repeated content to pad the file. Some repeated content to pad the file. Some repeated content to pad the file. Some repeated content to pad the file. Some repeated content to pad the file. Some repeated content to pad the file. Some repeated content to pad the file. Some repeated content to pad the file. Some repeated content to pad the file. Some repeated content to pad the file. Some repeated content to pad the file. Some repeated content to pad the file. Some repeated content to pad the file. Some repeated content to pad the file. Some repeated content to pad the file. Some repeated content to pad the file. Some repeated content to pad the file. Some repeated content to pad the file. Some repeated content to pad the file. Some repeated content to pad the file. Some repeated content to pad the file. Some repeated content to pad the file. Some repeated content to pad the file. Some repeated content to pad the file. Some repeated content to pad the file. Some repeated content to pad the file. Some repeated content to pad the file. Some repeated content to pad the file. Some repeated content to pad the file. Some repeated content to pad the file. Some repeated content to pad the file. Some repeated content to pad the file. Some repeated content to pad the file. Some repeated content to pad the file. Some repeated content to pad the file. Some repeated content to pad the file. Some repeated content to pad the file. Some repeated content to pad the file. Some repeated content to pad the file. Some repeated content to pad the file. Some repeated content to pad the file. Some repeated content to pad the file. Some repeated content to pad the file. Some repeated content to pad the file. Some repeated content to pad the file. Some repeated content to pad the file. Some repeated content to pad the file. Some repeated content to pad the file. Some repeated content to pad the file. Some repeated content to pad the file. Some repeated content to pad the file. Some repeated content to pad the file. Some repeated content to pad the file. Some repeated content to pad the file. Some repeated content to pad the file. Some repeated content to pad the file. Some repeated content to pad the file. Some repeated content to pad the file. Some repeated content to pad the file. Some repeated content to pad the file. Some repeated content to pad the file. Some repeated content to pad the file. Some repeated content to pad the file. Some repeated content to pad the file. Some repeated content to pad the file. Some repeated content to pad the file. Some repeated content to pad the file. Some repeated content to pad the file. Some repeated content to pad the file. Some repeated content to pad the file. Some repeated content to pad the file. Some repeated content to pad the file. Some repeated content to pad the file. Some repeated content to pad the file. Some repeated content to pad the file. Some repeated content to pad the file. Some repeated content to pad the file. Some repeated content to pad the file. Some repeated content to pad the file. Some repeated content to pad the file. Some repeated content to pad the file. Some repeated content to pad the file. Some repeated content to pad the file. Some repeated content to pad the file. Some repeated content to pad the file. Some repeated content to pad the file. Some repeated content to pad the file. Some repeated content to pad the file. Some repeated content to pad the file. Some repeated content to pad the file. Some repeated content to pad the file. Some repeated content to pad the file. Some repeated content to pad the file. Some repeated content to pad the file. Some repeated content to pad the file. Some repeated content to pad the file. Some repeated content to pad the file. Some repeated content to pad the file. Some repeated content to pad the file. Some repeated content to pad the file. Some repeated content to pad the file. Some repeated content to pad the file. Some repeated content to pad the file. Some repeated content to pad the file. Some repeated content to pad the file. Some repeated content to pad the file. Some repeated content to pad the file. Some repeated content to pad the file. Some repeated content to pad the file. Some repeated content to pad the file. Some repeated content to pad the file. Some repeated content to pad the file. Some repeated content to pad the file. Some repeated content to pad the file. Some repeated content to pad the file. Some repeated content to pad the file. Some repeated content to pad the file. Some repeated content to pad the file. Some repeated content to pad the file. Some repeated content to pad the file. Some repeated content to pad the file. Some repeated content to pad the file. Some repeated content to pad the file. Some repeated content to pad the file. Some repeated content to pad the file. Some repeated content to pad the file. Some repeated content to pad the file. Some repeated content to pad the file. Some repeated content to pad the file. Some repeated content to pad the file. Some repeated content to pad the file. Some repeated content to pad the file. Some repeated content to pad the file. Some repeated content to pad the file. Some repeated content to pad the file. Some repeated content to pad the file. Some repeated content to pad the file. Some repeated content to pad the file. Some repeated content to pad the file. Some repeated content to pad the file. Some repeated content to pad the file. Some repeated content to pad the file. Some repeated content to pad the file. Some repeated content to pad the file. Some repeated content to pad the file. Some repeated content to pad the file. Some repeated content to pad the file. Some repeated content to pad the file. Some repeated content to pad the file. Some repeated content to pad the file. Some repeated content to pad the file. Some repeated content to pad the file. Some repeated content to pad the file. Some repeated content to pad the file. Some repeated content to pad the file. Some repeated content to pad the file. Some repeated content to pad the file. Some repeated content to pad the file. Some repeated content to pad the file. Some repeated content to pad the file. Some repeated content to pad the file. Some repeated content to pad the file. Some repeated content to pad the file. Some repeated content to pad the file. Some repeated content to pad the file. Some repeated content to pad the file. Some repeated content to pad the file. Some repeated content to pad the file. Some repeated content to pad the file. Some repeated content to pad the file. Some repeated content to pad the file. Some repeated content to pad the file. Some repeated content to pad the file. Some repeated content to pad the file. Some repeated content to pad the file. Some repeated content to pad the file. Some repeated content to pad the file. Some repeated content to pad the file. Some repeated content to pad the file. Some repeated content to pad the file. Some repeated content to pad the file. Some repeated content to pad the file. Some repeated content to pad the file. Some repeated content to pad the file. Some repeated content to pad the file. Some repeated content to pad the file. Some repeated content to pad the file. Some repeated content to pad the file. Some repeated content to pad the file. Some repeated content to pad the file. Some repeated content to pad the file. Some repeated content to pad the file. Some repeated content to pad the file. Some repeated content to pad the file. Some repeated content to pad the file. Some repeated content to pad the file. Some repeated content to pad the file. Some repeated content to pad the file. Some repeated content to pad the file. Some repeated content to pad the file. Some repeated content to pad the file. Some repeated content to pad the file. Some repeated content to pad the file. Some repeated content to pad the file. Some repeated content to pad the file. Some repeated content to pad the file. Some repeated content to pad the file. Some repeated content to pad the file. Some repeated content to pad the file. Some repeated content to pad the file. Some repeated content to pad the file. Some repeated content to pad the file. Some repeated content to pad the file. Some repeated content to pad the file. Some repeated content to pad the file. Some repeated content to pad the file. Some repeated content to pad the file. Some repeated content to pad the file. Some repeated content to pad the file. Some repeated content to pad the file. Some repeated content to pad the file. Some repeated content to pad the file. Some repeated content to pad the file. Some repeated content to pad the file. Some repeated content to pad the file. Some repeated content to pad the file. Some repeated content to pad the file. Some repeated content to pad the file. Some repeated content to pad the file. Some repeated content to pad the file. Some repeated content to pad the file. Some repeated content to pad the file. Some repeated content to pad the file. Some repeated content to pad the file. Some repeated content to pad the file. Some repeated content to pad the file. Some repeated content to pad the file. Some repeated content to pad the file. Some repeated content to pad the file. Some repeated content to pad the file. Some repeated content to pad the file. Some repeated content to pad the file. Some repeated content to pad the file. Some repeated content to pad the file. Some repeated content to pad the file. Some repeated content to pad the file. Some repeated content to pad the file. Some repeated content to pad the file. Some repeated content to pad the file. Some repeated content to pad the file. Some repeated content to pad the file. Some repeated content to pad the file. Some repeated content to pad the file. Some repeated content to pad the file. Some repeated content to pad the file. Some repeated content to pad the file. Some repeated content to pad the file. Some repeated content to pad the file. Some repeated content to pad the file. Some repeated content to pad the file. Some repeated content to pad the file. Some repeated content to pad the file. Some repeated content to pad the file. Some repeated content to pad the file. Some repeated content to pad the file. Some repeated content to pad the file. Some repeated content to pad the file. Some repeated content to pad the file. Some repeated content to pad the file. Some repeated content to pad the file. Some repeated content to pad the file. Some repeated content to pad the file. Some repeated content to pad the file. Some repeated content to pad the file. Some repeated content to pad the file. Some repeated content to pad the file. Some repeated content to pad the file. Some repeated content to pad the file. Some repeated content to pad the file. Some repeated content to pad the file. Some repeated content to pad the file. Some repeated content to pad the file. Some repeated content to pad the file. Some repeated content to pad the file. Some repeated content to pad the file. Some repeated content to pad the file. Some repeated content to pad the file. Some repeated content to pad the file. Some repeated content to pad the file. Some repeated content to pad the file. Some repeated content to pad the file. Some repeated content to pad the file. Some repeated content to pad the file. Some repeated content to pad the file. Some repeated content to pad the file. Some repeated content to pad the file. Some repeated content to pad the file. Some repeated content to pad the file. Some repeated content to pad the file. Some repeated content to pad the file. Some repeated content to pad the file. Some repeated content to pad the file. Some repeated content to pad the file. Some repeated content to pad the file. Some repeated content to pad the file. Some repeated content to pad the file. Some repeated content to pad the file. Some repeated content to pad the file. Some repeated content to pad the file. Some repeated content to pad the file. Some repeated content to pad the file. Some repeated content to pad the file. Some repeated content to pad the file. Some repeated content to pad the file. Some repeated content to pad the file. Some repeated content to pad the file. Some repeated content to pad the file. Some repeated content to pad the file. Some repeated content to pad the file. Some repeated content to pad the file. Some repeated content to pad the file. Some repeated content to pad the file. Some repeated content to pad the file. Some repeated content to pad the file. Some repeated content to pad the file. Some repeated content to pad the file. Some repeated content to pad the file. Some repeated content to pad the file. Some repeated content to pad the file. Some repeated content to pad the file. Some repeated content to pad the file. Some repeated content to pad the file. Some repeated content to pad the file. Some repeated content to pad the file. Some repeated content to pad the file. Some repeated content to pad the file. Some repeated content to pad the file. Some repeated content to pad the file. Some repeated content to pad the file. Some repeated content to pad the file. Some repeated content to pad the file. Some repeated content to pad the file. Some repeated content to pad the file. Some repeated content to pad the file. Some repeated content to pad the file. Some repeated content to pad the file. Some repeated content to pad the file. Some repeated content to pad the file. Some repeated content to pad the file. Some repeated content to pad the file. Some repeated content to pad the file. Some repeated content to pad the file. Some repeated content to pad the file. Some repeated content to pad the file. Some repeated content to pad the file. Some repeated content to pad the file. Some repeated content to pad the file. Some repeated content to pad the file. Some repeated content to pad the file. Some repeated content to pad the file. Some repeated content to pad the file. Some repeated content to pad the file. Some repeated content to pad the file. Some repeated content to pad the file. Some repeated content to pad the file. Some repeated content to pad the file. Some repeated content to pad the file. Some repeated content to pad the file. Some repeated content to pad the file. Some repeated content to pad the file. Some repeated content to pad the file. Some repeated content to pad the file. Some repeated content to pad the file. Some repeated content to pad the file. Some repeated content to pad the file. Some repeated content to pad the file. Some repeated content to pad the file. Some repeated content to pad the file. Some repeated content to pad the file. Some repeated content to pad the file. Some repeated content to pad the file. Some repeated content to pad the file. Some repeated content to pad the file. Some repeated content to pad the file. Some repeated content to pad the file. Some repeated content to pad the file. Some repeated content to pad the file. Some repeated content to pad the file. Some repeated content to pad the file. Some repeated content to pad the file. Some repeated content to pad the file. Some repeated content to pad the file. Some repeated content to pad the file. Some repeated content to pad the file. Some repeated content to pad the file. Some repeated content to pad the file. Some repeated content to pad the file. Some repeated content to pad the file. Some repeated content to pad the file. Some repeated content to pad the file. Some repeated content to pad the file. Some repeated content to pad the file. Some repeated content to pad the file. Some repeated content to pad the file. Some repeated content to pad the file. Some repeated content to pad the file. Some repeated content to pad the file. Some repeated content to pad the file. Some repeated content to pad the file. Some repeated content to pad the file. Some repeated content to pad the file. Some repeated content to pad the file. Some repeated content to pad the file. Some repeated content to pad the file. Some repeated content to pad the file. Some repeated content to pad the file. Some repeated content to pad the file. Some repeated content to pad the file. Some repeated content to pad the file. Some repeated content to pad the file. Some repeated content to pad the file. Some repeated content to pad the file. Some repeated content to pad the file. Some repeated content to pad the file. Some repeated content to pad the file. Some repeated content to pad the file. Some repeated content to pad the file. Some repeated content to pad the file. Some repeated content to pad the file. Some repeated content to pad the file. Some repeated content to pad the file. Some repeated content to pad the file. Some repeated content to pad the file. Some repeated content to pad the file. Some repeated content to pad the file. Some repeated content to pad the file. Some repeated content to pad the file. Some repeated content to pad the file. Some repeated content to pad the file. Some repeated content to pad the file. Some repeated content to pad the file. Some repeated content to pad the file. Some repeated content to pad the file. Some repeated content to pad the file. Some repeated content to pad the file. Some repeated content to pad the file. Some repeated content to pad the file. Some repeated content to pad the file. Some repeated content to pad the file. Some repeated content to pad the file. Some repeated content to pad the file. Some repeated content to pad the file. Some repeated content to pad the file. Some repeated content to pad the file. Some repeated content to pad the file. Some repeated content to pad the file. Some repeated content to pad the file. Some repeated content to pad the file. Some repeated content to pad the file. Some repeated content to pad the file. Some repeated content to pad the file. Some repeated content to pad the file. Some repeated content to pad the file. Some repeated content to pad the file. Some repeated content to pad the file. Some repeated content to pad the file. Some repeated content to pad the file. Some repeated content to pad the file. Some repeated content to pad the file. Some repeated content to pad the file. Some repeated content to pad the file. Some repeated content to pad the file. Some repeated content to pad the file. Some repeated content to pad the file. Some repeated content to pad the file. Some repeated content to pad the file. Some repeated content to pad the file. Some repeated content to pad the file. Some repeated content to pad the file. Some repeated content to pad the file. Some repeated content to pad the file. Some repeated content to pad the file. Some repeated content to pad the file. Some repeated content to pad the file. Some repeated content to pad the file. Some repeated content to pad the file. Some repeated content to pad the file. Some repeated content to pad the file. Some repeated content to pad the file. Some repeated content to pad the file. Some repeated content to pad the file. Some repeated content to pad the file. Some repeated content to pad the file. Some repeated content to pad the file. Some repeated content to pad the file. Some repeated content to pad the file. Some repeated content to pad the file. Some repeated content to pad the file. Some repeated content to pad the file. Some repeated content to pad the file. Some repeated content to pad the file. Some repeated content to pad the file. Some repeated content to pad the file. Some repeated content to pad the file. Some repeated content to pad the file. Some repeated content to pad the file. Some repeated content to pad the file. Some repeated content to pad the file. Some repeated content to pad the file. Some repeated content to pad the file. Some repeated content to pad the file. Some repeated content to pad the file. Some repeated content to pad the file. Some repeated content to pad the file. Some repeated content to pad the file. Some repeated content to pad the file. Some repeated content to pad the file. Some repeated content to pad the file. Some repeated content to pad the file. Some repeated content to pad the file. Some repeated content to pad the file. Some repeated content to pad the file. Some repeated content to pad the file. Some repeated content to pad the file. Some repeated content to pad the file. Some repeated content to pad the file. Some repeated content to pad the file. Some repeated content to pad the file. Some repeated content to pad the file. Some repeated content to pad the file. Some repeated content to pad the file. Some repeated content to pad the file. Some repeated content to pad the file. Some repeated content to pad the file. Some repeated content to pad the file. Some repeated content to pad the file. Some repeated content to pad the file. Some repeated content to pad the file. Some repeated content to pad the file. Some repeated content to pad the file. Some repeated content to pad the file. Some repeated content to pad the file. Some repeated content to pad the file. Some repeated content to pad the file. Some repeated content to pad the file. Some repeated content to pad the file. Some repeated content to pad the file. Some repeated content to pad the file. Some repeated content to pad the file. Some repeated content to pad the file. Some repeated content to pad the file. Some repeated content to pad the file. Some repeated content to pad the file. Some repeated content to pad the file. Some repeated content to pad the file. Some repeated content to pad the file. Some repeated content to pad the file. Some repeated content to pad the file. Some repeated content to pad the file. Some repeated content to pad the file. Some repeated content to pad the file. Some repeated content to pad the file. Some repeated content to pad the file. Some repeated content to pad the file. Some repeated content to pad the file. Some repeated content to pad the file. Some repeated content to pad the file. Some repeated content to pad the file. Some repeated content to pad the file. Some repeated content to pad the file. Some repeated content to pad the file. Some repeated content to pad the file. Some repeated content to pad the file. Some repeated content to pad the file. Some repeated content to pad the file. Some repeated content to pad the file. Some repeated content to pad the file. Some repeated content to pad the file. Some repeated content to pad the file. Some repeated content to pad the file. Some repeated content to pad the file. Some repeated content to pad the file. Some repeated content to pad the file. Some repeated content to pad the file. Some repeated content to pad the file. Some repeated content to pad the file. Some repeated content to pad the file. Some repeated content to pad the file. Some repeated content to pad the file. Some repeated content to pad the file. Some repeated content to pad the file. Some repeated content to pad the file. Some repeated content to pad the file. Some repeated content to pad the file. Some repeated content to pad the file. Some repeated content to pad the file. Some repeated content to pad the file. Some repeated content to pad the file. Some repeated content to pad the file. Some repeated content to pad the file. Some repeated content to pad the file. Some repeated content to pad the file. Some repeated content to pad the file. Some repeated content to pad the file. Some repeated content to pad the file. Some repeated content to pad the file. Some repeated content to pad the file. Some repeated content to pad the file. Some repeated content to pad the file. Some repeated content to pad the file. Some repeated content to pad the file. Some repeated content to pad the file. Some repeated content to pad the file. Some repeated content to pad the file. Some repeated content to pad the file. Some repeated content to pad the file. Some repeated content to pad the file. Some repeated content to pad the file. Some repeated content to pad the file. Some repeated content to pad the file. Some repeated content to pad the file. Some repeated content to pad the file. Some repeated content to pad the file. Some repeated content to pad the file. Some repeated content to pad the file. Some repeated content to pad the file. Some repeated content to pad the file. Some repeated content to pad the file. Some repeated content to pad the file. Some repeated content to pad the file. Some repeated content to pad the file. Some repeated content to pad the file. Some repeated content to pad the file. Some repeated content to pad the file. Some repeated content to pad the file. Some repeated content to pad the file. Some repeated content to pad the file. Some repeated content to pad the file. Some repeated content to pad the file. Some repeated content to pad the file. Some repeated content to pad the file. Some repeated content to pad the file. Some repeated content to pad the file. Some repeated content to pad the file. Some repeated content to pad the file. Some repeated content to pad the file. Some repeated content to pad the file. Some repeated content to pad the file. Some repeated content to pad the file. Some repeated content to pad the file. Some repeated content to pad the file. Some repeated content to pad the file. Some repeated content to pad the file. Some repeated content to pad the file. Some repeated content to pad the file. Some repeated content to pad the file. Some repeated content to pad the file. Some repeated content to pad the file. Some repeated content to pad the file. Some repeated content to pad the file. Some repeated content to pad the file. Some repeated content to pad the file. Some repeated content to pad the file. Some repeated content to pad the file. Some repeated content to pad the file. Some repeated content to pad the file. Some repeated content to pad the file. Some repeated content to pad the file. Some repeated content to pad the file. Some repeated content to pad the file. Some repeated content to pad the file. Some repeated content to pad the file. Some repeated content to pad the file. Some repeated content to pad the file. Some repeated content to pad the file. Some repeated content to pad the file. Some repeated content to pad the file. Some repeated content to pad the file. Some repeated content to pad the file. Some repeated content to pad the file. Some repeated content to pad the file. Some repeated content to pad the file. Some repeated content to pad the file. Some repeated content to pad the file. Some repeated content to pad the file. Some repeated content to pad the file. Some repeated content to pad the file. Some repeated content to pad the file. Some repeated content to pad the file. Some repeated content to pad the file. Some repeated content to pad the file. Some repeated content to pad the file. Some repeated content to pad the file. Some repeated content to pad the file. Some repeated content to pad the file. Some repeated content to pad the file. Some repeated content to pad the file. Some repeated content to pad the file. Some repeated content to pad the file. Some repeated content to pad the file. Some repeated content to pad the file. Some repeated content to pad the file. Some repeated content to pad the file. Some repeated content to pad the file. Some repeated content to pad the file. Some repeated content to pad the file. Some repeated content to pad the file. Some repeated content to pad the file. Some repeated content to pad the file. Some repeated content to pad the file. Some repeated content to pad the file. Some repeated content to pad the file. Some repeated content to pad the file. Some repeated content to pad the file. Some repeated content to pad the file. Some repeated content to pad the file. Some repeated content to pad the file. Some repeated content to pad the file. Some repeated content to pad the file. Some repeated content to pad the file. Some repeated content to pad the file. Some repeated content to pad the file. Some repeated content to pad the file. Some repeated content to pad the file. Some repeated content to pad the file. Some repeated content to pad the file. Some repeated content to pad the file. Some repeated content to pad the file. Some repeated content to pad the file. Some repeated content to pad the file. Some repeated content to pad the file. Some repeated content to pad the file. Some repeated content to pad the file. Some repeated content to pad the file. Some repeated content to pad the file. Some repeated content to pad the file. Some repeated content to pad the file. Some repeated content to pad the file. Some repeated content to pad the file. Some repeated content to pad the file. Some repeated content to pad the file. Some repeated content to pad the file. Some repeated content to pad the file. Some repeated content to pad the file. Some repeated content to pad the file. Some repeated content to pad the file. Some repeated content to pad the file. Some repeated content to pad the file. Some repeated content to pad the file. Some repeated content to pad the file. Some repeated content to pad the file. Some repeated content to pad the file. Some repeated content to pad the file. Some repeated content to pad the file. Some repeated content to pad the file. Some repeated content to pad the file. Some repeated content to pad the file. Some repeated content to pad the file. Some repeated content to pad the file. Some repeated content to pad the file. Some repeated content to pad the file. Some repeated content to pad the file. Some repeated content to pad the file. Some repeated content to pad the file. Some repeated content to pad the file. Some repeated content to pad the file. Some repeated content to pad the file. Some repeated content to pad the file. Some repeated content to pad the file. Some repeated content to pad the file. Some repeated content to pad the file. Some repeated content to pad the file. Some repeated content to pad the file. Some repeated content to pad the file. Some repeated content to pad the file. Some repeated content to pad the file. Some repeated content to pad the file. Some repeated content to pad the file. Some repeated content to pad the file. Some repeated content to pad the file. Some repeated content to pad the file. Some repeated content to pad the file. Some repeated content to pad the file. Some repeated content to pad the file. Some repeated content to pad the file. Some repeated content to pad the file. Some repeated content to pad the file. Some repeated content to pad the file. Some repeated content to pad the file. Some repeated content to pad the file. Some repeated content to pad the file. Some repeated content to pad the file. Some repeated content to pad the file. Some repeated content to pad the file. Some repeated content to pad the file. Some repeated content to pad the file. Some repeated content to pad the file. Some repeated content to pad the file. Some repeated content to pad the file. Some repeated content to pad the file. Some repeated content to pad the file. Some repeated content to pad the file. Some repeated content to pad the file. Some repeated content to pad the file. Some repeated content to pad the file. Some repeated content to pad the file. Some repeated content to pad the file. Some repeated content to pad the file. Some repeated content to pad the file. Some repeated content to pad the file. Some repeated content to pad the file. Some repeated content to pad the file. Some repeated content to pad the file. Some repeated content to pad the file. Some repeated content to pad the file. Some repeated content to pad the file. Some repeated content to pad the file. Some repeated content to pad the file. Some repeated content to pad the file. Some repeated content to pad the file. Some repeated content to pad the file. Some repeated content to pad the file. Some repeated content to pad the file. Some repeated content to pad the file. Some repeated content to pad the file. Some repeated content to pad the file. Some repeated content to pad the file. Some repeated content to pad the file. Some repeated content to pad the file. Some repeated content to pad the file. Some repeated content to pad the file. Some repeated content to pad the file. Some repeated content to pad the file. Some repeated content to pad the file. Some repeated content to pad the file. Some repeated content to pad the file. Some repeated content to pad the file. Some repeated content to pad the file. Some repeated content to pad the file. Some repeated content to pad the file. Some repeated content to pad the file. Some repeated content to pad the file. Some repeated content to pad the file. Some repeated content to pad the file. Some repeated content to pad the file. Some repeated content to pad the file. Some repeated content to pad the file. Some repeated content to pad the file. Some repeated content to pad the file. Some repeated content to pad the file. Some repeated content to pad the file. Some repeated content to pad the file. Some repeated content to pad the file. Some repeated content to pad the file. Some repeated content to pad the file. Some repeated content to pad the file. Some repeated content to pad the file. Some repeated content to pad the file. Some repeated content to pad the file. Some repeated content to pad the file. Some repeated content to pad the file. Some repeated content to pad the file. Some repeated content to pad the file. Some repeated content to pad the file. Some repeated content to pad the file. Some repeated content to pad the file. Some repeated content to pad the file. Some repeated content to pad the file. Some repeated content to pad the file. Some repeated content to pad the file. Some repeated content to pad the file. Some repeated content to pad the file. Some repeated content to pad the file. Some repeated content to pad the file. Some repeated content to pad the file. Some repeated content to pad the file. Some repeated content to pad the file. Some repeated content to pad the file. Some repeated content to pad the file. Some repeated content to pad the file. Some repeated content to pad the file. Some repeated content to pad the file. Some repeated content to pad the file. Some repeated content to pad the file. Some repeated content to pad the file. Some repeated content to pad the file. Some repeated content to pad the file. Some repeated content to pad the file. Some repeated content to pad the file. Some repeated content to pad the file. Some repeated content to pad the file. Some repeated content to pad the file. Some repeated content to pad the file. Some repeated content to pad the file. Some repeated content to pad the file. Some repeated content to pad the file. Some repeated content to pad the file. Some repeated content to pad the file. Some repeated content to pad the file. Some repeated content to pad the file. Some repeated content to pad the file. Some repeated content to pad the file. Some repeated content to pad the file. Some repeated content to pad the file. Some repeated content to pad the file. Some repeated content to pad the file. Some repeated content to pad the file. Some repeated content to pad the file. Some repeated content to pad the file. Some repeated content to pad the file. Some repeated content to pad the file. Some repeated content to pad the file. Some repeated content to pad the file. Some repeated content to pad the file. Some repeated content to pad the file. Some repeated content to pad the file. Some repeated content to pad the file. Some repeated content to pad the file. Some repeated content to pad the file. Some repeated content to pad the file. Some repeated content to pad the file. Some repeated content to pad the file. Some repeated content to pad the file. Some repeated content to pad the file. Some repeated content to pad the file. Some repeated content to pad the file. Some repeated content to pad the file. Some repeated content to pad the file. Some repeated content to pad the file. Some repeated content to pad the file. Some repeated content to pad the file. Some repeated content to pad the file. Some repeated content to pad the file. Some repeated content to pad the file. Some repeated content to pad the file. Some repeated content to pad the file. Some repeated content to pad the file. Some repeated content to pad the file. Some repeated content to pad the file. Some repeated content to pad the file. Some repeated content to pad the file. Some repeated content to pad the file. Some repeated content to pad the file. Some repeated content to pad the file. Some repeated content to pad the file. Some repeated content to pad the file. Some repeated content to pad the file. Some repeated content to pad the file. Some repeated content to pad the file. Some repeated content to pad the file. Some repeated content to pad the file. Some repeated content to pad the file. Some repeated content to pad the file. Some repeated content to pad the file. Some repeated content to pad the file. Some repeated content to pad the file. Some repeated content to pad the file. Some repeated content to pad the file. Some repeated content to pad the file. Some repeated content to pad the file. Some repeated content to pad the file. Some repeated content to pad the file. Some repeated content to pad the file. Some repeated content to pad the file. Some repeated content to pad the file. Some repeated content to pad the file. Some repeated content to pad the file. Some repeated content to pad the file. Some repeated content to pad the file. Some repeated content to pad the file. Some repeated content to pad the file. Some repeated content to pad the file. Some repeated content to pad the file. Some repeated content to pad the file. Some repeated content to pad the file. Some repeated content to pad the file. Some repeated content to pad the file. Some repeated content to pad the file. Some repeated content to pad the file. Some repeated content to pad the file. Some repeated content to pad the file. Some repeated content to pad the file. Some repeated content to pad the file. Some repeated content to pad the file. Some repeated content to pad the file. Some repeated content to pad the file. Some repeated content to pad the file. Some repeated content to pad the file. Some repeated content to pad the file. Some repeated content to pad the file. Some repeated content to pad the file. Some repeated content to pad the file. Some repeated content to pad the file. Some repeated content to pad the file. Some repeated content to pad the file. Some repeated content to pad the file. Some repeated content to pad the file. Some repeated content to pad the file. Some repeated content to pad the file. Some repeated content to pad the file. Some repeated content to pad the file. Some repeated content to pad the file. Some repeated content to pad the file. Some repeated content to pad the file. Some repeated content to pad the file. Some repeated content to pad the file. Some repeated content to pad the file. Some repeated content to pad the file. Some repeated content to pad the file. Some repeated content to pad the file. Some repeated content to pad the file. Some repeated content to pad the file. Some repeated content to pad the file. Some repeated content to pad the file. Some repeated content to pad the file. Some repeated content to pad the file. Some repeated content to pad the file. Some repeated content to pad the file. Some repeated content to pad the file. Some repeated content to pad the file. Some repeated content to pad the file. Some repeated content to pad the file. Some repeated content to pad the file. Some repeated content to pad the file. Some repeated content to pad the file. Some repeated content to pad the file. Some repeated content to pad the file. Some repeated content to pad the file. Some repeated content to pad the file. Some repeated content to pad the file. Some repeated content to pad the file. Some repeated content to pad the file. Some repeated content to pad the file. Some repeated content to pad the file. Some repeated content to pad the file. Some repeated content to pad the file. Some repeated content to pad the file. Some repeated content to pad the file. Some repeated content to pad the file. Some repeated content to pad the file. Some repeated content to pad the file. Some repeated content to pad the file. Some repeated content to pad the file. Some repeated content to pad the file. Some repeated content to pad the file. Some repeated content to pad the file. Some repeated content to pad the file. Some repeated content to pad the file. Some repeated content to pad the file. Some repeated content to pad the file. Some repeated content to pad the file. Some repeated content to pad the file. Some repeated content to pad the file. Some repeated content to pad the file. Some repeated content to pad the file. Some repeated content to pad the file. Some repeated content to pad the file. Some repeated content to pad the file. Some repeated content to pad the file. Some repeated content to pad the file. Some repeated content to pad the file. Some repeated content to pad the file. Some repeated content to pad the file. Some repeated content to pad the file. Some repeated content to pad the file. Some repeated content to pad the file. Some repeated content to pad the file. Some repeated content to pad the file. Some repeated content to pad the file. Some repeated content to pad the file. Some repeated content to pad the file. Some repeated content to pad the file. Some repeated content to pad the file. Some repeated content to pad the file. Some repeated content to pad the file. Some repeated content to pad the file. Some repeated content to pad the file. Some repeated content to pad the file. Some repeated content to pad the file. Some repeated content to pad the file. Some repeated content to pad the file. Some repeated content to pad the file. Some repeated content to pad the file. Some repeated content to pad the file. Some repeated content to pad the file. Some repeated content to pad the file. Some repeated content to pad the file. Some repeated content to pad the file. Some repeated content to pad the file. Some repeated content to pad the file. Some repeated content to pad the file. Some repeated content to pad the file. Some repeated content to pad the file. Some repeated content to pad the file. Some repeated content to pad the file. Some repeated content to pad the file. Some repeated content to pad the file. Some repeated content to pad the file. Some repeated content to pad the file. Some repeated content to pad the file. Some repeated content to pad the file. Some repeated content to pad the file. Some repeated content to pad the file. Some repeated content to pad the file. Some repeated content to pad the file. Some repeated content to pad the file. Some repeated content to pad the file. Some repeated content to pad the file. Some repeated content to pad the file. Some repeated content to pad the file. Some repeated content to pad the file. Some repeated content to pad the file. Some repeated content to pad the file. Some repeated content to pad the file. Some repeated content to pad the file. Some repeated content to pad the file. Some repeated content to pad the file. Some repeated content to pad the file. Some repeated content to pad the file. Some repeated content to pad the file. Some repeated content to pad the file. Some repeated content to pad the file. Some repeated content to pad the file. Some repeated content to pad the file. Some repeated content to pad the file. Some repeated content to pad the file. Some repeated content to pad the file. Some repeated content to pad the file. Some repeated content to pad the file. Some repeated content to pad the file. Some repeated content to pad the file. Some repeated content to pad the file. Some repeated content to pad the file. Some repeated content to pad the file. Some repeated content to pad the file. Some repeated content to pad the file. Some repeated content to pad the file. Some repeated content to pad the file. Some repeated content to pad the file. Some repeated content to pad the file. Some repeated content to pad the file. Some repeated content to pad the file. Some repeated content to pad the file. Some repeated content to pad the file. Some repeated content to pad the file. Some repeated content to pad the file. Some repeated content to pad the file. Some repeated content to pad the file. Some repeated content to pad the file. Some repeated content to pad the file. Some repeated content to pad the file. Some repeated content to pad the file. Some repeated content to pad the file. Some repeated content to pad the file. Some repeated content to pad the file. Some repeated content to pad the file. Some repeated content to pad the file. Some repeated content to pad the file. Some repeated content to pad the file. Some repeated content to pad the file. Some repeated content to pad the file. Some repeated content to pad the file. Some repeated content to pad the file. Some repeated content to pad the file. Some repeated content to pad the file. Some repeated content to pad the file. Some repeated content to pad the file. Some repeated content to pad the file. Some repeated content to pad the file. Some repeated content to pad the file. Some repeated content to pad the file. Some repeated content to pad the file. Some repeated content to pad the file. Some repeated content to pad the file. Some repeated content to pad the file. Some repeated content to pad the file. Some repeated content to pad the file. Some repeated content to pad the file. Some repeated content to pad the file. Some repeated content to pad the file. Some repeated content to pad the file. Some repeated content to pad the file. Some repeated content to pad the file. Some repeated content to pad the file. Some repeated content to pad the file. Some repeated content to pad the file. Some repeated content to pad the file. Some repeated content to pad the file. Some repeated content to pad the file. Some repeated content to pad the file. Some repeated content to pad the file. Some repeated content to pad the file. Some repeated content to pad the file. Some repeated content to pad the file. Some repeated content to pad the file. Some repeated content to pad the file. Some repeated content to pad the file. Some repeated content to pad the file. Some repeated content to pad the file. Some repeated content to pad the file. Some repeated content to pad the file. Some repeated content to pad the file. Some repeated content to pad the file. Some repeated content to pad the file. Some repeated content to pad the file. Some repeated content to pad the file. Some repeated content to pad the file. Some repeated content to pad the file. Some repeated content to pad the file. Some repeated content to pad the file. Some repeated content to pad the file. Some repeated content to pad the file. Some repeated content to pad the file. Some repeated content to pad the file. Some repeated content to pad the file. Some repeated content to pad the file. Some repeated content to pad the file. Some repeated content to pad the file. Some repeated content to pad the file. Some repeated content to pad the file. Some repeated content to pad the file. Some repeated content to pad the file. Some repeated content to pad the file. Some repeated content to pad the file. Some repeated content to pad the file. Some repeated content to pad the file. Some repeated content to pad the file. Some repeated content to pad the file. Some repeated content to pad the file. Some repeated content to pad the file. Some repeated content to pad the file. Some repeated content to pad the file. Some repeated content to pad the file. Some repeated content to pad the file. Some repeated content to pad the file. Some repeated content to pad the file. Some repeated content to pad the file. Some repeated content to pad the file. Some repeated content to pad the file. Some repeated content to pad the file. Some repeated content to pad the file. Some repeated content to pad the file. Some repeated content to pad the file. Some repeated content to pad the file. Some repeated content to pad the file. Some repeated content to pad the file. Some repeated content to pad the file. Some repeated content to pad the file. Some repeated content to pad the file. Some repeated content to pad the file. Some repeated content to pad the file. Some repeated content to pad the file. Some repeated content to pad the file. Some repeated content to pad the file. Some repeated content to pad the file. Some repeated content to pad the file. Some repeated content to pad the file. Some repeated content to pad the file. Some repeated content to pad the file. Some repeated content to pad the file. Some repeated content to pad the file. Some repeated content to pad the file. Some repeated content to pad the file. Some repeated content to pad the file. Some repeated content to pad the file. Some repeated content to pad the file. Some repeated content to pad the file. Some repeated content to pad the file. Some repeated content to pad the file. Some repeated content to pad the file. Some repeated content to pad the file. Some repeated content to pad the file. Some repeated content to pad the file. Some repeated content to pad the file. Some repeated content to pad the file. Some repeated content to pad the file. Some repeated content to pad the file. Some repeated content to pad the file. Some repeated content to pad the file. Some repeated content to pad the file. Some repeated content to pad the file. Some repeated content to pad the file. Some repeated content to pad the file. Some repeated content to pad the file. Some repeated content to pad the file. Some repeated content to pad the file. Some repeated content to pad the file. Some repeated content to pad the file. Some repeated content to pad the file. Some repeated content to pad the file. Some repeated content to pad the file. Some repeated content to pad the file. Some repeated content to pad the file. Some repeated content to pad the file. Some repeated content to pad the file. Some repeated content to pad the file. Some repeated content to pad the file. Some repeated content to pad the file. Some repeated content to pad the file. Some repeated content to pad the file. Some repeated content to pad the file. Some repeated content to pad the file. Some repeated content to pad the file. Some repeated content to pad the file. Some repeated content to pad the file. Some repeated content to pad the file. Some repeated content to pad the file. Some repeated content to pad the file. Some repeated content to pad the file. Some repeated content to pad the file. Some repeated content to pad the file. Some repeated content to pad the file. Some repeated content to pad the file. Some repeated content to pad the file. Some repeated content to pad the file. Some repeated content to pad the file. Some repeated content to pad the file. Some repeated content to pad the file. Some repeated content to pad the file. Some repeated content to pad the file. Some repeated content to pad the file. Some repeated content to pad the file. Some repeated content to pad the file. Some repeated content to pad the file. Some repeated content to pad the file. Some repeated content to pad the file. Some repeated content to pad the file. Some repeated content to pad the file. Some repeated content to pad the file. Some repeated content to pad the file. Some repeated content to pad the file. Some repeated content to pad the file. Some repeated content to pad the file. Some repeated content to pad the file. Some repeated content to pad the file. Some repeated content to pad the file. Some repeated content to pad the file. Some repeated content to pad the file. Some repeated content to pad the file. Some repeated content to pad the file. Some repeated content to pad the file. Some repeated content to pad the file. Some repeated content to pad the file. Some repeated content to pad the file. Some repeated content to pad the file. Some repeated content to pad the file. Some repeated content to pad the file. Some repeated content to pad the file. Some repeated content to pad the file. Some repeated content to pad the file. Some repeated content to pad the file. Some repeated content to pad the file. Some repeated content to pad the file. Some repeated content to pad the file. Some repeated content to pad the file. Some repeated content to pad the file. Some repeated content to pad the file. Some repeated content to pad the file. Some repeated content to pad the file. Some repeated content to pad the file. Some repeated content to pad the file. Some repeated content to pad the file. Some repeated content to pad the file. Some repeated content to pad the file. Some repeated content to pad the file. Some repeated content to pad the file. Some repeated content to pad the file. Some repeated content to pad the file. Some repeated content to pad the file. Some repeated content to pad the file. Some repeated content to pad the file. Some repeated content to pad the file. Some repeated content to pad the file. Some repeated content to pad the file. Some repeated content to pad the file. Some repeated content to pad the file. Some repeated content to pad the file. Some repeated content to pad the file. Some repeated content to pad the file. Some repeated content to pad the file. Some repeated content to pad the file. Some repeated content to pad the file. Some repeated content to pad the file. Some repeated content to pad the file. Some repeated content to pad the file. Some repeated content to pad the file. Some repeated content to pad the file. Some repeated content to pad the file. Some repeated content to pad the file. Some repeated content to pad the file. Some repeated content to pad the file. Some repeated content to pad the file. Some repeated content to pad the file. Some repeated content to pad the file. Some repeated content to pad the file. Some repeated content to pad the file. Some repeated content to pad the file. Some repeated content to pad the file. Some repeated content to pad the file. Some repeated content to pad the file. Some repeated content to pad the file. Some repeated content to pad the file. Some repeated content to pad the file. Some repeated content to pad the file. Some repeated content to pad the file. Some repeated content to pad the file. Some repeated content to pad the file. Some repeated content to pad the file. Some repeated content to pad the file. Some repeated content to pad the file. Some repeated content to pad the file. Some repeated content to pad the file. Some repeated content to pad the file. Some repeated content to pad the file. Some repeated content to pad the file. Some repeated content to pad the file. Some repeated content to pad the file. Some repeated content to pad the file. Some repeated content to pad the file. Some repeated content to pad the file. Some repeated content to pad the file. Some repeated content to pad the file. Some repeated content to pad the file. Some repeated content to pad the file. Some repeated content to pad the file. Some repeated content to pad the file. Some repeated content to pad the file. Some repeated content to pad the file. Some repeated content to pad the file. Some repeated content to pad the file. Some repeated content to pad the file. Some repeated content to pad the file. Some repeated content to pad the file. Some repeated content to pad the file. Some repeated content to pad the file. Some repeated content to pad the file. Some repeated content to pad the file. Some repeated content to pad the file. Some repeated content to pad the file. Some repeated content to pad the file. Some repeated content to pad the file. Some repeated content to pad the file. Some repeated content to pad the file. Some repeated content to pad the file. Some repeated content to pad the file. Some repeated content to pad the file. Some repeated content to pad the file. Some repeated content to pad the file. Some repeated content to pad the file. Some repeated content to pad the file. Some repeated content to pad the file. Some repeated content to pad the file. Some repeated content to pad the file. Some repeated content to pad the file. Some repeated content to pad the file. Some repeated content to pad the file. Some repeated content to pad the file. Some repeated content to pad the file. Some repeated content to pad the file. Some repeated content to pad the file. Some repeated content to pad the file. Some repeated content to pad the file. Some repeated content to pad the file. Some repeated content to pad the file. Some repeated content to pad the file. Some repeated content to pad the file. Some repeated content to pad the file. Some repeated content to pad the file. Some repeated content to pad the file. Some repeated content to pad the file. Some repeated content to pad the file. Some repeated content to pad the file. Some repeated content to pad the file. Some repeated content to pad the file. Some repeated content to pad the file. Some repeated content to pad the file. Some repeated content to pad the file. Some repeated content to pad the file. Some repeated content to pad the file. Some repeated content to pad the file. Some repeated content to pad the file. Some repeated content to pad the file. Some repeated content to pad the file. Some repeated content to pad the file. Some repeated content to pad the file. Some repeated content to pad the file. Some repeated content to pad the file. Some repeated content to pad the file. Some repeated content to pad the file. Some repeated content to pad the file. Some repeated content to pad the file. Some repeated content to pad the file. Some repeated content to pad the file. Some repeated content to pad the file. Some repeated content to pad the file. Some repeated content to pad the file. Some repeated content to pad the file. Some repeated content to pad the file. Some repeated content to pad the file. Some repeated content to pad the file. Some repeated content to pad the file. Some repeated content to pad the file. Some repeated content to pad the file. Some repeated content to pad the file. Some repeated content to pad the file. Some repeated content to pad the file. Some repeated content to pad the file. Some repeated content to pad the file. Some repeated content to pad the file. Some repeated content to pad the file. Some repeated content to pad the file. Some repeated content to pad the file. Some repeated content to pad the file. Some repeated content to pad the file. Some repeated content to pad the file. Some repeated content to pad the file. Some repeated content to pad the file. Some repeated content to pad the file. Some repeated content to pad the file. Some repeated content to pad the file. Some repeated content to pad the file. Some repeated content to pad the file. Some repeated content to pad the file. Some repeated content to pad the file. Some repeated content to pad the file. Some repeated content to pad the file. Some repeated content to pad the file. Some repeated content to pad the file. Some repeated content to pad the file. Some repeated content to pad the file. Some repeated content to pad the file. Some repeated content to pad the file. Some repeated content to pad the file. Some repeated content to pad the file. Some repeated content to pad the file. Some repeated content to pad the file. Some repeated content to pad the file. Some repeated content to pad the file. Some repeated content to pad the file. Some repeated content to pad the file. Some repeated content to pad the file. Some repeated content to pad the file. Some repeated content to pad the file. Some repeated content to pad the file. Some repeated content to pad the file. Some repeated content to pad the file. Some repeated content to pad the file. Some repeated content to pad the file. Some repeated content to pad the file. Some repeated content to pad the file. Some repeated content to pad the file. Some repeated content to pad the file. Some repeated content to pad the file. Some repeated content to pad the file. Some repeated content to pad the file. Some repeated content to pad the file. Some repeated content to pad the file. Some repeated content to pad the file. Some repeated content to pad the file. Some repeated content to pad the file. Some repeated content to pad the file. Some repeated content to pad the file. Some repeated content to pad the file. Some repeated content to pad the file. Some repeated content to pad the file. Some repeated content to pad the file. Some repeated content to pad the file. Some repeated content to pad the file. Some repeated content to pad the file. Some repeated content to pad the file. Some repeated content to pad the file. Some repeated content to pad the file. Some repeated content to pad the file. Some repeated content to pad the file. Some repeated content to pad the file. Some repeated content to pad the file. Some repeated content to pad the file. Some repeated content to pad the file. Some repeated content to pad the file. Some repeated content to pad the file. Some repeated content to pad the file. Some repeated content to pad the file. Some repeated content to pad the file. Some repeated content to pad the file. Some repeated content to pad the file. Some repeated content to pad the file. Some repeated content to pad the file. Some repeated content to pad the file. Some repeated content to pad the file. Some repeated content to pad the file. Some repeated content to pad the file. Some repeated content to pad the file. Some repeated content to pad the file. Some repeated content to pad the file. Some repeated content to pad the file. Some repeated content to pad the file. Some repeated content to pad the file. Some repeated content to pad the file. Some repeated content to pad the file. Some repeated content to pad the file. Some repeated content to pad the file. Some repeated content to pad the file. Some repeated content to pad the file. Some repeated content to pad the file. Some repeated content to pad the file. Some repeated content to pad the file. Some repeated content to pad the file. Some repeated content to pad the file. Some repeated content to pad the file. Some repeated content to pad the file. Some repeated content to pad the file. Some repeated content to pad the file. Some repeated content to pad the file. Some repeated content to pad the file. Some repeated content to pad the file. Some repeated content to pad the file. Some repeated content to pad the file. Some repeated content to pad the file. Some repeated content to pad the file. Some repeated content to pad the file. Some repeated content to pad the file. Some repeated content to pad the file. Some repeated content to pad the file. Some repeated content to pad the file. Some repeated content to pad the file. Some repeated content to pad the file. Some repeated content to pad the file. Some repeated content to pad the file. Some repeated content to pad the file. Some repeated content to pad the file. Some repeated content to pad the file. Some repeated content to pad the file. Some repeated content to pad the file. Some repeated content to pad the file. Some repeated content to pad the file. Some repeated content to pad the file. Some repeated content to pad the file. Some repeated content to pad the file. Some repeated content to pad the file. Some repeated content to pad the file. Some repeated content to pad the file. Some repeated content to pad the file. Some repeated content to pad the file. Some repeated content to pad the file. Some repeated content to pad the file. Some repeated content to pad the file. Some repeated content to pad the file. Some repeated content to pad the file. Some repeated content to pad the file. Some repeated content to pad the file. Some repeated content to pad the file. Some repeated content to pad the file. Some repeated content to pad the file. Some repeated content to pad the file. Some repeated content to pad the file. Some repeated content to pad the file. Some repeated content to pad the file. Some repeated content to pad the file. Some repeated content to pad the file. Some repeated content to pad the file. Some repeated content to pad the file. Some repeated content to pad the file. Some repeated content to pad the file. Some repeated content to pad the file. Some repeated content to pad the file. Some repeated content to pad the file. Some repeated content to pad the file. Some repeated content to pad the file. Some repeated content to pad the file. Some repeated content to pad the file. Some repeated content to pad the file. Some repeated content to pad the file. Some repeated content to pad the file. Some repeated content to pad the file. Some repeated content to pad the file. Some repeated content to pad the file. Some repeated content to pad the file. Some repeated content to pad the file. Some repeated content to pad the file. Some repeated content to pad the file. Some repeated content to pad the file. Some repeated content to pad the file. Some repeated content to pad the file. Some repeated content to pad the file. Some repeated content to pad the file. Some repeated content to pad the file. Some repeated content to pad the file. Some repeated content to pad the file. Some repeated content to pad the file. Some repeated content to pad the file. Some repeated content to pad the file. Some repeated content to pad the file. Some repeated content to pad the file. Some repeated content to pad the file. Some repeated content to pad the file. Some repeated content to pad the file. Some repeated content to pad the file. Some repeated content to pad the file. Some repeated content to pad the file. Some repeated content to pad the file. Some repeated content to pad the file. Some repeated content to pad the file. Some repeated content to pad the file. Some repeated content to pad the file. Some repeated content to pad the file. Some repeated content to pad the file. Some repeated content to pad the file. Some repeated content to pad the file. Some repeated content to pad the file. Some repeated content to pad the file. Some repeated content to pad the file. Some repeated content to pad the file. Some repeated content to pad the file. Some repeated content to pad the file. Some repeated content to pad the file. Some repeated content to pad the file. Some repeated content to pad the file. Some repeated content to pad the file. Some repeated content to pad the file. Some repeated content to pad the file. Some repeated content to pad the file. Some repeated content to pad the file. Some repeated content to pad the file. Some repeated content to pad the file. Some repeated content to pad the file. Some repeated content to pad the file. Some repeated content to pad the file. Some repeated content to pad the file. Some repeated content to pad the file. Some repeated content to pad the file. Some repeated content to pad the file. Some repeated content to pad the file. Some repeated content to pad the file. Some repeated content to pad the file. Some repeated content to pad the file. Some repeated content to pad the file. Some repeated content to pad the file. Some repeated content to pad the file. Some repeated content to pad the file. Some repeated content to pad the file. Some repeated content to pad the file. Some repeated content to pad the file. Some repeated content to pad the file. Some repeated content to pad the file. Some repeated content to pad the file. Some repeated content to pad the file. Some repeated content to pad the file. Some repeated content to pad the file. Some repeated content to pad the file. Some repeated content to pad the file. Some repeated content to pad the file. Some repeated content to pad the file. Some repeated content to pad the file. Some repeated content to pad the file. Some repeated content to pad the file. Some repeated content to pad the file. Some repeated content to pad the file. Some repeated content to pad the file. Some repeated content to pad the file. Some repeated content to pad the file. Some repeated content to pad the file. Some repeated content to pad the file. Some repeated content to pad the file. Some repeated content to pad the file. Some repeated content to pad the file. Some repeated content to pad the file. Some repeated content to pad the file. Some repeated content to pad the file. Some repeated content to pad the file. Some repeated content to pad the file. Some repeated content to pad the file. Some repeated content to pad the file. Some repeated content to pad the file. Some repeated content to pad the file. Some repeated content to pad the file. Some repeated content to pad the file. Some repeated content to pad the file. Some repeated content to pad the file. Some repeated content to pad the file. Some repeated content to pad the file. Some repeated content to pad the file. Some repeated content to pad the file. Some repeated content to pad the file. Some repeated content to pad the file. Some repeated content to pad the file. Some repeated content to pad the file. Some repeated content to pad the file. Some repeated content to pad the file. Some repeated content to pad the file. Some repeated content to pad the file. Some repeated content to pad the file. Some repeated content to pad the file. Some repeated content to pad the file. Some repeated content to pad the file. Some repeated content to pad the file. Some repeated content to pad the file. Some repeated content to pad the file. Some repeated content to pad the file. Some repeated content to pad the file. Some repeated content to pad the file. Some repeated content to pad the file. Some repeated content to pad the file. Some repeated content to pad the file. Some repeated content to pad the file. Some repeated content to pad the file. Some repeated content to pad the file. Some repeated content to pad the file. Some repeated content to pad the file. Some repeated content to pad the file. Some repeated content to pad the file. Some repeated content to pad the file. Some repeated content to pad the file. Some repeated content to pad the file. Some repeated content to pad the file. Some repeated content to pad the file. Some repeated content to pad the file. Some repeated content to pad the file. Some repeated content to pad the file. Some repeated content to pad the file. Some repeated content to pad the file. Some repeated content to pad the file. Some repeated content to pad the file. Some repeated content to pad the file. Some repeated content to pad the file. Some repeated content to pad the file. Some repeated content to pad the file. Some repeated content to pad the file. Some repeated content to pad the file. Some repeated content to pad the file. Some repeated content to pad the file. Some repeated content to pad the file. Some repeated content to pad the file. Some repeated content to pad the file. Some repeated content to pad the file. Some repeated content to pad the file. Some repeated content to pad the file. Some repeated content to pad the file. Some repeated content to pad the file. Some repeated content to pad the file. Some repeated content to pad the file. Some repeated content to pad the file. Some repeated content to pad the file. Some repeated content to pad the file. Some repeated content to pad the file. Some repeated content to pad the file. Some repeated content to pad the file. Some repeated content to pad the file. Some repeated content to pad the file. Some repeated content to pad the file. Some repeated content to pad the file. Some repeated content to pad the file. Some repeated content to pad the file. Some repeated content to pad the file. Some repeated content to pad the file. Some repeated content to pad the file. Some repeated content to pad the file. Some repeated content to pad the file. Some repeated content to pad the file. Some repeated content to pad the file. Some repeated content to pad the file. Some repeated content to pad the file. Some repeated content to pad the file. Some repeated content to pad the file. Some repeated content to pad the file. Some repeated content to pad the file. Some repeated content to pad the file. Some repeated content to pad the file. Some repeated content to pad the file. Some repeated content to pad the file. Some repeated content to pad the file. Some repeated content to pad the file. Some repeated content to pad the file. Some repeated content to pad the file. Some repeated content to pad the file. Some repeated content to pad the file. Some repeated content to pad the file. Some repeated content to pad the file. Some repeated content to pad the file. Some repeated content to pad the file. Some repeated content to pad the file. Some repeated content to pad the file. Some repeated content to pad the file. Some repeated content to pad the file. Some repeated content to pad the file. Some repeated content to pad the file. Some repeated content to pad the file. Some repeated content to pad the file. Some repeated content to pad the file. Some repeated content to pad the file. Some repeated content to pad the file. Some repeated content to pad the file. Some repeated content to pad the file. Some repeated content to pad the file. Some repeated content to pad the file. Some repeated content to pad the file. Some repeated content to pad the file. Some repeated content to pad the file. Some repeated content to pad the file. Some repeated content to pad the file. Some repeated content to pad the file. Some repeated content to pad the file. Some repeated content to pad the file. Some repeated content to pad the file. Some repeated content to pad the file. Some repeated content to pad the file. Some repeated content to pad the file. Some repeated content to pad the file. Some repeated content to pad the file. Some repeated content to pad the file. Some repeated content to pad the file. Some repeated content to pad the file. Some repeated content to pad the file. Some repeated content to pad the file. Some repeated content to pad the file. Some repeated content to pad the file. Some repeated content to pad the file. Some repeated content to pad the file. Some repeated content to pad the file. Some repeated content to pad the file. Some repeated content to pad the file. Some repeated content to pad the file. Some repeated content to pad the file. Some repeated content to pad the file. Some repeated content to pad the file. Some repeated content to pad the file. Some repeated content to pad the file. Some repeated content to pad the file. Some repeated content to pad the file. Some repeated content to pad the file. Some repeated content to pad the file. Some repeated content to pad the file. Some repeated content to pad the file. Some repeated content to pad the file. Some repeated content to pad the file. Some repeated content to pad the file. Some repeated content to pad the file. Some repeated content to pad the file. Some repeated content to pad the file. Some repeated content to pad the file. Some repeated content to pad the file. Some repeated content to pad the file. Some repeated content to pad the file. Some repeated content to pad the file. Some repeated content to pad the file. Some repeated content to pad the file. Some repeated content to pad the file. Some repeated content to pad the file. Some repeated content to pad the file. Some repeated content to pad the file. Some repeated content to pad the file. Some repeated content to pad the file. Some repeated content to pad the file. Some repeated content to pad the file. Some repeated content to pad the file. Some repeated content to pad the file. Some repeated content to pad the file. Some repeated content to pad the file. Some repeated content to pad the file. Some repeated content to pad the file. Some repeated content to pad the file. Some repeated content to pad the file. Some repeated content to pad the file. Some repeated content to pad the file. Some repeated content to pad the file. Some repeated content to pad the file. Some repeated content to pad the file. Some repeated content to pad the file. Some repeated content to pad the file. Some repeated content to pad the file. Some repeated content to pad the file. Some repeated content to pad the file. Some repeated content to pad the file. Some repeated content to pad the file. Some repeated content to pad the file. Some repeated content to pad the file. Some repeated content to pad the file. Some repeated content to pad the file. Some repeated content to pad the file. Some repeated content to pad the file. Some repeated content to pad the file. Some repeated content to pad the file. Some repeated content to pad the file. Some repeated content to pad the file. Some repeated content to pad the file. Some repeated content to pad the file. Some repeated content to pad the file. Some repeated content to pad the file. Some repeated content to pad the file. Some repeated content to pad the file. Some repeated content to pad the file. Some repeated content to pad the file. Some repeated content to pad the file. Some repeated content to pad the file. Some repeated content to pad the file. Some repeated content to pad the file. Some repeated content to pad the file. Some repeated content to pad the file. Some repeated content to pad the file. Some repeated content to pad the file. Some repeated content to pad the file. Some repeated content to pad the file. Some repeated content to pad the file. Some repeated content to pad the file. Some repeated content to pad the file. Some repeated content to pad the file. Some repeated content to pad the file. Some repeated content to pad the file. Some repeated content to pad the file. Some repeated content to pad the file. Some repeated content to pad the file. Some repeated content to pad the file. Some repeated content to pad the file. Some repeated content to pad the file. Some repeated content to pad the file. Some repeated content to pad the file. Some repeated content to pad the file. Some repeated content to pad the file. Some repeated content to pad the file. Some repeated content to pad the file. Some repeated content to pad the file. Some repeated content to pad the file. Some repeated content to pad the file. Some repeated content to pad the file. Some repeated content to pad the file. Some repeated content to pad the file. Some repeated content to pad the file. Some repeated content to pad the file. Some repeated content to pad the file. Some repeated content to pad the file. Some repeated content to pad the file. Some repeated content to pad the file. Some repeated content to pad the file. Some repeated content to pad the file. Some repeated content to pad the file. Some repeated content to pad the file. Some repeated content to pad the file. Some repeated content to pad the file. Some repeated content to pad the file. Some repeated content to pad the file. Some repeated content to pad the file. Some repeated content to pad the file. Some repeated content to pad the file. Some repeated content to pad the file. Some repeated content to pad the file. Some repeated content to pad the file. Some repeated content to pad the file. Some repeated content to pad the file. Some repeated content to pad the file. Some repeated content to pad the file. Some repeated content to pad the file. Some repeated content to pad the file. Some repeated content to pad the file. Some repeated content to pad the file. Some repeated content to pad the file. Some repeated content to pad the file. Some repeated content to pad the file. Some repeated content to pad the file. Some repeated content to pad the file. Some repeated content to pad the file. Some repeated content to pad the file. Some repeated content to pad the file. Some repeated content to pad the file. Some repeated content to pad the file. Some repeated content to pad the file. Some repeated content to pad the file. Some repeated content to pad the file. Some repeated content to pad the file. Some repeated content to pad the file. Some repeated content to pad the file. Some repeated content to pad the file. Some repeated content to pad the file. Some repeated content to pad the file. Some repeated content to pad the file. Some repeated content to pad the file. Some repeated content to pad the file. Some repeated content to pad the file. Some repeated content to pad the file. Some repeated content to pad the file. Some repeated content to pad the file. Some repeated content to pad the file. Some repeated content to pad the file. Some repeated content to pad the file. Some repeated content to pad the file. Some repeated content to pad the file. Some repeated content to pad the file. Some repeated content to pad the file. Some repeated content to pad the file. Some repeated content to pad the file. Some repeated content to pad the file. Some repeated content to pad the file. Some repeated content to pad the file. Some repeated content to pad the file. Some repeated content to pad the file. Some repeated content to pad the file. Some repeated content to pad the file. Some repeated content to pad the file. Some repeated content to pad the file. Some repeated content to pad the file. Some repeated content to pad the file. Some repeated content to pad the file. Some repeated content to pad the file. Some repeated content to pad the file. Some repeated content to pad the file. Some repeated content to pad the file. Some repeated content to pad the file. Some repeated content to pad the file. Some repeated content to pad the file. Some repeated content to pad the file. Some repeated content to pad the file. Some repeated content to pad the file. Some repeated content to pad the file. Some repeated content to pad the file. Some repeated content to pad the file. Some repeated content to pad the file. Some repeated content to pad the file. Some repeated content to pad the file. Some repeated content to pad the file. Some repeated content to pad the file. Some repeated content to pad the file. Some repeated content to pad the file. Some repeated content to pad the file. Some repeated content to pad the file. Some repeated content to pad the file. Some repeated content to pad the file. Some repeated content to pad the file. Some repeated content to pad the file. Some repeated content to pad the file. Some repeated content to pad the file. Some repeated content to pad the file. Some repeated content to pad the file. Some repeated content to pad the file. Some repeated content to pad the file. Some repeated content to pad the file. Some repeated content to pad the file. Some repeated content to pad the file. Some repeated content to pad the file. Some repeated content to pad the file. Some repeated content to pad the file. Some repeated content to pad the file. Some repeated content to pad the file. Some repeated content to pad the file. Some repeated content to pad the file. Some repeated content to pad the file. Some repeated content to pad the file. Some repeated content to pad the file. Some repeated content to pad the file. Some repeated content to pad the file. Some repeated content to pad the file. Some repeated content to pad the file. Some repeated content to pad the file. Some repeated content to pad the file. Some repeated content to pad the file. Some repeated content to pad the file. Some repeated content to pad the file. Some repeated content to pad the file. Some repeated content to pad the file. Some repeated content to pad the file. Some repeated content to pad the file. Some repeated content to pad the file. Some repeated content to pad the file. Some repeated content to pad the file. Some repeated content to pad the file. Some repeated content to pad the file. Some repeated content to pad the file. Some repeated content to pad the file. Some repeated content to pad the file. Some repeated content to pad the file. Some repeated content to pad the file. Some repeated content to pad the file. Some repeated content to pad the file. Some repeated content to pad the file. Some repeated content to pad the file. Some repeated content to pad the file. Some repeated content to pad the file. Some repeated content to pad the file. Some repeated content to pad the file. Some repeated content to pad the file. Some repeated content to pad the file. Some repeated content to pad the file. Some repeated content to pad the file. Some repeated content to pad the file. Some repeated content to pad the file. Some repeated content to pad the file. Some repeated content to pad the file. Some repeated content to pad the file. Some repeated content to pad the file. Some repeated content to pad the file. Some repeated content to pad the file. Some repeated content to pad the file. Some repeated content to pad the file. Some repeated content to pad the file. Some repeated content to pad the file. Some repeated content to pad the file. Some repeated content to pad the file. Some repeated content to pad the file. Some repeated content to pad the file. Some repeated content to pad the file. Some repeated content to pad the file. Some repeated content to pad the file. Some repeated content to pad the file. Some repeated content to pad the file. Some repeated content to pad the file. Some repeated content to pad the file. Some repeated content to pad the file. Some repeated content to pad the file. Some repeated content to pad the file. Some repeated content to pad the file. Some repeated content to pad the file. Some repeated content to pad the file. Some repeated content to pad the file. Some repeated content to pad the file. Some repeated content to pad the file. Some repeated content to pad the file. Some repeated content to pad the file. Some repeated content to pad the file. Some repeated content to pad the file. Some repeated content to pad the file. Some repeated content to pad the file. Some repeated content to pad the file. Some repeated content to pad the file. Some repeated content to pad the file. Some repeated content to pad the file. Some repeated content to pad the file. Some repeated content to pad the file. Some repeated content to pad the file. Some repeated content to pad the file. Some repeated content to pad the file. Some repeated content to pad the file. Some repeated content to pad the file. Some repeated content to pad the file. Some repeated content to pad the file. Some repeated content to pad the file. Some repeated content to pad the file. Some repeated content to pad the file. Some repeated content to pad the file. Some repeated content to pad the file. Some repeated content to pad the file. Some repeated content to pad the file. Some repeated content to pad the file. Some repeated content to pad the file. Some repeated content to pad the file. Some repeated content to pad the file. Some repeated content to pad the file. Some repeated content to pad the file. Some repeated content to pad the file. Some repeated content to pad the file. Some repeated content to pad the file. Some repeated content to pad the file. Some repeated content to pad the file. Some repeated content to pad the file. Some repeated content to pad the file. Some repeated content to pad the file. Some repeated content to pad the file. Some repeated content to pad the file. Some repeated content to pad the file. Some repeated content to pad the file. Some repeated content to pad the file. Some repeated content to pad the file. Some repeated content to pad the file. Some repeated content to pad the file. Some repeated content to pad the file. Some repeated content to pad the file. Some repeated content to pad the file. Some repeated content to pad the file. Some repeated content to pad the file. Some repeated content to pad the file. Some repeated content to pad the file. Some repeated content to pad the file. Some repeated content to pad the file. Some repeated content to pad the file. Some repeated content to pad the file. Some repeated content to pad the file. Some repeated content to pad the file. Some repeated content to pad the file. Some repeated content to pad the file. Some repeated content to pad the file. Some repeated content to pad the file. Some repeated content to pad the file. Some repeated content to pad the file. Some repeated content to pad the file. Some repeated content to pad the file. Some repeated content to pad the file. Some repeated content to pad the file. Some repeated content to pad the file. Some repeated content to pad the file. Some repeated content to pad the file. Some repeated content to pad the file. Some repeated content to pad the file. Some repeated content to pad the file. Some repeated content to pad the file. Some repeated content to pad the file. Some repeated content to pad the file. Some repeated content to pad the file. Some repeated content to pad the file. Some repeated content to pad the file. Some repeated content to pad the file. Some repeated content to pad the file. Some repeated content to pad the file. Some repeated content to pad the file. Some repeated content to pad the file. Some repeated content to pad the file. Some repeated content to pad the file. Some repeated content to pad the file. Some repeated content to pad the file. Some repeated content to pad the file. Some repeated content to pad the file. Some repeated content to pad the file. Some repeated content to pad the file. Some repeated content to pad the file. Some repeated content to pad the file. Some repeated content to pad the file. Some repeated content to pad the file. Some repeated content to pad the file. Some repeated content to pad the file. Some repeated content to pad the file. Some repeated content to pad the file. Some repeated content to pad the file. Some repeated content to pad the file. Some repeated content to pad the file. Some repeated content to pad the file. Some repeated content to pad the file. Some repeated content to pad the file. Some repeated content to pad the file. Some repeated content to pad the file. Some repeated content to pad the file. Some repeated content to pad the file. Some repeated content to pad the file. Some repeated content to pad the file. Some repeated content to pad the file. Some repeated content to pad the file. Some repeated content to pad the file. Some repeated content to pad the file. Some repeated content to pad the file. Some repeated content to pad the file. Some repeated content to pad the file. Some repeated content to pad the file. Some repeated content to pad the file. Some repeated content to pad the file. Some repeated content to pad the file. Some repeated content to pad the file. Some repeated content to pad the file. Some repeated content to pad the file. Some repeated content to pad the file. Some repeated content to pad the file. Some repeated content to pad the file. Some repeated content to pad the file. Some repeated content to pad the file. Some repeated content to pad the file. Some repeated content to pad the file. Some repeated content to pad the file. Some repeated content to pad the file. Some repeated content to pad the file. Some repeated content to pad the file. Some repeated content to pad the file. Some repeated content to pad the file. Some repeated content to pad the file. Some repeated content to pad the file. Some repeated content to pad the file. Some repeated content to pad the file. Some repeated content to pad the file. Some repeated content to pad the file. Some repeated content to pad the file. Some repeated content to pad the file. Some repeated content to pad the file. Some repeated content to pad the file. Some repeated content to pad the file. Some repeated content to pad the file. Some repeated content to pad the file. Some repeated content to pad the file. Some repeated content to pad the file. Some repeated content to pad the file. Some repeated content to pad the file. Some repeated content to pad the file. Some repeated content to pad the file. Some repeated content to pad the file. Some repeated content to pad the file. Some repeated content to pad the file. Some repeated content to pad the file. Some repeated content to pad the file. Some repeated content to pad the file. Some repeated content to pad the file. Some repeated content to pad the file. Some repeated content to pad the file. Some repeated content to pad the file. Some repeated content to pad the file. Some repeated content to pad the file. Some repeated content to pad the file. Some repeated content to pad the file. Some repeated content to pad the file. Some repeated content to pad the file. Some repeated content to pad the file. Some repeated content to pad the file. Some repeated content to pad the file. Some repeated content to pad the file. Some repeated content to pad the file. Some repeated content to pad the file. Some repeated content to pad the file. Some repeated content to pad the file. Some repeated content to pad the file. Some repeated content to pad the file. Some repeated content to pad the file. Some repeated content to pad the file. Some repeated content to pad the file. Some repeated content to pad the file. Some repeated content to pad the file. Some repeated content to pad the file. Some repeated content to pad the file. Some repeated content to pad the file. Some repeated content to pad the file. Some repeated content to pad the file. Some repeated content to pad the file. Some repeated content to pad the file. Some repeated content to pad the file. Some repeated content to pad the file. Some repeated content to pad the file. Some repeated content to pad the file. Some repeated content to pad the file. Some repeated content to pad the file. Some repeated content to pad the file. Some repeated content to pad the file. Some repeated content to pad the file. Some repeated content to pad the file. Some repeated content to pad the file. Some repeated content to pad the file. Some repeated content to pad the file. Some repeated content to pad the file. Some repeated content to pad the file. Some repeated content to pad the file. Some repeated content to pad the file. Some repeated content to pad the file. Some repeated content to pad the file. Some repeated content to pad the file. Some repeated content to pad the file. Some repeated content to pad the file. Some repeated content to pad the file. Some repeated content to pad the file. Some repeated content to pad the file. Some repeated content to pad the file. Some repeated content to pad the file. Some repeated content to pad the file. Some repeated content to pad the file. Some repeated content to pad the file. Some repeated content to pad the file. Some repeated content to pad the file. Some repeated content to pad the file. Some repeated content to pad the file. Some repeated content to pad the file. Some repeated content to pad the file. Some repeated content to pad the file. Some repeated content to pad the file. Some repeated content to pad the file. Some repeated content to pad the file. Some repeated content to pad the file. Some repeated content to pad the file. Some repeated content to pad the file. Some repeated content to pad the file. Some repeated content to pad the file. Some repeated content to pad the file. Some repeated content to pad the file. Some repeated content to pad the file. Some repeated content to pad the file. Some repeated content to pad the file. Some repeated content to pad the file. Some repeated content to pad the file. Some repeated content to pad the file. Some repeated content to pad the file. Some repeated content to pad the file. Some repeated content to pad the file. Some repeated content to pad the file. Some repeated content to pad the file. Some repeated content to pad the file. Some repeated content to pad the file. Some repeated content to pad the file. Some repeated content to pad the file. Some repeated content to pad the file. Some repeated content to pad the file. Some repeated content to pad the file. Some repeated content to pad the file. Some repeated content to pad the file. Some repeated content to pad the file. Some repeated content to pad the file. Some repeated content to pad the file. Some repeated content to pad the file. Some repeated content to pad the file. Some repeated content to pad the file. Some repeated content to pad the file. Some repeated content to pad the file. Some repeated content to pad the file. Some repeated content to pad the file. Some repeated content to pad the file. Some repeated content to pad the file. Some repeated content to pad the file. Some repeated content to pad the file. Some repeated content to pad the file. Some repeated content to pad the file. Some repeated content to pad the file. Some repeated content to pad the file. Some repeated content to pad the file. Some repeated content to pad the file. Some repeated content to pad the file. Some repeated content to pad the file. Some repeated content to pad the file. Some repeated content to pad the file. Some repeated content to pad the file. Some repeated content to pad the file. Some repeated content to pad the file. Some repeated content to pad the file. Some repeated content to pad the file. Some repeated content to pad the file. Some repeated content to pad the file. Some repeated content to pad the file. Some repeated content to pad the file. Some repeated content to pad the file. Some repeated content to pad the file. Some repeated content to pad the file. Some repeated content to pad the file. Some repeated content to pad the file. Some repeated content to pad the file. Some repeated content to pad the file. Some repeated content to pad the file. Some repeated content to pad the file. Some repeated content to pad the file. Some repeated content to pad the file. Some repeated content to pad the file. Some repeated content to pad the file. Some repeated content to pad the file. Some repeated content to pad the file. Some repeated content to pad the file. Some repeated content to pad the file. Some repeated content to pad the file. Some repeated content to pad the file. Some repeated content to pad the file. Some repeated content to pad the file. Some repeated content to pad the file. Some repeated content to pad the file. Some repeated content to pad the file. Some repeated content to pad the file. Some repeated content to pad the file. Some repeated content to pad the file. Some repeated content to pad the file. Some repeated content to pad the file. Some repeated content to pad the file. Some repeated content to pad the file. Some repeated content to pad the file. Some repeated content to pad the file. Some repeated content to pad the file. Some repeated content to pad the file. Some repeated content to pad the file. Some repeated content to pad the file. Some repeated content to pad the file. Some repeated content to pad the file. Some repeated content to pad the file. Some repeated content to pad the file. Some repeated content to pad the file. Some repeated content to pad the file. Some repeated content to pad the file. Some repeated content to pad the file. Some repeated content to pad the file. Some repeated content to pad the file. Some repeated content to pad the file. Some repeated content to pad the file. Some repeated content to pad the file. Some repeated content to pad the file. Some repeated content to pad the file. Some repeated content to pad the file. Some repeated content to pad the file. Some repeated content to pad the file. Some repeated content to pad the file. Some repeated content to pad the file. Some repeated content to pad the file. Some repeated content to pad the file. Some repeated content to pad the file. Some repeated content to pad the file. Some repeated content to pad the file. Some repeated content to pad the file. Some repeated content to pad the file. Some repeated content to pad the file. Some repeated content to pad the file. Some repeated content to pad the file. Some repeated content to pad the file. Some repeated content to pad the file. Some repeated content to pad the file. Some repeated content to pad the file. Some repeated content to pad the file. Some repeated content to pad the file. Some repeated content to pad the file. Some repeated content to pad the file. Some repeated content to pad the file. Some repeated content to pad the file. Some repeated content to pad the file. Some repeated content to pad the file. Some repeated content to pad the file. Some repeated content to pad the file. Some repeated content to pad the file. Some repeated content to pad the file. Some repeated content to pad the file. Some repeated content to pad the file. Some repeated content to pad the file. Some repeated content to pad the file. Some repeated content to pad the file. Some repeated content to pad the file. Some repeated content to pad the file. Some repeated content to pad the file. Some repeated content to pad the file. Some repeated content to pad the file. Some repeated content to pad the file. Some repeated content to pad the file. Some repeated content to pad the file. Some repeated content to pad the file. Some repeated content to pad the file. Some repeated content to pad the file. Some repeated content to pad the file. Some repeated content to pad the file. Some repeated content to pad the file. Some repeated content to pad the file. Some repeated content to pad the file. Some repeated content to pad the file. Some repeated content to pad the file. Some repeated content to pad the file. Some repeated content to pad the file. Some repeated content to pad the file. Some repeated content to pad the file. Some repeated content to pad the file. Some repeated content to pad the file. Some repeated content to pad the file. Some repeated content to pad the file. Some repeated content to pad the file. Some repeated content to pad the file. Some repeated content to pad the file. Some repeated content to pad the file. Some repeated content to pad the file. Some repeated content to pad the file. Some repeated content to pad the file. Some repeated content to pad the file. Some repeated content to pad the file. Some repeated content to pad the file. Some repeated content to pad the file. Some repeated content to pad the file. Some repeated content to pad the file. Some repeated content to pad the file. Some repeated content to pad the file. Some repeated content to pad the file. Some repeated content to pad the file. Some repeated content to pad the file. Some repeated content to pad the file. Some repeated content to pad the file. Some repeated content to pad the file. Some repeated content to pad the file. Some repeated content to pad the file. Some repeated content to pad the file. Some repeated content to pad the file. Some repeated content to pad the file. Some repeated content to pad the file. Some repeated content to pad the file. Some repeated content to pad the file. Some repeated content to pad the file. Some repeated content to pad the file. Some repeated content to pad the file. Some repeated content to pad the file. Some repeated content to pad the file. Some repeated content to pad the file. Some repeated content to pad the file. Some repeated content to pad the file. Some repeated content to pad the file. Some repeated content to pad the file. Some repeated content to pad the file. Some repeated content to pad the file. Some repeated content to pad the file. Some repeated content to pad the file. Some repeated content to pad the file. Some repeated content to pad the file. Some repeated content to pad the file. Some repeated content to pad the file. Some repeated content to pad the file. Some repeated content to pad the file. Some repeated content to pad the file. Some repeated content to pad the file. Some repeated content to pad the file. Some repeated content to pad the file. Some repeated content to pad the file. Some repeated content to pad the file. Some repeated content to pad the file. Some repeated content to pad the file. Some repeated content to pad the file. Some repeated content to pad the file. Some repeated content to pad the file. Some repeated content to pad the file. Some repeated content to pad the file. Some repeated content to pad the file. Some repeated content to pad the file. Some repeated content to pad the file. Some repeated content to pad the file. Some repeated content to pad the file. Some repeated content to pad the file. Some repeated content to pad the file. Some repeated content to pad the file. Some repeated content to pad the file. Some repeated content to pad the file. Some repeated content to pad the file. Some repeated content to pad the file. Some repeated content to pad the file. Some repeated content to pad the file. Some repeated content to pad the file. Some repeated content to pad the file. Some repeated content to pad the file. Some repeated content to pad the file. Some repeated content to pad the file. Some repeated content to pad the file. Some repeated content to pad the file. Some repeated content to pad the file. Some repeated content to pad the file. Some repeated content to pad the file. Some repeated content to pad the file. Some repeated content to pad the file. Some repeated content to pad the file. Some repeated content to pad the file. Some repeated content to pad the file. Some repeated content to pad the file. Some repeated content to pad the file. Some repeated content to pad the file. Some repeated content to pad the file. Some repeated content to pad the file. Some repeated content to pad the file. Some repeated content to pad the file. Some repeated content to pad the file. Some repeated content to pad the file. Some repeated content to pad the file. Some repeated content to pad the file. Some repeated content to pad the file. Some repeated content to pad the file. Some repeated content to pad the file. Some repeated content to pad the file. Some repeated content to pad the file. Some repeated content to pad the file. Some repeated content to pad the file. Some repeated content to pad the file. Some repeated content to pad the file. Some repeated content to pad the file. Some repeated content to pad the file. Some repeated content to pad the file. Some repeated content to pad the file. Some repeated content to pad the file. Some repeated content to pad the file. Some repeated content to pad the file. Some repeated content to pad the file. Some repeated content to pad the file. Some repeated content to pad the file. Some repeated content to pad the file. Some repeated content to pad the file. Some repeated content to pad the file. Some repeated content to pad the file. Some repeated content to pad the file. Some repeated content to pad the file. Some repeated content to pad the file. Some repeated content to pad the file. Some repeated content to pad the file. Some repeated content to pad the file. Some repeated content to pad the file. Some repeated content to pad the file. Some repeated content to pad the file. Some repeated content to pad the file. Some repeated content to pad the file. Some repeated content to pad the file. Some repeated content to pad the file. Some repeated content to pad the file. Some repeated content to pad the file. Some repeated content to pad the file. Some repeated content to pad the file. Some repeated content to pad the file. Some repeated content to pad the file. Some repeated content to pad the file. Some repeated content to pad the file. Some repeated content to pad the file. Some repeated content to pad the file. Some repeated content to pad the file. Some repeated content to pad the file. Some repeated content to pad the file. Some repeated content to pad the file. Some repeated content to pad the file. Some repeated content to pad the file. Some repeated content to pad the file. Some repeated content to pad the file. Some repeated content to pad the file. Some repeated content to pad the file. Some repeated content to pad the file. Some repeated content to pad the file. Some repeated content to pad the file. Some repeated content to pad the file. Some repeated content to pad the file. Some repeated content to pad the file. Some repeated content to pad the file. Some repeated content to pad the file. Some repeated content to pad the file. Some repeated content to pad the file. Some repeated content to pad the file. Some repeated content to pad the file. Some repeated content to pad the file. Some repeated content to pad the file. Some repeated content to pad the file. Some repeated content to pad the file. Some repeated content to pad the file. Some repeated content to pad the file. Some repeated content to pad the file. Some repeated content to pad the file. Some repeated content to pad the file. Some repeated content to pad the file. Some repeated content to pad the file. Some repeated content to pad the file. Some repeated content to pad the file. Some repeated content to pad the file. Some repeated content to pad the file. Some repeated content to pad the file. Some repeated content to pad the file. Some repeated content to pad the file. Some repeated content to pad the file. Some repeated content to pad the file. Some repeated content to pad the file. Some repeated content to pad the file. Some repeated content to pad the file. Some repeated content to pad the file. Some repeated content to pad the file. Some repeated content to pad the file. Some repeated content to pad the file. Some repeated content to pad the file. Some repeated content to pad the file. Some repeated content to pad the file. Some repeated content to pad the file. Some repeated content to pad the file. Some repeated content to pad the file. Some repeated content to pad the file. Some repeated content to pad the file. Some repeated content to pad the file. Some repeated content to pad the file. Some repeated content to pad the file. Some repeated content to pad the file. Some repeated content to pad the file. Some repeated content to pad the file. Some repeated content to pad the file. Some repeated content to pad the file. Some repeated content to pad the file. Some repeated content to pad the file. Some repeated content to pad the file. Some repeated content to pad the file. Some repeated content to pad the file. Some repeated content to pad the file. Some repeated content to pad the file. Some repeated content to pad the file. Some repeated content to pad the file. Some repeated content to pad the file. Some repeated content to pad the file. Some repeated content to pad the file. Some repeated content to pad the file. Some repeated content to pad the file. Some repeated content to pad the file. Some repeated content to pad the file. Some repeated content to pad the file. Some repeated content to pad the file. Some repeated content to pad the file. Some repeated content to pad the file. Some repeated content to pad the file. Some repeated content to pad the file. Some repeated content to pad the file. Some repeated content to pad the file. Some repeated content to pad the file. Some repeated content to pad the file. Some repeated content to pad the file. Some repeated content to pad the file. Some repeated content to pad the file. Some repeated content to pad the file. Some repeated content to pad the file. Some repeated content to pad the file. Some repeated content to pad the file. Some repeated content to pad the file. Some repeated content to pad the file. Some repeated content to pad the file. Some repeated content to pad the file. Some repeated content to pad the file. Some repeated content to pad the file. Some repeated content to pad the file. Some repeated content to pad the file. Some repeated content to pad the file. Some repeated content to pad the file. Some repeated content to pad the file. Some repeated content to pad the file. Some repeated content to pad the file. Some repeated content to pad the file. Some repeated content to pad the file. Some repeated content to pad the file. Some repeated content to pad the file. Some repeated content to pad the file. Some repeated content to pad the file. Some repeated content to pad the file. Some repeated content to pad the file. Some repeated content to pad the file. Some repeated content to pad the file. Some repeated content to pad the file. Some repeated content to pad the file. Some repeated content to pad the file. Some repeated content to pad the file. Some repeated content to pad the file. Some repeated content to pad the file. Some repeated content to pad the file. Some repeated content to pad the file. Some repeated content to pad the file. Some repeated content to pad the file. Some repeated content to pad the file. Some repeated content to pad the file. Some repeated content to pad the file. Some repeated content to pad the file. Some repeated content to pad the file. Some repeated content to pad the file. Some repeated content to pad the file. Some repeated content to pad the file. Some repeated content to pad the file. Some repeated content to pad the file. Some repeated content to pad the file. Some repeated content to pad the file. Some repeated content to pad the file. Some repeated content to pad the file. Some repeated content to pad the file. Some repeated content to pad the file. Some repeated content to pad the file. Some repeated content to pad the file. Some repeated content to pad the file. Some repeated content to pad the file. Some repeated content to pad the file. Some repeated content to pad the file. Some repeated content to pad the file. Some repeated content to pad the file. Some repeated content to pad the file. Some repeated content to pad the file. Some repeated content to pad the file. Some repeated content to pad the file. Some repeated content to pad the file. Some repeated content to pad the file. Some repeated content to pad the file. Some repeated content to pad the file. Some repeated content to pad the file. Some repeated content to pad the file. Some repeated content to pad the file. Some repeated content to pad the file. Some repeated content to pad the file. Some repeated content to pad the file. Some repeated content to pad the file. Some repeated content to pad the file. Some repeated content to pad the file. Some repeated content to pad the file. Some repeated content to pad the file. Some repeated content to pad the file. Some repeated content to pad the file. Some repeated content to pad the file. Some repeated content to pad the file. Some repeated content to pad the file. Some repeated content to pad the file. Some repeated content to pad the file. Some repeated content to pad the file. Some repeated content to pad the file. Some repeated content to pad the file. Some repeated content to pad the file. Some repeated content to pad the file. Some repeated content to pad the file. Some repeated content to pad the file. Some repeated content to pad the file. Some repeated content to pad the file. Some repeated content to pad the file. Some repeated content to pad the file. Some repeated content to pad the file. Some repeated content to pad the file. Some repeated content to pad the file. Some repeated content to pad the file. Some repeated content to pad the file. Some repeated content to pad the file. Some repeated content to pad the file. Some repeated content to pad the file. Some repeated content to pad the file. Some repeated content to pad the file. Some repeated content to pad the file. Some repeated content to pad the file. Some repeated content to pad the file. Some repeated content to pad the file. Some repeated content to pad the file. Some repeated content to pad the file. Some repeated content to pad the file. Some repeated content to pad the file. Some repeated content to pad the file. Some repeated content to pad the file. Some repeated content to pad the file. Some repeated content to pad the file. Some repeated content to pad the file. Some repeated content to pad the file. Some repeated content to pad the file. Some repeated content to pad the file. Some repeated content to pad the file. Some repeated content to pad the file. Some repeated content to pad the file. Some repeated content to pad the file. Some repeated content to pad the file. Some repeated content to pad the file. Some repeated content to pad the file. Some repeated content to pad the file. Some repeated content to pad the file. Some repeated content to pad the file. Some repeated content to pad the file. Some repeated content to pad the file. Some repeated content to pad the file. Some repeated content to pad the file. Some repeated content to pad the file. Some repeated content to pad the file. Some repeated content to pad the file. Some repeated content to pad the file. Some repeated content to pad the file. Some repeated content to pad the file. Some repeated content to pad the file. Some repeated content to pad the file. Some repeated content to pad the file. Some repeated content to pad the file. Some repeated content to pad the file. Some repeated content to pad the file. Some repeated content to pad the file. Some repeated content to pad the file. Some repeated content to pad the file. Some repeated content to pad the file. Some repeated content to pad the file. Some repeated content to pad the file. Some repeated content to pad the file. Some repeated content to pad the file. Some repeated content to pad the file. Some repeated content to pad the file. Some repeated content to pad the file. Some repeated content to pad the file. Some repeated content to pad the file. Some repeated content to pad the file. Some repeated content to pad the file. Some repeated content to pad the file. Some repeated content to pad the file. Some repeated content to pad the file. Some repeated content to pad the file. Some repeated content to pad the file. Some repeated content to pad the file. Some repeated content to pad the file. Some repeated content to pad the file. Some repeated content to pad the file. Some repeated content to pad the file. Some repeated content to pad the file. Some repeated content to pad the file. Some repeated content to pad the file. Some repeated content to pad the file. Some repeated content to pad the file. Some repeated content to pad the file. Some repeated content to pad the file. Some repeated content to pad the file. Some repeated content to pad the file. Some repeated content to pad the file. Some repeated content to pad the file. Some repeated content to pad the file. Some repeated content to pad the file. Some repeated content to pad the file. Some repeated content to pad the file. Some repeated content to pad the file. Some repeated content to pad the file. Some repeated content to pad the file. Some repeated content to pad the file. Some repeated content to pad the file. Some repeated content to pad the file. Some repeated content to pad the file. Some repeated content to pad the file. Some repeated content to pad the file. Some repeated content to pad the file. Some repeated content to pad the file. Some repeated content to pad the file. Some repeated content to pad the file. Some repeated content to pad the file. Some repeated content to pad the file. Some repeated content to pad the file. Some repeated content to pad the file. Some repeated content to pad the file. Some repeated content to pad the file. Some repeated content to pad the file. Some repeated content to pad the file. Some repeated content to pad the file. Some repeated content to pad the file. Some repeated content to pad the file. Some repeated content to pad the file. Some repeated content to pad the file. Some repeated content to pad the file. Some repeated content to pad the file. Some repeated content to pad the file. Some repeated content to pad the file. Some repeated content to pad the file. Some repeated content to pad the file. Some repeated content to pad the file. Some repeated content to pad the file. Some repeated content to pad the file. Some repeated content to pad the file. Some repeated content to pad the file. Some repeated content to pad the file. Some repeated content to pad the file. Some repeated content to pad the file. Some repeated content to pad the file. Some repeated content to pad the file. Some repeated content to pad the file. Some repeated content to pad the file. Some repeated content to pad the file. Some repeated content to pad the file. Some repeated content to pad the file. Some repeated content to pad the file. Some repeated content to pad the file. Some repeated content to pad the file. Some repeated content to pad the file. Some repeated content to pad the file. Some repeated content to pad the file. Some repeated content to pad the file. Some repeated content to pad the file. Some repeated content to pad the file. Some repeated content to pad the file. Some repeated content to pad the file. Some repeated content to pad the file. Some repeated content to pad the file. Some repeated content to pad the file. Some repeated content to pad the file. Some repeated content to pad the file. Some repeated content to pad the file. Some repeated content to pad the file. Some repeated content to pad the file. Some repeated content to pad the file. Some repeated content to pad the file. Some repeated content to pad the file. Some repeated content to pad the file. Some repeated content to pad the file. Some repeated content to pad the file. Some repeated content to pad the file. Some repeated content to pad the file. Some repeated content to pad the file. Some repeated content to pad the file. Some repeated content to pad the file. Some repeated content to pad the file. Some repeated content to pad the file. Some repeated content to pad the file. Some repeated content to pad the file. Some repeated content to pad the file. Some repeated content to pad the file. Some repeated content to pad the file. Some repeated content to pad the file. Some repeated content to pad the file. Some repeated content to pad the file. Some repeated content to pad the file. Some repeated content to pad the file. Some repeated content to pad the file. Some repeated content to pad the file. Some repeated content to pad the file. Some repeated content to pad the file. Some repeated content to pad the file. Some repeated content to pad the file. Some repeated content to pad the file. Some repeated content to pad the file. Some repeated content to pad the file. Some repeated content to pad the file. Some repeated content to pad the file. Some repeated content to pad the file. Some repeated content to pad the file. Some repeated content to pad the file. Some repeated content to pad the file. Some repeated content to pad the file. Some repeated content to pad the file. Some repeated content to pad the file. Some repeated content to pad the file. Some repeated content to pad the file. Some repeated content to pad the file. Some repeated content to pad the file. Some repeated content to pad the file. Some repeated content to pad the file. Some repeated content to pad the file. Some repeated content to pad the file. Some repeated content to pad the file. Some repeated content to pad the file. Some repeated content to pad the file. Some repeated content to pad the file. Some repeated content to pad the file. Some repeated content to pad the file. Some repeated content to pad the file. Some repeated content to pad the file. Some repeated content to pad the file. Some repeated content to pad the file. Some repeated content to pad the file. Some repeated content to pad the file. Some repeated content to pad the file. Some repeated content to pad the file. Some repeated content to pad the file. Some repeated content to pad the file. Some repeated content to pad the file. Some repeated content to pad the file. Some repeated content to pad the file. Some repeated content to pad the file. Some repeated content to pad the file. Some repeated content to pad the file. Some repeated content to pad the file. Some repeated content to pad the file. Some repeated content to pad the file. Some repeated content to pad the file. Some repeated content to pad the file. Some repeated content to pad the file. Some repeated content to pad the file. Some repeated content to pad the file. Some repeated content to pad the file. Some repeated content to pad the file. Some repeated content to pad the file. Some repeated content to pad the file. Some repeated content to pad the file. Some repeated content to pad the file. Some repeated content to pad the file. Some repeated content to pad the file. Some repeated content to pad the file. Some repeated content to pad the file. Some repeated content to pad the file. Some repeated content to pad the file. Some repeated content to pad the file. Some repeated content to pad the file. Some repeated content to pad the file. Some repeated content to pad the file. Some repeated content to pad the file. Some repeated content to pad the file. Some repeated content to pad the file. Some repeated content to pad the file. Some repeated content to pad the file. Some repeated content to pad the file. Some repeated content to pad the file. Some repeated content to pad the file. Some repeated content to pad the file. Some repeated content to pad the file. Some repeated content to pad the file. Some repeated content to pad the file. Some repeated content to pad the file. Some repeated content to pad the file. Some repeated content to pad the file. Some repeated content to pad the file. Some repeated content to pad the file. Some repeated content to pad the file. Some repeated content to pad the file. Some repeated content to pad the file. Some repeated content to pad the file. Some repeated content to pad the file. Some repeated content to pad the file. Some repeated content to pad the file. Some repeated content to pad the file. Some repeated content to pad the file. Some repeated content to pad the file. Some repeated content to pad the file. Some repeated content to pad the file. Some repeated content to pad the file. Some repeated content to pad the file. Some repeated content to pad the file. Some repeated content to pad the file. Some repeated content to pad the file. Some repeated content to pad the file. Some repeated content to pad the file. Some repeated content to pad the file. Some repeated content to pad the file. Some repeated content to pad the file. Some repeated content to pad the file. Some repeated content to pad the file. Some repeated content to pad the file. Some repeated content to pad the file. Some repeated content to pad the file. Some repeated content to pad the file. Some repeated content to pad the file. Some repeated content to pad the file. Some repeated content to pad the file. Some repeated content to pad the file. Some repeated content to pad the file. Some repeated content to pad the file. Some repeated content to pad the file. Some repeated content to pad the file. Some repeated content to pad the file. Some repeated content to pad the file. Some repeated content to pad the file. Some repeated content to pad the file. Some repeated content to pad the file. Some repeated content to pad the file. Some repeated content to pad the file. Some repeated content to pad the file. Some repeated content to pad the file. Some repeated content to pad the file. Some repeated content to pad the file. Some repeated content to pad the file. Some repeated content to pad the file. Some repeated content to pad the file. Some repeated content to pad the file. Some repeated content to pad the file. Some repeated content to pad the file. Some repeated content to pad the file. Some repeated content to pad the file. Some repeated content to pad the file. Some repeated content to pad the file. Some repeated content to pad the file. Some repeated content to pad the file. Some repeated content to pad the file. Some repeated content to pad the file. Some repeated content to pad the file. Some repeated content to pad the file. Some repeated content to pad the file. Some repeated content to pad the file. Some repeated content to pad the file. Some repeated content to pad the file. Some repeated content to pad the file. Some repeated content to pad the file. Some repeated content to pad the file. Some repeated content to pad the file. Some repeated content to pad the file. Some repeated content to pad the file. Some repeated content to pad the file. Some repeated content to pad the file. Some repeated content to pad the file. Some repeated content to pad the file. Some repeated content to pad the file. Some repeated content to pad the file. Some repeated content to pad the file. Some repeated content to pad the file. Some repeated content to pad the file. Some repeated content to pad the file. Some repeated content to pad the file. Some repeated content to pad the file. Some repeated content to pad the file. Some repeated content to pad the file. Some repeated content to pad the file. Some repeated content to pad the file. Some repeated content to pad the file. Some repeated content to pad the file. Some repeated content to pad the file. Some repeated content to pad the file. Some repeated content to pad the file. Some repeated content to pad the file. Some repeated content to pad the file. Some repeated content to pad the file. Some repeated content to pad the file. Some repeated content to pad the file. Some repeated content to pad the file. Some repeated content to pad the file. Some repeated content to pad the file. Some repeated content to pad the file. Some repeated content to pad the file. Some repeated content to pad the file. Some repeated content to pad the file. Some repeated content to pad the file. Some repeated content to pad the file. Some repeated content to pad the file. Some repeated content to pad the file. Some repeated content to pad the file. Some repeated content to pad the file. Some repeated content to pad the file. Some repeated content to pad the file. Some repeated content to pad the file. Some repeated content to pad the file. Some repeated content to pad the file. Some repeated content to pad the file. Some repeated content to pad the file. Some repeated content to pad the file. Some repeated content to pad the file. Some repeated content to pad the file. Some repeated content to pad the file. Some repeated content to pad the file. Some repeated content to pad the file. Some repeated content to pad the file. Some repeated content to pad the file. Some repeated content to pad the file. Some repeated content to pad the file. Some repeated content to pad the file. Some repeated content to pad the file. Some repeated content to pad the file. Some repeated content to pad the file. Some repeated content to pad the file. Some repeated content to pad the file. Some repeated content to pad the file. Some repeated content to pad the file. Some repeated content to pad the file. Some repeated content to pad the file. Some repeated content to pad the file. Some repeated content to pad the file. Some repeated content to pad the file. Some repeated content to pad the file. Some repeated content to pad the file. Some repeated content to pad the file. Some repeated content to pad the file. Some repeated content to pad the file. Some repeated content to pad the file. Some repeated content to pad the file. Some repeated content to pad the file. Some repeated content to pad the file. Some repeated content to pad the file. Some repeated content to pad the file. Some repeated content to pad the file. Some repeated content to pad the file. Some repeated content to pad the file. Some repeated content to pad the file. Some repeated content to pad the file. Some repeated content to pad the file. Some repeated content to pad the file. Some repeated content to pad the file. Some repeated content to pad the file. Some repeated content to pad the file. Some repeated content to pad the file. Some repeated content to pad the file. Some repeated content to pad the file. Some repeated content to pad the file. Some repeated content to pad the file. Some repeated content to pad the file. Some repeated content to pad the file. Some repeated content to pad the file. Some repeated content to pad the file. Some repeated content to pad the file. Some repeated content to pad the file. Some repeated content to pad the file. Some repeated content to pad the file. Some repeated content to pad the file. Some repeated content to pad the file. Some repeated content to pad the file. Some repeated content to pad the file. Some repeated content to pad the file. Some repeated content to pad the file. Some repeated content to pad the file. Some repeated content to pad the file. Some repeated content to pad the file. Some repeated content to pad the file. Some repeated content to pad the file. Some repeated content to pad the file. Some repeated content to pad the file. Some repeated content to pad the file. Some repeated content to pad the file. Some repeated content to pad the file. Some repeated content to pad the file. Some repeated content to pad the file. Some repeated content to pad the file. Some repeated content to pad the file. Some repeated content to pad the file. Some repeated content to pad the file. Some repeated content to pad the file. Some repeated content to pad the file. Some repeated content to pad the file. Some repeated content to pad the file. Some repeated content to pad the file. Some repeated content to pad the file. Some repeated content to pad the file. Some repeated content to pad the file. Some repeated content to pad the file. Some repeated content to pad the file. Some repeated content to pad the file. Some repeated content to pad the file. Some repeated content to pad the file. Some repeated content to pad the file. Some repeated content to pad the file. Some repeated content to pad the file. Some repeated content to pad the file. Some repeated content to pad the file. Some repeated content to pad the file. Some repeated content to pad the file. Some repeated content to pad the file. Some repeated content to pad the file. Some repeated content to pad the file. Some repeated content to pad the file. Some repeated content to pad the file. Some repeated content to pad the file. Some repeated content to pad the file. Some repeated content to pad the file. Some repeated content to pad the file. Some repeated content to pad the file. Some repeated content to pad the file. Some repeated content to pad the file. Some repeated content to pad the file. Some repeated content to pad the file. Some repeated content to pad the file. Some repeated content to pad the file. Some repeated content to pad the file. Some repeated content to pad the file. Some repeated content to pad the file. Some repeated content to pad the file. Some repeated content to pad the file. Some repeated content to pad the file. Some repeated content to pad the file. Some repeated content to pad the file. Some repeated content to pad the file. Some repeated content to pad the file. Some repeated content to pad the file. Some repeated content to pad the file. Some repeated content to pad the file. Some repeated content to pad the file. Some repeated content to pad the file. Some repeated content to pad the file. Some repeated content to pad the file. Some repeated content to pad the file. Some repeated content to pad the file. Some repeated content to pad the file. Some repeated content to pad the file. Some repeated content to pad the file. Some repeated content to pad the file. Some repeated content to pad the file. Some repeated content to pad the file. Some repeated content to pad the file. Some repeated content to pad the file. Some repeated content to pad the file. Some repeated content to pad the file. Some repeated content to pad the file. Some repeated content to pad the file. Some repeated content to pad the file. Some repeated content to pad the file. Some repeated content to pad the file. Some repeated content to pad the file. Some repeated content to pad the file. Some repeated content to pad the file. Some repeated content to pad the file. Some repeated content to pad the file. Some repeated content to pad the file. Some repeated content to pad the file. Some repeated content to pad the file. Some repeated content to pad the file. Some repeated content to pad the file. Some repeated content to pad the file. Some repeated content to pad the file. Some repeated content to pad the file. Some repeated content to pad the file. Some repeated content to pad the file. Some repeated content to pad the file. Some repeated content to pad the file. Some repeated content to pad the file. Some repeated content to pad the file. Some repeated content to pad the file. Some repeated content to pad the file. Some repeated content to pad the file. Some repeated content to pad the file. Some repeated content to pad the file. Some repeated content to pad the file. Some repeated content to pad the file. Some repeated content to pad the file. Some repeated content to pad the file. Some repeated content to pad the file. Some repeated content to pad the file. Some repeated content to pad the file. Some repeated content to pad the file. Some repeated content to pad the file. Some repeated content to pad the file. Some repeated content to pad the file. Some repeated content to pad the file. Some repeated content to pad the file. Some repeated content to pad the file. Some repeated content to pad the file. Some repeated content to pad the file. Some repeated content to pad the file. Some repeated content to pad the file. Some repeated content to pad the file. Some repeated content to pad the file. Some repeated content to pad the file. Some repeated content to pad the file. Some repeated content to pad the file. Some repeated content to pad the file. Some repeated content to pad the file. Some repeated content to pad the file. Some repeated content to pad the file. Some repeated content to pad the file. Some repeated content to pad the file. Some repeated content to pad the file. Some repeated content to pad the file. Some repeated content to pad the file. Some repeated content to pad the file. Some repeated content to pad the file. Some repeated content to pad the file. Some repeated content to pad the file. Some repeated content to pad the file. Some repeated content to pad the file. Some repeated content to pad the file. Some repeated content to pad the file. Some repeated content to pad the file. Some repeated content to pad the file. Some repeated content to pad the file. Some repeated content to pad the file. Some repeated content to pad the file. Some repeated content to pad the file. Some repeated content to pad the file. Some repeated content to pad the file. Some repeated content to pad the file. Some repeated content to pad the file. Some repeated content to pad the file. Some repeated content to pad the file. Some repeated content to pad the file. Some repeated content to pad the file. Some repeated content to pad the file. Some repeated content to pad the file. Some repeated content to pad the file. Some repeated content to pad the file. Some repeated content to pad the file. Some repeated content to pad the file. Some repeated content to pad the file. Some repeated content to pad the file. Some repeated content to pad the file. Some repeated content to pad the file. Some repeated content to pad the file. Some repeated content to pad the file. Some repeated content to pad the file. Some repeated content to pad the file. Some repeated content to pad the file. Some repeated content to pad the file. Some repeated content to pad the file. Some repeated content to pad the file. Some repeated content to pad the file. Some repeated content to pad the file. Some repeated content to pad the file. Some repeated content to pad the file. Some repeated content to pad the file. Some repeated content to pad the file. Some repeated content to pad the file. Some repeated content to pad the file. Some repeated content to pad the file. Some repeated content to pad the file. Some repeated content to pad the file. Some repeated content to pad the file. Some repeated content to pad the file. Some repeated content to pad the file. Some repeated content to pad the file. Some repeated content to pad the file. Some repeated content to pad the file. Some repeated content to pad the file. Some repeated content to pad the file. Some repeated content to pad the file. Some repeated content to pad the file. Some repeated content to pad the file. Some repeated content to pad the file. Some repeated content to pad the file. Some repeated content to pad the file. Some repeated content to pad the file. Some repeated content to pad the file. Some repeated content to pad the file. Some repeated content to pad the file. Some repeated content to pad the file. Some repeated content to pad the file. Some repeated content to pad the file. Some repeated content to pad the file. Some repeated content to pad the file. Some repeated content to pad the file. Some repeated content to pad the file. Some repeated content to pad the file. Some repeated content to pad the file. Some repeated content to pad the file. Some repeated content to pad the file. Some repeated content to pad the file. Some repeated content to pad the file. Some repeated content to pad the file. Some repeated content to pad the file. Some repeated content to pad the file. Some repeated content to pad the file. Some repeated content to pad the file. Some repeated content to pad the file. Some repeated content to pad the file. Some repeated content to pad the file. Some repeated content to pad the file. Some repeated content to pad the file. Some repeated content to pad the file. Some repeated content to pad the file. Some repeated content to pad the file. Some repeated content to pad the file. Some repeated content to pad the file. Some repeated content to pad the file. Some repeated content to pad the file. Some repeated content to pad the file. Some repeated content to pad the file. Some repeated content to pad the file. Some repeated content to pad the file. Some repeated content to pad the file. Some repeated content to pad the file. Some repeated content to pad the file. Some repeated content to pad the file. Some repeated content to pad the file. Some repeated content to pad the file. Some repeated content to pad the file. Some repeated content to pad the file. Some repeated content to pad the file. Some repeated content to pad the file. Some repeated content to pad the file. Some repeated content to pad the file. Some repeated content to pad the file. Some repeated content to pad the file. Some repeated content to pad the file. Some repeated content to pad the file. Some repeated content to pad the file. Some repeated content to pad the file. Some repeated content to pad the file. Some repeated content to pad the file. Some repeated content to pad the file. Some repeated content to pad the file. Some repeated content to pad the file. Some repeated content to pad the file. Some repeated content to pad the file. Some repeated content to pad the file. Some repeated content to pad the file. Some repeated content to pad the file. Some repeated content to pad the file. Some repeated content to pad the file. Some repeated content to pad the file. Some repeated content to pad the file. Some repeated content to pad the file. Some repeated content to pad the file. Some repeated content to pad the file. Some repeated content to pad the file. Some repeated content to pad the file. Some repeated content to pad the file. Some repeated content to pad the file. Some repeated content to pad the file. Some repeated content to pad the file. Some repeated content to pad the file. Some repeated content to pad the file. Some repeated content to pad the file. Some repeated content to pad the file. Some repeated content to pad the file. Some repeated content to pad the file. Some repeated content to pad the file. Some repeated content to pad the file. Some repeated content to pad the file. Some repeated content to pad the file. Some repeated content to pad the file. Some repeated content to pad the file. Some repeated content to pad the file. Some repeated content to pad the file. Some repeated content to pad the file. Some repeated content to pad the file. Some repeated content to pad the file. Some repeated content to pad the file. Some repeated content to pad the file. Some repeated content to pad the file. Some repeated content to pad the file. Some repeated content to pad the file. Some repeated content to pad the file. Some repeated content to pad the file. Some repeated content to pad the file. Some repeated content to pad the file. Some repeated content to pad the file. Some repeated content to pad the file. Some repeated content to pad the file. Some repeated content to pad the file. Some repeated content to pad the file. Some repeated content to pad the file. Some repeated content to pad the file. Some repeated content to pad the file. Some repeated content to pad the file. Some repeated content to pad the file. Some repeated content to pad the file. Some repeated content to pad the file. Some repeated content to pad the file. Some repeated content to pad the file. Some repeated content to pad the file. Some repeated content to pad the file. Some repeated content to pad the file. Some repeated content to pad the file. Some repeated content to pad the file. Some repeated content to pad the file. Some repeated content to pad the file. Some repeated content to pad the file. Some repeated content to pad the file. Some repeated content to pad the file. Some repeated content to pad the file. Some repeated content to pad the file. Some repeated content to pad the file. Some repeated content to pad the file. Some repeated content to pad the file. Some repeated content to pad the file. Some repeated content to pad the file. Some repeated content to pad the file. Some repeated content to pad the file. Some repeated content to pad the file. Some repeated content to pad the file. Some repeated content to pad the file. Some repeated content to pad the file. Some repeated content to pad the file. Some repeated content to pad the file. Some repeated content to pad the file. Some repeated content to pad the file. Some repeated content to pad the file. Some repeated content to pad the file. Some repeated content to pad the file. Some repeated content to pad the file. Some repeated content to pad the file. Some repeated content to pad the file. Some repeated content to pad the file. Some repeated content to pad the file. Some repeated content to pad the file. Some repeated content to pad the file. Some repeated content to pad the file. Some repeated content to pad the file. Some repeated content to pad the file. Some repeated content to pad the file. Some repeated content to pad the file. Some repeated content to pad the file. Some repeated content to pad the file. Some repeated content to pad the file. Some repeated content to pad the file. Some repeated content to pad the file. Some repeated content to pad the file. Some repeated content to pad the file. Some repeated content to pad the file. Some repeated content to pad the file. Some repeated content to pad the file. Some repeated content to pad the file. Some repeated content to pad the file. Some repeated content to pad the file. Some repeated content to pad the file. Some repeated content to pad the file. Some repeated content to pad the file. Some repeated content to pad the file. Some repeated content to pad the file. Some repeated content to pad the file. Some repeated content to pad the file. Some repeated content to pad the file. Some repeated content to pad the file. Some repeated content to pad the file. Some repeated content to pad the file. Some repeated content to pad the file. Some repeated content to pad the file. Some repeated content to pad the file. Some repeated content to pad the file. Some repeated content to pad the file. Some repeated content to pad the file. Some repeated content to pad the file. Some repeated content to pad the file. Some repeated content to pad the file. Some repeated content to pad the file. Some repeated content to pad the file. Some repeated content to pad the file. Some repeated content to pad the file. Some repeated content to pad the file. Some repeated content to pad the file. Some repeated content to pad the file. Some repeated content to pad the file. Some repeated content to pad the file. Some repeated content to pad the file. Some repeated content to pad the file. Some repeated content to pad the file. Some repeated content to pad the file. Some repeated content to pad the file. Some repeated content to pad the file. Some repeated content to pad the file. Some repeated content to pad the file. Some repeated content to pad the file. Some repeated content to pad the file. Some repeated content to pad the file. Some repeated content to pad the file. Some repeated content to pad the file. Some repeated content to pad the file. Some repeated content to pad the file. Some repeated content to pad the file. Some repeated content to pad the file. Some repeated content to pad the file. Some repeated content to pad the file. Some repeated content to pad the file. Some repeated content to pad the file. Some repeated content to pad the file. Some repeated content to pad the file. Some repeated content to pad the file. Some repeated content to pad the file. Some repeated content to pad the file. Some repeated content to pad the file. Some repeated content to pad the file. Some repeated content to pad the file. Some repeated content to pad the file. Some repeated content to pad the file. Some repeated content to pad the file. Some repeated content to pad the file. Some repeated content to pad the file. Some repeated content to pad the file. Some repeated content to pad the file. Some repeated content to pad the file. Some repeated content to pad the file. Some repeated content to pad the file. Some repeated content to pad the file. Some repeated content to pad the file. Some repeated content to pad the file. Some repeated content to pad the file. Some repeated content to pad the file. Some repeated content to pad the file. Some repeated content to pad the file. Some repeated content to pad the file. Some repeated content to pad the file. Some repeated content to pad the file. Some repeated content to pad the file. Some repeated content to pad the file. Some repeated content to pad the file. Some repeated content to pad the file. Some repeated content to pad the file. Some repeated content to pad the file. Some repeated content to pad the file. Some repeated content to pad the file. Some repeated content to pad the file. Some repeated content to pad the file. Some repeated content to pad the file. Some repeated content to pad the file. Some repeated content to pad the file. Some repeated content to pad the file. Some repeated content to pad the file. Some repeated content to pad the file. Some repeated content to pad the file. Some repeated content to pad the file. Some repeated content to pad the file. Some repeated content to pad the file. Some repeated content to pad the file. Some repeated content to pad the file. Some repeated content to pad the file. Some repeated content to pad the file. Some repeated content to pad the file. Some repeated content to pad the file. Some repeated content to pad the file. Some repeated content to pad the file. Some repeated content to pad the file. Some repeated content to pad the file. Some repeated content to pad the file. Some repeated content to pad the file. Some repeated content to pad the file. Some repeated content to pad the file. Some repeated content to pad the file. Some repeated content to pad the file. Some repeated content to pad the file. Some repeated content to pad the file. Some repeated content to pad the file. Some repeated content to pad the file. Some repeated content to pad the file. Some repeated content to pad the file. Some repeated content to pad the file. Some repeated content to pad the file. Some repeated content to pad the file. Some repeated content to pad the file. Some repeated content to pad the file. Some repeated content to pad the file. Some repeated content to pad the file. Some repeated content to pad the file. Some repeated content to pad the file. Some repeated content to pad the file. Some repeated content to pad the file. Some repeated content to pad the file. Some repeated content to pad the file. Some repeated content to pad the file. Some repeated content to pad the file. Some repeated content to pad the file. Some repeated content to pad the file. Some repeated content to pad the file. Some repeated content to pad the file. Some repeated content to pad the file. Some repeated content to pad the file. Some repeated content to pad the file. Some repeated content to pad the file. Some repeated content to pad the file. Some repeated content to pad the file. Some repeated content to pad the file. Some repeated content to pad the file. Some repeated content to pad the file. Some repeated content to pad the file. Some repeated content to pad the file. Some repeated content to pad the file. Some repeated content to pad the file. Some repeated content to pad the file. Some repeated content to pad the file. Some repeated content to pad the file. Some repeated content to pad the file. Some repeated content to pad the file. Some repeated content to pad the file. Some repeated content to pad the file. Some repeated content to pad the file. Some repeated content to pad the file. Some repeated content to pad the file. Some repeated content to pad the file. Some repeated content to pad the file. Some repeated content to pad the file. Some repeated content to pad the file. Some repeated content to pad the file. Some repeated content to pad the file. Some repeated content to pad the file. Some repeated content to pad the file. Some repeated content to pad the file. Some repeated content to pad the file. Some repeated content to pad the file. Some repeated content to pad the file. Some repeated content to pad the file. Some repeated content to pad the file. Some repeated content to pad the file. Some repeated content to pad the file. Some repeated content to pad the file. Some repeated content to pad the file. Some repeated content to pad the file. Some repeated content to pad the file. Some repeated content to pad the file. Some repeated content to pad the file. Some repeated content to pad the file. Some repeated content to pad the file. Some repeated content to pad the file. Some repeated content to pad the file. Some repeated content to pad the file. Some repeated content to pad the file. Some repeated content to pad the file. Some repeated content to pad the file. Some repeated content to pad the file. Some repeated content to pad the file. Some repeated content to pad the file. Some repeated content to pad the file. Some repeated content to pad the file. Some repeated content to pad the file. Some repeated content to pad the file. Some repeated content to pad the file. Some repeated content to pad the file. Some repeated content to pad the file. Some repeated content to pad the file. Some repeated content to pad the file. Some repeated content to pad the file. Some repeated content to pad the file. Some repeated content to pad the file. Some repeated content to pad the file. Some repeated content to pad the file. Some repeated content to pad the file. Some repeated content to pad the file. Some repeated content to pad the file. Some repeated content to pad the file. Some repeated content to pad the file. Some repeated content to pad the file. Some repeated content to pad the file. Some repeated content to pad the file. Some repeated content to pad the file. Some repeated content to pad the file. Some repeated content to pad the file. Some repeated content to pad the file. Some repeated content to pad the file. Some repeated content to pad the file. Some repeated content to pad the file. Some repeated content to pad the file. Some repeated content to pad the file. Some repeated content to pad the file. Some repeated content to pad the file. Some repeated content to pad the file. Some repeated content to pad the file. Some repeated content to pad the file. Some repeated content to pad the file. Some repeated content to pad the file. Some repeated content to pad the file. Some repeated content to pad the file. Some repeated content to pad the file. Some repeated content to pad the file. Some repeated content to pad the file. Some repeated content to pad the file. Some repeated content to pad the file. Some repeated content to pad the file. Some repeated content to pad the file. Some repeated content to pad the file. Some repeated content to pad the file. Some repeated content to pad the file. Some repeated content to pad the file. Some repeated content to pad the file. Some repeated content to pad the file. Some repeated content to pad the file. Some repeated content to pad the file. Some repeated content to pad the file. Some repeated content to pad the file. Some repeated content to pad the file. Some repeated content to pad the file. Some repeated content to pad the file. Some repeated content to pad the file. Some repeated content to pad the file. Some repeated content to pad the file. Some repeated content to pad the file. Some repeated content to pad the file. Some repeated content to pad the file. Some repeated content to pad the file. Some repeated content to pad the file. Some repeated content to pad the file. Some repeated content to pad the file. Some repeated content to pad the file. Some repeated content to pad the file. Some repeated content to pad the file. Some repeated content to pad the file. Some repeated content to pad the file. Some repeated content to pad the file. Some repeated content to pad the file. Some repeated content to pad the file. Some repeated content to pad the file. Some repeated content to pad the file. Some repeated content to pad the file. Some repeated content to pad the file. Some repeated content to pad the file. Some repeated content to pad the file. Some repeated content to pad the file. Some repeated content to pad the file. Some repeated content to pad the file. Some repeated content to pad the file. Some repeated content to pad the file. Some repeated content to pad the file. Some repeated content to pad the file. Some repeated content to pad the file. Some repeated content to pad the file. Some repeated content to pad the file. Some repeated content to pad the file. Some repeated content to pad the file. Some repeated content to pad the file. Some repeated content to pad the file. Some repeated content to pad the file. Some repeated content to pad the file. Some repeated content to pad the file. Some repeated content to pad the file. Some repeated content to pad the file. Some repeated content to pad the file. Some repeated content to pad the file. Some repeated content to pad the file. Some repeated content to pad the file. Some repeated content to pad the file. Some repeated content to pad the file. Some repeated content to pad the file. Some repeated content to pad the file. Some repeated content to pad the file. Some repeated content to pad the file. Some repeated content to pad the file. Some repeated content to pad the file. Some repeated content to pad the file. Some repeated content to pad the file. Some repeated content to pad the file. Some repeated content to pad the file. Some repeated content to pad the file. Some repeated content to pad the file. Some repeated content to pad the file. Some repeated content to pad the file. Some repeated content to pad the file. Some repeated content to pad the file. Some repeated content to pad the file. Some repeated content to pad the file. Some repeated content to pad the file. Some repeated content to pad the file. Some repeated content to pad the file. Some repeated content to pad the file. Some repeated content to pad the file. Some repeated content to pad the file. Some repeated content to pad the file. Some repeated content to pad the file. Some repeated content to pad the file. Some repeated content to pad the file. Some repeated content to pad the file. Some repeated content to pad the file. Some repeated content to pad the file. Some repeated content to pad the file. Some repeated content to pad the file. Some repeated content to pad the file. Some repeated content to pad the file. Some repeated content to pad the file. Some repeated content to pad the file. Some repeated content to pad the file. Some repeated content to pad the file. Some repeated content to pad the file. Some repeated content to pad the file. Some repeated content to pad the file. Some repeated content to pad the file. Some repeated content to pad the file. Some repeated content to pad the file. Some repeated content to pad the file. Some repeated content to pad the file. Some repeated content to pad the file. Some repeated content to pad the file. Some repeated content to pad the file. Some repeated content to pad the file. Some repeated content to pad the file. Some repeated content to pad the file. Some repeated content to pad the file. Some repeated content to pad the file. Some repeated content to pad the file. Some repeated content to pad the file. Some repeated content to pad the file. Some repeated content to pad the file. Some repeated content to pad the file. Some repeated content to pad the file. Some repeated content to pad the file. Some repeated content to pad the file. Some repeated content to pad the file. Some repeated content to pad the file. Some repeated content to pad the file. Some repeated content to pad the file. Some repeated content to pad the file. Some repeated content to pad the file. Some repeated content to pad the file. Some repeated content to pad the file. Some repeated content to pad the file. Some repeated content to pad the file. Some repeated content to pad the file. Some repeated content to pad the file. Some repeated content to pad the file. Some repeated content to pad the file. Some repeated content to pad the file. Some repeated content to pad the file. Some repeated content to pad the file. Some repeated content to pad the file. Some repeated content to pad the file. Some repeated content to pad the file. Some repeated content to pad the file. Some repeated content to pad the file. Some repeated content to pad the file. Some repeated content to pad the file. Some repeated content to pad the file. Some repeated content to pad the file. Some repeated content to pad the file. Some repeated content to pad the file. Some repeated content to pad the file. Some repeated content to pad the file. Some repeated content to pad the file. Some repeated content to pad the file. Some repeated content to pad the file. Some repeated content to pad the file. Some repeated content to pad the file. Some repeated content to pad the file. Some repeated content to pad the file. Some repeated content to pad the file. Some repeated content to pad the file. Some repeated content to pad the file. Some repeated content to pad the file. Some repeated content to pad the file. Some repeated content to pad the file. Some repeated content to pad the file. Some repeated content to pad the file. Some repeated content to pad the file. Some repeated content to pad the file. Some repeated content to pad the file. Some repeated content to pad the file. Some repeated content to pad the file. Some repeated content to pad the file. Some repeated content to pad the file. Some repeated content to pad the file. Some repeated content to pad the file. Some repeated content to pad the file. Some repeated content to pad the file. Some repeated content to pad the file. Some repeated content to pad the file. Some repeated content to pad the file. Some repeated content to pad the file. Some repeated content to pad the file. Some repeated content to pad the file. Some repeated content to pad the file. Some repeated content to pad the file. Some repeated content to pad the file. Some repeated content to pad the file. Some repeated content to pad the file. Some repeated content to pad the file. Some repeated content to pad the file. Some repeated content to pad the file. Some repeated content to pad the file. Some repeated content to pad the file. Some repeated content to pad the file. Some repeated content to pad the file. Some repeated content to pad the file. Some repeated content to pad the file. Some repeated content to pad the file. Some repeated content to pad the file. Some repeated content to pad the file. Some repeated content to pad the file. Some repeated content to pad the file. Some repeated content to pad the file. Some repeated content to pad the file. Some repeated content to pad the file. Some repeated content to pad the file. Some repeated content to pad the file. Some repeated content to pad the file. Some repeated content to pad the file. Some repeated content to pad the file. Some repeated content to pad the file. Some repeated content to pad the file. Some repeated content to pad the file. Some repeated content to pad the file. Some repeated content to pad the file. Some repeated content to pad the file. Some repeated content to pad the file. Some repeated content to pad the file. Some repeated content to pad the file. Some repeated content to pad the file. Some repeated content to pad the file. Some repeated content to pad the file. Some repeated content to pad the file. Some repeated content to pad the file. Some repeated content to pad the file. Some repeated content to pad the file. Some repeated content to pad the file. Some repeated content to pad the file. Some repeated content to pad the file. Some repeated content to pad the file. Some repeated content to pad the file. Some repeated content to pad the file. Some repeated content to pad the file. Some repeated content to pad the file. Some repeated content to pad the file. Some repeated content to pad the file. Some repeated content to pad the file. Some repeated content to pad the file. Some repeated content to pad the file. Some repeated content to pad the file. Some repeated content to pad the file. Some repeated content to pad the file. Some repeated content to pad the file. Some repeated content to pad the file. Some repeated content to pad the file. Some repeated content to pad the file. Some repeated content to pad the file. Some repeated content to pad the file. Some repeated content to pad the file. Some repeated content to pad the file. Some repeated content to pad the file. Some repeated content to pad the file. Some repeated content to pad the file. Some repeated content to pad the file. Some repeated content to pad the file. Some repeated content to pad the file. Some repeated content to pad the file. Some repeated content to pad the file. Some repeated content to pad the file. Some repeated content to pad the file. Some repeated content to pad the file. Some repeated content to pad the file. Some repeated content to pad the file. Some repeated content to pad the file. Some repeated content to pad the file. Some repeated content to pad the file. Some repeated content to pad the file. Some repeated content to pad the file. Some repeated content to pad the file. Some repeated content to pad the file. Some repeated content to pad the file. Some repeated content to pad the file. Some repeated content to pad the file. Some repeated content to pad the file. Some repeated content to pad the file. Some repeated content to pad the file. Some repeated content to pad the file. Some repeated content to pad the file. Some repeated content to pad the file. Some repeated content to pad the file. Some repeated content to pad the file. Some repeated content to pad the file. Some repeated content to pad the file. Some repeated content to pad the file. Some repeated content to pad the file. Some repeated content to pad the file. Some repeated content to pad the file. Some repeated content to pad the file. Some repeated content to pad the file. Some repeated content to pad the file. Some repeated content to pad the file. Some repeated content to pad the file. Some repeated content to pad the file. Some repeated content to pad the file. Some repeated content to pad the file. Some repeated content to pad the file. Some repeated content to pad the file. Some repeated content to pad the file. Some repeated content to pad the file. Some repeated content to pad the file. Some repeated content to pad the file. Some repeated content to pad the file. Some repeated content to pad the file. Some repeated content to pad the file. Some repeated content to pad the file. Some repeated content to pad the file. Some repeated content to pad the file. Some repeated content to pad the file. Some repeated content to pad the file. Some repeated content to pad the file. Some repeated content to pad the file. Some repeated content to pad the file. Some repeated content to pad the file. Some repeated content to pad the file. Some repeated content to pad the file. Some repeated content to pad the file. Some repeated content to pad the file. Some repeated content to pad the file. Some repeated content to pad the file. Some repeated content to pad the file. Some repeated content to pad the file. Some repeated content to pad the file. Some repeated content to pad the file. Some repeated content to pad the file. Some repeated content to pad the file. Some repeated content to pad the file. Some repeated content to pad the file. Some repeated content to pad the file. Some repeated content to pad the file. Some repeated content to pad the file. Some repeated content to pad the file. Some repeated content to pad the file. Some repeated content to pad the file. Some repeated content to pad the file. Some repeated content to pad the file. Some repeated content to pad the file. Some repeated content to pad the file. Some repeated content to pad the file. Some repeated content to pad the file. Some repeated content to pad the file. Some repeated content to pad the file. Some repeated content to pad the file. Some repeated content to pad the file. Some repeated content to pad the file. Some repeated content to pad the file. Some repeated content to pad the file. Some repeated content to pad the file. Some repeated content to pad the file. Some repeated content to pad the file. Some repeated content to pad the file. Some repeated content to pad the file. Some repeated content to pad the file. Some repeated content to pad the file. Some repeated content to pad the file. Some repeated content to pad the file. Some repeated content to pad the file. Some repeated content to pad the file. Some repeated content to pad the file. Some repeated content to pad the file. Some repeated content to pad the file. Some repeated content to pad the file. Some repeated content to pad the file. Some repeated content to pad the file. Some repeated content to pad the file. Some repeated content to pad the file. Some repeated content to pad the file. Some repeated content to pad the file. Some repeated content to pad the file. Some repeated content to pad the file. Some repeated content to pad the file. Some repeated content to pad the file. Some repeated content to pad the file. Some repeated content to pad the file. Some repeated content to pad the file. Some repeated content to pad the file. Some repeated content to pad the file. Some repeated content to pad the file. Some repeated content to pad the file. Some repeated content to pad the file. Some repeated content to pad the file. Some repeated content to pad the file. Some repeated content to pad the file. Some repeated content to pad the file. Some repeated content to pad the file. Some repeated content to pad the file. Some repeated content to pad the file. Some repeated content to pad the file. Some repeated content to pad the file. Some repeated content to pad the file. Some repeated content to pad the file. Some repeated content to pad the file. Some repeated content to pad the file. Some repeated content to pad the file. Some repeated content to pad the file. Some repeated content to pad the file. Some repeated content to pad the file. Some repeated content to pad the file. Some repeated content to pad the file. Some repeated content to pad the file. Some repeated content to pad the file. Some repeated content to pad the file. Some repeated content to pad the file. Some repeated content to pad the file. Some repeated content to pad the file. Some repeated content to pad the file. Some repeated content to pad the file. Some repeated content to pad the file. Some repeated content to pad the file. Some repeated content to pad the file. Some repeated content to pad the file. Some repeated content to pad the file. Some repeated content to pad the file. Some repeated content to pad the file. Some repeated content to pad the file. Some repeated content to pad the file. Some repeated content to pad the file. Some repeated content to pad the file. Some repeated content to pad the file. Some repeated content to pad the file. Some repeated content to pad the file. Some repeated content to pad the file. Some repeated content to pad the file. Some repeated content to pad the file. Some repeated content to pad the file. Some repeated content to pad the file. Some repeated content to pad the file. Some repeated content to pad the file. Some repeated content to pad the file. Some repeated content to pad the file. Some repeated content to pad the file. Some repeated content to pad the file. Some repeated content to pad the file. Some repeated content to pad the file. Some repeated content to pad the file. Some repeated content to pad the file. Some repeated content to pad the file. Some repeated content to pad the file. Some repeated content to pad the file. Some repeated content to pad the file. Some repeated content to pad the file. Some repeated content to pad the file. Some repeated content to pad the file. Some repeated content to pad the file. Some repeated content to pad the file. Some repeated content to pad the file. Some repeated content to pad the file. Some repeated content to pad the file. Some repeated content to pad the file. Some repeated content to pad the file. Some repeated content to pad the file. Some repeated content to pad the file. Some repeated content to pad the file. Some repeated content to pad the file. Some repeated content to pad the file. Some repeated content to pad the file. Some repeated content to pad the file. Some repeated content to pad the file. Some repeated content to pad the file. Some repeated content to pad the file. Some repeated content to pad the file. Some repeated content to pad the file. Some repeated content to pad the file. Some repeated content to pad the file. Some repeated content to pad the file. Some repeated content to pad the file. Some repeated content to pad the file. Some repeated content to pad the file. Some repeated content to pad the file. Some repeated content to pad the file. Some repeated content to pad the file. Some repeated content to pad the file. Some repeated content to pad the file. Some repeated content to pad the file. Some repeated content to pad the file. Some repeated content to pad the file. Some repeated content to pad the file. Some repeated content to pad the file. Some repeated content to pad the file. Some repeated content to pad the file. Some repeated content to pad the file. Some repeated content to pad the file. Some repeated content to pad the file. Some repeated content to pad the file. Some repeated content to pad the file. Some repeated content to pad the file. Some repeated content to pad the file. Some repeated content to pad the file. Some repeated content to pad the file. Some repeated content to pad the file. Some repeated content to pad the file. Some repeated content to pad the file. Some repeated content to pad the file. Some repeated content to pad the file. Some repeated content to pad the file. Some repeated content to pad the file. Some repeated content to pad the file. Some repeated content to pad the file. Some repeated content to pad the file. Some repeated content to pad the file. Some repeated content to pad the file. Some repeated content to pad the file. Some repeated content to pad the file. Some repeated content to pad the file. Some repeated content to pad the file. Some repeated content to pad the file. Some repeated content to pad the file. Some repeated content to pad the file. Some repeated content to pad the file. Some repeated content to pad the file. Some repeated content to pad the file. Some repeated content to pad the file. Some repeated content to pad the file. Some repeated content to pad the file. Some repeated content to pad the file. Some repeated content to pad the file. Some repeated content to pad the file. Some repeated content to pad the file. Some repeated content to pad the file. Some repeated content to pad the file. Some repeated content to pad the file. Some repeated content to pad the file. Some repeated content to pad the file. Some repeated content to pad the file. Some repeated content to pad the file. Some repeated content to pad the file. Some repeated content to pad the file. Some repeated content to pad the file. Some repeated content to pad the file. Some repeated content to pad the file. Some repeated content to pad the file. Some repeated content to pad the file. Some repeated content to pad the file. Some repeated content to pad the file. Some repeated content to pad the file. Some repeated content to pad the file. Some repeated content to pad the file. Some repeated content to pad the file. Some repeated content to pad the file. Some repeated content to pad the file. Some repeated content to pad the file. Some repeated content to pad the file. Some repeated content to pad the file. Some repeated content to pad the file. Some repeated content to pad the file. Some repeated content to pad the file. Some repeated content to pad the file. Some repeated content to pad the file. Some repeated content to pad the file. Some repeated content to pad the file. Some repeated content to pad the file. Some repeated content to pad the file. Some repeated content to pad the file. Some repeated content to pad the file. Some repeated content to pad the file. Some repeated content to pad the file. Some repeated content to pad the file. Some repeated content to pad the file. Some repeated content to pad the file. Some repeated content to pad the file. Some repeated content to pad the file. Some repeated content to pad the file. Some repeated content to pad the file. Some repeated content to pad the file. Some repeated content to pad the file. Some repeated content to pad the file. Some repeated content to pad the file. Some repeated content to pad the file. Some repeated content to pad the file. Some repeated content to pad the file. Some repeated content to pad the file. Some repeated content to pad the file. Some repeated content to pad the file. Some repeated content to pad the file. Some repeated content to pad the file. Some repeated content to pad the file. Some repeated content to pad the file. Some repeated content to pad the file. Some repeated content to pad the file. Some repeated content to pad the file. Some repeated content to pad the file. Some repeated content to pad the file. Some repeated content to pad the file. Some repeated content to pad the file. Some repeated content to pad the file. Some repeated content to pad the file. Some repeated content to pad the file. Some repeated content to pad the file. Some repeated content to pad the file. Some repeated content to pad the file. Some repeated content to pad the file. Some repeated content to pad the file. Some repeated content to pad the file. Some repeated content to pad the file. Some repeated content to pad the file. Some repeated content to pad the file. Some repeated content to pad the file. Some repeated content to pad the file. Some repeated content to pad the file. Some repeated content to pad the file. Some repeated content to pad the file. Some repeated content to pad the file. Some repeated content to pad the file. Some repeated content to pad the file. Some repeated content to pad the file. Some repeated content to pad the file. Some repeated content to pad the file. Some repeated content to pad the file. Some repeated content to pad the file. Some repeated content to pad the file. Some repeated content to pad the file. Some repeated content to pad the file. Some repeated content to pad the file. Some repeated content to pad the file. Some repeated content to pad the file. Some repeated content to pad the file. Some repeated content to pad the file. Some repeated content to pad the file. Some repeated content to pad the file. Some repeated content to pad the file. Some repeated content to pad the file. Some repeated content to pad the file. Some repeated content to pad the file. Some repeated content to pad the file. Some repeated content to pad the file. Some repeated content to pad the file. Some repeated content to pad the file. Some repeated content to pad the file. Some repeated content to pad the file. Some repeated content to pad the file. Some repeated content to pad the file. Some repeated content to pad the file. Some repeated content to pad the file. Some repeated content to pad the file. Some repeated content to pad the file. Some repeated content to pad the file. Some repeated content to pad the file. Some repeated content to pad the file. Some repeated content to pad the file. Some repeated content to pad the file. Some repeated content to pad the file. Some repeated content to pad the file. Some repeated content to pad the file. Some repeated content to pad the file. Some repeated content to pad the file. Some repeated content to pad the file. Some repeated content to pad the file. Some repeated content to pad the file. Some repeated content to pad the file. Some repeated content to pad the file. Some repeated content to pad the file. Some repeated content to pad the file. Some repeated content to pad the file. Some repeated content to pad the file. Some repeated content to pad the file. Some repeated content to pad the file. Some repeated content to pad the file. Some repeated content to pad the file. Some repeated content to pad the file. Some repeated content to pad the file. Some repeated content to pad the file. Some repeated content to pad the file. Some repeated content to pad the file. Some repeated content to pad the file. Some repeated content to pad the file. Some repeated content to pad the file. Some repeated content to pad the file. Some repeated content to pad the file. Some repeated content to pad the file. Some repeated content to pad the file. Some repeated content to pad the file. Some repeated content to pad the file. Some repeated content to pad the file. Some repeated content to pad the file. Some repeated content to pad the file. Some repeated content to pad the file. Some repeated content to pad the file. Some repeated content to pad the file. Some repeated content to pad the file. Some repeated content to pad the file. Some repeated content to pad the file. Some repeated content to pad the file. Some repeated content to pad the file. Some repeated content to pad the file. Some repeated content to pad the file. Some repeated content to pad the file. Some repeated content to pad the file. Some repeated content to pad the file. Some repeated content to pad the file. Some repeated content to pad the file. Some repeated content to pad the file. Some repeated content to pad the file. Some repeated content to pad the file. Some repeated content to pad the file. Some repeated content to pad the file. Some repeated content to pad the file. Some repeated content to pad the file. Some repeated content to pad the file. Some repeated content to pad the file. Some repeated content to pad the file. Some repeated content to pad the file. Some repeated content to pad the file. Some repeated content to pad the file. Some repeated content to pad the file. Some repeated content to pad the file. Some repeated content to pad the file. Some repeated content to pad the file. Some repeated content to pad the file. Some repeated content to pad the file. Some repeated content to pad the file. Some repeated content to pad the file. Some repeated content to pad the file. Some repeated content to pad the file. Some repeated content to pad the file. Some repeated content to pad the file. Some repeated content to pad the file. Some repeated content to pad the file. Some repeated content to pad the file. Some repeated content to pad the file. Some repeated content to pad the file. Some repeated content to pad the file. Some repeated content to pad the file. Some repeated content to pad the file. Some repeated content to pad the file. Some repeated content to pad the file. Some repeated content to pad the file. Some repeated content to pad the file. Some repeated content to pad the file. Some repeated content to pad the file. Some repeated content to pad the file. Some repeated content to pad the file. Some repeated content to pad the file. Some repeated content to pad the file. Some repeated content to pad the file. Some repeated content to pad the file. Some repeated content to pad the file. Some repeated content to pad the file. Some repeated content to pad the file. Some repeated content to pad the file. Some repeated content to pad the file. Some repeated content to pad the file. Some repeated content to pad the file. Some repeated content to pad the file. Some repeated content to pad the file. Some repeated content to pad the file. Some repeated content to pad the file. Some repeated content to pad the file. Some repeated content to pad the file. Some repeated content to pad the file. Some repeated content to pad the file. Some repeated content to pad the file. Some repeated content to pad the file. Some repeated content to pad the file. Some repeated content to pad the file. Some repeated content to pad the file. Some repeated content to pad the file. Some repeated content to pad the file. Some repeated content to pad the file. Some repeated content to pad the file. Some repeated content to pad the file. Some repeated content to pad the file. Some repeated content to pad the file. Some repeated content to pad the file. Some repeated content to pad the file. Some repeated content to pad the file. Some repeated content to pad the file. Some repeated content to pad the file. Some repeated content to pad the file. Some repeated content to pad the file. Some repeated content to pad the file. Some repeated content to pad the file. Some repeated content to pad the file. Some repeated content to pad the file. Some repeated content to pad the file. Some repeated content to pad the file. Some repeated content to pad the file. Some repeated content to pad the file. Some repeated content to pad the file. Some repeated content to pad the file. Some repeated content to pad the file. Some repeated content to pad the file. Some repeated content to pad the file. Some repeated content to pad the file. Some repeated content to pad the file. Some repeated content to pad the file. Some repeated content to pad the file. Some repeated content to pad the file. Some repeated content to pad the file. Some repeated content to pad the file. Some repeated content to pad the file. Some repeated content to pad the file. Some repeated content to pad the file. Some repeated content to pad the file. Some repeated content to pad the file. Some repeated content to pad the file. Some repeated content to pad the file. Some repeated content to pad the file. Some repeated content to pad the file. Some repeated content to pad the file. Some repeated content to pad the file. Some repeated content to pad the file. Some repeated content to pad the file. Some repeated content to pad the file. Some repeated content to pad the file. Some repeated content to pad the file. Some repeated content to pad the file. Some repeated content to pad the file. Some repeated content to pad the file. Some repeated content to pad the file. Some repeated content to pad the file. Some repeated content to pad the file. Some repeated content to pad the file. Some repeated content to pad the file. Some repeated content to pad the file. Some repeated content to pad the file. Some repeated content to pad the file. Some repeated content to pad the file. Some repeated content to pad the file. Some repeated content to pad the file. Some repeated content to pad the file. Some repeated content to pad the file. Some repeated content to pad the file. Some repeated content to pad the file. Some repeated content to pad the file. Some repeated content to pad the file. Some repeated content to pad the file. Some repeated content to pad the file. Some repeated content to pad the file. Some repeated content to pad the file. Some repeated content to pad the file. Some repeated content to pad the file. Some repeated content to pad the file. Some repeated content to pad the file. Some repeated content to pad the file. Some repeated content to pad the file. Some repeated content to pad the file. Some repeated content to pad the file. Some repeated content to pad the file. Some repeated content to pad the file. Some repeated content to pad the file. Some repeated content to pad the file. Some repeated content to pad the file. Some repeated content to pad the file. Some repeated content to pad the file. Some repeated content to pad the file. Some repeated content to pad the file. Some repeated content to pad the file. Some repeated content to pad the file. Some repeated content to pad the file. Some repeated content to pad the file. Some repeated content to pad the file. Some repeated content to pad the file. Some repeated content to pad the file. Some repeated content to pad the file. Some repeated content to pad the file. Some repeated content to pad the file. Some repeated content to pad the file. Some repeated content to pad the file. Some repeated content to pad the file. Some repeated content to pad the file. Some repeated content to pad the file. Some repeated content to pad the file. Some repeated content to pad the file. Some repeated content to pad the file. Some repeated content to pad the file. Some repeated content to pad the file. Some repeated content to pad the file. Some repeated content to pad the file. Some repeated content to pad the file. Some repeated content to pad the file. Some repeated content to pad the file. Some repeated content to pad the file. Some repeated content to pad the file. Some repeated content to pad the file. Some repeated content to pad the file. Some repeated content to pad the file. Some repeated content to pad the file. Some repeated content to pad the file. Some repeated content to pad the file. Some repeated content to pad the file. Some repeated content to pad the file. Some repeated content to pad the file. Some repeated content to pad the file. Some repeated content to pad the file. Some repeated content to pad the file. Some repeated content to pad the file. Some repeated content to pad the file. Some repeated content to pad the file. Some repeated content to pad the file. Some repeated content to pad the file. Some repeated content to pad the file. Some repeated content to pad the file. Some repeated content to pad the file. Some repeated content to pad the file. Some repeated content to pad the file. Some repeated content to pad the file. Some repeated content to pad the file. Some repeated content to pad the file. Some repeated content to pad the file. Some repeated content to pad the file. Some repeated content to pad the file. Some repeated content to pad the file. Some repeated content to pad the file. Some repeated content to pad the file. Some repeated content to pad the file. Some repeated content to pad the file. Some repeated content to pad the file. Some repeated content to pad the file. Some repeated content to pad the file. Some repeated content to pad the file. Some repeated content to pad the file. Some repeated content to pad the file. Some repeated content to pad the file. Some repeated content to pad the file. Some repeated content to pad the file. Some repeated content to pad the file. Some repeated content to pad the file. Some repeated content to pad the file. Some repeated content to pad the file. Some repeated content to pad the file. Some repeated content to pad the file. Some repeated content to pad the file. Some repeated content to pad the file. Some repeated content to pad the file. Some repeated content to pad the file. Some repeated content to pad the file. Some repeated content to pad the file. Some repeated content to pad the file. Some repeated content to pad the file. Some repeated content to pad the file. Some repeated content to pad the file. Some repeated content to pad the file. Some repeated content to pad the file. Some repeated content to pad the file. Some repeated content to pad the file. Some repeated content to pad the file. Some repeated content to pad the file. Some repeated content to pad the file. Some repeated content to pad the file. Some repeated content to pad the file. Some repeated content to pad the file. Some repeated content to pad the file. Some repeated content to pad the file. Some repeated content to pad the file. Some repeated content to pad the file. Some repeated content to pad the file. Some repeated content to pad the file. Some repeated content to pad the file. Some repeated content to pad the file. Some repeated content to pad the file. Some repeated content to pad the file. Some repeated content to pad the file. Some repeated content to pad the file. Some repeated content to pad the file. Some repeated content to pad the file. Some repeated content to pad the file. Some repeated content to pad the file. Some repeated content to pad the file. Some repeated content to pad the file. Some repeated content to pad the file. Some repeated content to pad the file. Some repeated content to pad the file. Some repeated content to pad the file. Some repeated content to pad the file. Some repeated content to pad the file. Some repeated content to pad the file. Some repeated content to pad the file. Some repeated content to pad the file. Some repeated content to pad the file. Some repeated content to pad the file. Some repeated content to pad the file. Some repeated content to pad the file. Some repeated content to pad the file. Some repeated content to pad the file. Some repeated content to pad the file. Some repeated content to pad the file. Some repeated content to pad the file. Some repeated content to pad the file. Some repeated content to pad the file. Some repeated content to pad the file. Some repeated content to pad the file. Some repeated content to pad the file. Some repeated content to pad the file. Some repeated content to pad the file. Some repeated content to pad the file. Some repeated content to pad the file. Some repeated content to pad the file. Some repeated content to pad the file. Some repeated content to pad the file. Some repeated content to pad the file. Some repeated content to pad the file. Some repeated content to pad the file. Some repeated content to pad the file. Some repeated content to pad the file. Some repeated content to pad the file. Some repeated content to pad the file. Some repeated content to pad the file. Some repeated content to pad the file. Some repeated content to pad the file. Some repeated content to pad the file. Some repeated content to pad the file. Some repeated content to pad the file. Some repeated content to pad the file. Some repeated content to pad the file. Some repeated content to pad the file. Some repeated content to pad the file. Some repeated content to pad the file. Some repeated content to pad the file. Some repeated content to pad the file. Some repeated content to pad the file. Some repeated content to pad the file. Some repeated content to pad the file. Some repeated content to pad the file. Some repeated content to pad the file. Some repeated content to pad the file. Some repeated content to pad the file. Some repeated content to pad the file. Some repeated content to pad the file. Some repeated content to pad the file. Some repeated content to pad the file. Some repeated content to pad the file. Some repeated content to pad the file. Some repeated content to pad the file. Some repeated content to pad the file. Some repeated content to pad the file. Some repeated content to pad the file. Some repeated content to pad the file. Some repeated content to pad the file. Some repeated content to pad the file. Some repeated content to pad the file. Some repeated content to pad the file. Some repeated content to pad the file. Some repeated content to pad the file. Some repeated content to pad the file. Some repeated content to pad the file. Some repeated content to pad the file. Some repeated content to pad the file. Some repeated content to pad the file. Some repeated content to pad the file. Some repeated content to pad the file. Some repeated content to pad the file. Some repeated content to pad the file. Some repeated content to pad the file. Some repeated content to pad the file. Some repeated content to pad the file. Some repeated content to pad the file. Some repeated content to pad the file. Some repeated content to pad the file. Some repeated content to pad the file. Some repeated content to pad the file. Some repeated content to pad the file. Some repeated content to pad the file. Some repeated content to pad the file. Some repeated content to pad the file. Some repeated content to pad the file. Some repeated content to pad the file. Some repeated content to pad the file. Some repeated content to pad the file. Some repeated content to pad the file. Some repeated content to pad the file. Some repeated content to pad the file. Some repeated content to pad the file. Some repeated content to pad the file. Some repeated content to pad the file. Some repeated content to pad the file. Some repeated content to pad the file. Some repeated content to pad the file. Some repeated content to pad the file. Some repeated content to pad the file. Some repeated content to pad the file. Some repeated content to pad the file. Some repeated content to pad the file. Some repeated content to pad the file. Some repeated content to pad the file. Some repeated content to pad the file. Some repeated content to pad the file. Some repeated content to pad the file. Some repeated content to pad the file. Some repeated content to pad the file. Some repeated content to pad the file. Some repeated content to pad the file. Some repeated content to pad the file. Some repeated content to pad the file. Some repeated content to pad the file. Some repeated content to pad the file. Some repeated content to pad the file. Some repeated content to pad the file. Some repeated content to pad the file. Some repeated content to pad the file. Some repeated content to pad the file. Some repeated content to pad the file. Some repeated content to pad the file. Some repeated content to pad the file. Some repeated content to pad the file. Some repeated content to pad the file. Some repeated content to pad the file. Some repeated content to pad the file. Some repeated content to pad the file. Some repeated content to pad the file. Some repeated content to pad the file. Some repeated content to pad the file. Some repeated content to pad the file. Some repeated content to pad the file. Some repeated content to pad the file. Some repeated content to pad the file. Some repeated content to pad the file. Some repeated content to pad the file. Some repeated content to pad the file. Some repeated content to pad the file. Some repeated content to pad the file. Some repeated content to pad the file. Some repeated content to pad the file. Some repeated content to pad the file. Some repeated content to pad the file. Some repeated content to pad the file. Some repeated content to pad the file. Some repeated content to pad the file. Some repeated content to pad the file. Some repeated content to pad the file. Some repeated content to pad the file. Some repeated content to pad the file. Some repeated content to pad the file. Some repeated content to pad the file. Some repeated content to pad the file. Some repeated content to pad the file. Some repeated content to pad the file. Some repeated content to pad the file. Some repeated content to pad the file. Some repeated content to pad the file. Some repeated content to pad the file. Some repeated content to pad the file. Some repeated content to pad the file. Some repeated content to pad the file. Some repeated content to pad the file. Some repeated content to pad the file. Some repeated content to pad the file. Some repeated content to pad the file. Some repeated content to pad the file. Some repeated content to pad the file. Some repeated content to pad the file. Some repeated content to pad the file. Some repeated content to pad the file. Some repeated content to pad the file. Some repeated content to pad the file. Some repeated content to pad the file. Some repeated content to pad the file. Some repeated content to pad the file. Some repeated content to pad the file. Some repeated content to pad the file. Some repeated content to pad the file. Some repeated content to pad the file. Some repeated content to pad the file. Some repeated content to pad the file. Some repeated content to pad the file. Some repeated content to pad the file. Some repeated content to pad the file. Some repeated content to pad the file. Some repeated content to pad the file. Some repeated content to pad the file. Some repeated content to pad the file. Some repeated content to pad the file. Some repeated content to pad the file. Some repeated content to pad the file. Some repeated content to pad the file. Some repeated content to pad the file. Some repeated content to pad the file. Some repeated content to pad the file. Some repeated content to pad the file. Some repeated content to pad the file. Some repeated content to pad the file. Some repeated content to pad the file. Some repeated content to pad the file. Some repeated content to pad the file. Some repeated content to pad the file. Some repeated content to pad the file. Some repeated content to pad the file. Some repeated content to pad the file. Some repeated content to pad the file. Some repeated content to pad the file. Some repeated content to pad the file. Some repeated content to pad the file. Some repeated content to pad the file. Some repeated content to pad the file. Some repeated content to pad the file. Some repeated content to pad the file. Some repeated content to pad the file. Some repeated content to pad the file. Some repeated content to pad the file. Some repeated content to pad the file. Some repeated content to pad the file. Some repeated content to pad the file. Some repeated content to pad the file. Some repeated content to pad the file. Some repeated content to pad the file. Some repeated content to pad the file. Some repeated content to pad the file. Some repeated content to pad the file. Some repeated content to pad the file. Some repeated content to pad the file. Some repeated content to pad the file. Some repeated content to pad the file. Some repeated content to pad the file. Some repeated content to pad the file. Some repeated content to pad the file. Some repeated content to pad the file. Some repeated content to pad the file. Some repeated content to pad the file. Some repeated content to pad the file. Some repeated content to pad the file. Some repeated content to pad the file. Some repeated content to pad the file. Some repeated content to pad the file. Some repeated content to pad the file. Some repeated content to pad the file. Some repeated content to pad the file. Some repeated content to pad the file. Some repeated content to pad the file. Some repeated content to pad the file. Some repeated content to pad the file. Some repeated content to pad the file. Some repeated content to pad the file. Some repeated content to pad the file. Some repeated content to pad the file. Some repeated content to pad the file. Some repeated content to pad the file. Some repeated content to pad the file. Some repeated content to pad the file. Some repeated content to pad the file. Some repeated content to pad the file. Some repeated content to pad the file. Some repeated content to pad the file. Some repeated content to pad the file. Some repeated content to pad the file. Some repeated content to pad the file. Some repeated content to pad the file. Some repeated content to pad the file. Some repeated content to pad the file. Some repeated content to pad the file. Some repeated content to pad the file. Some repeated content to pad the file. Some repeated content to pad the file. Some repeated content to pad the file. Some repeated content to pad the file. Some repeated content to pad the file. Some repeated content to pad the file. Some repeated content to pad the file. Some repeated content to pad the file. Some repeated content to pad the file. Some repeated content to pad the file. Some repeated content to pad the file. Some repeated content to pad the file. Some repeated content to pad the file. Some repeated content to pad the file. Some repeated content to pad the file. Some repeated content to pad the file. Some repeated content to pad the file. Some repeated content to pad the file. Some repeated content to pad the file. Some repeated content to pad the file. Some repeated content to pad the file. Some repeated content to pad the file. Some repeated content to pad the file. Some repeated content to pad the file. Some repeated content to pad the file. Some repeated content to pad the file. Some repeated content to pad the file. Some repeated content to pad the file. Some repeated content to pad the file. Some repeated content to pad the file. Some repeated content to pad the file. Some repeated content to pad the file. Some repeated content to pad the file. Some repeated content to pad the file. Some repeated content to pad the file. Some repeated content to pad the file. Some repeated content to pad the file. Some repeated content to pad the file. Some repeated content to pad the file. Some repeated content to pad the file. Some repeated content to pad the file. Some repeated content to pad the file. Some repeated content to pad the file. Some repeated content to pad the file. Some repeated content to pad the file. Some repeated content to pad the file. Some repeated content to pad the file. Some repeated content to pad the file. Some repeated content to pad the file. Some repeated content to pad the file. Some repeated content to pad the file. Some repeated content to pad the file. Some repeated content to pad the file. Some repeated content to pad the file. Some repeated content to pad the file. Some repeated content to pad the file. Some repeated content to pad the file. Some repeated content to pad the file. Some repeated content to pad the file. Some repeated content to pad the file. Some repeated content to pad the file. Some repeated content to pad the file. Some repeated content to pad the file. Some repeated content to pad the file. Some repeated content to pad the file. Some repeated content to pad the file. Some repeated content to pad the file. Some repeated content to pad the file. Some repeated content to pad the file. Some repeated content to pad the file. Some repeated content to pad the file. Some repeated content to pad the file. Some repeated content to pad the file. Some repeated content to pad the file. Some repeated content to pad the file. Some repeated content to pad the file. Some repeated content to pad the file. Some repeated content to pad the file. Some repeated content to pad the file. Some repeated content to pad the file. Some repeated content to pad the file. Some repeated content to pad the file. Some repeated content to pad the file. Some repeated content to pad the file. Some repeated content to pad the file. Some repeated content to pad the file. Some repeated content to pad the file. Some repeated content to pad the file. Some repeated content to pad the file. Some repeated content to pad the file. Some repeated content to pad the file. Some repeated content to pad the file. Some repeated content to pad the file. Some repeated content to pad the file. Some repeated content to pad the file. Some repeated content to pad the file. Some repeated content to pad the file. Some repeated content to pad the file. Some repeated content to pad the file. Some repeated content to pad the file. Some repeated content to pad the file. Some repeated content to pad the file. Some repeated content to pad the file. Some repeated content to pad the file. Some repeated content to pad the file. Some repeated content to pad the file. Some repeated content to pad the file. Some repeated content to pad the file. Some repeated content to pad the file. Some repeated content to pad the file. Some repeated content to pad the file. Some repeated content to pad the file. Some repeated content to pad the file. Some repeated content to pad the file. Some repeated content to pad the file. Some repeated content to pad the file. Some repeated content to pad the file. Some repeated content to pad the file. Some repeated content to pad the file. Some repeated content to pad the file. Some repeated content to pad the file. Some repeated content to pad the file. Some repeated content to pad the file. Some repeated content to pad the file. Some repeated content to pad the file. Some repeated content to pad the file. Some repeated content to pad the file. Some repeated content to pad the file. Some repeated content to pad the file. Some repeated content to pad the file. Some repeated content to pad the file. Some repeated content to pad the file. Some repeated content to pad the file. Some repeated content to pad the file. Some repeated content to pad the file. Some repeated content to pad the file. Some repeated content to pad the file. Some repeated content to pad the file. Some repeated content to pad the file. Some repeated content to pad the file. Some repeated content to pad the file. Some repeated content to pad the file. Some repeated content to pad the file. Some repeated content to pad the file. Some repeated content to pad the file. Some repeated content to pad the file. Some repeated content to pad the file. Some repeated content to pad the file. Some repeated content to pad the file. Some repeated content to pad the file. Some repeated content to pad the file. Some repeated content to pad the file. Some repeated content to pad the file. Some repeated content to pad the file. Some repeated content to pad the file. Some repeated content to pad the file. Some repeated content to pad the file. Some repeated content to pad the file. Some repeated content to pad the file. Some repeated content to pad the file. Some repeated content to pad the file. Some repeated content to pad the file. Some repeated content to pad the file. Some repeated content to pad the file. Some repeated content to pad the file. Some repeated content to pad the file. Some repeated content to pad the file. Some repeated content to pad the file. Some repeated content to pad the file. Some repeated content to pad the file. Some repeated content to pad the file. Some repeated content to pad the file. Some repeated content to pad the file. Some repeated content to pad the file. Some repeated content to pad the file. Some repeated content to pad the file. Some repeated content to pad the file. Some repeated content to pad the file. Some repeated content to pad the file. Some repeated content to pad the file. Some repeated content to pad the file. Some repeated content to pad the file. Some repeated content to pad the file. Some repeated content to pad the file. Some repeated content to pad the file. Some repeated content to pad the file. Some repeated content to pad the file. Some repeated content to pad the file. Some repeated content to pad the file. Some repeated content to pad the file. Some repeated content to pad the file. Some repeated content to pad the file. Some repeated content to pad the file. Some repeated content to pad the file. Some repeated content to pad the file. Some repeated content to pad the file. Some repeated content to pad the file. Some repeated content to pad the file. Some repeated content to pad the file. Some repeated content to pad the file. Some repeated content to pad the file. Some repeated content to pad the file. Some repeated content to pad the file. Some repeated content to pad the file. Some repeated content to pad the file. Some repeated content to pad the file. Some repeated content to pad the file. Some repeated content to pad the file. Some repeated content to pad the file. Some repeated content to pad the file. Some repeated content to pad the file. Some repeated content to pad the file. Some repeated content to pad the file. Some repeated content to pad the file. Some repeated content to pad the file. Some repeated content to pad the file. Some repeated content to pad the file. Some repeated content to pad the file. Some repeated content to pad the file. Some repeated content to pad the file. Some repeated content to pad the file. Some repeated content to pad the file. Some repeated content to pad the file. Some repeated content to pad the file. Some repeated content to pad the file. Some repeated content to pad the file. Some repeated content to pad the file. Some repeated content to pad the file. Some repeated content to pad the file. Some repeated content to pad the file. Some repeated content to pad the file. Some repeated content to pad the file. Some repeated content to pad the file. Some repeated content to pad the file. Some repeated content to pad the file. Some repeated content to pad the file. Some repeated content to pad the file. Some repeated content to pad the file. Some repeated content to pad the file. Some repeated content to pad the file. Some repeated content to pad the file. Some repeated content to pad the file. Some repeated content to pad the file. Some repeated content to pad the file. Some repeated content to pad the file. Some repeated content to pad the file. Some repeated content to pad the file. Some repeated content to pad the file. Some repeated content to pad the file. Some repeated content to pad the file. Some repeated content to pad the file. Some repeated content to pad the file. Some repeated content to pad the file. Some repeated content to pad the file. Some repeated content to pad the file. Some repeated content to pad the file. Some repeated content to pad the file. Some repeated content to pad the file. Some repeated content to pad the file. Some repeated content to pad the file. Some repeated content to pad the file. Some repeated content to pad the file. Some repeated content to pad the file. Some repeated content to pad the file. Some repeated content to pad the file. Some repeated content to pad the file. Some repeated content to pad the file. Some repeated content to pad the file. Some repeated content to pad the file. Some repeated content to pad the file. Some repeated content to pad the file. Some repeated content to pad the file. Some repeated content to pad the file. Some repeated content to pad the file. Some repeated content to pad the file. Some repeated content to pad the file. Some repeated content to pad the file. Some repeated content to pad the file. Some repeated content to pad the file. Some repeated content to pad the file. Some repeated content to pad the file. Some repeated content to pad the file. Some repeated content to pad the file. Some repeated content to pad the file. Some repeated content to pad the file. Some repeated content to pad the file. Some repeated content to pad the file. Some repeated content to pad the file. Some repeated content to pad the file. Some repeated content to pad the file. Some repeated content to pad the file. Some repeated content to pad the file. Some repeated content to pad the file. Some repeated content to pad the file. Some repeated content to pad the file. Some repeated content to pad the file. Some repeated content to pad the file. Some repeated content to pad the file. Some repeated content to pad the file. Some repeated content to pad the file. Some repeated content to pad the file. Some repeated content to pad the file. Some repeated content to pad the file. Some repeated content to pad the file. Some repeated content to pad the file. Some repeated content to pad the file. Some repeated content to pad the file. Some repeated content to pad the file. Some repeated content to pad the file. Some repeated content to pad the file. Some repeated content to pad the file. Some repeated content to pad the file. Some repeated content to pad the file. Some repeated content to pad the file. Some repeated content to pad the file. Some repeated content to pad the file. Some repeated content to pad the file. Some repeated content to pad the file. Some repeated content to pad the file. Some repeated content to pad the file. Some repeated content to pad the file. Some repeated content to pad the file. Some repeated content to pad the file. Some repeated content to pad the file. Some repeated content to pad the file. Some repeated content to pad the file. Some repeated content to pad the file. Some repeated content to pad the file. Some repeated content to pad the file. Some repeated content to pad the file. Some repeated content to pad the file. Some repeated content to pad the file. Some repeated content to pad the file. Some repeated content to pad the file. Some repeated content to pad the file. Some repeated content to pad the file. Some repeated content to pad the file. Some repeated content to pad the file. Some repeated content to pad the file. Some repeated content to pad the file. Some repeated content to pad the file. Some repeated content to pad the file. Some repeated content to pad the file. Some repeated content to pad the file. Some repeated content to pad the file. Some repeated content to pad the file. Some repeated content to pad the file. Some repeated content to pad the file. Some repeated content to pad the file. Some repeated content to pad the file. Some repeated content to pad the file. Some repeated content to pad the file. Some repeated content to pad the file. Some repeated content to pad the file. Some repeated content to pad the file. Some repeated content to pad the file. Some repeated content to pad the file. Some repeated content to pad the file. Some repeated content to pad the file. Some repeated content to pad the file. Some repeated content to pad the file. Some repeated content to pad the file. Some repeated content to pad the file. Some repeated content to pad the file. Some repeated content to pad the file. Some repeated content to pad the file. Some repeated content to pad the file. Some repeated content to pad the file. Some repeated content to pad the file. Some repeated content to pad the file. Some repeated content to pad the file. Some repeated content to pad the file. Some repeated content to pad the file. Some repeated content to pad the file. Some repeated content to pad the file. Some repeated content to pad the file. Some repeated content to pad the file. Some repeated content to pad the file. Some repeated content to pad the file. Some repeated content to pad the file. Some repeated content to pad the file. Some repeated content to pad the file. Some repeated content to pad the file. Some repeated content to pad the file. Some repeated content to pad the file. Some repeated content to pad the file. Some repeated content to pad the file. Some repeated content to pad the file. Some repeated content to pad the file. Some repeated content to pad the file. Some repeated content to pad the file. Some repeated content to pad the file. Some repeated content to pad the file. Some repeated content to pad the file. Some repeated content to pad the file. Some repeated content to pad the file. Some repeated content to pad the file. Some repeated content to pad the file. Some repeated content to pad the file. Some repeated content to pad the file. Some repeated content to pad the file. Some repeated content to pad the file. Some repeated content to pad the file. Some repeated content to pad the file. Some repeated content to pad the file. Some repeated content to pad the file. Some repeated content to pad the file. Some repeated content to pad the file. Some repeated content to pad the file. Some repeated content to pad the file. Some repeated content to pad the file. Some repeated content to pad the file. Some repeated content to pad the file. Some repeated content to pad the file. Some repeated content to pad the file. Some repeated content to pad the file. Some repeated content to pad the file. Some repeated content to pad the file. Some repeated content to pad the file. Some repeated content to pad the file. Some repeated content to pad the file. Some repeated content to pad the file. Some repeated content to pad the file. Some repeated content to pad the file. Some repeated content to pad the file. Some repeated content to pad the file. Some repeated content to pad the file. Some repeated content to pad the file. Some repeated content to pad the file. Some repeated content to pad the file. Some repeated content to pad the file. Some repeated content to pad the file. Some repeated content to pad the file. Some repeated content to pad the file. Some repeated content to pad the file. Some repeated content to pad the file. Some repeated content to pad the file. Some repeated content to pad the file. Some repeated content to pad the file. Some repeated content to pad the file. Some repeated content to pad the file. Some repeated content to pad the file. Some repeated content to pad the file. Some repeated content to pad the file. Some repeated content to pad the file. Some repeated content to pad the file. Some repeated content to pad the file. Some repeated content to pad the file. Some repeated content to pad the file. Some repeated content to pad the file. Some repeated content to pad the file. Some repeated content to pad the file. Some repeated content to pad the file. Some repeated content to pad the file. Some repeated content to pad the file. Some repeated content to pad the file. Some repeated content to pad the file. Some repeated content to pad the file. Some repeated content to pad the file. Some repeated content to pad the file. Some repeated content to pad the file. Some repeated content to pad the file. Some repeated content to pad the file. Some repeated content to pad the file. Some repeated content to pad the file. Some repeated content to pad the file. Some repeated content to pad the file. Some repeated content to pad the file. Some repeated content to pad the file. Some repeated content to pad the file. Some repeated content to pad the file. Some repeated content to pad the file. Some repeated content to pad the file. Some repeated content to pad the file. Some repeated content to pad the file. Some repeated content to pad the file. Some repeated content to pad the file. Some repeated content to pad the file. Some repeated content to pad the file. Some repeated content to pad the file. Some repeated content to pad the file. Some repeated content to pad the file. Some repeated content to pad the file. Some repeated content to pad the file. Some repeated content to pad the file. Some repeated content to pad the file. Some repeated content to pad the file. Some repeated content to pad the file. Some repeated content to pad the file. Some repeated content to pad the file. Some repeated content to pad the file. Some repeated content to pad the file. Some repeated content to pad the file. Some repeated content to pad the file. Some repeated content to pad the file. Some repeated content to pad the file. Some repeated content to pad the file. Some repeated content to pad the file. Some repeated content to pad the file. Some repeated content to pad the file. Some repeated content to pad the file. Some repeated content to pad the file. Some repeated content to pad the file. Some repeated content to pad the file. Some repeated content to pad the file. Some repeated content to pad the file. Some repeated content to pad the file. Some repeated content to pad the file. Some repeated content to pad the file. Some repeated content to pad the file. Some repeated content to pad the file. Some repeated content to pad the file. Some repeated content to pad the file. Some repeated content to pad the file. Some repeated content to pad the file. Some repeated content to pad the file. Some repeated content to pad the file. Some repeated content to pad the file. Some repeated content to pad the file. Some repeated content to pad the file. Some repeated content to pad the file. Some repeated content to pad the file. Some repeated content to pad the file. Some repeated content to pad the file. Some repeated content to pad the file. Some repeated content to pad the file. Some repeated content to pad the file. Some repeated content to pad the file. Some repeated content to pad the file. Some repeated content to pad the file. Some repeated content to pad the file. Some repeated content to pad the file. Some repeated content to pad the file. Some repeated content to pad the file. Some repeated content to pad the file. Some repeated content to pad the file. Some repeated content to pad the file. Some repeated content to pad the file. Some repeated content to pad the file. Some repeated content to pad the file. Some repeated content to pad the file. Some repeated content to pad the file. Some repeated content to pad the file. Some repeated content to pad the file. Some repeated content to pad the file. Some repeated content to pad the file. Some repeated content to pad the file. Some repeated content to pad the file. Some repeated content to pad the file. Some repeated content to pad the file. Some repeated content to pad the file. Some repeated content to pad the file. Some repeated content to pad the file. Some repeated content to pad the file. Some repeated content to pad the file. Some repeated content to pad the file. Some repeated content to pad the file. Some repeated content to pad the file. Some repeated content to pad the file. Some repeated content to pad the file. Some repeated content to pad the file. Some repeated content to pad the file. Some repeated content to pad the file. Some repeated content to pad the file. Some repeated content to pad the file. Some repeated content to pad the file. Some repeated content to pad the file. Some repeated content to pad the file. Some repeated content to pad the file. Some repeated content to pad the file. Some repeated content to pad the file. Some repeated content to pad the file. Some repeated content to pad the file. Some repeated content to pad the file. Some repeated content to pad the file. Some repeated content to pad the file. Some repeated content to pad the file. Some repeated content to pad the file. Some repeated content to pad the file. Some repeated content to pad the file. Some repeated content to pad the file. Some repeated content to pad the file. Some repeated content to pad the file. Some repeated content to pad the file. Some repeated content to pad the file. Some repeated content to pad the file. Some repeated content to pad the file. Some repeated content to pad the file. Some repeated content to pad the file. Some repeated content to pad the file. Some repeated content to pad the file. Some repeated content to pad the file. Some repeated content to pad the file. Some repeated content to pad the file. Some repeated content to pad the file. Some repeated content to pad the file. Some repeated content to pad the file. Some repeated content to pad the file. Some repeated content to pad the file. Some repeated content to pad the file. Some repeated content to pad the file. Some repeated content to pad the file. Some repeated content to pad the file. Some repeated content to pad the file. Some repeated content to pad the file. Some repeated content to pad the file. Some repeated content to pad the file. Some repeated content to pad the file. Some repeated content to pad the file. Some repeated content to pad the file. Some repeated content to pad the file. Some repeated content to pad the file. Some repeated content to pad the file. Some repeated content to pad the file. Some repeated content to pad the file. Some repeated content to pad the file. Some repeated content to pad the file. Some repeated content to pad the file. Some repeated content to pad the file. Some repeated content to pad the file. Some repeated content to pad the file. Some repeated content to pad the file. Some repeated content to pad the file. Some repeated content to pad the file. Some repeated content to pad the file. Some repeated content to pad the file. Some repeated content to pad the file. Some repeated content to pad the file. Some repeated content to pad the file. Some repeated content to pad the file. Some repeated content to pad the file. Some repeated content to pad the file. Some repeated content to pad the file. Some repeated content to pad the file. Some repeated content to pad the file. Some repeated content to pad the file. Some repeated content to pad the file. Some repeated content to pad the file. Some repeated content to pad the file. Some repeated content to pad the file. Some repeated content to pad the file. Some repeated content to pad the file. Some repeated content to pad the file. Some repeated content to pad the file. Some repeated content to pad the file. Some repeated content to pad the file. Some repeated content to pad the file. Some repeated content to pad the file. Some repeated content to pad the file. Some repeated content to pad the file. Some repeated content to pad the file. Some repeated content to pad the file. Some repeated content to pad the file. Some repeated content to pad the file. Some repeated content to pad the file. Some repeated content to pad the file. Some repeated content to pad the file. Some repeated content to pad the file. Some repeated content to pad the file. Some repeated content to pad the file. Some repeated content to pad the file. Some repeated content to pad the file. Some repeated content to pad the file. Some repeated content to pad the file. Some repeated content to pad the file. Some repeated content to pad the file. Some repeated content to pad the file. Some repeated content to pad the file. Some repeated content to pad the file. Some repeated content to pad the file. Some repeated content to pad the file. Some repeated content to pad the file. Some repeated content to pad the file. Some repeated content to pad the file. Some repeated content to pad the file. Some repeated content to pad the file. Some repeated content to pad the file. Some repeated content to pad the file. Some repeated content to pad the file. Some repeated content to pad the file. Some repeated content to pad the file. Some repeated content to pad the file. Some repeated content to pad the file. Some repeated content to pad the file. Some repeated content to pad the file. Some repeated content to pad the file. Some repeated content to pad the file. Some repeated content to pad the file. Some repeated content to pad the file. Some repeated content to pad the file. Some repeated content to pad the file. Some repeated content to pad the file. Some repeated content to pad the file. Some repeated content to pad the file. Some repeated content to pad the file. Some repeated content to pad the file. Some repeated content to pad the file. Some repeated content to pad the file. Some repeated content to pad the file. Some repeated content to pad the file. Some repeated content to pad the file. Some repeated content to pad the file. Some repeated content to pad the file. Some repeated content to pad the file. Some repeated content to pad the file. Some repeated content to pad the file. Some repeated content to pad the file. Some repeated content to pad the file. Some repeated content to pad the file. Some repeated content to pad the file. Some repeated content to pad the file. Some repeated content to pad the file. Some repeated content to pad the file. Some repeated content to pad the file. Some repeated content to pad the file. Some repeated content to pad the file. Some repeated content to pad the file. Some repeated content to pad the file. Some repeated content to pad the file. Some repeated content to pad the file. Some repeated content to pad the file. Some repeated content to pad the file. Some repeated content to pad the file. Some repeated content to pad the file. Some repeated content to pad the file. Some repeated content to pad the file. Some repeated content to pad the file. Some repeated content to pad the file. Some repeated content to pad the file. Some repeated content to pad the file. Some repeated content to pad the file. Some repeated content to pad the file. Some repeated content to pad the file. Some repeated content to pad the file. Some repeated content to pad the file. Some repeated content to pad the file. Some repeated content to pad the file. Some repeated content to pad the file. Some repeated content to pad the file. Some repeated content to pad the file. Some repeated content to pad the file. Some repeated content to pad the file. Some repeated content to pad the file. Some repeated content to pad the file. Some repeated content to pad the file. Some repeated content to pad the file. Some repeated content to pad the file. Some repeated content to pad the file. Some repeated content to pad the file. Some repeated content to pad the file. Some repeated content to pad the file. Some repeated content to pad the file. Some repeated content to pad the file. Some repeated content to pad the file. Some repeated content to pad the file. Some repeated content to pad the file. Some repeated content to pad the file. Some repeated content to pad the file. Some repeated content to pad the file. Some repeated content to pad the file. Some repeated content to pad the file. Some repeated content to pad the file. Some repeated content to pad the file. Some repeated content to pad the file. Some repeated content to pad the file. Some repeated content to pad the file. Some repeated content to pad the file. Some repeated content to pad the file. Some repeated content to pad the file. Some repeated content to pad the file. Some repeated content to pad the file. Some repeated content to pad the file. Some repeated content to pad the file. Some repeated content to pad the file. Some repeated content to pad the file. Some repeated content to pad the file. Some repeated content to pad the file. Some repeated content to pad the file. Some repeated content to pad the file. Some repeated content to pad the file. Some repeated content to pad the file. Some repeated content to pad the file. Some repeated content to pad the file. Some repeated content to pad the file. Some repeated content to pad the file. Some repeated content to pad the file. Some repeated content to pad the file. Some repeated content to pad the file. Some repeated content to pad the file. Some repeated content to pad the file. Some repeated content to pad the file. Some repeated content to pad the file. Some repeated content to pad the file. Some repeated content to pad the file. Some repeated content to pad the file. Some repeated content to pad the file. Some repeated content to pad the file. Some repeated content to pad the file. Some repeated content to pad the file. Some repeated content to pad the file. Some repeated content to pad the file. Some repeated content to pad the file. Some repeated content to pad the file. Some repeated content to pad the file. Some repeated content to pad the file. Some repeated content to pad the file. Some repeated content to pad the file. Some repeated content to pad the file. Some repeated content to pad the file. Some repeated content to pad the file. Some repeated content to pad the file. Some repeated content to pad the file. Some repeated content to pad the file. Some repeated content to pad the file. Some repeated content to pad the file. Some repeated content to pad the file. Some repeated content to pad the file. Some repeated content to pad the file. Some repeated content to pad the file. Some repeated content to pad the file. Some repeated content to pad the file. Some repeated content to pad the file. Some repeated content to pad the file. Some repeated content to pad the file. Some repeated content to pad the file. Some repeated content to pad the file. Some repeated content to pad the file. Some repeated content to pad the file. Some repeated content to pad the file. Some repeated content to pad the file. Some repeated content to pad the file. Some repeated content to pad the file. Some repeated content to pad the file. Some repeated content to pad the file. Some repeated content to pad the file. Some repeated content to pad the file. Some repeated content to pad the file. Some repeated content to pad the file. Some repeated content to pad the file. Some repeated content to pad the file. Some repeated content to pad the file. Some repeated content to pad the file. Some repeated content to pad the file. Some repeated content to pad the file. Some repeated content to pad the file. Some repeated content to pad the file. Some repeated content to pad the file. Some repeated content to pad the file. Some repeated content to pad the file. Some repeated content to pad the file. Some repeated content to pad the file. Some repeated content to pad the file. Some repeated content to pad the file. Some repeated content to pad the file. Some repeated content to pad the file. Some repeated content to pad the file. Some repeated content to pad the file. Some repeated content to pad the file. Some repeated content to pad the file. Some repeated content to pad the file. Some repeated content to pad the file. Some repeated content to pad the file. Some repeated content to pad the file. Some repeated content to pad the file. Some repeated content to pad the file. Some repeated content to pad the file. Some repeated content to pad the file. Some repeated content to pad the file. Some repeated content to pad the file. Some repeated content to pad the file. Some repeated content to pad the file. Some repeated content to pad the file. Some repeated content to pad the file. Some repeated content to pad the file. Some repeated content to pad the file. Some repeated content to pad the file. Some repeated content to pad the file. Some repeated content to pad the file. Some repeated content to pad the file. Some repeated content to pad the file. Some repeated content to pad the file. Some repeated content to pad the file. Some repeated content to pad the file. Some repeated content to pad the file. Some repeated content to pad the file. Some repeated content to pad the file. Some repeated content to pad the file. Some repeated content to pad the file. Some repeated content to pad the file. Some repeated content to pad the file. Some repeated content to pad the file. Some repeated content to pad the file. Some repeated content to pad the file. Some repeated content to pad the file. Some repeated content to pad the file. Some repeated content to pad the file. Some repeated content to pad the file. Some repeated content to pad the file. Some repeated content to pad the file. Some repeated content to pad the file. Some repeated content to pad the file. Some repeated content to pad the file. Some repeated content to pad the file. Some repeated content to pad the file. Some repeated content to pad the file. Some repeated content to pad the file. Some repeated content to pad the file. Some repeated content to pad the file. Some repeated content to pad the file. Some repeated content to pad the file. Some repeated content to pad the file. Some repeated content to pad the file. Some repeated content to pad the file. Some repeated content to pad the file. Some repeated content to pad the file. Some repeated content to pad the file. Some repeated content to pad the file. Some repeated content to pad the file. Some repeated content to pad the file. Some repeated content to pad the file. Some repeated content to pad the file. Some repeated content to pad the file. Some repeated content to pad the file. Some repeated content to pad the file. Some repeated content to pad the file. Some repeated content to pad the file. Some repeated content to pad the file. Some repeated content to pad the file. Some repeated content to pad the file. Some repeated content to pad the file. Some repeated content to pad the file. Some repeated content to pad the file. Some repeated content to pad the file. Some repeated content to pad the file. Some repeated content to pad the file. Some repeated content to pad the file. Some repeated content to pad the file. Some repeated content to pad the file. Some repeated content to pad the file. Some repeated content to pad the file. Some repeated content to pad the file. Some repeated content to pad the file. Some repeated content to pad the file. Some repeated content to pad the file. Some repeated content to pad the file. Some repeated content to pad the file. Some repeated content to pad the file. Some repeated content to pad the file. Some repeated content to pad the file. Some repeated content to pad the file. Some repeated content to pad the file. Some repeated content to pad the file. Some repeated content to pad the file. Some repeated content to pad the file. Some repeated content to pad the file. Some repeated content to pad the file. Some repeated content to pad the file. Some repeated content to pad the file. Some repeated content to pad the file. Some repeated content to pad the file. Some repeated content to pad the file. Some repeated content to pad the file. Some repeated content to pad the file. Some repeated content to pad the file. Some repeated content to pad the file. Some repeated content to pad the file. Some repeated content to pad the file. Some repeated content to pad the file. Some repeated content to pad the file. Some repeated content to pad the file. Some repeated content to pad the file. Some repeated content to pad the file. Some repeated content to pad the file. Some repeated content to pad the file. Some repeated content to pad the file. Some repeated content to pad the file. Some repeated content to pad the file. Some repeated content to pad the file. Some repeated content to pad the file. Some repeated content to pad the file. Some repeated content to pad the file. Some repeated content to pad the file. Some repeated content to pad the file. Some repeated content to pad the file. Some repeated content to pad the file. Some repeated content to pad the file. Some repeated content to pad the file. Some repeated content to pad the file. Some repeated content to pad the file. Some repeated content to pad the file. Some repeated content to pad the file. Some repeated content to pad the file. Some repeated content to pad the file. Some repeated content to pad the file. Some repeated content to pad the file. Some repeated content to pad the file. Some repeated content to pad the file. Some repeated content to pad the file. Some repeated content to pad the file. Some repeated content to pad the file. Some repeated content to pad the file. Some repeated content to pad the file. Some repeated content to pad the file. Some repeated content to pad the file. Some repeated content to pad the file. Some repeated content to pad the file. Some repeated content to pad the file. Some repeated content to pad the file. Some repeated content to pad the file. Some repeated content to pad the file. Some repeated content to pad the file. Some repeated content to pad the file. Some repeated content to pad the file. Some repeated content to pad the file. Some repeated content to pad the file. Some repeated content to pad the file. Some repeated content to pad the file. Some repeated content to pad the file. Some repeated content to pad the file. Some repeated content to pad the file. Some repeated content to pad the file. Some repeated content to pad the file. Some repeated content to pad the file. Some repeated content to pad the file. Some repeated content to pad the file. Some repeated content to pad the file. Some repeated content to pad the file. Some repeated content to pad the file. Some repeated content to pad the file. Some repeated content to pad the file. Some repeated content to pad the file. Some repeated content to pad the file. Some repeated content to pad the file. Some repeated content to pad the file. Some repeated content to pad the file. Some repeated content to pad the file. Some repeated content to pad the file. Some repeated content to pad the file. Some repeated content to pad the file. Some repeated content to pad the file. Some repeated content to pad the file. Some repeated content to pad the file. Some repeated content to pad the file. Some repeated content to pad the file. Some repeated content to pad the file. Some repeated content to pad the file. Some repeated content to pad the file. Some repeated content to pad the file. Some repeated content to pad the file. Some repeated content to pad the file. Some repeated content to pad the file. Some repeated content to pad the file. Some repeated content to pad the file. Some repeated content to pad the file. Some repeated content to pad the file. Some repeated content to pad the file. Some repeated content to pad the file. Some repeated content to pad the file. Some repeated content to pad the file. Some repeated content to pad the file. Some repeated content to pad the file. Some repeated content to pad the file. Some repeated content to pad the file. Some repeated content to pad the file. Some repeated content to pad the file. Some repeated content to pad the file. Some repeated content to pad the file. Some repeated content to pad the file. Some repeated content to pad the file. Some repeated content to pad the file. Some repeated content to pad the file. Some repeated content to pad the file. Some repeated content to pad the file. Some repeated content to pad the file. Some repeated content to pad the file. Some repeated content to pad the file. Some repeated content to pad the file. Some repeated content to pad the file. Some repeated content to pad the file. Some repeated content to pad the file. Some repeated content to pad the file. Some repeated content to pad the file. Some repeated content to pad the file. Some repeated content to pad the file. Some repeated content to pad the file. Some repeated content to pad the file. Some repeated content to pad the file. Some repeated content to pad the file. Some repeated content to pad the file. Some repeated content to pad the file. Some repeated content to pad the file. Some repeated content to pad the file. Some repeated content to pad the file. Some repeated content to pad the file. Some repeated content to pad the file. Some repeated content to pad the file. Some repeated content to pad the file. Some repeated content to pad the file. Some repeated content to pad the file. Some repeated content to pad the file. Some repeated content to pad the file. Some repeated content to pad the file. Some repeated content to pad the file. Some repeated content to pad the file. Some repeated content to pad the file. Some repeated content to pad the file. Some repeated content to pad the file. Some repeated content to pad the file. Some repeated content to pad the file. Some repeated content to pad the file. Some repeated content to pad the file. Some repeated content to pad the file. Some repeated content to pad the file. Some repeated content to pad the file. Some repeated content to pad the file. Some repeated content to pad the file. Some repeated content to pad the file. Some repeated content to pad the file. Some repeated content to pad the file. Some repeated content to pad the file. Some repeated content to pad the file. Some repeated content to pad the file. Some repeated content to pad the file. Some repeated content to pad the file. Some repeated content to pad the file. Some repeated content to pad the file. Some repeated content to pad the file. Some repeated content to pad the file. Some repeated content to pad the file. Some repeated content to pad the file. Some repeated content to pad the file. Some repeated content to pad the file. Some repeated content to pad the file. Some repeated content to pad the file. Some repeated content to pad the file. Some repeated content to pad the file. Some repeated content to pad the file. Some repeated content to pad the file. Some repeated content to pad the file. Some repeated content to pad the file. Some repeated content to pad the file. Some repeated content to pad the file. Some repeated content to pad the file. Some repeated content to pad the file. Some repeated content to pad the file. Some repeated content to pad the file. Some repeated content to pad the file. Some repeated content to pad the file. Some repeated content to pad the file. Some repeated content to pad the file. Some repeated content to pad the file. Some repeated content to pad the file. Some repeated content to pad the file. Some repeated content to pad the file. Some repeated content to pad the file. Some repeated content to pad the file. Some repeated content to pad the file. Some repeated content to pad the file. Some repeated content to pad the file. Some repeated content to pad the file. Some repeated content to pad the file. Some repeated content to pad the file. Some repeated content to pad the file. Some repeated content to pad the file. Some repeated content to pad the file. Some repeated content to pad the file. Some repeated content to pad the file. Some repeated content to pad the file. Some repeated content to pad the file. Some repeated content to pad the file. Some repeated content to pad the file. Some repeated content to pad the file. Some repeated content to pad the file. Some repeated content to pad the file. Some repeated content to pad the file. Some repeated content to pad the file. Some repeated content to pad the file. Some repeated content to pad the file. Some repeated content to pad the file. Some repeated content to pad the file. Some repeated content to pad the file. Some repeated content to pad the file. Some repeated content to pad the file. Some repeated content to pad the file. Some repeated content to pad the file. Some repeated content to pad the file. Some repeated content to pad the file. Some repeated content to pad the file. Some repeated content to pad the file. Some repeated content to pad the file. Some repeated content to pad the file. Some repeated content to pad the file. Some repeated content to pad the file. Some repeated content to pad the file. Some repeated content to pad the file. Some repeated content to pad the file. Some repeated content to pad the file. Some repeated content to pad the file. Some repeated content to pad the file. Some repeated content to pad the file. Some repeated content to pad the file. Some repeated content to pad the file. Some repeated content to pad the file. Some repeated content to pad the file. Some repeated content to pad the file. Some repeated content to pad the file. Some repeated content to pad the file. Some repeated content to pad the file. Some repeated content to pad the file. Some repeated content to pad the file. Some repeated content to pad the file. Some repeated content to pad the file. Some repeated content to pad the file. Some repeated content to pad the file. Some repeated content to pad the file. Some repeated content to pad the file. Some repeated content to pad the file. Some repeated content to pad the file. Some repeated content to pad the file. Some repeated content to pad the file. Some repeated content to pad the file. Some repeated content to pad the file. Some repeated content to pad the file. Some repeated content to pad the file. Some repeated content to pad the file. Some repeated content to pad the file. Some repeated content to pad the file. Some repeated content to pad the file. Some repeated content to pad the file. Some repeated content to pad the file. Some repeated content to pad the file. Some repeated content to pad the file. Some repeated content to pad the file. Some repeated content to pad the file. Some repeated content to pad the file. Some repeated content to pad the file. Some repeated content to pad the file. Some repeated content to pad the file. Some repeated content to pad the file. Some repeated content to pad the file. Some repeated content to pad the file. Some repeated content to pad the file. Some repeated content to pad the file. Some repeated content to pad the file. Some repeated content to pad the file. Some repeated content to pad the file. Some repeated content to pad the file. Some repeated content to pad the file. Some repeated content to pad the file. Some repeated content to pad the file. Some repeated content to pad the file. Some repeated content to pad the file. Some repeated content to pad the file. Some repeated content to pad the file. Some repeated content to pad the file. Some repeated content to pad the file. Some repeated content to pad the file. Some repeated content to pad the file. Some repeated content to pad the file. Some repeated content to pad the file. Some repeated content to pad the file. Some repeated content to pad the file. Some repeated content to pad the file. Some repeated content to pad the file. Some repeated content to pad the file. Some repeated content to pad the file. Some repeated content to pad the file. Some repeated content to pad the file. Some repeated content to pad the file. Some repeated content to pad the file. Some repeated content to pad the file. Some repeated content to pad the file. Some repeated content to pad the file. Some repeated content to pad the file. Some repeated content to pad the file. Some repeated content to pad the file. Some repeated content to pad the file. Some repeated content to pad the file. Some repeated content to pad the file. Some repeated content to pad the file. Some repeated content to pad the file. Some repeated content to pad the file. Some repeated content to pad the file. Some repeated content to pad the file. Some repeated content to pad the file. Some repeated content to pad the file. Some repeated content to pad the file. Some repeated content to pad the file. Some repeated content to pad the file. Some repeated content to pad the file. Some repeated content to pad the file. Some repeated content to pad the file. Some repeated content to pad the file. Some repeated content to pad the file. Some repeated content to pad the file. Some repeated content to pad the file. Some repeated content to pad the file. Some repeated content to pad the file. Some repeated content to pad the file. Some repeated content to pad the file. Some repeated content to pad the file. Some repeated content to pad the file. Some repeated content to pad the file. Some repeated content to pad the file. Some repeated content to pad the file. Some repeated content to pad the file. Some repeated content to pad the file. Some repeated content to pad the file. Some repeated content to pad the file. Some repeated content to pad the file. Some repeated content to pad the file. Some repeated content to pad the file. Some repeated content to pad the file. Some repeated content to pad the file. Some repeated content to pad the file. Some repeated content to pad the file. Some repeated content to pad the file. Some repeated content to pad the file. Some repeated content to pad the file. Some repeated content to pad the file. Some repeated content to pad the file. Some repeated content to pad the file. Some repeated content to pad the file. Some repeated content to pad the file. Some repeated content to pad the file. Some repeated content to pad the file. Some repeated content to pad the file. Some repeated content to pad the file. Some repeated content to pad the file. Some repeated content to pad the file. Some repeated content to pad the file. Some repeated content to pad the file. Some repeated content to pad the file. Some repeated content to pad the file. Some repeated content to pad the file. Some repeated content to pad the file. Some repeated content to pad the file. Some repeated content to pad the file. Some repeated content to pad the file. Some repeated content to pad the file. Some repeated content to pad the file. Some repeated content to pad the file. Some repeated content to pad the file. Some repeated content to pad the file. Some repeated content to pad the file. Some repeated content to pad the file. Some repeated content to pad the file. Some repeated content to pad the file. Some repeated content to pad the file. Some repeated content to pad the file. Some repeated content to pad the file. Some repeated content to pad the file. Some repeated content to pad the file. Some repeated content to pad the file. Some repeated content to pad the file. Some repeated content to pad the file. Some repeated content to pad the file. Some repeated content to pad the file. Some repeated content to pad the file. Some repeated content to pad the file. Some repeated content to pad the file. Some repeated content to pad the file. Some repeated content to pad the file. Some repeated content to pad the file. Some repeated content to pad the file. Some repeated content to pad the file. Some repeated content to pad the file. Some repeated content to pad the file. Some repeated content to pad the file. Some repeated content to pad the file. Some repeated content to pad the file. Some repeated content to pad the file. Some repeated content to pad the file. Some repeated content to pad the file. Some repeated content to pad the file. Some repeated content to pad the file. Some repeated content to pad the file. Some repeated content to pad the file. Some repeated content to pad the file. Some repeated content to pad the file. Some repeated content to pad the file. Some repeated content to pad the file. Some repeated content to pad the file. Some repeated content to pad the file. Some repeated content to pad the file. Some repeated content to pad the file. Some repeated content to pad the file. Some repeated content to pad the file. Some repeated content to pad the file. Some repeated content to pad the file. Some repeated content to pad the file. Some repeated content to pad the file. Some repeated content to pad the file. Some repeated content to pad the file. Some repeated content to pad the file. Some repeated content to pad the file. Some repeated content to pad the file. Some repeated content to pad the file. Some repeated content to pad the file. Some repeated content to pad the file. Some repeated content to pad the file. Some repeated content to pad the file. Some repeated content to pad the file. Some repeated content to pad the file. Some repeated content to pad the file. Some repeated content to pad the file. Some repeated content to pad the file. Some repeated content to pad the file. Some repeated content to pad the file. Some repeated content to pad the file. Some repeated content to pad the file. Some repeated content to pad the file. Some repeated content to pad the file. Some repeated content to pad the file. Some repeated content to pad the file. Some repeated content to pad the file. Some repeated content to pad the file. Some repeated content to pad the file. Some repeated content to pad the file. Some repeated content to pad the file. Some repeated content to pad the file. Some repeated content to pad the file. Some repeated content to pad the file. Some repeated content to pad the file. Some repeated content to pad the file. Some repeated content to pad the file. Some repeated content to pad the file. Some repeated content to pad the file. Some repeated content to pad the file. Some repeated content to pad the file. Some repeated content to pad the file. Some repeated content to pad the file. Some repeated content to pad the file. Some repeated content to pad the file. Some repeated content to pad the file. Some repeated content to pad the file. Some repeated content to pad the file. Some repeated content to pad the file. Some repeated content to pad the file. Some repeated content to pad the file. Some repeated content to pad the file. Some repeated content to pad the file. Some repeated content to pad the file. Some repeated content to pad the file. Some repeated content to pad the file. Some repeated content to pad the file. Some repeated content to pad the file. Some repeated content to pad the file. Some repeated content to pad the file. Some repeated content to pad the file. Some repeated content to pad the file. Some repeated content to pad the file. Some repeated content to pad the file. Some repeated content to pad the file. Some repeated content to pad the file. Some repeated content to pad the file. Some repeated content to pad the file. Some repeated content to pad the file. Some repeated content to pad the file. Some repeated content to pad the file. Some repeated content to pad the file. Some repeated content to pad the file. Some repeated content to pad the file. Some repeated content to pad the file. Some repeated content to pad the file. Some repeated content to pad the file. Some repeated content to pad the file. Some repeated content to pad the file. Some repeated content to pad the file. Some repeated content to pad the file. Some repeated content to pad the file. Some repeated content to pad the file. Some repeated content to pad the file. Some repeated content to pad the file. Some repeated content to pad the file. Some repeated content to pad the file. Some repeated content to pad the file. Some repeated content to pad the file. Some repeated content to pad the file. Some repeated content to pad the file. Some repeated content to pad the file. Some repeated content to pad the file. Some repeated content to pad the file. Some repeated content to pad the file. Some repeated content to pad the file. Some repeated content to pad the file. Some repeated content to pad the file. Some repeated content to pad the file. Some repeated content to pad the file. Some repeated content to pad the file. Some repeated content to pad the file. Some repeated content to pad the file. Some repeated content to pad the file. Some repeated content to pad the file. Some repeated content to pad the file. Some repeated content to pad the file. Some repeated content to pad the file. Some repeated content to pad the file. Some repeated content to pad the file. Some repeated content to pad the file. Some repeated content to pad the file. Some repeated content to pad the file. Some repeated content to pad the file. Some repeated content to pad the file. Some repeated content to pad the file. Some repeated content to pad the file. Some repeated content to pad the file. Some repeated content to pad the file. Some repeated content to pad the file. Some repeated content to pad the file. Some repeated content to pad the file. Some repeated content to pad the file. Some repeated content to pad the file. Some repeated content to pad the file. Some repeated content to pad the file. Some repeated content to pad the file. Some repeated content to pad the file. Some repeated content to pad the file. Some repeated content to pad the file. Some repeated content to pad the file. Some repeated content to pad the file. Some repeated content to pad the file. Some repeated content to pad the file. Some repeated content to pad the file. Some repeated content to pad the file. Some repeated content to pad the file. Some repeated content to pad the file. Some repeated content to pad the file. Some repeated content to pad the file. Some repeated content to pad the file. Some repeated content to pad the file. Some repeated content to pad the file. Some repeated content to pad the file. Some repeated content to pad the file. Some repeated content to pad the file. Some repeated content to pad the file. Some repeated content to pad the file. Some repeated content to pad the file. Some repeated content to pad the file. Some repeated content to pad the file. Some repeated content to pad the file. Some repeated content to pad the file. Some repeated content to pad the file. Some repeated content to pad the file. Some repeated content to pad the file. Some repeated content to pad the file. Some repeated content to pad the file. Some repeated content to pad the file. Some repeated content to pad the file. Some repeated content to pad the file. Some repeated content to pad the file. Some repeated content to pad the file. Some repeated content to pad the file. Some repeated content to pad the file. Some repeated content to pad the file. Some repeated content to pad the file. Some repeated content to pad the file. Some repeated content to pad the file. Some repeated content to pad the file. Some repeated content to pad the file. Some repeated content to pad the file. Some repeated content to pad the file. Some repeated content to pad the file. Some repeated content to pad the file. Some repeated content to pad the file. Some repeated content to pad the file. Some repeated content to pad the file. Some repeated content to pad the file. Some repeated content to pad the file. Some repeated content to pad the file. Some repeated content to pad the file. Some repeated content to pad the file. Some repeated content to pad the file. Some repeated content to pad the file. Some repeated content to pad the file. Some repeated content to pad the file. Some repeated content to pad the file. Some repeated content to pad the file. Some repeated content to pad the file. Some repeated content to pad the file. Some repeated content to pad the file. Some repeated content to pad the file. Some repeated content to pad the file. Some repeated content to pad the file. Some repeated content to pad the file. Some repeated content to pad the file. Some repeated content to pad the file. Some repeated content to pad the file. Some repeated content to pad the file. Some repeated content to pad the file. Some repeated content to pad the file. Some repeated content to pad the file. Some repeated content to pad the file. Some repeated content to pad the file. Some repeated content to pad the file. Some repeated content to pad the file. Some repeated content to pad the file. Some repeated content to pad the file. Some repeated content to pad the file. Some repeated content to pad the file. Some repeated content to pad the file. Some repeated content to pad the file. Some repeated content to pad the file. Some repeated content to pad the file. Some repeated content to pad the file. Some repeated content to pad the file. Some repeated content to pad the file. Some repeated content to pad the file. Some repeated content to pad the file. Some repeated content to pad the file. Some repeated content to pad the file. Some repeated content to pad the file. Some repeated content to pad the file. Some repeated content to pad the file. Some repeated content to pad the file. Some repeated content to pad the file. Some repeated content to pad the file. Some repeated content to pad the file. Some repeated content to pad the file. Some repeated content to pad the file. Some repeated content to pad the file. Some repeated content to pad the file. Some repeated content to pad the file. Some repeated content to pad the file. Some repeated content to pad the file. Some repeated content to pad the file. Some repeated content to pad the file. Some repeated content to pad the file. Some repeated content to pad the file. Some repeated content to pad the file. Some repeated content to pad the file. Some repeated content to pad the file. Some repeated content to pad the file. Some repeated content to pad the file. Some repeated content to pad the file. Some repeated content to pad the file. Some repeated content to pad the file. Some repeated content to pad the file. Some repeated content to pad the file. Some repeated content to pad the file. Some repeated content to pad the file. Some repeated content to pad the file. Some repeated content to pad the file. Some repeated content to pad the file. Some repeated content to pad the file. Some repeated content to pad the file. Some repeated content to pad the file. Some repeated content to pad the file. Some repeated content to pad the file. Some repeated content to pad the file. Some repeated content to pad the file. Some repeated content to pad the file. Some repeated content to pad the file. Some repeated content to pad the file. Some repeated content to pad the file. Some repeated content to pad the file. Some repeated content to pad the file. Some repeated content to pad the file. Some repeated content to pad the file. Some repeated content to pad the file. Some repeated content to pad the file. Some repeated content to pad the file. Some repeated content to pad the file. Some repeated content to pad the file. Some repeated content to pad the file. Some repeated content to pad the file. Some repeated content to pad the file. Some repeated content to pad the file. Some repeated content to pad the file. Some repeated content to pad the file. Some repeated content to pad the file. Some repeated content to pad the file. Some repeated content to pad the file. Some repeated content to pad the file. Some repeated content to pad the file. Some repeated content to pad the file. Some repeated content to pad the file. Some repeated content to pad the file. Some repeated content to pad the file. Some repeated content to pad the file. Some repeated content to pad the file. Some repeated content to pad the file. Some repeated content to pad the file. Some repeated content to pad the file. Some repeated content to pad the file. Some repeated content to pad the file. Some repeated content to pad the file. Some repeated content to pad the file. Some repeated content to pad the file. Some repeated content to pad the file. Some repeated content to pad the file. Some repeated content to pad the file. Some repeated content to pad the file. Some repeated content to pad the file. Some repeated content to pad the file. Some repeated content to pad the file. Some repeated content to pad the file. Some repeated content to pad the file. Some repeated content to pad the file. Some repeated content to pad the file. Some repeated content to pad the file. Some repeated content to pad the file. Some repeated content to pad the file. Some repeated content to pad the file. Some repeated content to pad the file. Some repeated content to pad the file. Some repeated content to pad the file. Some repeated content to pad the file. Some repeated content to pad the file. Some repeated content to pad the file. Some repeated content to pad the file. Some repeated content to pad the file. Some repeated content to pad the file. Some repeated content to pad the file. Some repeated content to pad the file. Some repeated content to pad the file. Some repeated content to pad the file. Some repeated content to pad the file. Some repeated content to pad the file. Some repeated content to pad the file. Some repeated content to pad the file. Some repeated content to pad the file. Some repeated content to pad the file. Some repeated content to pad the file. Some repeated content to pad the file. Some repeated content to pad the file. Some repeated content to pad the file. Some repeated content to pad the file. Some repeated content to pad the file. Some repeated content to pad the file. Some repeated content to pad the file. Some repeated content to pad the file. Some repeated content to pad the file. Some repeated content to pad the file. Some repeated content to pad the file. Some repeated content to pad the file. Some repeated content to pad the file. Some repeated content to pad the file. Some repeated content to pad the file. Some repeated content to pad the file. Some repeated content to pad the file. Some repeated content to pad the file. Some repeated content to pad the file. Some repeated content to pad the file. Some repeated content to pad the file. Some repeated content to pad the file. Some repeated content to pad the file. Some repeated content to pad the file. Some repeated content to pad the file. Some repeated content to pad the file. Some repeated content to pad the file. Some repeated content to pad the file. Some repeated content to pad the file. Some repeated content to pad the file. Some repeated content to pad the file. Some repeated content to pad the file. Some repeated content to pad the file. Some repeated content to pad the file. Some repeated content to pad the file. Some repeated content to pad the file. Some repeated content to pad the file. Some repeated content to pad the file. Some repeated content to pad the file. Some repeated content to pad the file. Some repeated content to pad the file. Some repeated content to pad the file. Some repeated content to pad the file. Some repeated content to pad the file. Some repeated content to pad the file. Some repeated content to pad the file. Some repeated content to pad the file. Some repeated content to pad the file. Some repeated content to pad the file. Some repeated content to pad the file. Some repeated content to pad the file. Some repeated content to pad the file. Some repeated content to pad the file. Some repeated content to pad the file. Some repeated content to pad the file. Some repeated content to pad the file. Some repeated content to pad the file. Some repeated content to pad the file. Some repeated content to pad the file. Some repeated content to pad the file. Some repeated content to pad the file. Some repeated content to pad the file. Some repeated content to pad the file. Some repeated content to pad the file. Some repeated content to pad the file. Some repeated content to pad the file. Some repeated content to pad the file. Some repeated content to pad the file. Some repeated content to pad the file. Some repeated content to pad the file. Some repeated content to pad the file. Some repeated content to pad the file. Some repeated content to pad the file. Some repeated content to pad the file. Some repeated content to pad the file. Some repeated content to pad the file. Some repeated content to pad the file. Some repeated content to pad the file. Some repeated content to pad the file. Some repeated content to pad the file. Some repeated content to pad the file. Some repeated content to pad the file. Some repeated content to pad the file. Some repeated content to pad the file. Some repeated content to pad the file. Some repeated content to pad the file. Some repeated content to pad the file. Some repeated content to pad the file. Some repeated content to pad the file. Some repeated content to pad the file. Some repeated content to pad the file. Some repeated content to pad the file. Some repeated content to pad the file. Some repeated content to pad the file. Some repeated content to pad the file. Some repeated content to pad the file. Some repeated content to pad the file. Some repeated content to pad the file. Some repeated content to pad the file. Some repeated content to pad the file. Some repeated content to pad the file. Some repeated content to pad the file. Some repeated content to pad the file. Some repeated content to pad the file. Some repeated content to pad the file. Some repeated content to pad the file. Some repeated content to pad the file. Some repeated content to pad the file. Some repeated content to pad the file. Some repeated content to pad the file. Some repeated content to pad the file. Some repeated content to pad the file. Some repeated content to pad the file. Some repeated content to pad the file. Some repeated content to pad the file. Some repeated content to pad the file. Some repeated content to pad the file. Some repeated content to pad the file. Some repeated content to pad the file. Some repeated content to pad the file. Some repeated content to pad the file. Some repeated content to pad the file. Some repeated content to pad the file. Some repeated content to pad the file. Some repeated content to pad the file. Some repeated content to pad the file. Some repeated content to pad the file. Some repeated content to pad the file. Some repeated content to pad the file. Some repeated content to pad the file. Some repeated content to pad the file. Some repeated content to pad the file. Some repeated content to pad the file. Some repeated content to pad the file. Some repeated content to pad the file. Some repeated content to pad the file. Some repeated content to pad the file. Some repeated content to pad the file. Some repeated content to pad the file. Some repeated content to pad the file. Some repeated content to pad the file. Some repeated content to pad the file. Some repeated content to pad the file. Some repeated content to pad the file. Some repeated content to pad the file. Some repeated content to pad the file. Some repeated content to pad the file. Some repeated content to pad the file. Some repeated content to pad the file. Some repeated content to pad the file. Some repeated content to pad the file. Some repeated content to pad the file. Some repeated content to pad the file. Some repeated content to pad the file. Some repeated content to pad the file. Some repeated content to pad the file. Some repeated content to pad the file. Some repeated content to pad the file. Some repeated content to pad the file. Some repeated content to pad the file. Some repeated content to pad the file. Some repeated content to pad the file. Some repeated content to pad the file. Some repeated content to pad the file. Some repeated content to pad the file. Some repeated content to pad the file. Some repeated content to pad the file. Some repeated content to pad the file. Some repeated content to pad the file. Some repeated content to pad the file. Some repeated content to pad the file. Some repeated content to pad the file. Some repeated content to pad the file. Some repeated content to pad the file. Some repeated content to pad the file. Some repeated content to pad the file. Some repeated content to pad the file. Some repeated content to pad the file. Some repeated content to pad the file. Some repeated content to pad the file. Some repeated content to pad the file. Some repeated content to pad the file. Some repeated content to pad the file. Some repeated content to pad the file. Some repeated content to pad the file. Some repeated content to pad the file. Some repeated content to pad the file. Some repeated content to pad the file. Some repeated content to pad the file. Some repeated content to pad the file. Some repeated content to pad the file. Some repeated content to pad the file. Some repeated content to pad the file. Some repeated content to pad the file. Some repeated content to pad the file. Some repeated content to pad the file. Some repeated content to pad the file. Some repeated content to pad the file. Some repeated content to pad the file. Some repeated content to pad the file. Some repeated content to pad the file. Some repeated content to pad the file. Some repeated content to pad the file. Some repeated content to pad the file. Some repeated content to pad the file. Some repeated content to pad the file. Some repeated content to pad the file. Some repeated content to pad the file. Some repeated content to pad the file. Some repeated content to pad the file. Some repeated content to pad the file. Some repeated content to pad the file. Some repeated content to pad the file. Some repeated content to pad the file. Some repeated content to pad the file. Some repeated content to pad the file. Some repeated content to pad the file. Some repeated content to pad the file. Some repeated content to pad the file. Some repeated content to pad the file. Some repeated content to pad the file. Some repeated content to pad the file. Some repeated content to pad the file. Some repeated content to pad the file. Some repeated content to pad the file. Some repeated content to pad the file. Some repeated content to pad the file. Some repeated content to pad the file. Some repeated content to pad the file. Some repeated content to pad the file. Some repeated content to pad the file. Some repeated content to pad the file. Some repeated content to pad the file. Some repeated content to pad the file. Some repeated content to pad the file. Some repeated content to pad the file. Some repeated content to pad the file. Some repeated content to pad the file. Some repeated content to pad the file. Some repeated content to pad the file. Some repeated content to pad the file. Some repeated content to pad the file. Some repeated content to pad the file. Some repeated content to pad the file. Some repeated content to pad the file. Some repeated content to pad the file. Some repeated content to pad the file. Some repeated content to pad the file. Some repeated content to pad the file. Some repeated content to pad the file. Some repeated content to pad the file. Some repeated content to pad the file. Some repeated content to pad the file. Some repeated content to pad the file. Some repeated content to pad the file. Some repeated content to pad the file. Some repeated content to pad the file. Some repeated content to pad the file. Some repeated content to pad the file. Some repeated content to pad the file. Some repeated content to pad the file. Some repeated content to pad the file. Some repeated content to pad the file. Some repeated content to pad the file. Some repeated content to pad the file. Some repeated content to pad the file. Some repeated content to pad the file. Some repeated content to pad the file. Some repeated content to pad the file. Some repeated content to pad the file. Some repeated content to pad the file. Some repeated content to pad the file. Some repeated content to pad the file. Some repeated content to pad the file. Some repeated content to pad the file. Some repeated content to pad the file. Some repeated content to pad the file. Some repeated content to pad the file. Some repeated content to pad the file. Some repeated content to pad the file. Some repeated content to pad the file. Some repeated content to pad the file. Some repeated content to pad the file. Some repeated content to pad the file. Some repeated content to pad the file. Some repeated content to pad the file. Some repeated content to pad the file. Some repeated content to pad the file. Some repeated content to pad the file. Some repeated content to pad the file. Some repeated content to pad the file. Some repeated content to pad the file. Some repeated content to pad the file. Some repeated content to pad the file. Some repeated content to pad the file. Some repeated content to pad the file. Some repeated content to pad the file. Some repeated content to pad the file. Some repeated content to pad the file. Some repeated content to pad the file. Some repeated content to pad the file. Some repeated content to pad the file. Some repeated content to pad the file. Some repeated content to pad the file. Some repeated content to pad the file. Some repeated content to pad the file. Some repeated content to pad the file. Some repeated content to pad the file. Some repeated content to pad the file. Some repeated content to pad the file. Some repeated content to pad the file. Some repeated content to pad the file. Some repeated content to pad the file. Some repeated content to pad the file. Some repeated content to pad the file. Some repeated content to pad the file. Some repeated content to pad the file. Some repeated content to pad the file. Some repeated content to pad the file. Some repeated content to pad the file. Some repeated content to pad the file. Some repeated content to pad the file. Some repeated content to pad the file. Some repeated content to pad the file. Some repeated content to pad the file. Some repeated content to pad the file. Some repeated content to pad the file. Some repeated content to pad the file. Some repeated content to pad the file. Some repeated content to pad the file. Some repeated content to pad the file. Some repeated content to pad the file. Some repeated content to pad the file. Some repeated content to pad the file. Some repeated content to pad the file. Some repeated content to pad the file. Some repeated content to pad the file. Some repeated content to pad the file. Some repeated content to pad the file. Some repeated content to pad the file. Some repeated content to pad the file. Some repeated content to pad the file. Some repeated content to pad the file. Some repeated content to pad the file. Some repeated content to pad the file. Some repeated content to pad the file. Some repeated content to pad the file. Some repeated content to pad the file. Some repeated content to pad the file. Some repeated content to pad the file. Some repeated content to pad the file. Some repeated content to pad the file. Some repeated content to pad the file. Some repeated content to pad the file. Some repeated content to pad the file. Some repeated content to pad the file. Some repeated content to pad the file. Some repeated content to pad the file. Some repeated content to pad the file. Some repeated content to pad the file. Some repeated content to pad the file. Some repeated content to pad the file. Some repeated content to pad the file. Some repeated content to pad the file. Some repeated content to pad the file. Some repeated content to pad the file. Some repeated content to pad the file. Some repeated content to pad the file. Some repeated content to pad the file. Some repeated content to pad the file. Some repeated content to pad the file. Some repeated content to pad the file. Some repeated content to pad the file. Some repeated content to pad the file. Some repeated content to pad the file. Some repeated content to pad the file. Some repeated content to pad the file. Some repeated content to pad the file. Some repeated content to pad the file. Some repeated content to pad the file. Some repeated content to pad the file. Some repeated content to pad the file. Some repeated content to pad the file. Some repeated content to pad the file. Some repeated content to pad the file. Some repeated content to pad the file. Some repeated content to pad the file. Some repeated content to pad the file. Some repeated content to pad the file. Some repeated content to pad the file. Some repeated content to pad the file. Some repeated content to pad the file. Some repeated content to pad the file. Some repeated content to pad the file. Some repeated content to pad the file. Some repeated content to pad the file. Some repeated content to pad the file. Some repeated content to pad the file. Some repeated content to pad the file. Some repeated content to pad the file. Some repeated content to pad the file. Some repeated content to pad the file. Some repeated content to pad the file. Some repeated content to pad the file. Some repeated content to pad the file. Some repeated content to pad the file. Some repeated content to pad the file. Some repeated content to pad the file. Some repeated content to pad the file. Some repeated content to pad the file. Some repeated content to pad the file. Some repeated content to pad the file. Some repeated content to pad the file. Some repeated content to pad the file. Some repeated content to pad the file. Some repeated content to pad the file. Some repeated content to pad the file. Some repeated content to pad the file. Some repeated content to pad the file. Some repeated content to pad the file. Some repeated content to pad the file. Some repeated content to pad the file. Some repeated content to pad the file. Some repeated content to pad the file. Some repeated content to pad the file. Some repeated content to pad the file. Some repeated content to pad the file. Some repeated content to pad the file. Some repeated content to pad the file. Some repeated content to pad the file. Some repeated content to pad the file. Some repeated content to pad the file. Some repeated content to pad the file. Some repeated content to pad the file. Some repeated content to pad the file. Some repeated content to pad the file. Some repeated content to pad the file. Some repeated content to pad the file. Some repeated content to pad the file. Some repeated content to pad the file. Some repeated content to pad the file. Some repeated content to pad the file. Some repeated content to pad the file. Some repeated content to pad the file. Some repeated content to pad the file. Some repeated content to pad the file. Some repeated content to pad the file. Some repeated content to pad the file. Some repeated content to pad the file. Some repeated content to pad the file. Some repeated content to pad the file. Some repeated content to pad the file. Some repeated content to pad the file. Some repeated content to pad the file. Some repeated content to pad the file. Some repeated content to pad the file. Some repeated content to pad the file. Some repeated content to pad the file. Some repeated content to pad the file. Some repeated content to pad the file. Some repeated content to pad the file. Some repeated content to pad the file. Some repeated content to pad the file. Some repeated content to pad the file. Some repeated content to pad the file. Some repeated content to pad the file. Some repeated content to pad the file. Some repeated content to pad the file. Some repeated content to pad the file. Some repeated content to pad the file. Some repeated content to pad the file. Some repeated content to pad the file. Some repeated content to pad the file. Some repeated content to pad the file. Some repeated content to pad the file. Some repeated content to pad the file. Some repeated content to pad the file. Some repeated content to pad the file. Some repeated content to pad the file. Some repeated content to pad the file. Some repeated content to pad the file. Some repeated content to pad the file. Some repeated content to pad the file. Some repeated content to pad the file. Some repeated content to pad the file. Some repeated content to pad the file. Some repeated content to pad the file. Some repeated content to pad the file. Some repeated content to pad the file. Some repeated content to pad the file. Some repeated content to pad the file. Some repeated content to pad the file. Some repeated content to pad the file. Some repeated content to pad the file. Some repeated content to pad the file. Some repeated content to pad the file. Some repeated content to pad the file. Some repeated content to pad the file. Some repeated content to pad the file. Some repeated content to pad the file. Some repeated content to pad the file. Some repeated content to pad the file. Some repeated content to pad the file. Some repeated content to pad the file. Some repeated content to pad the file. Some repeated content to pad the file. Some repeated content to pad the file. Some repeated content to pad the file. Some repeated content to pad the file. Some repeated content to pad the file. Some repeated content to pad the file. Some repeated content to pad the file. Some repeated content to pad the file. Some repeated content to pad the file. Some repeated content to pad the file. Some repeated content to pad the file. Some repeated content to pad the file. Some repeated content to pad the file. Some repeated content to pad the file. Some repeated content to pad the file. Some repeated content to pad the file. Some repeated content to pad the file. Some repeated content to pad the file. Some repeated content to pad the file. Some repeated content to pad the file. Some repeated content to pad the file. Some repeated content to pad the file. Some repeated content to pad the file. Some repeated content to pad the file. Some repeated content to pad the file. Some repeated content to pad the file. Some repeated content to pad the file. Some repeated content to pad the file. Some repeated content to pad the file. Some repeated content to pad the file. Some repeated content to pad the file. Some repeated content to pad the file. Some repeated content to pad the file. Some repeated content to pad the file. Some repeated content to pad the file. Some repeated content to pad the file. Some repeated content to pad the file. Some repeated content to pad the file. Some repeated content to pad the file. Some repeated content to pad the file. Some repeated content to pad the file. Some repeated content to pad the file. Some repeated content to pad the file. Some repeated content to pad the file. Some repeated content to pad the file. Some repeated content to pad the file. Some repeated content to pad the file. Some repeated content to pad the file. Some repeated content to pad the file. Some repeated content to pad the file. Some repeated content to pad the file. Some repeated content to pad the file. Some repeated content to pad the file. Some repeated content to pad the file. Some repeated content to pad the file. Some repeated content to pad the file. Some repeated content to pad the file. Some repeated content to pad the file. Some repeated content to pad the file. Some repeated content to pad the file. Some repeated content to pad the file. Some repeated content to pad the file. Some repeated content to pad the file. Some repeated content to pad the file. Some repeated content to pad the file. Some repeated content to pad the file. Some repeated content to pad the file. Some repeated content to pad the file. Some repeated content to pad the file. Some repeated content to pad the file. Some repeated content to pad the file. Some repeated content to pad the file. Some repeated content to pad the file. Some repeated content to pad the file. Some repeated content to pad the file. Some repeated content to pad the file. Some repeated content to pad the file. Some repeated content to pad the file. Some repeated content to pad the file. Some repeated content to pad the file. Some repeated content to pad the file. Some repeated content to pad the file. Some repeated content to pad the file. Some repeated content to pad the file. Some repeated content to pad the file. Some repeated content to pad the file. Some repeated content to pad the file. Some repeated content to pad the file. Some repeated content to pad the file. Some repeated content to pad the file. Some repeated content to pad the file. Some repeated content to pad the file. Some repeated content to pad the file. Some repeated content to pad the file. Some repeated content to pad the file. Some repeated content to pad the file. Some repeated content to pad the file. Some repeated content to pad the file. Some repeated content to pad the file. Some repeated content to pad the file. Some repeated content to pad the file. Some repeated content to pad the file. Some repeated content to pad the file. Some repeated content to pad the file. Some repeated content to pad the file. Some repeated content to pad the file. Some repeated content to pad the file. Some repeated content to pad the file. Some repeated content to pad the file. Some repeated content to pad the file. Some repeated content to pad the file. Some repeated content to pad the file. Some repeated content to pad the file. Some repeated content to pad the file. Some repeated content to pad the file. Some repeated content to pad the file. Some repeated content to pad the file. Some repeated content to pad the file. Some repeated content to pad the file. Some repeated content to pad the file. Some repeated content to pad the file. Some repeated content to pad the file. Some repeated content to pad the file. Some repeated content to pad the file. Some repeated content to pad the file. Some repeated content to pad the file. Some repeated content to pad the file. Some repeated content to pad the file. Some repeated content to pad the file. Some repeated content to pad the file. Some repeated content to pad the file. Some repeated content to pad the file. Some repeated content to pad the file. Some repeated content to pad the file. Some repeated content to pad the file. Some repeated content to pad the file. Some repeated content to pad the file. Some repeated content to pad the file. Some repeated content to pad the file. Some repeated content to pad the file. Some repeated content to pad the file. Some repeated content to pad the file. Some repeated content to pad the file. Some repeated content to pad the file. Some repeated content to pad the file. Some repeated content to pad the file. Some repeated content to pad the file. Some repeated content to pad the file. Some repeated content to pad the file. Some repeated content to pad the file. Some repeated content to pad the file. Some repeated content to pad the file. Some repeated content to pad the file. Some repeated content to pad the file. Some repeated content to pad the file. Some repeated content to pad the file. Some repeated content to pad the file. Some repeated content to pad the file. Some repeated content to pad the file. Some repeated content to pad the file. Some repeated content to pad the file. Some repeated content to pad the file. Some repeated content to pad the file. Some repeated content to pad the file. Some repeated content to pad the file. Some repeated content to pad the file. Some repeated content to pad the file. Some repeated content to pad the file. Some repeated content to pad the file. Some repeated content to pad the file. Some repeated content to pad the file. Some repeated content to pad the file. Some repeated content to pad the file. Some repeated content to pad the file. Some repeated content to pad the file. Some repeated content to pad the file. Some repeated content to pad the file. Some repeated content to pad the file. Some repeated content to pad the file. Some repeated content to pad the file. Some repeated content to pad the file. Some repeated content to pad the file. Some repeated content to pad the file. Some repeated content to pad the file. Some repeated content to pad the file. Some repeated content to pad the file. Some repeated content to pad the file. Some repeated content to pad the file. Some repeated content to pad the file. Some repeated content to pad the file. Some repeated content to pad the file. Some repeated content to pad the file. Some repeated content to pad the file. Some repeated content to pad the file. Some repeated content to pad the file. Some repeated content to pad the file. Some repeated content to pad the file. Some repeated content to pad the file. Some repeated content to pad the file. Some repeated content to pad the file. Some repeated content to pad the file. Some repeated content to pad the file. Some repeated content to pad the file. Some repeated content to pad the file. Some repeated content to pad the file. Some repeated content to pad the file. Some repeated content to pad the file. Some repeated content to pad the file. Some repeated content to pad the file. Some repeated content to pad the file. Some repeated content to pad the file. Some repeated content to pad the file. Some repeated content to pad the file. Some repeated content to pad the file. Some repeated content to pad the file. Some repeated content to pad the file. Some repeated content to pad the file. Some repeated content to pad the file. Some repeated content to pad the file. Some repeated content to pad the file. Some repeated content to pad the file. Some repeated content to pad the file. Some repeated content to pad the file. Some repeated content to pad the file. Some repeated content to pad the file. Some repeated content to pad the file. Some repeated content to pad the file. Some repeated content to pad the file. Some repeated content to pad the file. Some repeated content to pad the file. Some repeated content to pad the file. Some repeated content to pad the file. Some repeated content to pad the file. Some repeated content to pad the file. Some repeated content to pad the file. Some repeated content to pad the file. Some repeated content to pad the file. Some repeated content to pad the file. Some repeated content to pad the file. Some repeated content to pad the file. Some repeated content to pad the file. Some repeated content to pad the file. Some repeated content to pad the file. Some repeated content to pad the file. Some repeated content to pad the file. Some repeated content to pad the file. Some repeated content to pad the file. Some repeated content to pad the file. Some repeated content to pad the file. Some repeated content to pad the file. Some repeated content to pad the file. Some repeated content to pad the file. Some repeated content to pad the file. Some repeated content to pad the file. Some repeated content to pad the file. Some repeated content to pad the file. Some repeated content to pad the file. Some repeated content to pad the file. Some repeated content to pad the file. Some repeated content to pad the file. Some repeated content to pad the file. Some repeated content to pad the file. Some repeated content to pad the file. Some repeated content to pad the file. Some repeated content to pad the file. Some repeated content to pad the file. Some repeated content to pad the file. Some repeated content to pad the file. Some repeated content to pad the file. Some repeated content to pad the file. Some repeated content to pad the file. Some repeated content to pad the file. Some repeated content to pad the file. Some repeated content to pad the file. Some repeated content to pad the file. Some repeated content to pad the file. Some repeated content to pad the file. Some repeated content to pad the file. Some repeated content to pad the file. Some repeated content to pad the file. Some repeated content to pad the file. Some repeated content to pad the file. Some repeated content to pad the file. Some repeated content to pad the file. Some repeated content to pad the file. Some repeated content to pad the file. Some repeated content to pad the file. Some repeated content to pad the file. Some repeated content to pad the file. Some repeated content to pad the file. Some repeated content to pad the file. Some repeated content to pad the file. Some repeated content to pad the file. Some repeated content to pad the file. Some repeated content to pad the file. Some repeated content to pad the file. Some repeated content to pad the file. Some repeated content to pad the file. Some repeated content to pad the file. Some repeated content to pad the file. Some repeated content to pad the file. Some repeated content to pad the file. Some repeated content to pad the file. Some repeated content to pad the file. Some repeated content to pad the file. Some repeated content to pad the file. Some repeated content to pad the file. Some repeated content to pad the file. Some repeated content to pad the file. Some repeated content to pad the file. Some repeated content to pad the file. Some repeated content to pad the file. Some repeated content to pad the file. Some repeated content to pad the file. Some repeated content to pad the file. Some repeated content to pad the file. Some repeated content to pad the file. Some repeated content to pad the file. Some repeated content to pad the file. Some repeated content to pad the file. Some repeated content to pad the file. Some repeated content to pad the file. Some repeated content to pad the file. Some repeated content to pad the file. Some repeated content to pad the file. Some repeated content to pad the file. Some repeated content to pad the file. Some repeated content to pad the file. Some repeated content to pad the file. Some repeated content to pad the file. Some repeated content to pad the file. Some repeated content to pad the file. Some repeated content to pad the file. Some repeated content to pad the file. Some repeated content to pad the file. Some repeated content to pad the file. Some repeated content to pad the file. Some repeated content to pad the file. Some repeated content to pad the file. Some repeated content to pad the file. Some repeated content to pad the file. Some repeated content to pad the file. Some repeated content to pad the file. Some repeated content to pad the file. Some repeated content to pad the file. Some repeated content to pad the file. Some repeated content to pad the file. Some repeated content to pad the file. Some repeated content to pad the file. Some repeated content to pad the file. Some repeated content to pad the file. Some repeated content to pad the file. Some repeated content to pad the file. Some repeated content to pad the file. Some repeated content to pad the file. Some repeated content to pad the file. Some repeated content to pad the file. Some repeated content to pad the file. Some repeated content to pad the file. Some repeated content to pad the file. Some repeated content to pad the file. Some repeated content to pad the file. Some repeated content to pad the file. Some repeated content to pad the file. Some repeated content to pad the file. Some repeated content to pad the file. Some repeated content to pad the file. Some repeated content to pad the file. Some repeated content to pad the file. Some repeated content to pad the file. Some repeated content to pad the file. Some repeated content to pad the file. Some repeated content to pad the file. Some repeated content to pad the file. Some repeated content to pad the file. Some repeated content to pad the file. Some repeated content to pad the file. Some repeated content to pad the file. Some repeated content to pad the file. Some repeated content to pad the file. Some repeated content to pad the file. Some repeated content to pad the file. Some repeated content to pad the file. Some repeated content to pad the file. Some repeated content to pad the file. Some repeated content to pad the file. Some repeated content to pad the file. Some repeated content to pad the file. Some repeated content to pad the file. Some repeated content to pad the file. Some repeated content to pad the file. Some repeated content to pad the file. Some repeated content to pad the file. Some repeated content to pad the file. Some repeated content to pad the file. Some repeated content to pad the file. Some repeated content to pad the file. Some repeated content to pad the file. Some repeated content to pad the file. Some repeated content to pad the file. Some repeated content to pad the file. Some repeated content to pad the file. Some repeated content to pad the file. Some repeated content to pad the file. Some repeated content to pad the file. Some repeated content to pad the file. Some repeated content to pad the file. Some repeated content to pad the file. Some repeated content to pad the file. Some repeated content to pad the file. Some repeated content to pad the file. Some repeated content to pad the file. Some repeated content to pad the file. Some repeated content to pad the file. Some repeated content to pad the file. Some repeated content to pad the file. Some repeated content to pad the file. Some repeated content to pad the file. Some repeated content to pad the file. Some repeated content to pad the file. Some repeated content to pad the file. Some repeated content to pad the file. Some repeated content to pad the file. Some repeated content to pad the file. Some repeated content to pad the file. Some repeated content to pad the file. Some repeated content to pad the file. Some repeated content to pad the file. Some repeated content to pad the file. Some repeated content to pad the file. Some repeated content to pad the file. Some repeated content to pad the file. Some repeated content to pad the file. Some repeated content to pad the file. Some repeated content to pad the file. Some repeated content to pad the file. Some repeated content to pad the file. Some repeated content to pad the file. Some repeated content to pad the file. Some repeated content to pad the file. Some repeated content to pad the file. Some repeated content to pad the file. Some repeated content to pad the file. Some repeated content to pad the file. Some repeated content to pad the file. Some repeated content to pad the file. Some repeated content to pad the file. Some repeated content to pad the file. Some repeated content to pad the file. Some repeated content to pad the file. Some repeated content to pad the file. Some repeated content to pad the file. Some repeated content to pad the file. Some repeated content to pad the file. Some repeated content to pad the file. Some repeated content to pad the file. Some repeated content to pad the file. Some repeated content to pad the file. Some repeated content to pad the file. Some repeated content to pad the file. Some repeated content to pad the file. Some repeated content to pad the file. Some repeated content to pad the file. Some repeated content to pad the file. Some repeated content to pad the file. Some repeated content to pad the file. Some repeated content to pad the file. Some repeated content to pad the file. Some repeated content to pad the file. Some repeated content to pad the file. Some repeated content to pad the file. Some repeated content to pad the file. Some repeated content to pad the file. Some repeated content to pad the file. Some repeated content to pad the file. Some repeated content to pad the file. Some repeated content to pad the file. Some repeated content to pad the file. Some repeated content to pad the file. Some repeated content to pad the file. Some repeated content to pad the file. Some repeated content to pad the file. Some repeated content to pad the file. Some repeated content to pad the file. Some repeated content to pad the file. Some repeated content to pad the file. Some repeated content to pad the file. Some repeated content to pad the file. Some repeated content to pad the file. Some repeated content to pad the file. Some repeated content to pad the file. Some repeated content to pad the file. Some repeated content to pad the file. Some repeated content to pad the file. Some repeated content to pad the file. Some repeated content to pad the file. Some repeated content to pad the file. Some repeated content to pad the file. Some repeated content to pad the file. Some repeated content to pad the file. Some repeated content to pad the file. Some repeated content to pad the file. Some repeated content to pad the file. Some repeated content to pad the file. Some repeated content to pad the file. Some repeated content to pad the file. Some repeated content to pad the file. Some repeated content to pad the file. Some repeated content to pad the file. Some repeated content to pad the file. Some repeated content to pad the file. Some repeated content to pad the file. Some repeated content to pad the file. Some repeated content to pad the file. Some repeated content to pad the file. Some repeated content to pad the file. Some repeated content to pad the file. Some repeated content to pad the file. Some repeated content to pad the file. Some repeated content to pad the file. Some repeated content to pad the file. Some repeated content to pad the file. Some repeated content to pad the file. Some repeated content to pad the file. Some repeated content to pad the file. Some repeated content to pad the file. Some repeated content to pad the file. Some repeated content to pad the file. Some repeated content to pad the file. Some repeated content to pad the file. Some repeated content to pad the file. Some repeated content to pad the file. Some repeated content to pad the file. Some repeated content to pad the file. Some repeated content to pad the file. Some repeated content to pad the file. Some repeated content to pad the file. Some repeated content to pad the file. Some repeated content to pad the file. Some repeated content to pad the file. Some repeated content to pad the file. Some repeated content to pad the file. Some repeated content to pad the file. Some repeated content to pad the file. Some repeated content to pad the file. Some repeated content to pad the file. Some repeated content to pad the file. Some repeated content to pad the file. Some repeated content to pad the file. Some repeated content to pad the file. Some repeated content to pad the file. Some repeated content to pad the file. Some repeated content to pad the file. Some repeated content to pad the file. Some repeated content to pad the file. Some repeated content to pad the file. Some repeated content to pad the file. Some repeated content to pad the file. Some repeated content to pad the file. Some repeated content to pad the file. Some repeated content to pad the file. Some repeated content to pad the file. Some repeated content to pad the file. Some repeated content to pad the file. Some repeated content to pad the file. Some repeated content to pad the file. Some repeated content to pad the file. Some repeated content to pad the file. Some repeated content to pad the file. Some repeated content to pad the file. Some repeated content to pad the file. Some repeated content to pad the file. Some repeated content to pad the file. Some repeated content to pad the file. Some repeated content to pad the file. Some repeated content to pad the file. Some repeated content to pad the file. Some repeated content to pad the file. Some repeated content to pad the file. Some repeated content to pad the file. Some repeated content to pad the file. Some repeated content to pad the file. Some repeated content to pad the file. Some repeated content to pad the file. Some repeated content to pad the file. Some repeated content to pad the file. Some repeated content to pad the file. Some repeated content to pad the file. Some repeated content to pad the file. Some repeated content to pad the file. Some repeated content to pad the file. Some repeated content to pad the file. Some repeated content to pad the file. Some repeated content to pad the file. Some repeated content to pad the file. Some repeated content to pad the file. Some repeated content to pad the file. Some repeated content to pad the file. Some repeated content to pad the file. Some repeated content to pad the file. Some repeated content to pad the file. Some repeated content to pad the file. Some repeated content to pad the file. Some repeated content to pad the file. Some repeated content to pad the file. Some repeated content to pad the file. Some repeated content to pad the file. Some repeated content to pad the file. Some repeated content to pad the file. Some repeated content to pad the file. Some repeated content to pad the file. Some repeated content to pad the file. Some repeated content to pad the file. Some repeated content to pad the file. Some repeated content to pad the file. Some repeated content to pad the file. Some repeated content to pad the file. Some repeated content to pad the file. Some repeated content to pad the file. Some repeated content to pad the file. Some repeated content to pad the file. Some repeated content to pad the file. Some repeated content to pad the file. Some repeated content to pad the file. Some repeated content to pad the file. Some repeated content to pad the file. Some repeated content to pad the file. Some repeated content to pad the file. Some repeated content to pad the file. Some repeated content to pad the file. Some repeated content to pad the file. Some repeated content to pad the file. Some repeated content to pad the file. Some repeated content to pad the file. Some repeated content to pad the file. Some repeated content to pad the file. Some repeated content to pad the file. Some repeated content to pad the file. Some repeated content to pad the file. Some repeated content to pad the file. Some repeated content to pad the file. Some repeated content to pad the file. Some repeated content to pad the file. Some repeated content to pad the file. Some repeated content to pad the file. Some repeated content to pad the file. Some repeated content to pad the file. Some repeated content to pad the file. Some repeated content to pad the file. Some repeated content to pad the file. Some repeated content to pad the file. Some repeated content to pad the file. Some repeated content to pad the file. Some repeated content to pad the file. Some repeated content to pad the file. Some repeated content to pad the file. Some repeated content to pad the file. Some repeated content to pad the file. Some repeated content to pad the file. Some repeated content to pad the file. Some repeated content to pad the file. Some repeated content to pad the file. Some repeated content to pad the file. Some repeated content to pad the file. Some repeated content to pad the file. Some repeated content to pad the file. Some repeated content to pad the file. Some repeated content to pad the file. Some repeated content to pad the file. Some repeated content to pad the file. Some repeated content to pad the file. Some repeated content to pad the file. Some repeated content to pad the file. Some repeated content to pad the file. Some repeated content to pad the file. Some repeated content to pad the file. Some repeated content to pad the file. Some repeated content to pad the file. Some repeated content to pad the file. Some repeated content to pad the file. Some repeated content to pad the file. Some repeated content to pad the file. Some repeated content to pad the file. Some repeated content to pad the file. Some repeated content to pad the file. Some repeated content to pad the file. Some repeated content to pad the file. Some repeated content to pad the file. Some repeated content to pad the file. Some repeated content to pad the file. Some repeated content to pad the file. Some repeated content to pad the file. Some repeated content to pad the file. Some repeated content to pad the file. Some repeated content to pad the file. Some repeated content to pad the file. Some repeated content to pad the file. Some repeated content to pad the file. Some repeated content to pad the file. Some repeated content to pad the file. Some repeated content to pad the file. Some repeated content to pad the file. Some repeated content to pad the file. Some repeated content to pad the file. Some repeated content to pad the file. Some repeated content to pad the file. Some repeated content to pad the file. Some repeated content to pad the file. Some repeated content to pad the file. Some repeated content to pad the file. Some repeated content to pad the file. Some repeated content to pad the file. Some repeated content to pad the file. Some repeated content to pad the file. Some repeated content to pad the file. Some repeated content to pad the file. Some repeated content to pad the file. Some repeated content to pad the file. Some repeated content to pad the file. Some repeated content to pad the file. Some repeated content to pad the file. Some repeated content to pad the file. Some repeated content to pad the file. Some repeated content to pad the file. Some repeated content to pad the file. Some repeated content to pad the file. Some repeated content to pad the file. Some repeated content to pad the file. Some repeated content to pad the file. Some repeated content to pad the file. Some repeated content to pad the file. Some repeated content to pad the file. Some repeated content to pad the file. Some repeated content to pad the file. Some repeated content to pad the file. Some repeated content to pad the file. Some repeated content to pad the file. Some repeated content to pad the file. Some repeated content to pad the file. Some repeated content to pad the file. Some repeated content to pad the file. Some repeated content to pad the file. Some repeated content to pad the file. Some repeated content to pad the file. Some repeated content to pad the file. Some repeated content to pad the file. Some repeated content to pad the file. Some repeated content to pad the file. Some repeated content to pad the file. Some repeated content to pad the file. Some repeated content to pad the file. Some repeated content to pad the file. Some repeated content to pad the file. Some repeated content to pad the file. Some repeated content to pad the file. Some repeated content to pad the file. Some repeated content to pad the file. Some repeated content to pad the file. Some repeated content to pad the file. Some repeated content to pad the file. Some repeated content to pad the file. Some repeated content to pad the file. Some repeated content to pad the file. Some repeated content to pad the file. Some repeated content to pad the file. Some repeated content to pad the file. Some repeated content to pad the file. Some repeated content to pad the file. Some repeated content to pad the file. Some repeated content to pad the file. Some repeated content to pad the file. Some repeated content to pad the file. Some repeated content to pad the file. Some repeated content to pad the file. Some repeated content to pad the file. Some repeated content to pad the file. Some repeated content to pad the file. Some repeated content to pad the file. Some repeated content to pad the file. Some repeated content to pad the file. Some repeated content to pad the file. Some repeated content to pad the file. Some repeated content to pad the file. Some repeated content to pad the file. Some repeated content to pad the file. Some repeated content to pad the file. Some repeated content to pad the file. Some repeated content to pad the file. Some repeated content to pad the file. Some repeated content to pad the file. Some repeated content to pad the file. Some repeated content to pad the file. Some repeated content to pad the file. Some repeated content to pad the file. Some repeated content to pad the file. Some repeated content to pad the file. Some repeated content to pad the file. Some repeated content to pad the file. Some repeated content to pad the file. Some repeated content to pad the file. Some repeated content to pad the file. Some repeated content to pad the file. Some repeated content to pad the file. Some repeated content to pad the file. Some repeated content to pad the file. Some repeated content to pad the file. Some repeated content to pad the file. Some repeated content to pad the file. Some repeated content to pad the file. Some repeated content to pad the file. Some repeated content to pad the file. Some repeated content to pad the file. Some repeated content to pad the file. Some repeated content to pad the file. Some repeated content to pad the file. Some repeated content to pad the file. Some repeated content to pad the file. Some repeated content to pad the file. Some repeated content to pad the file. Some repeated content to pad the file. Some repeated content to pad the file. Some repeated content to pad the file. Some repeated content to pad the file. Some repeated content to pad the file. Some repeated content to pad the file. Some repeated content to pad the file. Some repeated content to pad the file. Some repeated content to pad the file. Some repeated content to pad the file. Some repeated content to pad the file. Some repeated content to pad the file. Some repeated content to pad the file. Some repeated content to pad the file. Some repeated content to pad the file. Some repeated content to pad the file. Some repeated content to pad the file. Some repeated content to pad the file. Some repeated content to pad the file. Some repeated content to pad the file. Some repeated content to pad the file. Some repeated content to pad the file. Some repeated content to pad the file. Some repeated content to pad the file. Some repeated content to pad the file. Some repeated content to pad the file. Some repeated content to pad the file. Some repeated content to pad the file. Some repeated content to pad the file. Some repeated content to pad the file. Some repeated content to pad the file. Some repeated content to pad the file. Some repeated content to pad the file. Some repeated content to pad the file. Some repeated content to pad the file. Some repeated content to pad the file. Some repeated content to pad the file. Some repeated content to pad the file. Some repeated content to pad the file. Some repeated content to pad the file. Some repeated content to pad the file. Some repeated content to pad the file. Some repeated content to pad the file. Some repeated content to pad the file. Some repeated content to pad the file. Some repeated content to pad the file. Some repeated content to pad the file. Some repeated content to pad the file. Some repeated content to pad the file. Some repeated content to pad the file. Some repeated content to pad the file. Some repeated content to pad the file. Some repeated content to pad the file. Some repeated content to pad the file. Some repeated content to pad the file. Some repeated content to pad the file. Some repeated content to pad the file. Some repeated content to pad the file. Some repeated content to pad the file. Some repeated content to pad the file. Some repeated content to pad the file. Some repeated content to pad the file. Some repeated content to pad the file. Some repeated content to pad the file. Some repeated content to pad the file. Some repeated content to pad the file. Some repeated content to pad the file. Some repeated content to pad the file. Some repeated content to pad the file. Some repeated content to pad the file. Some repeated content to pad the file. Some repeated content to pad the file. Some repeated content to pad the file. Some repeated content to pad the file. Some repeated content to pad the file. Some repeated content to pad the file. Some repeated content to pad the file. Some repeated content to pad the file. Some repeated content to pad the file. Some repeated content to pad the file. Some repeated content to pad the file. Some repeated content to pad the file. Some repeated content to pad the file. Some repeated content to pad the file. Some repeated content to pad the file. Some repeated content to pad the file. Some repeated content to pad the file. Some repeated content to pad the file. Some repeated content to pad the file. Some repeated content to pad the file. Some repeated content to pad the file. Some repeated content to pad the file. Some repeated content to pad the file. Some repeated content to pad the file. Some repeated content to pad the file. Some repeated content to pad the file. Some repeated content to pad the file. Some repeated content to pad the file. Some repeated content to pad the file. Some repeated content to pad the file. Some repeated content to pad the file. Some repeated content to pad the file. Some repeated content to pad the file. Some repeated content to pad the file. Some repeated content to pad the file. Some repeated content to pad the file. Some repeated content to pad the file. Some repeated content to pad the file. Some repeated content to pad the file. Some repeated content to pad the file. Some repeated content to pad the file. Some repeated content to pad the file. Some repeated content to pad the file. Some repeated content to pad the file. Some repeated content to pad the file. Some repeated content to pad the file. Some repeated content to pad the file. Some repeated content to pad the file. Some repeated content to pad the file. Some repeated content to pad the file. Some repeated content to pad the file. Some repeated content to pad the file. Some repeated content to pad the file. Some repeated content to pad the file. Some repeated content to pad the file. Some repeated content to pad the file. Some repeated content to pad the file. Some repeated content to pad the file. Some repeated content to pad the file. Some repeated content to pad the file. Some repeated content to pad the file. Some repeated content to pad the file. Some repeated content to pad the file. Some repeated content to pad the file. Some repeated content to pad the file. Some repeated content to pad the file. Some repeated content to pad the file. Some repeated content to pad the file. Some repeated content to pad the file. Some repeated content to pad the file. Some repeated content to pad the file. Some repeated content to pad the file. Some repeated content to pad the file. Some repeated content to pad the file. Some repeated content to pad the file. Some repeated content to pad the file. Some repeated content to pad the file. Some repeated content to pad the file. Some repeated content to pad the file. Some repeated content to pad the file. Some repeated content to pad the file. Some repeated content to pad the file. Some repeated content to pad the file. Some repeated content to pad the file. Some repeated content to pad the file. Some repeated content to pad the file. Some repeated content to pad the file. Some repeated content to pad the file. Some repeated content to pad the file. Some repeated content to pad the file. Some repeated content to pad the file. Some repeated content to pad the file. Some repeated content to pad the file. Some repeated content to pad the file. Some repeated content to pad the file. Some repeated content to pad the file. Some repeated content to pad the file. Some repeated content to pad the file. Some repeated content to pad the file. Some repeated content to pad the file. Some repeated content to pad the file. Some repeated content to pad the file. Some repeated content to pad the file. Some repeated content to pad the file. Some repeated content to pad the file. Some repeated content to pad the file. Some repeated content to pad the file. Some repeated content to pad the file. Some repeated content to pad the file. Some repeated content to pad the file. Some repeated content to pad the file. Some repeated content to pad the file. Some repeated content to pad the file. Some repeated content to pad the file. Some repeated content to pad the file. Some repeated content to pad the file. Some repeated content to pad the file. Some repeated content to pad the file. Some repeated content to pad the file. Some repeated content to pad the file. Some repeated content to pad the file. Some repeated content to pad the file. Some repeated content to pad the file. Some repeated content to pad the file. Some repeated content to pad the file. Some repeated content to pad the file. Some repeated content to pad the file. Some repeated content to pad the file. Some repeated content to pad the file. Some repeated content to pad the file. Some repeated content to pad the file. Some repeated content to pad the file. Some repeated content to pad the file. Some repeated content to pad the file. Some repeated content to pad the file. Some repeated content to pad the file. Some repeated content to pad the file. Some repeated content to pad the file. Some repeated content to pad the file. Some repeated content to pad the file. Some repeated content to pad the file. Some repeated content to pad the file. Some repeated content to pad the file. Some repeated content to pad the file. Some repeated content to pad the file. Some repeated content to pad the file. Some repeated content to pad the file. Some repeated content to pad the file. Some repeated content to pad the file. Some repeated content to pad the file. Some repeated content to pad the file. Some repeated content to pad the file. Some repeated content to pad the file. Some repeated content to pad the file. Some repeated content to pad the file. Some repeated content to pad the file. Some repeated content to pad the file. Some repeated content to pad the file. Some repeated content to pad the file. Some repeated content to pad the file. Some repeated content to pad the file. Some repeated content to pad the file. Some repeated content to pad the file. Some repeated content to pad the file. Some repeated content to pad the file. Some repeated content to pad the file. Some repeated content to pad the file. Some repeated content to pad the file. Some repeated content to pad the file. Some repeated content to pad the file. Some repeated content to pad the file. Some repeated content to pad the file. Some repeated content to pad the file. Some repeated content to pad the file. Some repeated content to pad the file. Some repeated content to pad the file. Some repeated content to pad the file. Some repeated content to pad the file. Some repeated content to pad the file. Some repeated content to pad the file. Some repeated content to pad the file. Some repeated content to pad the file. Some repeated content to pad the file. Some repeated content to pad the file. Some repeated content to pad the file. Some repeated content to pad the file. Some repeated content to pad the file. Some repeated content to pad the file. Some repeated content to pad the file. Some repeated content to pad the file. Some repeated content to pad the file. Some repeated content to pad the file. Some repeated content to pad the file. Some repeated content to pad the file. Some repeated content to pad the file. Some repeated content to pad the file. Some repeated content to pad the file. Some repeated content to pad the file. Some repeated content to pad the file. Some repeated content to pad the file. Some repeated content to pad the file. Some repeated content to pad the file. Some repeated content to pad the file. Some repeated content to pad the file. Some repeated content to pad the file. Some repeated content to pad the file. Some repeated content to pad the file. Some repeated content to pad the file. Some repeated content to pad the file. Some repeated content to pad the file. Some repeated content to pad the file. Some repeated content to pad the file. Some repeated content to pad the file. Some repeated content to pad the file. Some repeated content to pad the file. Some repeated content to pad the file. Some repeated content to pad the file. Some repeated content to pad the file. Some repeated content to pad the file. Some repeated content to pad the file. Some repeated content to pad the file. Some repeated content to pad the file. Some repeated content to pad the file. Some repeated content to pad the file. Some repeated content to pad the file. Some repeated content to pad the file. Some repeated content to pad the file. Some repeated content to pad the file. Some repeated content to pad the file. Some repeated content to pad the file. Some repeated content to pad the file. Some repeated content to pad the file. Some repeated content to pad the file. Some repeated content to pad the file. Some repeated content to pad the file. Some repeated content to pad the file. Some repeated content to pad the file. Some repeated content to pad the file. Some repeated content to pad the file. Some repeated content to pad the file. Some repeated content to pad the file. Some repeated content to pad the file. Some repeated content to pad the file. Some repeated content to pad the file. Some repeated content to pad the file. Some repeated content to pad the file. Some repeated content to pad the file. Some repeated content to pad the file. Some repeated content to pad the file. Some repeated content to pad the file. Some repeated content to pad the file. Some repeated content to pad the file. Some repeated content to pad the file. Some repeated content to pad the file. Some repeated content to pad the file. Some repeated content to pad the file. Some repeated content to pad the file. Some repeated content to pad the file. Some repeated content to pad the file. Some repeated content to pad the file. Some repeated content to pad the file. Some repeated content to pad the file. Some repeated content to pad the file. Some repeated content to pad the file. Some repeated content to pad the file. Some repeated content to pad the file. Some repeated content to pad the file. Some repeated content to pad the file. Some repeated content to pad the file. Some repeated content to pad the file. Some repeated content to pad the file. Some repeated content to pad the file. Some repeated content to pad the file. Some repeated content to pad the file. Some repeated content to pad the file. Some repeated content to pad the file. Some repeated content to pad the file. Some repeated content to pad the file. Some repeated content to pad the file. Some repeated content to pad the file. Some repeated content to pad the file. Some repeated content to pad the file. Some repeated content to pad the file. Some repeated content to pad the file. Some repeated content to pad the file. Some repeated content to pad the file. Some repeated content to pad the file. Some repeated content to pad the file. Some repeated content to pad the file. Some repeated content to pad the file. Some repeated content to pad the file. Some repeated content to pad the file. Some repeated content to pad the file. Some repeated content to pad the file. Some repeated content to pad the file. Some repeated content to pad the file. Some repeated content to pad the file. Some repeated content to pad the file. Some repeated content to pad the file. Some repeated content to pad the file. Some repeated content to pad the file. Some repeated content to pad the file. Some repeated content to pad the file. Some repeated content to pad the file. Some repeated content to pad the file. Some repeated content to pad the file. Some repeated content to pad the file. Some repeated content to pad the file. Some repeated content to pad the file. Some repeated content to pad the file. Some repeated content to pad the file. Some repeated content to pad the file. Some repeated content to pad the file. Some repeated content to pad the file. Some repeated content to pad the file. Some repeated content to pad the file. Some repeated content to pad the file. Some repeated content to pad the file. Some repeated content to pad the file. Some repeated content to pad the file. Some repeated content to pad the file. Some repeated content to pad the file. Some repeated content to pad the file. Some repeated content to pad the file. Some repeated content to pad the file. Some repeated content to pad the file. Some repeated content to pad the file. Some repeated content to pad the file. Some repeated content to pad the file. Some repeated content to pad the file. Some repeated content to pad the file. Some repeated content to pad the file. Some repeated content to pad the file. Some repeated content to pad the file. Some repeated content to pad the file. Some repeated content to pad the file. Some repeated content to pad the file. Some repeated content to pad the file. Some repeated content to pad the file. Some repeated content to pad the file. Some repeated content to pad the file. Some repeated content to pad the file. Some repeated content to pad the file. Some repeated content to pad the file. Some repeated content to pad the file. Some repeated content to pad the file. Some repeated content to pad the file. Some repeated content to pad the file. Some repeated content to pad the file. Some repeated content to pad the file. Some repeated content to pad the file. Some repeated content to pad the file. Some repeated content to pad the file. Some repeated content to pad the file. Some repeated content to pad the file. Some repeated content to pad the file. Some repeated content to pad the file. Some repeated content to pad the file. Some repeated content to pad the file. Some repeated content to pad the file. Some repeated content to pad the file. Some repeated content to pad the file. Some repeated content to pad the file. Some repeated content to pad the file. Some repeated content to pad the file. Some repeated content to pad the file. Some repeated content to pad the file. Some repeated content to pad the file. Some repeated content to pad the file. Some repeated content to pad the file. Some repeated content to pad the file. Some repeated content to pad the file. Some repeated content to pad the file. Some repeated content to pad the file. Some repeated content to pad the file. Some repeated content to pad the file. Some repeated content to pad the file. Some repeated content to pad the file. Some repeated content to pad the file. Some repeated content to pad the file. Some repeated content to pad the file. Some repeated content to pad the file. Some repeated content to pad the file. Some repeated content to pad the file. Some repeated content to pad the file. Some repeated content to pad the file. Some repeated content to pad the file. Some repeated content to pad the file. Some repeated content to pad the file. Some repeated content to pad the file. Some repeated content to pad the file. Some repeated content to pad the file. Some repeated content to pad the file. Some repeated content to pad the file. Some repeated content to pad the file. Some repeated content to pad the file. Some repeated content to pad the file. Some repeated content to pad the file. Some repeated content to pad the file. Some repeated content to pad the file. Some repeated content to pad the file. Some repeated content to pad the file. Some repeated content to pad the file. Some repeated content to pad the file. Some repeated content to pad the file. Some repeated content to pad the file. Some repeated content to pad the file. Some repeated content to pad the file. Some repeated content to pad the file. Some repeated content to pad the file. Some repeated content to pad the file. Some repeated content to pad the file. Some repeated content to pad the file. Some repeated content to pad the file. Some repeated content to pad the file. Some repeated content to pad the file. Some repeated content to pad the file. Some repeated content to pad the file. Some repeated content to pad the file. Some repeated content to pad the file. Some repeated content to pad the file. Some repeated content to pad the file. Some repeated content to pad the file. Some repeated content to pad the file. Some repeated content to pad the file. Some repeated content to pad the file. Some repeated content to pad the file. Some repeated content to pad the file. Some repeated content to pad the file. Some repeated content to pad the file. Some repeated content to pad the file. Some repeated content to pad the file. Some repeated content to pad the file. Some repeated content to pad the file. Some repeated content to pad the file. Some repeated content to pad the file. Some repeated content to pad the file. Some repeated content to pad the file. Some repeated content to pad the file. Some repeated content to pad the file. Some repeated content to pad the file. Some repeated content to pad the file. Some repeated content to pad the file. Some repeated content to pad the file. Some repeated content to pad the file. Some repeated content to pad the file. Some repeated content to pad the file. Some repeated content to pad the file. Some repeated content to pad the file. Some repeated content to pad the file. Some repeated content to pad the file. Some repeated content to pad the file. Some repeated content to pad the file. Some repeated content to pad the file. Some repeated content to pad the file. Some repeated content to pad the file. Some repeated content to pad the file. Some repeated content to pad the file. Some repeated content to pad the file. Some repeated content to pad the file. Some repeated content to pad the file. Some repeated content to pad the file. Some repeated content to pad the file. Some repeated content to pad the file. Some repeated content to pad the file. Some repeated content to pad the file. Some repeated content to pad the file. Some repeated content to pad the file. Some repeated content to pad the file. Some repeated content to pad the file. Some repeated content to pad the file. Some repeated content to pad the file. Some repeated content to pad the file. Some repeated content to pad the file. Some repeated content to pad the file. Some repeated content to pad the file. Some repeated content to pad the file. Some repeated content to pad the file. Some repeated content to pad the file. Some repeated content to pad the file. Some repeated content to pad the file. Some repeated content to pad the file. Some repeated content to pad the file. Some repeated content to pad the file. Some repeated content to pad the file. Some repeated content to pad the file. Some repeated content to pad the file. Some repeated content to pad the file. Some repeated content to pad the file. Some repeated content to pad the file. Some repeated content to pad the file. Some repeated content to pad the file. Some repeated content to pad the file. Some repeated content to pad the file. Some repeated content to pad the file. Some repeated content to pad the file. Some repeated content to pad the file. Some repeated content to pad the file. Some repeated content to pad the file. Some repeated content to pad the file. Some repeated content to pad the file. Some repeated content to pad the file. Some repeated content to pad the file. Some repeated content to pad the file. Some repeated content to pad the file. Some repeated content to pad the file. Some repeated content to pad the file. Some repeated content to pad the file. Some repeated content to pad the file. Some repeated content to pad the file. Some repeated content to pad the file. Some repeated content to pad the file. Some repeated content to pad the file. Some repeated content to pad the file. Some repeated content to pad the file. Some repeated content to pad the file. Some repeated content to pad the file. Some repeated content to pad the file. Some repeated content to pad the file. Some repeated content to pad the file. Some repeated content to pad the file. Some repeated content to pad the file. Some repeated content to pad the file. Some repeated content to pad the file. Some repeated content to pad the file. Some repeated content to pad the file. Some repeated content to pad the file. Some repeated content to pad the file. Some repeated content to pad the file. Some repeated content to pad the file. Some repeated content to pad the file. Some repeated content to pad the file. Some repeated content to pad the file. Some repeated content to pad the file. Some repeated content to pad the file. Some repeated content to pad the file. Some repeated content to pad the file. Some repeated content to pad the file. Some repeated content to pad the file. Some repeated content to pad the file. Some repeated content to pad the file. Some repeated content to pad the file. Some repeated content to pad the file. Some repeated content to pad the file. Some repeated content to pad the file. Some repeated content to pad the file. Some repeated content to pad the file. Some repeated content to pad the file. Some repeated content to pad the file. Some repeated content to pad the file. Some repeated content to pad the file. Some repeated content to pad the file. Some repeated content to pad the file. Some repeated content to pad the file. Some repeated content to pad the file. Some repeated content to pad the file. Some repeated content to pad the file. Some repeated content to pad the file. Some repeated content to pad the file. Some repeated content to pad the file. Some repeated content to pad the file. Some repeated content to pad the file. Some repeated content to pad the file. Some repeated content to pad the file. Some repeated content to pad the file. Some repeated content to pad the file. Some repeated content to pad the file. Some repeated content to pad the file. Some repeated content to pad the file. Some repeated content to pad the file. Some repeated content to pad the file. Some repeated content to pad the file. Some repeated content to pad the file. Some repeated content to pad the file. Some repeated content to pad the file. Some repeated content to pad the file. Some repeated content to pad the file. Some repeated content to pad the file. Some repeated content to pad the file. Some repeated content to pad the file. Some repeated content to pad the file. Some repeated content to pad the file. Some repeated content to pad the file. Some repeated content to pad the file. Some repeated content to pad the file. Some repeated content to pad the file. Some repeated content to pad the file. Some repeated content to pad the file. Some repeated content to pad the file. Some repeated content to pad the file. Some repeated content to pad the file. Some repeated content to pad the file. Some repeated content to pad the file. Some repeated content to pad the file. Some repeated content to pad the file. Some repeated content to pad the file. Some repeated content to pad the file. Some repeated content to pad the file. Some repeated content to pad the file. Some repeated content to pad the file. Some repeated content to pad the file. Some repeated content to pad the file. Some repeated content to pad the file. Some repeated content to pad the file. Some repeated content to pad the file. Some repeated content to pad the file. Some repeated content to pad the file. Some repeated content to pad the file. Some repeated content to pad the file. Some repeated content to pad the file. Some repeated content to pad the file. Some repeated content to pad the file. Some repeated content to pad the file. Some repeated content to pad the file. Some repeated content to pad the file. Some repeated content to pad the file. Some repeated content to pad the file. Some repeated content to pad the file. Some repeated content to pad the file. Some repeated content to pad the file. Some repeated content to pad the file. Some repeated content to pad the file. Some repeated content to pad the file. Some repeated content to pad the file. Some repeated content to pad the file. Some repeated content to pad the file. Some repeated content to pad the file. Some repeated content to pad the file. Some repeated content to pad the file. Some repeated content to pad the file. Some repeated content to pad the file. Some repeated content to pad the file. Some repeated content to pad the file. Some repeated content to pad the file. Some repeated content to pad the file. Some repeated content to pad the file. Some repeated content to pad the file. Some repeated content to pad the file. Some repeated content to pad the file. Some repeated content to pad the file. Some repeated content to pad the file. Some repeated content to pad the file. Some repeated content to pad the file. Some repeated content to pad the file. Some repeated content to pad the file. Some repeated content to pad the file. Some repeated content to pad the file. Some repeated content to pad the file. Some repeated content to pad the file. Some repeated content to pad the file. Some repeated content to pad the file. Some repeated content to pad the file. Some repeated content to pad the file. Some repeated content to pad the file. Some repeated content to pad the file. Some repeated content to pad the file. Some repeated content to pad the file. Some repeated content to pad the file. Some repeated content to pad the file. Some repeated content to pad the file. Some repeated content to pad the file. Some repeated content to pad the file. Some repeated content to pad the file. Some repeated content to pad the file. Some repeated content to pad the file. Some repeated content to pad the file. Some repeated content to pad the file. Some repeated content to pad the file. Some repeated content to pad the file. Some repeated content to pad the file. Some repeated content to pad the file. Some repeated content to pad the file. Some repeated content to pad the file. Some repeated content to pad the file. Some repeated content to pad the file. Some repeated content to pad the file. Some repeated content to pad the file. Some repeated content to pad the file. Some repeated content to pad the file. Some repeated content to pad the file. Some repeated content to pad the file. Some repeated content to pad the file. Some repeated content to pad the file. Some repeated content to pad the file. Some repeated content to pad the file. Some repeated content to pad the file. Some repeated content to pad the file. Some repeated content to pad the file. Some repeated content to pad the file. Some repeated content to pad the file. Some repeated content to pad the file. Some repeated content to pad the file. Some repeated content to pad the file. Some repeated content to pad the file. Some repeated content to pad the file. Some repeated content to pad the file. Some repeated content to pad the file. Some repeated content to pad the file. Some repeated content to pad the file. Some repeated content to pad the file. Some repeated content to pad the file. Some repeated content to pad the file. Some repeated content to pad the file. Some repeated content to pad the file. Some repeated content to pad the file. Some repeated content to pad the file. Some repeated content to pad the file. Some repeated content to pad the file. Some repeated content to pad the file. Some repeated content to pad the file. Some repeated content to pad the file. Some repeated content to pad the file. Some repeated content to pad the file. Some repeated content to pad the file. Some repeated content to pad the file. Some repeated content to pad the file. Some repeated content to pad the file. Some repeated content to pad the file. Some repeated content to pad the file. Some repeated content to pad the file. Some repeated content to pad the file. Some repeated content to pad the file. Some repeated content to pad the file. Some repeated content to pad the file. Some repeated content to pad the file. Some repeated content to pad the file. Some repeated content to pad the file. Some repeated content to pad the file. Some repeated content to pad the file. Some repeated content to pad the file. Some repeated content to pad the file. Some repeated content to pad the file. Some repeated content to pad the file. Some repeated content to pad the file. Some repeated content to pad the file. Some repeated content to pad the file. Some repeated content to pad the file. Some repeated content to pad the file. Some repeated content to pad the file. Some repeated content to pad the file. Some repeated content to pad the file. Some repeated content to pad the file. Some repeated content to pad the file. Some repeated content to pad the file. Some repeated content to pad the file. Some repeated content to pad the file. Some repeated content to pad the file. Some repeated content to pad the file. Some repeated content to pad the file. Some repeated content to pad the file. Some repeated content to pad the file. Some repeated content to pad the file. Some repeated content to pad the file. Some repeated content to pad the file. Some repeated content to pad the file. Some repeated content to pad the file. Some repeated content to pad the file. Some repeated content to pad the file. Some repeated content to pad the file. Some repeated content to pad the file. Some repeated content to pad the file. Some repeated content to pad the file. Some repeated content to pad the file. Some repeated content to pad the file. Some repeated content to pad the file. Some repeated content to pad the file. Some repeated content to pad the file. Some repeated content to pad the file. Some repeated content to pad the file. Some repeated content to pad the file. Some repeated content to pad the file. Some repeated content to pad the file. Some repeated content to pad the file. Some repeated content to pad the file. Some repeated content to pad the file. Some repeated content to pad the file. Some repeated content to pad the file. Some repeated content to pad the file. Some repeated content to pad the file. Some repeated content to pad the file. Some repeated content to pad the file. Some repeated content to pad the file. Some repeated content to pad the file. Some repeated content to pad the file. Some repeated content to pad the file. Some repeated content to pad the file. Some repeated content to pad the file. Some repeated content to pad the file. Some repeated content to pad the file. Some repeated content to pad the file. Some repeated content to pad the file. Some repeated content to pad the file. Some repeated content to pad the file. Some repeated content to pad the file. Some repeated content to pad the file. Some repeated content to pad the file. Some repeated content to pad the file. Some repeated content to pad the file. Some repeated content to pad the file. Some repeated content to pad the file. Some repeated content to pad the file. Some repeated content to pad the file. Some repeated content to pad the file. Some repeated content to pad the file. Some repeated content to pad the file. Some repeated content to pad the file. Some repeated content to pad the file. Some repeated content to pad the file. Some repeated content to pad the file. Some repeated content to pad the file. Some repeated content to pad the file. Some repeated content to pad the file. Some repeated content to pad the file. Some repeated content to pad the file. Some repeated content to pad the file. Some repeated content to pad the file. Some repeated content to pad the file. Some repeated content to pad the file. Some repeated content to pad the file. Some repeated content to pad the file. Some repeated content to pad the file. Some repeated content to pad the file. Some repeated content to pad the file. Some repeated content to pad the file. Some repeated content to pad the file. Some repeated content to pad the file. Some repeated content to pad the file. Some repeated content to pad the file. Some repeated content to pad the file. Some repeated content to pad the file. Some repeated content to pad the file. Some repeated content to pad the file. Some repeated content to pad the file. Some repeated content to pad the file. Some repeated content to pad the file. Some repeated content to pad the file. Some repeated content to pad the file. Some repeated content to pad the file. Some repeated content to pad the file. Some repeated content to pad the file. Some repeated content to pad the file. Some repeated content to pad the file. Some repeated content to pad the file. Some repeated content to pad the file. Some repeated content to pad the file. Some repeated content to pad the file. Some repeated content to pad the file. Some repeated content to pad the file. Some repeated content to pad the file. Some repeated content to pad the file. Some repeated content to pad the file. Some repeated content to pad the file. Some repeated content to pad the file. Some repeated content to pad the file. Some repeated content to pad the file. Some repeated content to pad the file. Some repeated content to pad the file. Some repeated content to pad the file. Some repeated content to pad the file. Some repeated content to pad the file. Some repeated content to pad the file. Some repeated content to pad the file. Some repeated content to pad the file. Some repeated content to pad the file. Some repeated content to pad the file. Some repeated content to pad the file. Some repeated content to pad the file. Some repeated content to pad the file. Some repeated content to pad the file. Some repeated content to pad the file. Some repeated content to pad the file. Some repeated content to pad the file. Some repeated content to pad the file. Some repeated content to pad the file. Some repeated content to pad the file. Some repeated content to pad the file. Some repeated content to pad the file. Some repeated content to pad the file. Some repeated content to pad the file. Some repeated content to pad the file. Some repeated content to pad the file. Some repeated content to pad the file. Some repeated content to pad the file. Some repeated content to pad the file. Some repeated content to pad the file. Some repeated content to pad the file. Some repeated content to pad the file. Some repeated content to pad the file. Some repeated content to pad the file. Some repeated content to pad the file. Some repeated content to pad the file. Some repeated content to pad the file. Some repeated content to pad the file. Some repeated content to pad the file. Some repeated content to pad the file. Some repeated content to pad the file. Some repeated content to pad the file. Some repeated content to pad the file. Some repeated content to pad the file. Some repeated content to pad the file. Some repeated content to pad the file. Some repeated content to pad the file. Some repeated content to pad the file. Some repeated content to pad the file. Some repeated content to pad the file. Some repeated content to pad the file. Some repeated content to pad the file. Some repeated content to pad the file. Some repeated content to pad the file. Some repeated content to pad the file. Some repeated content to pad the file. Some repeated content to pad the file. Some repeated content to pad the file. Some repeated content to pad the file. Some repeated content to pad the file. Some repeated content to pad the file. Some repeated content to pad the file. Some repeated content to pad the file. Some repeated content to pad the file. Some repeated content to pad the file. Some repeated content to pad the file. Some repeated content to pad the file. Some repeated content to pad the file. Some repeated content to pad the file. Some repeated content to pad the file. Some repeated content to pad the file. Some repeated content to pad the file. Some repeated content to pad the file. Some repeated content to pad the file. Some repeated content to pad the file. Some repeated content to pad the file. Some repeated content to pad the file. Some repeated content to pad the file. Some repeated content to pad the file. Some repeated content to pad the file. Some repeated content to pad the file. Some repeated content to pad the file. Some repeated content to pad the file. Some repeated content to pad the file. Some repeated content to pad the file. Some repeated content to pad the file. Some repeated content to pad the file. Some repeated content to pad the file. Some repeated content to pad the file. Some repeated content to pad the file. Some repeated content to pad the file. Some repeated content to pad the file. Some repeated content to pad the file. Some repeated content to pad the file. Some repeated content to pad the file. Some repeated content to pad the file. Some repeated content to pad the file. Some repeated content to pad the file. Some repeated content to pad the file. Some repeated content to pad the file. Some repeated content to pad the file. Some repeated content to pad the file. Some repeated content to pad the file. Some repeated content to pad the file. Some repeated content to pad the file. Some repeated content to pad the file. Some repeated content to pad the file. Some repeated content to pad the file. Some repeated content to pad the file. Some repeated content to pad the file. Some repeated content to pad the file. Some repeated content to pad the file. Some repeated content to pad the file. Some repeated content to pad the file. Some repeated content to pad the file. Some repeated content to pad the file. Some repeated content to pad the file. Some repeated content to pad the file. Some repeated content to pad the file. Some repeated content to pad the file. Some repeated content to pad the file. Some repeated content to pad the file. Some repeated content to pad the file. Some repeated content to pad the file. Some repeated content to pad the file. Some repeated content to pad the file. Some repeated content to pad the file. Some repeated content to pad the file. Some repeated content to pad the file. Some repeated content to pad the file. Some repeated content to pad the file. Some repeated content to pad the file. Some repeated content to pad the file. Some repeated content to pad the file. Some repeated content to pad the file. Some repeated content to pad the file. Some repeated content to pad the file. Some repeated content to pad the file. Some repeated content to pad the file. Some repeated content to pad the file. Some repeated content to pad the file. Some repeated content to pad the file. Some repeated content to pad the file. Some repeated content to pad the file. Some repeated content to pad the file. Some repeated content to pad the file. Some repeated content to pad the file. Some repeated content to pad the file. Some repeated content to pad the file. Some repeated content to pad the file. Some repeated content to pad the file. Some repeated content to pad the file. Some repeated content to pad the file. Some repeated content to pad the file. Some repeated content to pad the file. Some repeated content to pad the file. Some repeated content to pad the file. Some repeated content to pad the file. Some repeated content to pad the file. Some repeated content to pad the file. Some repeated content to pad the file. Some repeated content to pad the file. Some repeated content to pad the file. Some repeated content to pad the file. Some repeated content to pad the file. Some repeated content to pad the file. Some repeated content to pad the file. Some repeated content to pad the file. Some repeated content to pad the file. Some repeated content to pad the file. Some repeated content to pad the file. Some repeated content to pad the file. Some repeated content to pad the file. Some repeated content to pad the file. Some repeated content to pad the file. Some repeated content to pad the file. Some repeated content to pad the file. Some repeated content to pad the file. Some repeated content to pad the file. Some repeated content to pad the file. Some repeated content to pad the file. Some repeated content to pad the file. Some repeated content to pad the file. Some repeated content to pad the file. Some repeated content to pad the file. Some repeated content to pad the file. Some repeated content to pad the file. Some repeated content to pad the file. Some repeated content to pad the file. Some repeated content to pad the file. Some repeated content to pad the file. Some repeated content to pad the file. Some repeated content to pad the file. Some repeated content to pad the file. Some repeated content to pad the file. Some repeated content to pad the file. Some repeated content to pad the file. Some repeated content to pad the file. Some repeated content to pad the file. Some repeated content to pad the file. Some repeated content to pad the file. Some repeated content to pad the file. Some repeated content to pad the file. Some repeated content to pad the file. Some repeated content to pad the file. Some repeated content to pad the file. Some repeated content to pad the file. Some repeated content to pad the file. Some repeated content to pad the file. Some repeated content to pad the file. Some repeated content to pad the file. Some repeated content to pad the file. Some repeated content to pad the file. Some repeated content to pad the file. Some repeated content to pad the file. Some repeated content to pad the file. Some repeated content to pad the file. Some repeated content to pad the file. Some repeated content to pad the file. Some repeated content to pad the file. Some repeated content to pad the file. Some repeated content to pad the file. Some repeated content to pad the file. Some repeated content to pad the file. Some repeated content to pad the file. Some repeated content to pad the file. Some repeated content to pad the file. Some repeated content to pad the file. Some repeated content to pad the file. Some repeated content to pad the file. Some repeated content to pad the file. Some repeated content to pad the file. Some repeated content to pad the file. Some repeated content to pad the file. Some repeated content to pad the file. Some repeated content to pad the file. Some repeated content to pad the file. Some repeated content to pad the file. Some repeated content to pad the file. Some repeated content to pad the file. Some repeated content to pad the file. Some repeated content to pad the file. Some repeated content to pad the file. Some repeated content to pad the file. Some repeated content to pad the file. Some repeated content to pad the file. Some repeated content to pad the file. Some repeated content to pad the file. Some repeated content to pad the file. Some repeated content to pad the file. Some repeated content to pad the file. Some repeated content to pad the file. Some repeated content to pad the file. Some repeated content to pad the file. Some repeated content to pad the file. Some repeated content to pad the file. Some repeated content to pad the file. Some repeated content to pad the file. Some repeated content to pad the file. Some repeated content to pad the file. Some repeated content to pad the file. Some repeated content to pad the file. Some repeated content to pad the file. Some repeated content to pad the file. Some repeated content to pad the file. Some repeated content to pad the file. Some repeated content to pad the file. Some repeated content to pad the file. Some repeated content to pad the file. Some repeated content to pad the file. Some repeated content to pad the file. Some repeated content to pad the file. Some repeated content to pad the file. Some repeated content to pad the file. Some repeated content to pad the file. Some repeated content to pad the file. Some repeated content to pad the file. Some repeated content to pad the file. Some repeated content to pad the file. Some repeated content to pad the file. Some repeated content to pad the file. Some repeated content to pad the file. Some repeated content to pad the file. Some repeated content to pad the file. Some repeated content to pad the file. Some repeated content to pad the file. Some repeated content to pad the file. Some repeated content to pad the file. Some repeated content to pad the file. Some repeated content to pad the file. Some repeated content to pad the file. Some repeated content to pad the file. Some repeated content to pad the file. Some repeated content to pad the file. Some repeated content to pad the file. Some repeated content to pad the file. Some repeated content to pad the file. Some repeated content to pad the file. Some repeated content to pad the file. Some repeated content to pad the file. Some repeated content to pad the file. Some repeated content to pad the file. Some repeated content to pad the file. Some repeated content to pad the file. Some repeated content to pad the file. Some repeated content to pad the file. Some repeated content to pad the file. Some repeated content to pad the file. Some repeated content to pad the file. Some repeated content to pad the file. Some repeated content to pad the file. Some repeated content to pad the file. Some repeated content to pad the file. Some repeated content to pad the file. Some repeated content to pad the file. Some repeated content to pad the file. Some repeated content to pad the file. Some repeated content to pad the file. Some repeated content to pad the file. Some repeated content to pad the file. Some repeated content to pad the file. Some repeated content to pad the file. Some repeated content to pad the file. Some repeated content to pad the file. Some repeated content to pad the file. Some repeated content to pad the file. Some repeated content to pad the file. Some repeated content to pad the file. Some repeated content to pad the file. Some repeated content to pad the file. Some repeated content to pad the file. Some repeated content to pad the file. Some repeated content to pad the file. Some repeated content to pad the file. Some repeated content to pad the file. Some repeated content to pad the file. Some repeated content to pad the file. Some repeated content to pad the file. Some repeated content to pad the file. Some repeated content to pad the file. Some repeated content to pad the file. Some repeated content to pad the file. Some repeated content to pad the file. Some repeated content to pad the file. Some repeated content to pad the file. Some repeated content to pad the file. Some repeated content to pad the file. Some repeated content to pad the file. Some repeated content to pad the file. Some repeated content to pad the file. Some repeated content to pad the file. Some repeated content to pad the file. Some repeated content to pad the file. Some repeated content to pad the file. Some repeated content to pad the file. Some repeated content to pad the file. Some repeated content to pad the file. Some repeated content to pad the file. Some repeated content to pad the file. Some repeated content to pad the file. Some repeated content to pad the file. Some repeated content to pad the file. Some repeated content to pad the file. Some repeated content to pad the file. Some repeated content to pad the file. Some repeated content to pad the file. Some repeated content to pad the file. Some repeated content to pad the file. Some repeated content to pad the file. Some repeated content to pad the file. Some repeated content to pad the file. Some repeated content to pad the file. Some repeated content to pad the file. Some repeated content to pad the file. Some repeated content to pad the file. Some repeated content to pad the file. Some repeated content to pad the file. Some repeated content to pad the file. Some repeated content to pad the file. Some repeated content to pad the file. Some repeated content to pad the file. Some repeated content to pad the file. Some repeated content to pad the file. Some repeated content to pad the file. Some repeated content to pad the file. Some repeated content to pad the file. Some repeated content to pad the file. Some repeated content to pad the file. Some repeated content to pad the file. Some repeated content to pad the file. Some repeated content to pad the file. Some repeated content to pad the file. Some repeated content to pad the file. Some repeated content to pad the file. Some repeated content to pad the file. Some repeated content to pad the file. Some repeated content to pad the file. Some repeated content to pad the file. Some repeated content to pad the file. Some repeated content to pad the file. Some repeated content to pad the file. Some repeated content to pad the file. Some repeated content to pad the file. Some repeated content to pad the file. Some repeated content to pad the file. Some repeated content to pad the file. Some repeated content to pad the file. Some repeated content to pad the file. Some repeated content to pad the file. Some repeated content to pad the file. Some repeated content to pad the file. Some repeated content to pad the file. Some repeated content to pad the file. Some repeated content to pad the file. Some repeated content to pad the file. Some repeated content to pad the file. Some repeated content to pad the file. Some repeated content to pad the file. Some repeated content to pad the file. Some repeated content to pad the file. Some repeated content to pad the file. Some repeated content to pad the file. Some repeated content to pad the file. Some repeated content to pad the file. Some repeated content to pad the file. Some repeated content to pad the file. Some repeated content to pad the file. Some repeated content to pad the file. Some repeated content to pad the file. Some repeated content to pad the file. Some repeated content to pad the file. Some repeated content to pad the file. Some repeated content to pad the file. Some repeated content to pad the file. Some repeated content to pad the file. Some repeated content to pad the file. Some repeated content to pad the file. Some repeated content to pad the file. Some repeated content to pad the file. Some repeated content to pad the file. Some repeated content to pad the file. Some repeated content to pad the file. Some repeated content to pad the file. Some repeated content to pad the file. Some repeated content to pad the file. Some repeated content to pad the file. Some repeated content to pad the file. Some repeated content to pad the file. Some repeated content to pad the file. Some repeated content to pad the file. Some repeated content to pad the file. Some repeated content to pad the file. Some repeated content to pad the file. Some repeated content to pad the file. Some repeated content to pad the file. Some repeated content to pad the file. Some repeated content to pad the file. Some repeated content to pad the file. Some repeated content to pad the file. Some repeated content to pad the file. Some repeated content to pad the file. Some repeated content to pad the file. Some repeated content to pad the file. Some repeated content to pad the file. Some repeated content to pad the file. Some repeated content to pad the file. Some repeated content to pad the file. Some repeated content to pad the file. Some repeated content to pad the file. Some repeated content to pad the file. Some repeated content to pad the file. Some repeated content to pad the file. Some repeated content to pad the file. Some repeated content to pad the file. Some repeated content to pad the file. Some repeated content to pad the file. Some repeated content to pad the file. Some repeated content to pad the file. Some repeated content to pad the file. Some repeated content to pad the file. Some repeated content to pad the file. Some repeated content to pad the file. Some repeated content to pad the file. Some repeated content to pad the file. Some repeated content to pad the file. Some repeated content to pad the file. Some repeated content to pad the file. Some repeated content to pad the file. Some repeated content to pad the file. Some repeated content to pad the file. Some repeated content to pad the file. Some repeated content to pad the file. Some repeated content to pad the file. Some repeated content to pad the file. Some repeated content to pad the file. Some repeated content to pad the file. Some repeated content to pad the file. Some repeated content to pad the file. Some repeated content to pad the file. Some repeated content to pad the file. Some repeated content to pad the file. Some repeated content to pad the file. Some repeated content to pad the file. Some repeated content to pad the file. Some repeated content to pad the file. Some repeated content to pad the file. Some repeated content to pad the file. Some repeated content to pad the file. Some repeated content to pad the file. Some repeated content to pad the file. Some repeated content to pad the file. Some repeated content to pad the file. Some repeated content to pad the file. Some repeated content to pad the file. Some repeated content to pad the file. Some repeated content to pad the file. Some repeated content to pad the file. Some repeated content to pad the file. Some repeated content to pad the file. Some repeated content to pad the file. Some repeated content to pad the file. Some repeated content to pad the file. Some repeated content to pad the file. Some repeated content to pad the file. Some repeated content to pad the file. Some repeated content to pad the file. Some repeated content to pad the file. Some repeated content to pad the file. Some repeated content to pad the file. Some repeated content to pad the file. Some repeated content to pad the file. Some repeated content to pad the file. Some repeated content to pad the file. Some repeated content to pad the file. Some repeated content to pad the file. Some repeated content to pad the file. Some repeated content to pad the file. Some repeated content to pad the file. Some repeated content to pad the file. Some repeated content to pad the file. Some repeated content to pad the file. Some repeated content to pad the file. Some repeated content to pad the file. Some repeated content to pad the file. Some repeated content to pad the file. Some repeated content to pad the file. Some repeated content to pad the file. Some repeated content to pad the file. Some repeated content to pad the file. Some repeated content to pad the file. Some repeated content to pad the file. Some repeated content to pad the file. Some repeated content to pad the file. Some repeated content to pad the file. Some repeated content to pad the file. Some repeated content to pad the file. Some repeated content to pad the file. Some repeated content to pad the file. Some repeated content to pad the file. Some repeated content to pad the file. Some repeated content to pad the file. Some repeated content to pad the file. Some repeated content to pad the file. Some repeated content to pad the file. Some repeated content to pad the file. Some repeated content to pad the file. Some repeated content to pad the file. Some repeated content to pad the file. Some repeated content to pad the file. Some repeated content to pad the file. Some repeated content to pad the file. Some repeated content to pad the file. Some repeated content to pad the file. Some repeated content to pad the file. Some repeated content to pad the file. Some repeated content to pad the file. Some repeated content to pad the file. Some repeated content to pad the file. Some repeated content to pad the file. Some repeated content to pad the file. Some repeated content to pad the file. Some repeated content to pad the file. Some repeated content to pad the file. Some repeated content to pad the file. Some repeated content to pad the file. Some repeated content to pad the file. Some repeated content to pad the file. Some repeated content to pad the file. Some repeated content to pad the file. Some repeated content to pad the file. Some repeated content to pad the file. Some repeated content to pad the file. Some repeated content to pad the file. Some repeated content to pad the file. Some repeated content to pad the file. Some repeated content to pad the file. Some repeated content to pad the file. Some repeated content to pad the file. Some repeated content to pad the file. Some repeated content to pad the file. Some repeated content to pad the file. Some repeated content to pad the file. Some repeated content to pad the file. Some repeated content to pad the file. Some repeated content to pad the file. Some repeated content to pad the file. Some repeated content to pad the file. Some repeated content to pad the file. Some repeated content to pad the file. Some repeated content to pad the file. Some repeated content to pad the file. Some repeated content to pad the file. Some repeated content to pad the file. Some repeated content to pad the file. Some repeated content to pad the file. Some repeated content to pad the file. Some repeated content to pad the file. Some repeated content to pad the file. Some repeated content to pad the file. Some repeated content to pad the file. Some repeated content to pad the file. Some repeated content to pad the file. Some repeated content to pad the file. Some repeated content to pad the file. Some repeated content to pad the file. Some repeated content to pad the file. Some repeated content to pad the file. Some repeated content to pad the file. Some repeated content to pad the file. Some repeated content to pad the file. Some repeated content to pad the file. Some repeated content to pad the file. Some repeated content to pad the file. Some repeated content to pad the file. Some repeated content to pad the file. Some repeated content to pad the file. Some repeated content to pad the file. Some repeated content to pad the file. Some repeated content to pad the file. Some repeated content to pad the file. Some repeated content to pad the file. Some repeated content to pad the file. Some repeated content to pad the file. Some repeated content to pad the file. Some repeated content to pad the file. Some repeated content to pad the file. Some repeated content to pad the file. Some repeated content to pad the file. Some repeated content to pad the file. Some repeated content to pad the file. Some repeated content to pad the file. Some repeated content to pad the file. Some repeated content to pad the file. Some repeated content to pad the file. Some repeated content to pad the file. Some repeated content to pad the file. Some repeated content to pad the file. Some repeated content to pad the file. Some repeated content to pad the file. Some repeated content to pad the file. Some repeated content to pad the file. Some repeated content to pad the file. Some repeated content to pad the file. Some repeated content to pad the file. Some repeated content to pad the file. Some repeated content to pad the file. Some repeated content to pad the file. Some repeated content to pad the file. Some repeated content to pad the file. Some repeated content to pad the file. Some repeated content to pad the file. Some repeated content to pad the file. Some repeated content to pad the file. Some repeated content to pad the file. Some repeated content to pad the file. Some repeated content to pad the file. Some repeated content to pad the file. Some repeated content to pad the file. Some repeated content to pad the file. Some repeated content to pad the file. Some repeated content to pad the file. Some repeated content to pad the file. Some repeated content to pad the file. Some repeated content to pad the file. Some repeated content to pad the file. Some repeated content to pad the file. Some repeated content to pad the file. Some repeated content to pad the file. Some repeated content to pad the file. Some repeated content to pad the file. Some repeated content to pad the file. Some repeated content to pad the file. Some repeated content to pad the file. Some repeated content to pad the file. Some repeated content to pad the file. Some repeated content to pad the file. Some repeated content to pad the file. Some repeated content to pad the file. Some repeated content to pad the file. Some repeated content to pad the file. Some repeated content to pad the file. Some repeated content to pad the file. Some repeated content to pad the file. Some repeated content to pad the file. Some repeated content to pad the file. Some repeated content to pad the file. Some repeated content to pad the file. Some repeated content to pad the file. Some repeated content to pad the file. Some repeated content to pad the file. Some repeated content to pad the file. Some repeated content to pad the file. Some repeated content to pad the file. Some repeated content to pad the file. Some repeated content to pad the file. Some repeated content to pad the file. Some repeated content to pad the file. Some repeated content to pad the file. Some repeated content to pad the file. Some repeated content to pad the file. Some repeated content to pad the file. Some repeated content to pad the file. Some repeated content to pad the file. Some repeated content to pad the file. Some repeated content to pad the file. Some repeated content to pad the file. Some repeated content to pad the file. Some repeated content to pad the file. Some repeated content to pad the file. Some repeated content to pad the file. Some repeated content to pad the file. Some repeated content to pad the file. Some repeated content to pad the file. Some repeated content to pad the file. Some repeated content to pad the file. Some repeated content to pad the file. Some repeated content to pad the file. Some repeated content to pad the file. Some repeated content to pad the file. Some repeated content to pad the file. Some repeated content to pad the file. Some repeated content to pad the file. Some repeated content to pad the file. Some repeated content to pad the file. Some repeated content to pad the file. Some repeated content to pad the file. Some repeated content to pad the file. Some repeated content to pad the file. Some repeated content to pad the file. Some repeated content to pad the file. Some repeated content to pad the file. Some repeated content to pad the file. Some repeated content to pad the file. Some repeated content to pad the file. Some repeated content to pad the file. Some repeated content to pad the file. Some repeated content to pad the file. Some repeated content to pad the file. Some repeated content to pad the file. Some repeated content to pad the file. Some repeated content to pad the file. Some repeated content to pad the file. Some repeated content to pad the file. Some repeated content to pad the file. Some repeated content to pad the file. Some repeated content to pad the file. Some repeated content to pad the file. Some repeated content to pad the file. Some repeated content to pad the file. Some repeated content to pad the file. Some repeated content to pad the file. Some repeated content to pad the file. Some repeated content to pad the file. Some repeated content to pad the file. Some repeated content to pad the file. Some repeated content to pad the file. Some repeated content to pad the file. Some repeated content to pad the file. Some repeated content to pad the file. Some repeated content to pad the file. Some repeated content to pad the file. Some repeated content to pad the file. Some repeated content to pad the file. Some repeated content to pad the file. Some repeated content to pad the file. Some repeated content to pad the file. Some repeated content to pad the file. Some repeated content to pad the file. Some repeated content to pad the file. Some repeated content to pad the file. Some repeated content to pad the file. Some repeated content to pad the file. Some repeated content to pad the file. Some repeated content to pad the file. Some repeated content to pad the file. Some repeated content to pad the file. Some repeated content to pad the file. Some repeated content to pad the file. Some repeated content to pad the file. Some repeated content to pad the file. Some repeated content to pad the file. Some repeated content to pad the file. Some repeated content to pad the file. Some repeated content to pad the file. Some repeated content to pad the file. Some repeated content to pad the file. Some repeated content to pad the file. Some repeated content to pad the file. Some repeated content to pad the file. Some repeated content to pad the file. Some repeated content to pad the file. Some repeated content to pad the file. Some repeated content to pad the file. Some repeated content to pad the file. Some repeated content to pad the file. Some repeated content to pad the file. Some repeated content to pad the file. Some repeated content to pad the file. Some repeated content to pad the file. Some repeated content to pad the file. Some repeated content to pad the file. Some repeated content to pad the file. Some repeated content to pad the file. Some repeated content to pad the file. Some repeated content to pad the file. Some repeated content to pad the file. Some repeated content to pad the file. Some repeated content to pad the file. Some repeated content to pad the file. Some repeated content to pad the file. Some repeated content to pad the file. Some repeated content to pad the file. Some repeated content to pad the file. Some repeated content to pad the file. Some repeated content to pad the file. Some repeated content to pad the file. Some repeated content to pad the file. Some repeated content to pad the file. Some repeated content to pad the file. Some repeated content to pad the file. Some repeated content to pad the file. Some repeated content to pad the file. Some repeated content to pad the file. Some repeated content to pad the file. Some repeated content to pad the file. Some repeated content to pad the file. Some repeated content to pad the file. Some repeated content to pad the file. Some repeated content to pad the file. Some repeated content to pad the file. Some repeated content to pad the file. Some repeated content to pad the file. Some repeated content to pad the file. Some repeated content to pad the file. Some repeated content to pad the file. Some repeated content to pad the file. Some repeated content to pad the file. Some repeated content to pad the file. Some repeated content to pad the file. Some repeated content to pad the file. Some repeated content to pad the file. Some repeated content to pad the file. Some repeated content to pad the file. Some repeated content to pad the file. Some repeated content to pad the file. Some repeated content to pad the file. Some repeated content to pad the file. Some repeated content to pad the file. Some repeated content to pad the file. Some repeated content to pad the file. Some repeated content to pad the file. Some repeated content to pad the file. Some repeated content to pad the file. Some repeated content to pad the file. Some repeated content to pad the file. Some repeated content to pad the file. Some repeated content to pad the file. Some repeated content to pad the file. Some repeated content to pad the file. Some repeated content to pad the file. Some repeated content to pad the file. Some repeated content to pad the file. Some repeated content to pad the file. Some repeated content to pad the file. Some repeated content to pad the file. Some repeated content to pad the file. Some repeated content to pad the file. Some repeated content to pad the file. Some repeated content to pad the file. Some repeated content to pad the file. Some repeated content to pad the file. Some repeated content to pad the file. Some repeated content to pad the file. Some repeated content to pad the file. Some repeated content to pad the file. Some repeated content to pad the file. Some repeated content to pad the file. Some repeated content to pad the file. Some repeated content to pad the file. Some repeated content to pad the file. Some repeated content to pad the file. Some repeated content to pad the file. Some repeated content to pad the file. Some repeated content to pad the file. Some repeated content to pad the file. Some repeated content to pad the file. Some repeated content to pad the file. Some repeated content to pad the file. Some repeated content to pad the file. Some repeated content to pad the file. Some repeated content to pad the file. Some repeated content to pad the file. Some repeated content to pad the file. Some repeated content to pad the file. Some repeated content to pad the file. Some repeated content to pad the file. Some repeated content to pad the file. Some repeated content to pad the file. Some repeated content to pad the file. Some repeated content to pad the file. Some repeated content to pad the file. Some repeated content to pad the file. Some repeated content to pad the file. Some repeated content to pad the file. Some repeated content to pad the file. Some repeated content to pad the file. Some repeated content to pad the file. Some repeated content to pad the file. Some repeated content to pad the file. Some repeated content to pad the file. Some repeated content to pad the file. Some repeated content to pad the file. Some repeated content to pad the file. Some repeated content to pad the file. Some repeated content to pad the file. Some repeated content to pad the file. Some repeated content to pad the file. Some repeated content to pad the file. Some repeated content to pad the file. Some repeated content to pad the file. Some repeated content to pad the file. Some repeated content to pad the file. Some repeated content to pad the file. Some repeated content to pad the file. Some repeated content to pad the file. Some repeated content to pad the file. Some repeated content to pad the file. Some repeated content to pad the file. Some repeated content to pad the file. Some repeated content to pad the file. Some repeated content to pad the file. Some repeated content to pad the file. Some repeated content to pad the file. Some repeated content to pad the file. Some repeated content to pad the file. Some repeated content to pad the file. Some repeated content to pad the file. Some repeated content to pad the file. Some repeated content to pad the file. Some repeated content to pad the file. Some repeated content to pad the file. Some repeated content to pad the file. Some repeated content to pad the file. Some repeated content to pad the file. Some repeated content to pad the file. Some repeated content to pad the file. Some repeated content to pad the file. Some repeated content to pad the file. Some repeated content to pad the file. Some repeated content to pad the file. Some repeated content to pad the file. Some repeated content to pad the file. Some repeated content to pad the file. Some repeated content to pad the file. Some repeated content to pad the file. Some repeated content to pad the file. Some repeated content to pad the file. Some repeated content to pad the file. Some repeated content to pad the file. Some repeated content to pad the file. Some repeated content to pad the file. Some repeated content to pad the file. Some repeated content to pad the file. Some repeated content to pad the file. Some repeated content to pad the file. Some repeated content to pad the file. Some repeated content to pad the file. Some repeated content to pad the file. Some repeated content to pad the file. Some repeated content to pad the file. Some repeated content to pad the file. Some repeated content to pad the file. Some repeated content to pad the file. Some repeated content to pad the file. Some repeated content to pad the file. Some repeated content to pad the file. Some repeated content to pad the file. Some repeated content to pad the file. Some repeated content to pad the file. Some repeated content to pad the file. Some repeated content to pad the file. Some repeated content to pad the file. Some repeated content to pad the file. Some repeated content to pad the file. Some repeated content to pad the file. Some repeated content to pad the file. Some repeated content to pad the file. Some repeated content to pad the file. Some repeated content to pad the file. Some repeated content to pad the file. Some repeated content to pad the file. Some repeated content to pad the file. Some repeated content to pad the file. Some repeated content to pad the file. Some repeated content to pad the file. Some repeated content to pad the file. Some repeated content to pad the file. Some repeated content to pad the file. Some repeated content to pad the file. Some repeated content to pad the file. Some repeated content to pad the file. Some repeated content to pad the file. Some repeated content to pad the file. Some repeated content to pad the file. Some repeated content to pad the file. Some repeated content to pad the file. Some repeated content to pad the file. Some repeated content to pad the file. Some repeated content to pad the file. Some repeated content to pad the file. Some repeated content to pad the file. Some repeated content to pad the file. Some repeated content to pad the file. Some repeated content to pad the file. Some repeated content to pad the file. Some repeated content to pad the file. Some repeated content to pad the file. Some repeated content to pad the file. Some repeated content to pad the file. Some repeated content to pad the file. Some repeated content to pad the file. Some repeated content to pad the file. Some repeated content to pad the file. Some repeated content to pad the file. Some repeated content to pad the file. Some repeated content to pad the file. Some repeated content to pad the file. Some repeated content to pad the file. Some repeated content to pad the file. Some repeated content to pad the file. Some repeated content to pad the file. Some repeated content to pad the file. Some repeated content to pad the file. Some repeated content to pad the file. Some repeated content to pad the file. Some repeated content to pad the file. Some repeated content to pad the file. Some repeated content to pad the file. Some repeated content to pad the file. Some repeated content to pad the file. Some repeated content to pad the file. Some repeated content to pad the file. Some repeated content to pad the file. Some repeated content to pad the file. Some repeated content to pad the file. Some repeated content to pad the file. Some repeated content to pad the file. Some repeated content to pad the file. Some repeated content to pad the file. Some repeated content to pad the file. Some repeated content to pad the file. Some repeated content to pad the file. Some repeated content to pad the file. Some repeated content to pad the file. Some repeated content to pad the file. Some repeated content to pad the file. Some repeated content to pad the file. Some repeated content to pad the file. Some repeated content to pad the file. Some repeated content to pad the file. Some repeated content to pad the file. Some repeated content to pad the file. Some repeated content to pad the file. Some repeated content to pad the file. Some repeated content to pad the file. Some repeated content to pad the file. Some repeated content to pad the file. Some repeated content to pad the file. Some repeated content to pad the file. Some repeated content to pad the file. Some repeated content to pad the file. Some repeated content to pad the file. Some repeated content to pad the file. Some repeated content to pad the file. Some repeated content to pad the file. Some repeated content to pad the file. Some repeated content to pad the file. Some repeated content to pad the file. Some repeated content to pad the file. Some repeated content to pad the file. Some repeated content to pad the file. Some repeated content to pad the file. Some repeated content to pad the file. Some repeated content to pad the file. Some repeated content to pad the file. Some repeated content to pad the file. Some repeated content to pad the file. Some repeated content to pad the file. Some repeated content to pad the file. Some repeated content to pad the file. Some repeated content to pad the file. Some repeated content to pad the file. Some repeated content to pad the file. Some repeated content to pad the file. Some repeated content to pad the file. Some repeated content to pad the file. Some repeated content to pad the file. Some repeated content to pad the file. Some repeated content to pad the file. Some repeated content to pad the file. Some repeated content to pad the file. Some repeated content to pad the file. Some repeated content to pad the file. Some repeated content to pad the file. Some repeated content to pad the file. Some repeated content to pad the file. Some repeated content to pad the file. Some repeated content to pad the file. Some repeated content to pad the file. Some repeated content to pad the file. Some repeated content to pad the file. Some repeated content to pad the file. Some repeated content to pad the file. Some repeated content to pad the file. Some repeated content to pad the file. Some repeated content to pad the file. Some repeated content to pad the file. Some repeated content to pad the file. Some repeated content to pad the file. Some repeated content to pad the file. Some repeated content to pad the file. Some repeated content to pad the file. Some repeated content to pad the file. Some repeated content to pad the file. Some repeated content to pad the file. Some repeated content to pad the file. Some repeated content to pad the file. Some repeated content to pad the file. Some repeated content to pad the file. Some repeated content to pad the file. Some repeated content to pad the file. Some repeated content to pad the file. Some repeated content to pad the file. Some repeated content to pad the file. Some repeated content to pad the file. Some repeated content to pad the file. Some repeated content to pad the file. Some repeated content to pad the file. Some repeated content to pad the file. Some repeated content to pad the file. Some repeated content to pad the file. Some repeated content to pad the file. Some repeated content to pad the file. Some repeated content to pad the file. Some repeated content to pad the file. Some repeated content to pad the file. Some repeated content to pad the file. Some repeated content to pad the file. Some repeated content to pad the file. Some repeated content to pad the file. Some repeated content to pad the file. Some repeated content to pad the file. Some repeated content to pad the file. Some repeated content to pad the file. Some repeated content to pad the file. Some repeated content to pad the file. Some repeated content to pad the file. Some repeated content to pad the file. Some repeated content to pad the file. Some repeated content to pad the file. Some repeated content to pad the file. Some repeated content to pad the file. Some repeated content to pad the file. Some repeated content to pad the file. Some repeated content to pad the file. Some repeated content to pad the file. Some repeated content to pad the file. Some repeated content to pad the file. Some repeated content to pad the file. Some repeated content to pad the file. Some repeated content to pad the file. Some repeated content to pad the file. Some repeated content to pad the file. Some repeated content to pad the file. Some repeated content to pad the file. Some repeated content to pad the file. Some repeated content to pad the file. Some repeated content to pad the file. Some repeated content to pad the file. Some repeated content to pad the file. Some repeated content to pad the file. Some repeated content to pad the file. Some repeated content to pad the file. Some repeated content to pad the file. Some repeated content to pad the file. Some repeated content to pad the file. Some repeated content to pad the file. Some repeated content to pad the file. Some repeated content to pad the file. Some repeated content to pad the file. Some repeated content to pad the file. Some repeated content to pad the file. Some repeated content to pad the file. Some repeated content to pad the file. Some repeated content to pad the file. Some repeated content to pad the file. Some repeated content to pad the file. Some repeated content to pad the file. Some repeated content to pad the file. Some repeated content to pad the file. Some repeated content to pad the file. Some repeated content to pad the file. Some repeated content to pad the file. Some repeated content to pad the file. Some repeated content to pad the file. Some repeated content to pad the file. Some repeated content to pad the file. Some repeated content to pad the file. Some repeated content to pad the file. Some repeated content to pad the file. Some repeated content to pad the file. Some repeated content to pad the file. Some repeated content to pad the file. Some repeated content to pad the file. Some repeated content to pad the file. Some repeated content to pad the file. Some repeated content to pad the file. Some repeated content to pad the file. Some repeated content to pad the file. Some repeated content to pad the file. Some repeated content to pad the file. Some repeated content to pad the file. Some repeated content to pad the file. Some repeated content to pad the file. Some repeated content to pad the file. Some repeated content to pad the file. Some repeated content to pad the file. Some repeated content to pad the file. Some repeated content to pad the file. Some repeated content to pad the file. Some repeated content to pad the file. Some repeated content to pad the file. Some repeated content to pad the file. Some repeated content to pad the file. Some repeated content to pad the file. Some repeated content to pad the file. Some repeated content to pad the file. Some repeated content to pad the file. Some repeated content to pad the file. Some repeated content to pad the file. Some repeated content to pad the file. Some repeated content to pad the file. Some repeated content to pad the file. Some repeated content to pad the file. Some repeated content to pad the file. Some repeated content to pad the file. Some repeated content to pad the file. Some repeated content to pad the file. Some repeated content to pad the file. Some repeated content to pad the file. Some repeated content to pad the file. Some repeated content to pad the file. Some repeated content to pad the file. Some repeated content to pad the file. Some repeated content to pad the file. Some repeated content to pad the file. Some repeated content to pad the file. Some repeated content to pad the file. Some repeated content to pad the file. Some repeated content to pad the file. Some repeated content to pad the file. Some repeated content to pad the file. Some repeated content to pad the file. Some repeated content to pad the file. Some repeated content to pad the file. Some repeated content to pad the file. Some repeated content to pad the file. Some repeated content to pad the file. Some repeated content to pad the file. Some repeated content to pad the file. Some repeated content to pad the file. Some repeated content to pad the file. Some repeated content to pad the file. Some repeated content to pad the file. Some repeated content to pad the file. Some repeated content to pad the file. Some repeated content to pad the file. Some repeated content to pad the file. Some repeated content to pad the file. Some repeated content to pad the file. Some repeated content to pad the file. Some repeated content to pad the file. Some repeated content to pad the file. Some repeated content to pad the file. Some repeated content to pad the file. Some repeated content to pad the file. Some repeated content to pad the file. Some repeated content to pad the file. Some repeated content to pad the file. Some repeated content to pad the file. Some repeated content to pad the file. Some repeated content to pad the file. Some repeated content to pad the file. Some repeated content to pad the file. Some repeated content to pad the file. Some repeated content to pad the file. Some repeated content to pad the file. Some repeated content to pad the file. Some repeated content to pad the file. Some repeated content to pad the file. Some repeated content to pad the file. Some repeated content to pad the file. Some repeated content to pad the file. Some repeated content to pad the file. Some repeated content to pad the file. Some repeated content to pad the file. Some repeated content to pad the file. Some repeated content to pad the file. Some repeated content to pad the file. Some repeated content to pad the file. Some repeated content to pad the file. Some repeated content to pad the file. Some repeated content to pad the file. Some repeated content to pad the file. Some repeated content to pad the file. Some repeated content to pad the file. Some repeated content to pad the file. Some repeated content to pad the file. Some repeated content to pad the file. Some repeated content to pad the file. Some repeated content to pad the file. Some repeated content to pad the file. Some repeated content to pad the file. Some repeated content to pad the file. Some repeated content to pad the file. Some repeated content to pad the file. Some repeated content to pad the file. Some repeated content to pad the file. Some repeated content to pad the file. Some repeated content to pad the file. Some repeated content to pad the file. Some repeated content to pad the file. Some repeated content to pad the file. Some repeated content to pad the file. Some repeated content to pad the file. Some repeated content to pad the file. Some repeated content to pad the file. Some repeated content to pad the file. Some repeated content to pad the file. Some repeated content to pad the file. Some repeated content to pad the file. Some repeated content to pad the file. Some repeated content to pad the file. Some repeated content to pad the file. Some repeated content to pad the file. Some repeated content to pad the file. Some repeated content to pad the file. Some repeated content to pad the file. Some repeated content to pad the file. Some repeated content to pad the file. Some repeated content to pad the file. Some repeated content to pad the file. Some repeated content to pad the file. Some repeated content to pad the file. Some repeated content to pad the file. Some repeated content to pad the file. Some repeated content to pad the file. Some repeated content to pad the file. Some repeated content to pad the file. Some repeated content to pad the file. Some repeated content to pad the file. Some repeated content to pad the file. Some repeated content to pad the file. Some repeated content to pad the file. Some repeated content to pad the file. Some repeated content to pad the file. Some repeated content to pad the file. Some repeated content to pad the file. Some repeated content to pad the file. Some repeated content to pad the file. Some repeated content to pad the file. Some repeated content to pad the file. Some repeated content to pad the file. Some repeated content to pad the file. Some repeated content to pad the file. Some repeated content to pad the file. Some repeated content to pad the file. Some repeated content to pad the file. Some repeated content to pad the file. Some repeated content to pad the file. Some repeated content to pad the file. Some repeated content to pad the file. Some repeated content to pad the file. Some repeated content to pad the file. Some repeated content to pad the file. Some repeated content to pad the file. Some repeated content to pad the file. Some repeated content to pad the file. Some repeated content to pad the file. Some repeated content to pad the file. Some repeated content to pad the file. Some repeated content to pad the file. Some repeated content to pad the file. Some repeated content to pad the file. Some repeated content to pad the file. Some repeated content to pad the file. Some repeated content to pad the file. Some repeated content to pad the file. Some repeated content to pad the file. Some repeated content to pad the file. Some repeated content to pad the file. Some repeated content to pad the file. Some repeated content to pad the file. Some repeated content to pad the file. Some repeated content to pad the file. Some repeated content to pad the file. Some repeated content to pad the file. Some repeated content to pad the file. Some repeated content to pad the file. Some repeated content to pad the file. Some repeated content to pad the file. Some repeated content to pad the file. Some repeated content to pad the file. Some repeated content to pad the file. Some repeated content to pad the file. Some repeated content to pad the file. Some repeated content to pad the file. Some repeated content to pad the file. Some repeated content to pad the file. Some repeated content to pad the file. Some repeated content to pad the file. Some repeated content to pad the file. Some repeated content to pad the file. Some repeated content to pad the file. Some repeated content to pad the file. Some repeated content to pad the file. Some repeated content to pad the file. Some repeated content to pad the file. Some repeated content to pad the file. Some repeated content to pad the file. Some repeated content to pad the file. Some repeated content to pad the file. Some repeated content to pad the file. Some repeated content to pad the file. Some repeated content to pad the file. Some repeated content to pad the file. Some repeated content to pad the file. Some repeated content to pad the file. Some repeated content to pad the file. Some repeated content to pad the file. Some repeated content to pad the file. Some repeated content to pad the file. Some repeated content to pad the file. Some repeated content to pad the file. Some repeated content to pad the file. Some repeated content to pad the file. Some repeated content to pad the file. Some repeated content to pad the file. Some repeated content to pad the file. Some repeated content to pad the file. Some repeated content to pad the file. Some repeated content to pad the file. Some repeated content to pad the file. Some repeated content to pad the file. Some repeated content to pad the file. Some repeated content to pad the file. Some repeated content to pad the file. Some repeated content to pad the file. Some repeated content to pad the file. Some repeated content to pad the file. Some repeated content to pad the file. Some repeated content to pad the file. Some repeated content to pad the file. Some repeated content to pad the file. Some repeated content to pad the file. Some repeated content to pad the file. Some repeated content to pad the file. Some repeated content to pad the file. Some repeated content to pad the file. Some repeated content to pad the file. Some repeated content to pad the file. Some repeated content to pad the file. Some repeated content to pad the file. Some repeated content to pad the file. Some repeated content to pad the file. Some repeated content to pad the file. Some repeated content to pad the file. Some repeated content to pad the file. Some repeated content to pad the file. Some repeated content to pad the file. Some repeated content to pad the file. Some repeated content to pad the file. Some repeated content to pad the file. Some repeated content to pad the file. Some repeated content to pad the file. Some repeated content to pad the file. Some repeated content to pad the file. Some repeated content to pad the file. Some repeated content to pad the file. Some repeated content to pad the file. Some repeated content to pad the file. Some repeated content to pad the file. Some repeated content to pad the file. Some repeated content to pad the file. Some repeated content to pad the file. Some repeated content to pad the file. Some repeated content to pad the file. Some repeated content to pad the file. Some repeated content to pad the file. Some repeated content to pad the file. Some repeated content to pad the file. Some repeated content to pad the file. Some repeated content to pad the file. Some repeated content to pad the file. Some repeated content to pad the file. Some repeated content to pad the file. Some repeated content to pad the file. Some repeated content to pad the file. Some repeated content to pad the file. Some repeated content to pad the file. Some repeated content to pad the file. Some repeated content to pad the file. Some repeated content to pad the file. Some repeated content to pad the file. Some repeated content to pad the file. Some repeated content to pad the file. Some repeated content to pad the file. Some repeated content to pad the file. Some repeated content to pad the file. Some repeated content to pad the file. Some repeated content to pad the file. Some repeated content to pad the file. Some repeated content to pad the file. Some repeated content to pad the file. Some repeated content to pad the file. Some repeated content to pad the file. Some repeated content to pad the file. Some repeated content to pad the file. Some repeated content to pad the file. Some repeated content to pad the file. Some repeated content to pad the file. Some repeated content to pad the file. Some repeated content to pad the file. Some repeated content to pad the file. Some repeated content to pad the file. Some repeated content to pad the file. Some repeated content to pad the file. Some repeated content to pad the file. Some repeated content to pad the file. Some repeated content to pad the file. Some repeated content to pad the file. Some repeated content to pad the file. Some repeated content to pad the file. Some repeated content to pad the file. Some repeated content to pad the file. Some repeated content to pad the file. Some repeated content to pad the file. Some repeated content to pad the file. Some repeated content to pad the file. Some repeated content to pad the file. Some repeated content to pad the file. Some repeated content to pad the file. Some repeated content to pad the file. Some repeated content to pad the file. Some repeated content to pad the file. Some repeated content to pad the file. Some repeated content to pad the file. Some repeated content to pad the file. Some repeated content to pad the file. Some repeated content to pad the file. Some repeated content to pad the file. Some repeated content to pad the file. Some repeated content to pad the file. Some repeated content to pad the file. Some repeated content to pad the file. Some repeated content to pad the file. Some repeated content to pad the file. Some repeated content to pad the file. Some repeated content to pad the file. Some repeated content to pad the file. Some repeated content to pad the file. Some repeated content to pad the file. Some repeated content to pad the file. Some repeated content to pad the file. Some repeated content to pad the file. Some repeated content to pad the file. Some repeated content to pad the file. Some repeated content to pad the file. Some repeated content to pad the file. Some repeated content to pad the file. Some repeated content to pad the file. Some repeated content to pad the file. Some repeated content to pad the file. Some repeated content to pad the file. Some repeated content to pad the file. Some repeated content to pad the file. Some repeated content to pad the file. Some repeated content to pad the file. Some repeated content to pad the file. Some repeated content to pad the file. Some repeated content to pad the file. Some repeated content to pad the file. Some repeated content to pad the file. Some repeated content to pad the file. Some repeated content to pad the file. Some repeated content to pad the file. Some repeated content to pad the file. Some repeated content to pad the file. Some repeated content to pad the file. Some repeated content to pad the file. Some repeated content to pad the file. Some repeated content to pad the file. Some repeated content to pad the file. Some repeated content to pad the file. Some repeated content to pad the file. Some repeated content to pad the file. Some repeated content to pad the file. Some repeated content to pad the file. Some repeated content to pad the file. Some repeated content to pad the file. Some repeated content to pad the file. Some repeated content to pad the file. Some repeated content to pad the file. Some repeated content to pad the file. Some repeated content to pad the file. Some repeated content to pad the file. Some repeated content to pad the file. Some repeated content to pad the file. Some repeated content to pad the file. Some repeated content to pad the file. Some repeated content to pad the file. Some repeated content to pad the file. Some repeated content to pad the file. Some repeated content to pad the file. Some repeated content to pad the file. Some repeated content to pad the file. Some repeated content to pad the file. Some repeated content to pad the file. Some repeated content to pad the file. Some repeated content to pad the file. Some repeated content to pad the file. Some repeated content to pad the file. Some repeated content to pad the file. Some repeated content to pad the file. Some repeated content to pad the file. Some repeated content to pad the file. Some repeated content to pad the file. Some repeated content to pad the file. Some repeated content to pad the file. Some repeated content to pad the file. Some repeated content to pad the file. Some repeated content to pad the file. Some repeated content to pad the file. Some repeated content to pad the file. Some repeated content to pad the file. Some repeated content to pad the file. Some repeated content to pad the file. Some repeated content to pad the file. Some repeated content to pad the file. Some repeated content to pad the file. Some repeated content to pad the file. Some repeated content to pad the file. Some repeated content to pad the file. Some repeated content to pad the file. Some repeated content to pad the file. Some repeated content to pad the file. Some repeated content to pad the file. Some repeated content to pad the file. Some repeated content to pad the file. Some repeated content to pad the file. Some repeated content to pad the file. Some repeated content to pad the file. Some repeated content to pad the file. Some repeated content to pad the file. Some repeated content to pad the file. Some repeated content to pad the file. Some repeated content to pad the file. Some repeated content to pad the file. Some repeated content to pad the file. Some repeated content to pad the file. Some repeated content to pad the file. Some repeated content to pad the file. Some repeated content to pad the file. Some repeated content to pad the file. Some repeated content to pad the file. Some repeated content to pad the file. Some repeated content to pad the file. Some repeated content to pad the file. Some repeated content to pad the file. Some repeated content to pad the file. Some repeated content to pad the file. Some repeated content to pad the file. Some repeated content to pad the file. Some repeated content to pad the file. Some repeated content to pad the file. Some repeated content to pad the file. Some repeated content to pad the file. Some repeated content to pad the file. Some repeated content to pad the file. Some repeated content to pad the file. Some repeated content to pad the file. Some repeated content to pad the file. Some repeated content to pad the file. Some repeated content to pad the file. Some repeated content to pad the file. Some repeated content to pad the file. Some repeated content to pad the file. Some repeated content to pad the file. Some repeated content to pad the file. Some repeated content to pad the file. Some repeated content to pad the file. Some repeated content to pad the file. Some repeated content to pad the file. Some repeated content to pad the file. Some repeated content to pad the file. Some repeated content to pad the file. Some repeated content to pad the file. Some repeated content to pad the file. Some repeated content to pad the file. Some repeated content to pad the file. Some repeated content to pad the file. Some repeated content to pad the file. Some repeated content to pad the file. Some repeated content to pad the file. Some repeated content to pad the file. Some repeated content to pad the file. Some repeated content to pad the file. Some repeated content to pad the file. Some repeated content to pad the file. Some repeated content to pad the file. Some repeated content to pad the file. Some repeated content to pad the file. Some repeated content to pad the file. Some repeated content to pad the file. Some repeated content to pad the file. Some repeated content to pad the file. Some repeated content to pad the file. Some repeated content to pad the file. Some repeated content to pad the file. Some repeated content to pad the file. Some repeated content to pad the file. Some repeated content to pad the file. Some repeated content to pad the file. Some repeated content to pad the file. Some repeated content to pad the file. Some repeated content to pad the file. Some repeated content to pad the file. Some repeated content to pad the file. Some repeated content to pad the file. Some repeated content to pad the file. Some repeated content to pad the file. Some repeated content to pad the file. Some repeated content to pad the file. Some repeated content to pad the file. Some repeated content to pad the file. Some repeated content to pad the file. Some repeated content to pad the file. Some repeated content to pad the file. Some repeated content to pad the file. Some repeated content to pad the file. Some repeated content to pad the file. Some repeated content to pad the file. Some repeated content to pad the file. Some repeated content to pad the file. Some repeated content to pad the file. Some repeated content to pad the file. Some repeated content to pad the file. Some repeated content to pad the file. Some repeated content to pad the file. Some repeated content to pad the file. Some repeated content to pad the file. Some repeated content to pad the file. Some repeated content to pad the file. Some repeated content to pad the file. Some repeated content to pad the file. Some repeated content to pad the file. Some repeated content to pad the file. Some repeated content to pad the file. Some repeated content to pad the file. Some repeated content to pad the file. Some repeated content to pad the file. Some repeated content to pad the file. Some repeated content to pad the file. Some repeated content to pad the file. Some repeated content to pad the file. Some repeated content to pad the file. Some repeated content to pad the file. Some repeated content to pad the file. Some repeated content to pad the file. Some repeated content to pad the file. Some repeated content to pad the file. Some repeated content to pad the file. Some repeated content to pad the file. Some repeated content to pad the file. Some repeated content to pad the file. Some repeated content to pad the file. Some repeated content to pad the file. Some repeated content to pad the file. Some repeated content to pad the file. Some repeated content to pad the file. Some repeated content to pad the file. Some repeated content to pad the file. Some repeated content to pad the file. Some repeated content to pad the file. Some repeated content to pad the file. Some repeated content to pad the file. Some repeated content to pad the file. Some repeated content to pad the file. Some repeated content to pad the file. Some repeated content to pad the file. Some repeated content to pad the file. Some repeated content to pad the file. Some repeated content to pad the file. Some repeated content to pad the file. Some repeated content to pad the file. Some repeated content to pad the file. Some repeated content to pad the file. Some repeated content to pad the file. Some repeated content to pad the file. Some repeated content to pad the file. Some repeated content to pad the file. Some repeated content to pad the file. Some repeated content to pad the file. Some repeated content to pad the file. Some repeated content to pad the file. Some repeated content to pad the file. Some repeated content to pad the file. Some repeated content to pad the file. Some repeated content to pad the file. Some repeated content to pad the file. Some repeated content to pad the file. Some repeated content to pad the file. Some repeated content to pad the file. Some repeated content to pad the file. Some repeated content to pad the file. Some repeated content to pad the file. Some repeated content to pad the file. Some repeated content to pad the file. Some repeated content to pad the file. Some repeated content to pad the file. Some repeated content to pad the file. Some repeated content to pad the file. Some repeated content to pad the file. Some repeated content to pad the file. Some repeated content to pad the file. Some repeated content to pad the file. Some repeated content to pad the file. Some repeated content to pad the file. Some repeated content to pad the file. Some repeated content to pad the file. Some repeated content to pad the file. Some repeated content to pad the file. Some repeated content to pad the file. Some repeated content to pad the file. Some repeated content to pad the file. Some repeated content to pad the file. Some repeated content to pad the file. Some repeated content to pad the file. Some repeated content to pad the file. Some repeated content to pad the file. Some repeated content to pad the file. Some repeated content to pad the file. Some repeated content to pad the file. Some repeated content to pad the file. Some repeated content to pad the file. Some repeated content to pad the file. Some repeated content to pad the file. Some repeated content to pad the file. Some repeated content to pad the file. Some repeated content to pad the file. Some repeated content to pad the file. Some repeated content to pad the file. Some repeated content to pad the file. Some repeated content to pad the file. Some repeated content to pad the file. Some repeated content to pad the file. Some repeated content to pad the file. Some repeated content to pad the file. Some repeated content to pad the file. Some repeated content to pad the file. Some repeated content to pad the file. Some repeated content to pad the file. Some repeated content to pad the file. Some repeated content to pad the file. Some repeated content to pad the file. Some repeated content to pad the file. Some repeated content to pad the file. Some repeated content to pad the file. Some repeated content to pad the file. Some repeated content to pad the file. Some repeated content to pad the file. Some repeated content to pad the file. Some repeated content to pad the file. Some repeated content to pad the file. Some repeated content to pad the file. Some repeated content to pad the file. Some repeated content to pad the file. Some repeated content to pad the file. Some repeated content to pad the file. Some repeated content to pad the file. Some repeated content to pad the file. Some repeated content to pad the file. Some repeated content to pad the file. Some repeated content to pad the file. Some repeated content to pad the file. Some repeated content to pad the file. Some repeated content to pad the file. Some repeated content to pad the file. Some repeated content to pad the file. Some repeated content to pad the file. Some repeated content to pad the file. Some repeated content to pad the file. Some repeated content to pad the file. Some repeated content to pad the file. Some repeated content to pad the file. Some repeated content to pad the file. Some repeated content to pad the file. Some repeated content to pad the file. Some repeated content to pad the file. Some repeated content to pad the file. Some repeated content to pad the file. Some repeated content to pad the file. Some repeated content to pad the file. Some repeated content to pad the file. Some repeated content to pad the file. Some repeated content to pad the file. Some repeated content to pad the file. Some repeated content to pad the file. Some repeated content to pad the file. Some repeated content to pad the file. Some repeated content to pad the file. Some repeated content to pad the file. Some repeated content to pad the file. Some repeated content to pad the file. Some repeated content to pad the file. Some repeated content to pad the file. Some repeated content to pad the file. Some repeated content to pad the file. Some repeated content to pad the file. Some repeated content to pad the file. Some repeated content to pad the file. Some repeated content to pad the file. Some repeated content to pad the file. Some repeated content to pad the file. Some repeated content to pad the file. Some repeated content to pad the file. Some repeated content to pad the file. Some repeated content to pad the file. Some repeated content to pad the file. Some repeated content to pad the file. Some repeated content to pad the file. Some repeated content to pad the file. Some repeated content to pad the file. Some repeated content to pad the file. Some repeated content to pad the file. Some repeated content to pad the file. Some repeated content to pad the file. Some repeated content to pad the file. Some repeated content to pad the file. Some repeated content to pad the file. Some repeated content to pad the file. Some repeated content to pad the file. Some repeated content to pad the file. Some repeated content to pad the file. Some repeated content to pad the file. Some repeated content to pad the file. Some repeated content to pad the file. Some repeated content to pad the file. Some repeated content to pad the file. Some repeated content to pad the file. Some repeated content to pad the file. Some repeated content to pad the file. Some repeated content to pad the file. Some repeated content to pad the file. Some repeated content to pad the file. Some repeated content to pad the file. Some repeated content to pad the file. Some repeated content to pad the file. Some repeated content to pad the file. Some repeated content to pad the file. Some repeated content to pad the file. Some repeated content to pad the file. Some repeated content to pad the file. Some repeated content to pad the file. Some repeated content to pad the file. Some repeated content to pad the file. Some repeated content to pad the file. Some repeated content to pad the file. Some repeated content to pad the file. Some repeated content to pad the file. Some repeated content to pad the file. Some repeated content to pad the file. Some repeated content to pad the file. Some repeated content to pad the file. Some repeated content to pad the file. Some repeated content to pad the file. Some repeated content to pad the file. Some repeated content to pad the file. Some repeated content to pad the file. Some repeated content to pad the file. Some repeated content to pad the file. Some repeated content to pad the file. Some repeated content to pad the file. Some repeated content to pad the file. Some repeated content to pad the file. Some repeated content to pad the file. Some repeated content to pad the file. Some repeated content to pad the file. Some repeated content to pad the file. Some repeated content to pad the file. Some repeated content to pad the file. Some repeated content to pad the file. Some repeated content to pad the file. Some repeated content to pad the file. Some repeated content to pad the file. Some repeated content to pad the file. Some repeated content to pad the file. Some repeated content to pad the file. Some repeated content to pad the file. Some repeated content to pad the file. Some repeated content to pad the file. Some repeated content to pad the file. Some repeated content to pad the file. Some repeated content to pad the file. Some repeated content to pad the file. Some repeated content to pad the file. Some repeated content to pad the file. Some repeated content to pad the file. Some repeated content to pad the file. Some repeated content to pad the file. Some repeated content to pad the file. Some repeated content to pad the file. Some repeated content to pad the file. Some repeated content to pad the file. Some repeated content to pad the file. Some repeated content to pad the file. Some repeated content to pad the file. Some repeated content to pad the file. Some repeated content to pad the file. Some repeated content to pad the file. Some repeated content to pad the file. Some repeated content to pad the file. Some repeated content to pad the file. Some repeated content to pad the file. Some repeated content to pad the file. Some repeated content to pad the file. Some repeated content to pad the file. Some repeated content to pad the file. Some repeated content to pad the file. Some repeated content to pad the file. Some repeated content to pad the file. Some repeated content to pad the file. Some repeated content to pad the file. Some repeated content to pad the file. Some repeated content to pad the file. Some repeated content to pad the file. Some repeated content to pad the file. Some repeated content to pad the file. Some repeated content to pad the file. Some repeated content to pad the file. Some repeated content to pad the file. Some repeated content to pad the file. Some repeated content to pad the file. Some repeated content to pad the file. Some repeated content to pad the file. Some repeated content to pad the file. Some repeated content to pad the file. Some repeated content to pad the file. Some repeated content to pad the file. Some repeated content to pad the file. Some repeated content to pad the file. Some repeated content to pad the file. Some repeated content to pad the file. Some repeated content to pad the file. Some repeated content to pad the file. Some repeated content to pad the file. Some repeated content to pad the file. Some repeated content to pad the file. Some repeated content to pad the file. Some repeated content to pad the file. Some repeated content to pad the file. Some repeated content to pad the file. Some repeated content to pad the file. Some repeated content to pad the file. Some repeated content to pad the file. Some repeated content to pad the file. Some repeated content to pad the file. Some repeated content to pad the file. Some repeated content to pad the file. Some repeated content to pad the file. Some repeated content to pad the file. Some repeated content to pad the file. Some repeated content to pad the file. Some repeated content to pad the file. Some repeated content to pad the file. Some repeated content to pad the file. Some repeated content to pad the file. Some repeated content to pad the file. Some repeated content to pad the file. Some repeated content to pad the file. Some repeated content to pad the file. Some repeated content to pad the file. Some repeated content to pad the file. Some repeated content to pad the file. Some repeated content to pad the file. Some repeated content to pad the file. Some repeated content to pad the file. Some repeated content to pad the file. Some repeated content to pad the file. Some repeated content to pad the file. Some repeated content to pad the file. Some repeated content to pad the file. Some repeated content to pad the file. Some repeated content to pad the file. Some repeated content to pad the file. Some repeated content to pad the file. Some repeated content to pad the file. Some repeated content to pad the file. Some repeated content to pad the file. Some repeated content to pad the file. Some repeated content to pad the file. Some repeated content to pad the file. Some repeated content to pad the file. Some repeated content to pad the file. Some repeated content to pad the file. Some repeated content to pad the file. Some repeated content to pad the file. Some repeated content to pad the file. Some repeated content to pad the file. Some repeated content to pad the file. Some repeated content to pad the file. Some repeated content to pad the file. Some repeated content to pad the file. Some repeated content to pad the file. Some repeated content to pad the file. Some repeated content to pad the file. Some repeated content to pad the file. Some repeated content to pad the file. Some repeated content to pad the file. Some repeated content to pad the file. Some repeated content to pad the file. Some repeated content to pad the file. Some repeated content to pad the file. Some repeated content to pad the file. Some repeated content to pad the file. Some repeated content to pad the file. Some repeated content to pad the file. Some repeated content to pad the file. Some repeated content to pad the file. Some repeated content to pad the file. Some repeated content to pad the file. Some repeated content to pad the file. Some repeated content to pad the file. Some repeated content to pad the file. Some repeated content to pad the file. Some repeated content to pad the file. Some repeated content to pad the file. Some repeated content to pad the file. Some repeated content to pad the file. Some repeated content to pad the file. Some repeated content to pad the file. Some repeated content to pad the file. Some repeated content to pad the file. Some repeated content to pad the file. Some repeated content to pad the file. Some repeated content to pad the file. Some repeated content to pad the file. Some repeated content to pad the file. Some repeated content to pad the file. Some repeated content to pad the file. Some repeated content to pad the file. Some repeated content to pad the file. Some repeated content to pad the file. Some repeated content to pad the file. Some repeated content to pad the file. Some repeated content to pad the file. Some repeated content to pad the file. Some repeated content to pad the file. Some repeated content to pad the file. Some repeated content to pad the file. Some repeated content to pad the file. Some repeated content to pad the file. Some repeated content to pad the file. Some repeated content to pad the file. Some repeated content to pad the file. Some repeated content to pad the file. Some repeated content to pad the file. Some repeated content to pad the file. Some repeated content to pad the file. Some repeated content to pad the file. Some repeated content to pad the file. Some repeated content to pad the file. Some repeated content to pad the file. Some repeated content to pad the file. Some repeated content to pad the file. Some repeated content to pad the file. Some repeated content to pad the file. Some repeated content to pad the file. Some repeated content to pad the file. Some repeated content to pad the file. Some repeated content to pad the file. Some repeated content to pad the file. Some repeated content to pad the file. Some repeated content to pad the file. Some repeated content to pad the file. Some repeated content to pad the file. Some repeated content to pad the file. Some repeated content to pad the file. Some repeated content to pad the file. Some repeated content to pad the file. Some repeated content to pad the file. Some repeated content to pad the file. Some repeated content to pad the file. Some repeated content to pad the file. Some repeated content to pad the file. Some repeated content to pad the file. Some repeated content to pad the file. Some repeated content to pad the file. Some repeated content to pad the file. Some repeated content to pad the file. Some repeated content to pad the file. Some repeated content to pad the file. Some repeated content to pad the file. Some repeated content to pad the file. Some repeated content to pad the file. Some repeated content to pad the file. Some repeated content to pad the file. Some repeated content to pad the file. Some repeated content to pad the file. Some repeated content to pad the file. Some repeated content to pad the file. Some repeated content to pad the file. Some repeated content to pad the file. Some repeated content to pad the file. Some repeated content to pad the file. Some repeated content to pad the file. Some repeated content to pad the file. Some repeated content to pad the file. Some repeated content to pad the file. Some repeated content to pad the file. Some repeated content to pad the file. Some repeated content to pad the file. Some repeated content to pad the file. Some repeated content to pad the file. Some repeated content to pad the file. Some repeated content to pad the file. Some repeated content to pad the file. Some repeated content to pad the file. Some repeated content to pad the file. Some repeated content to pad the file. Some repeated content to pad the file. Some repeated content to pad the file. Some repeated content to pad the file. Some repeated content to pad the file. Some repeated content to pad the file. Some repeated content to pad the file. Some repeated content to pad the file. Some repeated content to pad the file. Some repeated content to pad the file. Some repeated content to pad the file. Some repeated content to pad the file. Some repeated content to pad the file. Some repeated content to pad the file. Some repeated content to pad the file. Some repeated content to pad the file. Some repeated content to pad the file. Some repeated content to pad the file. Some repeated content to pad the file. Some repeated content to pad the file. Some repeated content to pad the file. Some repeated content to pad the file. Some repeated content to pad the file. Some repeated content to pad the file. Some repeated content to pad the file. Some repeated content to pad the file. Some repeated content to pad the file. Some repeated content to pad the file. Some repeated content to pad the file. Some repeated content to pad the file. Some repeated content to pad the file. Some repeated content to pad the file. Some repeated content to pad the file. Some repeated content to pad the file. Some repeated content to pad the file. Some repeated content to pad the file. Some repeated content to pad the file. Some repeated content to pad the file. Some repeated content to pad the file. Some repeated content to pad the file. Some repeated content to pad the file. Some repeated content to pad the file. Some repeated content to pad the file. Some repeated content to pad the file. Some repeated content to pad the file. Some repeated content to pad the file. Some repeated content to pad the file. Some repeated content to pad the file. Some repeated content to pad the file. Some repeated content to pad the file. Some repeated content to pad the file. Some repeated content to pad the file. Some repeated content to pad the file. Some repeated content to pad the file. Some repeated content to pad the file. Some repeated content to pad the file. Some repeated content to pad the file. Some repeated content to pad the file. Some repeated content to pad the file. Some repeated content to pad the file. Some repeated content to pad the file. Some repeated content to pad the file. Some repeated content to pad the file. Some repeated content to pad the file. Some repeated content to pad the file. Some repeated content to pad the file. Some repeated content to pad the file. Some repeated content to pad the file. Some repeated content to pad the file. Some repeated content to pad the file. Some repeated content to pad the file. Some repeated content to pad the file. Some repeated content to pad the file. Some repeated content to pad the file. Some repeated content to pad the file. Some repeated content to pad the file. Some repeated content to pad the file. Some repeated content to pad the file. Some repeated content to pad the file. Some repeated content to pad the file. Some repeated content to pad the file. Some repeated content to pad the file. Some repeated content to pad the file. Some repeated content to pad the file. Some repeated content to pad the file. Some repeated content to pad the file. Some repeated content to pad the file. Some repeated content to pad the file. Some repeated content to pad the file. Some repeated content to pad the file. Some repeated content to pad the file. Some repeated content to pad the file. Some repeated content to pad the file. Some repeated content to pad the file. Some repeated content to pad the file. Some repeated content to pad the file. Some repeated content to pad the file. Some repeated content to pad the file. Some repeated content to pad the file. Some repeated content to pad the file. Some repeated content to pad the file. Some repeated content to pad the file. Some repeated content to pad the file. Some repeated content to pad the file. Some repeated content to pad the file. Some repeated content to pad the file. Some repeated content to pad the file. Some repeated content to pad the file. Some repeated content to pad the file. Some repeated content to pad the file. Some repeated content to pad the file. Some repeated content to pad the file. Some repeated content to pad the file. Some repeated content to pad the file. Some repeated content to pad the file. Some repeated content to pad the file. Some repeated content to pad the file. Some repeated content to pad the file. Some repeated content to pad the file. Some repeated content to pad the file. Some repeated content to pad the file. Some repeated content to pad the file. Some repeated content to pad the file. Some repeated content to pad the file. Some repeated content to pad the file. Some repeated content to pad the file. Some repeated content to pad the file. Some repeated content to pad the file. Some repeated content to pad the file. Some repeated content to pad the file. Some repeated content to pad the file. Some repeated content to pad the file. Some repeated content to pad the file. Some repeated content to pad the file. Some repeated content to pad the file. Some repeated content to pad the file. Some repeated content to pad the file. Some repeated content to pad the file. Some repeated content to pad the file. Some repeated content to pad the file. Some repeated content to pad the file. Some repeated content to pad the file. Some repeated content to pad the file. Some repeated content to pad the file. Some repeated content to pad the file. Some repeated content to pad the file. Some repeated content to pad the file. Some repeated content to pad the file. Some repeated content to pad the file. Some repeated content to pad the file. Some repeated content to pad the file. Some repeated content to pad the file. Some repeated content to pad the file. Some repeated content to pad the file. Some repeated content to pad the file. Some repeated content to pad the file. Some repeated content to pad the file. Some repeated content to pad the file. Some repeated content to pad the file. Some repeated content to pad the file. Some repeated content to pad the file. Some repeated content to pad the file. Some repeated content to pad the file. Some repeated content to pad the file. Some repeated content to pad the file. Some repeated content to pad the file. Some repeated content to pad the file. Some repeated content to pad the file. Some repeated content to pad the file. Some repeated content to pad the file. Some repeated content to pad the file. Some repeated content to pad the file. Some repeated content to pad the file. Some repeated content to pad the file. Some repeated content to pad the file. Some repeated content to pad the file. Some repeated content to pad the file. Some repeated content to pad the file. Some repeated content to pad the file. Some repeated content to pad the file. Some repeated content to pad the file. Some repeated content to pad the file. Some repeated content to pad the file. Some repeated content to pad the file. Some repeated content to pad the file. Some repeated content to pad the file. Some repeated content to pad the file. Some repeated content to pad the file. Some repeated content to pad the file. Some repeated content to pad the file. Some repeated content to pad the file. Some repeated content to pad the file. Some repeated content to pad the file. Some repeated content to pad the file. Some repeated content to pad the file. Some repeated content to pad the file. Some repeated content to pad the file. Some repeated content to pad the file. Some repeated content to pad the file. Some repeated content to pad the file. Some repeated content to pad the file. Some repeated content to pad the file. Some repeated content to pad the file. Some repeated content to pad the file. Some repeated content to pad the file. Some repeated content to pad the file. Some repeated content to pad the file. Some repeated content to pad the file. Some repeated content to pad the file. Some repeated content to pad the file. Some repeated content to pad the file. Some repeated content to pad the file. Some repeated content to pad the file. Some repeated content to pad the file. Some repeated content to pad the file. Some repeated content to pad the file. Some repeated content to pad the file. Some repeated content to pad the file. Some repeated content to pad the file. Some repeated content to pad the file. Some repeated content to pad the file. Some repeated content to pad the file. Some repeated content to pad the file. Some repeated content to pad the file. Some repeated content to pad the file. Some repeated content to pad the file. Some repeated content to pad the file. Some repeated content to pad the file. Some repeated content to pad the file. Some repeated content to pad the file. Some repeated content to pad the file. Some repeated content to pad the file. Some repeated content to pad the file. Some repeated content to pad the file. Some repeated content to pad the file. Some repeated content to pad the file. Some repeated content to pad the file. Some repeated content to pad the file. Some repeated content to pad the file. Some repeated content to pad the file. Some repeated content to pad the file. Some repeated content to pad the file. Some repeated content to pad the file. Some repeated content to pad the file. Some repeated content to pad the file. Some repeated content to pad the file. Some repeated content to pad the file. Some repeated content to pad the file. Some repeated content to pad the file. Some repeated content to pad the file. Some repeated content to pad the file. Some repeated content to pad the file. Some repeated content to pad the file. Some repeated content to pad the file. Some repeated content to pad the file. Some repeated content to pad the file. Some repeated content to pad the file. Some repeated content to pad the file. Some repeated content to pad the file. Some repeated content to pad the file. Some repeated content to pad the file. Some repeated content to pad the file. Some repeated content to pad the file. Some repeated content to pad the file. Some repeated content to pad the file. Some repeated content to pad the file. Some repeated content to pad the file. Some repeated content to pad the file. Some repeated content to pad the file. Some repeated content to pad the file. Some repeated content to pad the file. Some repeated content to pad the file. Some repeated content to pad the file. Some repeated content to pad the file. Some repeated content to pad the file. Some repeated content to pad the file. Some repeated content to pad the file. Some repeated content to pad the file. Some repeated content to pad the file. Some repeated content to pad the file. Some repeated content to pad the file. Some repeated content to pad the file. Some repeated content to pad the file. Some repeated content to pad the file. Some repeated content to pad the file. Some repeated content to pad the file. Some repeated content to pad the file. Some repeated content to pad the file. Some repeated content to pad the file. Some repeated content to pad the file. Some repeated content to pad the file. Some repeated content to pad the file. Some repeated content to pad the file. Some repeated content to pad the file. Some repeated content to pad the file. Some repeated content to pad the file. Some repeated content to pad the file. Some repeated content to pad the file. Some repeated content to pad the file. Some repeated content to pad the file. Some repeated content to pad the file. Some repeated content to pad the file. Some repeated content to pad the file. Some repeated content to pad the file. Some repeated content to pad the file. Some repeated content to pad the file. Some repeated content to pad the file. Some repeated content to pad the file. Some repeated content to pad the file. Some repeated content to pad the file. Some repeated content to pad the file. Some repeated content to pad the file. Some repeated content to pad the file. Some repeated content to pad the file. Some repeated content to pad the file. Some repeated content to pad the file. Some repeated content to pad the file. Some repeated content to pad the file. Some repeated content to pad the file. Some repeated content to pad the file. Some repeated content to pad the file. Some repeated content to pad the file. Some repeated content to pad the file. Some repeated content to pad the file. Some repeated content to pad the file. Some repeated content to pad the file. Some repeated content to pad the file. Some repeated content to pad the file. Some repeated content to pad the file. Some repeated content to pad the file. Some repeated content to pad the file. Some repeated content to pad the file. Some repeated content to pad the file. Some repeated content to pad the file. Some repeated content to pad the file. Some repeated content to pad the file. Some repeated content to pad the file. Some repeated content to pad the file. Some repeated content to pad the file. Some repeated content to pad the file. Some repeated content to pad the file. Some repeated content to pad the file. Some repeated content to pad the file. Some repeated content to pad the file. Some repeated content to pad the file. Some repeated content to pad the file. Some repeated content to pad the file. Some repeated content to pad the file. Some repeated content to pad the file. Some repeated content to pad the file. Some repeated content to pad the file. Some repeated content to pad the file. Some repeated content to pad the file. Some repeated content to pad the file. Some repeated content to pad the file. Some repeated content to pad the file. Some repeated content to pad the file. Some repeated content to pad the file. Some repeated content to pad the file. Some repeated content to pad the file. Some repeated content to pad the file. Some repeated content to pad the file. Some repeated content to pad the file. Some repeated content to pad the file. Some repeated content to pad the file. Some repeated content to pad the file. Some repeated content to pad the file. Some repeated content to pad the file. Some repeated content to pad the file. Some repeated content to pad the file. Some repeated content to pad the file. Some repeated content to pad the file. Some repeated content to pad the file. Some repeated content to pad the file. Some repeated content to pad the file. Some repeated content to pad the file. Some repeated content to pad the file. Some repeated content to pad the file. Some repeated content to pad the file. Some repeated content to pad the file. Some repeated content to pad the file. Some repeated content to pad the file. Some repeated content to pad the file. Some repeated content to pad the file. Some repeated content to pad the file. Some repeated content to pad the file. Some repeated content to pad the file. Some repeated content to pad the file. Some repeated content to pad the file. Some repeated content to pad the file. Some repeated content to pad the file. Some repeated content to pad the file. Some repeated content to pad the file. Some repeated content to pad the file. Some repeated content to pad the file. Some repeated content to pad the file. Some repeated content to pad the file. Some repeated content to pad the file. Some repeated content to pad the file. Some repeated content to pad the file. Some repeated content to pad the file. Some repeated content to pad the file. Some repeated content to pad the file. Some repeated content to pad the file. Some repeated content to pad the file. Some repeated content to pad the file. Some repeated content to pad the file. Some repeated content to pad the file. Some repeated content to pad the file. Some repeated content to pad the file. Some repeated content to pad the file. Some repeated content to pad the file. Some repeated content to pad the file. Some repeated content to pad the file. Some repeated content to pad the file. Some repeated content to pad the file. Some repeated content to pad the file. Some repeated content to pad the file. Some repeated content to pad the file. Some repeated content to pad the file. Some repeated content to pad the file. Some repeated content to pad the file. Some repeated content to pad the file. Some repeated content to pad the file. Some repeated content to pad the file. Some repeated content to pad the file. Some repeated content to pad the file. Some repeated content to pad the file. Some repeated content to pad the file. Some repeated content to pad the file. Some repeated content to pad the file. Some repeated content to pad the file. Some repeated content to pad the file. Some repeated content to pad the file. Some repeated content to pad the file. Some repeated content to pad the file. Some repeated content to pad the file. Some repeated content to pad the file. Some repeated content to pad the file. Some repeated content to pad the file. Some repeated content to pad the file. Some repeated content to pad the file. Some repeated content to pad the file. Some repeated content to pad the file. Some repeated content to pad the file. Some repeated content to pad the file. Some repeated content to pad the file. Some repeated content to pad the file. Some repeated content to pad the file. Some repeated content to pad the file. Some repeated content to pad the file. Some repeated content to pad the file. Some repeated content to pad the file. Some repeated content to pad the file. Some repeated content to pad the file. Some repeated content to pad the file. Some repeated content to pad the file. Some repeated content to pad the file. Some repeated content to pad the file. Some repeated content to pad the file. Some repeated content to pad the file. Some repeated content to pad the file. Some repeated content to pad the file. Some repeated content to pad the file. Some repeated content to pad the file. Some repeated content to pad the file. Some repeated content to pad the file. Some repeated content to pad the file. Some repeated content to pad the file. Some repeated content to pad the file. Some repeated content to pad the file. Some repeated content to pad the file. Some repeated content to pad the file. Some repeated content to pad the file. Some repeated content to pad the file. Some repeated content to pad the file. Some repeated content to pad the file. Some repeated content to pad the file. Some repeated content to pad the file. Some repeated content to pad the file. Some repeated content to pad the file. Some repeated content to pad the file. Some repeated content to pad the file. Some repeated content to pad the file. Some repeated content to pad the file. Some repeated content to pad the file. Some repeated content to pad the file. Some repeated content to pad the file. Some repeated content to pad the file. Some repeated content to pad the file. Some repeated content to pad the file. Some repeated content to pad the file. Some repeated content to pad the file. Some repeated content to pad the file. Some repeated content to pad the file. Some repeated content to pad the file. Some repeated content to pad the file. Some repeated content to pad the file. Some repeated content to pad the file. Some repeated content to pad the file. Some repeated content to pad the file. Some repeated content to pad the file. Some repeated content to pad the file. Some repeated content to pad the file. Some repeated content to pad the file. Some repeated content to pad the file. Some repeated content to pad the file. Some repeated content to pad the file. Some repeated content to pad the file. Some repeated content to pad the file. Some repeated content to pad the file. Some repeated content to pad the file. Some repeated content to pad the file. Some repeated content to pad the file. Some repeated content to pad the file. Some repeated content to pad the file. Some repeated content to pad the file. Some repeated content to pad the file. Some repeated content to pad the file. Some repeated content to pad the file. Some repeated content to pad the file. Some repeated content to pad the file. Some repeated content to pad the file. Some repeated content to pad the file. Some repeated content to pad the file. Some repeated content to pad the file. Some repeated content to pad the file. Some repeated content to pad the file. Some repeated content to pad the file. Some repeated content to pad the file. Some repeated content to pad the file. Some repeated content to pad the file. Some repeated content to pad the file. Some repeated content to pad the file. Some repeated content to pad the file. Some repeated content to pad the file. Some repeated content to pad the file. Some repeated content to pad the file. Some repeated content to pad the file. Some repeated content to pad the file. Some repeated content to pad the file. Some repeated content to pad the file. Some repeated content to pad the file. Some repeated content to pad the file. Some repeated content to pad the file. Some repeated content to pad the file. Some repeated content to pad the file. Some repeated content to pad the file. Some repeated content to pad the file. Some repeated content to pad the file. Some repeated content to pad the file. Some repeated content to pad the file. Some repeated content to pad the file. Some repeated content to pad the file. Some repeated content to pad the file. Some repeated content to pad the file. Some repeated content to pad the file. Some repeated content to pad the file. Some repeated content to pad the file. Some repeated content to pad the file. Some repeated content to pad the file. Some repeated content to pad the file. Some repeated content to pad the file. Some repeated content to pad the file. Some repeated content to pad the file. Some repeated content to pad the file. Some repeated content to pad the file. Some repeated content to pad the file. Some repeated content to pad the file. Some repeated content to pad the file. Some repeated content to pad the file. Some repeated content to pad the file. Some repeated content to pad the file. Some repeated content to pad the file. Some repeated content to pad the file. Some repeated content to pad the file. Some repeated content to pad the file. Some repeated content to pad the file. Some repeated content to pad the file. Some repeated content to pad the file. Some repeated content to pad the file. Some repeated content to pad the file. Some repeated content to pad the file. Some repeated content to pad the file. Some repeated content to pad the file. Some repeated content to pad the file. Some repeated content to pad the file. Some repeated content to pad the file. Some repeated content to pad the file. Some repeated content to pad the file. Some repeated content to pad the file. Some repeated content to pad the file. Some repeated content to pad the file. Some repeated content to pad the file. Some repeated content to pad the file. Some repeated content to pad the file. Some repeated content to pad the file. Some repeated content to pad the file. Some repeated content to pad the file. Some repeated content to pad the file. Some repeated content to pad the file. Some repeated content to pad the file. Some repeated content to pad the file. Some repeated content to pad the file. Some repeated content to pad the file. Some repeated content to pad the file. Some repeated content to pad the file. Some repeated content to pad the file. Some repeated content to pad the file. Some repeated content to pad the file. Some repeated content to pad the file. Some repeated content to pad the file. Some repeated content to pad the file. Some repeated content to pad the file. Some repeated content to pad the file. Some repeated content to pad the file. Some repeated content to pad the file. Some repeated content to pad the file. Some repeated content to pad the file. Some repeated content to pad the file. Some repeated content to pad the file. Some repeated content to pad the file. Some repeated content to pad the file. Some repeated content to pad the file. Some repeated content to pad the file. Some repeated content to pad the file. Some repeated content to pad the file. Some repeated content to pad the file. Some repeated content to pad the file. Some repeated content to pad the file. Some repeated content to pad the file. Some repeated content to pad the file. Some repeated content to pad the file. Some repeated content to pad the file. Some repeated content to pad the file. Some repeated content to pad the file. Some repeated content to pad the file. Some repeated content to pad the file. Some repeated content to pad the file. Some repeated content to pad the file. Some repeated content to pad the file. Some repeated content to pad the file. Some repeated content to pad the file. Some repeated content to pad the file. Some repeated content to pad the file. Some repeated content to pad the file. Some repeated content to pad the file. Some repeated content to pad the file. Some repeated content to pad the file. Some repeated content to pad the file. Some repeated content to pad the file. Some repeated content to pad the file. Some repeated content to pad the file. Some repeated content to pad the file. Some repeated content to pad the file. Some repeated content to pad the file. Some repeated content to pad the file. Some repeated content to pad the file. Some repeated content to pad the file. Some repeated content to pad the file. Some repeated content to pad the file. Some repeated content to pad the file. Some repeated content to pad the file. Some repeated content to pad the file. Some repeated content to pad the file. Some repeated content to pad the file. Some repeated content to pad the file. Some repeated content to pad the file. Some repeated content to pad the file. Some repeated content to pad the file. Some repeated content to pad the file. Some repeated content to pad the file. Some repeated content to pad the file. Some repeated content to pad the file. Some repeated content to pad the file. Some repeated content to pad the file. Some repeated content to pad the file. Some repeated content to pad the file. Some repeated content to pad the file. Some repeated content to pad the file. Some repeated content to pad the file. Some repeated content to pad the file. Some repeated content to pad the file. Some repeated content to pad the file. Some repeated content to pad the file. Some repeated content to pad the file. Some repeated content to pad the file. Some repeated content to pad the file. Some repeated content to pad the file. Some repeated content to pad the file. Some repeated content to pad the file. Some repeated content to pad the file. Some repeated content to pad the file. Some repeated content to pad the file. Some repeated content to pad the file. Some repeated content to pad the file. Some repeated content to pad the file. Some repeated content to pad the file. Some repeated content to pad the file. Some repeated content to pad the file. Some repeated content to pad the file. Some repeated content to pad the file. Some repeated content to pad the file. Some repeated content to pad the file. Some repeated content to pad the file. Some repeated content to pad the file. Some repeated content to pad the file. Some repeated content to pad the file. Some repeated content to pad the file. Some repeated content to pad the file. Some repeated content to pad the file. Some repeated content to pad the file. Some repeated content to pad the file. Some repeated content to pad the file. Some repeated content to pad the file. Some repeated content to pad the file. Some repeated content to pad the file. Some repeated content to pad the file. Some repeated content to pad the file. Some repeated content to pad the file. Some repeated content to pad the file. Some repeated content to pad the file. Some repeated content to pad the file. Some repeated content to pad the file. Some repeated content to pad the file. Some repeated content to pad the file. Some repeated content to pad the file. Some repeated content to pad the file. Some repeated content to pad the file. Some repeated content to pad the file. Some repeated content to pad the file. Some repeated content to pad the file. Some repeated content to pad the file. Some repeated content to pad the file. Some repeated content to pad the file. Some repeated content to pad the file. Some repeated content to pad the file. Some repeated content to pad the file. Some repeated content to pad the file. Some repeated content to pad the file. Some repeated content to pad the file. Some repeated content to pad the file. Some repeated content to pad the file. Some repeated content to pad the file. Some repeated content to pad the file. Some repeated content to pad the file. Some repeated content to pad the file. Some repeated content to pad the file. Some repeated content to pad the file. Some repeated content to pad the file. Some repeated content to pad the file. Some repeated content to pad the file. Some repeated content to pad the file. Some repeated content to pad the file. Some repeated content to pad the file. Some repeated content to pad the file. Some repeated content to pad the file. Some repeated content to pad the file. Some repeated content to pad the file. Some repeated content to pad the file. Some repeated content to pad the file. Some repeated content to pad the file. Some repeated content to pad the file. Some repeated content to pad the file. Some repeated content to pad the file. Some repeated content to pad the file. Some repeated content to pad the file. Some repeated content to pad the file. Some repeated content to pad the file. Some repeated content to pad the file. Some repeated content to pad the file. Some repeated content to pad the file. Some repeated content to pad the file. Some repeated content to pad the file. Some repeated content to pad the file. Some repeated content to pad the file. Some repeated content to pad the file. Some repeated content to pad the file. Some repeated content to pad the file. Some repeated content to pad the file. Some repeated content to pad the file. Some repeated content to pad the file. Some repeated content to pad the file. Some repeated content to pad the file. Some repeated content to pad the file. Some repeated content to pad the file. Some repeated content to pad the file. Some repeated content to pad the file. Some repeated content to pad the file. Some repeated content to pad the file. Some repeated content to pad the file. Some repeated content to pad the file. Some repeated content to pad the file. Some repeated content to pad the file. Some repeated content to pad the file. Some repeated content to pad the file. Some repeated content to pad the file. Some repeated content to pad the file. Some repeated content to pad the file. Some repeated content to pad the file. Some repeated content to pad the file. Some repeated content to pad the file. Some repeated content to pad the file. Some repeated content to pad the file. Some repeated content to pad the file. Some repeated content to pad the file. Some repeated content to pad the file. Some repeated content to pad the file. Some repeated content to pad the file. Some repeated content to pad the file. Some repeated content to pad the file. Some repeated content to pad the file. Some repeated content to pad the file. Some repeated content to pad the file. Some repeated content to pad the file. Some repeated content to pad the file. Some repeated content to pad the file. Some repeated content to pad the file. Some repeated content to pad the file. Some repeated content to pad the file. Some repeated content to pad the file. Some repeated content to pad the file. Some repeated content to pad the file. Some repeated content to pad the file. Some repeated content to pad the file. Some repeated content to pad the file. Some repeated content to pad the file. Some repeated content to pad the file. Some repeated content to pad the file. Some repeated content to pad the file. Some repeated content to pad the file. Some repeated content to pad the file. Some repeated content to pad the file. Some repeated content to pad the file. Some repeated content to pad the file. Some repeated content to pad the file. Some repeated content to pad the file. Some repeated content to pad the file. Some repeated content to pad the file. Some repeated content to pad the file. Some repeated content to pad the file. Some repeated content to pad the file. Some repeated content to pad the file. Some repeated content to pad the file. Some repeated content to pad the file. Some repeated content to pad the file. Some repeated content to pad the file. Some repeated content to pad the file. Some repeated content to pad the file. Some repeated content to pad the file. Some repeated content to pad the file. Some repeated content to pad the file. Some repeated content to pad the file. Some repeated content to pad the file. Some repeated content to pad the file. Some repeated content to pad the file. Some repeated content to pad the file. Some repeated content to pad the file. Some repeated content to pad the file. Some repeated content to pad the file. Some repeated content to pad the file. Some repeated content to pad the file. Some repeated content to pad the file. Some repeated content to pad the file. Some repeated content to pad the file. Some repeated content to pad the file. Some repeated content to pad the file. Some repeated content to pad the file. Some repeated content to pad the file. Some repeated content to pad the file. Some repeated content to pad the file. Some repeated content to pad the file. Some repeated content to pad the file. Some repeated content to pad the file. Some repeated content to pad the file. Some repeated content to pad the file. Some repeated content to pad the file. Some repeated content to pad the file. Some repeated content to pad the file. Some repeated content to pad the file. Some repeated content to pad the file. Some repeated content to pad the file. Some repeated content to pad the file. Some repeated content to pad the file. Some repeated content to pad the file. Some repeated content to pad the file. Some repeated content to pad the file. Some repeated content to pad the file. Some repeated content to pad the file. Some repeated content to pad the file. Some repeated content to pad the file. Some repeated content to pad the file. Some repeated content to pad the file. Some repeated content to pad the file. Some repeated content to pad the file. Some repeated content to pad the file. Some repeated content to pad the file. Some repeated content to pad the file. Some repeated content to pad the file. Some repeated content to pad the file. Some repeated content to pad the file. Some repeated content to pad the file. Some repeated content to pad the file. Some repeated content to pad the file. Some repeated content to pad the file. Some repeated content to pad the file. Some repeated content to pad the file. Some repeated content to pad the file. Some repeated content to pad the file. Some repeated content to pad the file. Some repeated content to pad the file. Some repeated content to pad the file. Some repeated content to pad the file. Some repeated content to pad the file. Some repeated content to pad the file. Some repeated content to pad the file. Some repeated content to pad the file. Some repeated content to pad the file. Some repeated content to pad the file. Some repeated content to pad the file. Some repeated content to pad the file. Some repeated content to pad the file. Some repeated content to pad the file. Some repeated content to pad the file. Some repeated content to pad the file. Some repeated content to pad the file. Some repeated content to pad the file. Some repeated content to pad the file. Some repeated content to pad the file. Some repeated content to pad the file. Some repeated content to pad the file. Some repeated content to pad the file. Some repeated content to pad the file. Some repeated content to pad the file. Some repeated content to pad the file. Some repeated content to pad the file. Some repeated content to pad the file. Some repeated content to pad the file. Some repeated content to pad the file. Some repeated content to pad the file. Some repeated content to pad the file. Some repeated content to pad the file. Some repeated content to pad the file. Some repeated content to pad the file. Some repeated content to pad the file. Some repeated content to pad the file. Some repeated content to pad the file. Some repeated content to pad the file. Some repeated content to pad the file. Some repeated content to pad the file. Some repeated content to pad the file. Some repeated content to pad the file. Some repeated content to pad the file. Some repeated content to pad the file. Some repeated content to pad the file. Some repeated content to pad the file. Some repeated content to pad the file. Some repeated content to pad the file. Some repeated content to pad the file. Some repeated content to pad the file. Some repeated content to pad the file. Some repeated content to pad the file. Some repeated content to pad the file. Some repeated content to pad the file. Some repeated content to pad the file. Some repeated content to pad the file. Some repeated content to pad the file. Some repeated content to pad the file. Some repeated content to pad the file. Some repeated content to pad the file. Some repeated content to pad the file. Some repeated content to pad the file. Some repeated content to pad the file. Some repeated content to pad the file. Some repeated content to pad the file. Some repeated content to pad the file. Some repeated content to pad the file. Some repeated content to pad the file. Some repeated content to pad the file. Some repeated content to pad the file. Some repeated content to pad the file. Some repeated content to pad the file. Some repeated content to pad the file. Some repeated content to pad the file. Some repeated content to pad the file. Some repeated content to pad the file. Some repeated content to pad the file. Some repeated content to pad the file. Some repeated content to pad the file. Some repeated content to pad the file. Some repeated content to pad the file. Some repeated content to pad the file. Some repeated content to pad the file. Some repeated content to pad the file. Some repeated content to pad the file. Some repeated content to pad the file. Some repeated content to pad the file. Some repeated content to pad the file. Some repeated content to pad the file. Some repeated content to pad the file. Some repeated content to pad the file. Some repeated content to pad the file. Some repeated content to pad the file. Some repeated content to pad the file. Some repeated content to pad the file. Some repeated content to pad the file. Some repeated content to pad the file. Some repeated content to pad the file. Some repeated content to pad the file. Some repeated content to pad the file. Some repeated content to pad the file. Some repeated content to pad the file. Some repeated content to pad the file. Some repeated content to pad the file. Some repeated content to pad the file. Some repeated content to pad the file. Some repeated content to pad the file. Some repeated content to pad the file. Some repeated content to pad the file. Some repeated content to pad the file. Some repeated content to pad the file. Some repeated content to pad the file. Some repeated content to pad the file. Some repeated content to pad the file. Some repeated content to pad the file. Some repeated content to pad the file. Some repeated content to pad the file. Some repeated content to pad the file. Some repeated content to pad the file. Some repeated content to pad the file. Some repeated content to pad the file. Some repeated content to pad the file. Some repeated content to pad the file. Some repeated content to pad the file. Some repeated content to pad the file. Some repeated content to pad the file. Some repeated content to pad the file. Some repeated content to pad the file. Some repeated content to pad the file. Some repeated content to pad the file. Some repeated content to pad the file. Some repeated content to pad the file. Some repeated content to pad the file. Some repeated content to pad the file. Some repeated content to pad the file. Some repeated content to pad the file. Some repeated content to pad the file. Some repeated content to pad the file. Some repeated content to pad the file. Some repeated content to pad the file. Some repeated content to pad the file. Some repeated content to pad the file. Some repeated content to pad the file. Some repeated content to pad the file. Some repeated content to pad the file. Some repeated content to pad the file. Some repeated content to pad the file. Some repeated content to pad the file. Some repeated content to pad the file. Some repeated content to pad the file. Some repeated content to pad the file. Some repeated content to pad the file. Some repeated content to pad the file. Some repeated content to pad the file. Some repeated content to pad the file. Some repeated content to pad the file. Some repeated content to pad the file. Some repeated content to pad the file. Some repeated content to pad the file. Some repeated content to pad the file. Some repeated content to pad the file. Some repeated content to pad the file. Some repeated content to pad the file. Some repeated content to pad the file. Some repeated content to pad the file. Some repeated content to pad the file. Some repeated content to pad the file. Some repeated content to pad the file. Some repeated content to pad the file. Some repeated content to pad the file. Some repeated content to pad the file. Some repeated content to pad the file. Some repeated content to pad the file. Some repeated content to pad the file. Some repeated content to pad the file. Some repeated content to pad the file. Some repeated content to pad the file. Some repeated content to pad the file. Some repeated content to pad the file. Some repeated content to pad the file. Some repeated content to pad the file. Some repeated content to pad the file. Some repeated content to pad the file. Some repeated content to pad the file. Some repeated content to pad the file. Some repeated content to pad the file. Some repeated content to pad the file. Some repeated content to pad the file. Some repeated content to pad the file. Some repeated content to pad the file. Some repeated content to pad the file. Some repeated content to pad the file. Some repeated content to pad the file. Some repeated content to pad the file. Some repeated content to pad the file. Some repeated content to pad the file. Some repeated content to pad the file. Some repeated content to pad the file. Some repeated content to pad the file. Some repeated content to pad the file. Some repeated content to pad the file. Some repeated content to pad the file. Some repeated content to pad the file. Some repeated content to pad the file. Some repeated content to pad the file. Some repeated content to pad the file. Some repeated content to pad the file. Some repeated content to pad the file. Some repeated content to pad the file. Some repeated content to pad the file. Some repeated content to pad the file. Some repeated content to pad the file. Some repeated content to pad the file. Some repeated content to pad the file. Some repeated content to pad the file. Some repeated content to pad the file. Some repeated content to pad the file. Some repeated content to pad the file. Some repeated content to pad the file. Some repeated content to pad the file. Some repeated content to pad the file. Some repeated content to pad the file. Some repeated content to pad the file. Some repeated content to pad the file. Some repeated content to pad the file. Some repeated content to pad the file. Some repeated content to pad the file. Some repeated content to pad the file. Some repeated content to pad the file. Some repeated content to pad the file. Some repeated content to pad the file. Some repeated content to pad the file. Some repeated content to pad the file. Some repeated content to pad the file. Some repeated content to pad the file. Some repeated content to pad the file. Some repeated content to pad the file. Some repeated content to pad the file. Some repeated content to pad the file. Some repeated content to pad the file. Some repeated content to pad the file. Some repeated content to pad the file. Some repeated content to pad the file. Some repeated content to pad the file. Some repeated content to pad the file. Some repeated content to pad the file. Some repeated content to pad the file. Some repeated content to pad the file. Some repeated content to pad the file. Some repeated content to pad the file. Some repeated content to pad the file. Some repeated content to pad the file. Some repeated content to pad the file. Some repeated content to pad the file. Some repeated content to pad the file. Some repeated content to pad the file. Some repeated content to pad the file. Some repeated content to pad the file. Some repeated content to pad the file. Some repeated content to pad the file. Some repeated content to pad the file. Some repeated content to pad the file. Some repeated content to pad the file. Some repeated content to pad the file. Some repeated content to pad the file. Some repeated content to pad the file. Some repeated content to pad the file. Some repeated content to pad the file. Some repeated content to pad the file. Some repeated content to pad the file. Some repeated content to pad the file. Some repeated content to pad the file. Some repeated content to pad the file. Some repeated content to pad the file. Some repeated content to pad the file. Some repeated content to pad the file. Some repeated content to pad the file. Some repeated content to pad the file. Some repeated content to pad the file. Some repeated content to pad the file. Some repeated content to pad the file. Some repeated content to pad the file. Some repeated content to pad the file. Some repeated content to pad the file. Some repeated content to pad the file. Some repeated content to pad the file. Some repeated content to pad the file. Some repeated content to pad the file. Some repeated content to pad the file. Some repeated content to pad the file. Some repeated content to pad the file. Some repeated content to pad the file. Some repeated content to pad the file. Some repeated content to pad the file. Some repeated content to pad the file. Some repeated content to pad the file. Some repeated content to pad the file. Some repeated content to pad the file. Some repeated content to pad the file. Some repeated content to pad the file. Some repeated content to pad the file. Some repeated content to pad the file. Some repeated content to pad the file. Some repeated content to pad the file. Some repeated content to pad the file. Some repeated content to pad the file. Some repeated content to pad the file. Some repeated content to pad the file. Some repeated content to pad the file. Some repeated content to pad the file. Some repeated content to pad the file. Some repeated content to pad the file. Some repeated content to pad the file. Some repeated content to pad the file. Some repeated content to pad the file. Some repeated content to pad the file. Some repeated content to pad the file. Some repeated content to pad the file. Some repeated content to pad the file. Some repeated content to pad the file. Some repeated content to pad the file. Some repeated content to pad the file. Some repeated content to pad the file. Some repeated content to pad the file. Some repeated content to pad the file. Some repeated content to pad the file. Some repeated content to pad the file. Some repeated content to pad the file. Some repeated content to pad the file. Some repeated content to pad the file. Some repeated content to pad the file. Some repeated content to pad the file. Some repeated content to pad the file. Some repeated content to pad the file. Some repeated content to pad the file. Some repeated content to pad the file. Some repeated content to pad the file. Some repeated content to pad the file. Some repeated content to pad the file. Some repeated content to pad the file. Some repeated content to pad the file. Some repeated content to pad the file. Some repeated content to pad the file. Some repeated content to pad the file. Some repeated content to pad the file. Some repeated content to pad the file. Some repeated content to pad the file. Some repeated content to pad the file. Some repeated content to pad the file. Some repeated content to pad the file. Some repeated content to pad the file. Some repeated content to pad the file. Some repeated content to pad the file. Some repeated content to pad the file. Some repeated content to pad the file. Some repeated content to pad the file. Some repeated content to pad the file. Some repeated content to pad the file. Some repeated content to pad the file. Some repeated content to pad the file. Some repeated content to pad the file. Some repeated content to pad the file. Some repeated content to pad the file. Some repeated content to pad the file. Some repeated content to pad the file. Some repeated content to pad the file. Some repeated content to pad the file. Some repeated content to pad the file. Some repeated content to pad the file. Some repeated content to pad the file. Some repeated content to pad the file. Some repeated content to pad the file. Some repeated content to pad the file. Some repeated content to pad the file. Some repeated content to pad the file. Some repeated content to pad the file. Some repeated content to pad the file. Some repeated content to pad the file. Some repeated content to pad the file. Some repeated content to pad the file. Some repeated content to pad the file. Some repeated content to pad the file. Some repeated content to pad the file. Some repeated content to pad the file. Some repeated content to pad the file. Some repeated content to pad the file. Some repeated content to pad the file. Some repeated content to pad the file. Some repeated content to pad the file. Some repeated content to pad the file. Some repeated content to pad the file. Some repeated content to pad the file. Some repeated content to pad the file. Some repeated content to pad the file. Some repeated content to pad the file. Some repeated content to pad the file. Some repeated content to pad the file. Some repeated content to pad the file. Some repeated content to pad the file. Some repeated content to pad the file. Some repeated content to pad the file. Some repeated content to pad the file. Some repeated content to pad the file. Some repeated content to pad the file. Some repeated content to pad the file. Some repeated content to pad the file. Some repeated content to pad the file. Some repeated content to pad the file. Some repeated content to pad the file. Some repeated content to pad the file. Some repeated content to pad the file. Some repeated content to pad the file. Some repeated content to pad the file. Some repeated content to pad the file. Some repeated content to pad the file. Some repeated content to pad the file. Some repeated content to pad the file. Some repeated content to pad the file. Some repeated content to pad the file. Some repeated content to pad the file. Some repeated content to pad the file. Some repeated content to pad the file. Some repeated content to pad the file. Some repeated content to pad the file. Some repeated content to pad the file. Some repeated content to pad the file. Some repeated content to pad the file. Some repeated content to pad the file. Some repeated content to pad the file. Some repeated content to pad the file. Some repeated content to pad the file. Some repeated content to pad the file. Some repeated content to pad the file. Some repeated content to pad the file. Some repeated content to pad the file. Some repeated content to pad the file. Some repeated content to pad the file. Some repeated content to pad the file. Some repeated content to pad the file. Some repeated content to pad the file. Some repeated content to pad the file. Some repeated content to pad the file. Some repeated content to pad the file. Some repeated content to pad the file. Some repeated content to pad the file. Some repeated content to pad the file. Some repeated content to pad the file. Some repeated content to pad the file. Some repeated content to pad the file. Some repeated content to pad the file. Some repeated content to pad the file. Some repeated content to pad the file. Some repeated content to pad the file. Some repeated content to pad the file. Some repeated content to pad the file. Some repeated content to pad the file. Some repeated content to pad the file. Some repeated content to pad the file. Some repeated content to pad the file. Some repeated content to pad the file. Some repeated content to pad the file. Some repeated content to pad the file. Some repeated content to pad the file. Some repeated content to pad the file. Some repeated content to pad the file. Some repeated content to pad the file. Some repeated content to pad the file. Some repeated content to pad the file. Some repeated content to pad the file. Some repeated content to pad the file. Some repeated content to pad the file. Some repeated content to pad the file. Some repeated content to pad the file. Some repeated content to pad the file. Some repeated content to pad the file. Some repeated content to pad the file. Some repeated content to pad the file. Some repeated content to pad the file. Some repeated content to pad the file. Some repeated content to pad the file. Some repeated content to pad the file. Some repeated content to pad the file. Some repeated content to pad the file. Some repeated content to pad the file. Some repeated content to pad the file. Some repeated content to pad the file. Some repeated content to pad the file. Some repeated content to pad the file. Some repeated content to pad the file. Some repeated content to pad the file. Some repeated content to pad the file. Some repeated content to pad the file. Some repeated content to pad the file. Some repeated content to pad the file. Some repeated content to pad the file. Some repeated content to pad the file. Some repeated content to pad the file. Some repeated content to pad the file. Some repeated content to pad the file. Some repeated content to pad the file. Some repeated content to pad the file. Some repeated content to pad the file. Some repeated content to pad the file. Some repeated content to pad the file. Some repeated content to pad the file. Some repeated content to pad the file. Some repeated content to pad the file. Some repeated content to pad the file. Some repeated content to pad the file. Some repeated content to pad the file. Some repeated content to pad the file. Some repeated content to pad the file. Some repeated content to pad the file. Some repeated content to pad the file. Some repeated content to pad the file. Some repeated content to pad the file. Some repeated content to pad the file. Some repeated content to pad the file. Some repeated content to pad the file. Some repeated content to pad the file. Some repeated content to pad the file. Some repeated content to pad the file. Some repeated content to pad the file. Some repeated content to pad the file. Some repeated content to pad the file. Some repeated content to pad the file. Some repeated content to pad the file. Some repeated content to pad the file. Some repeated content to pad the file. Some repeated content to pad the file. Some repeated content to pad the file. Some repeated content to pad the file. Some repeated content to pad the file. Some repeated content to pad the file. Some repeated content to pad the file. Some repeated content to pad the file. Some repeated content to pad the file. Some repeated content to pad the file. Some repeated content to pad the file. Some repeated content to pad the file. Some repeated content to pad the file. Some repeated content to pad the file. Some repeated content to pad the file. Some repeated content to pad the file. Some repeated content to pad the file. Some repeated content to pad the file. Some repeated content to pad the file. Some repeated content to pad the file. Some repeated content to pad the file. Some repeated content to pad the file. Some repeated content to pad the file. Some repeated content to pad the file. Some repeated content to pad the file. Some repeated content to pad the file. Some repeated content to pad the file. Some repeated content to pad the file. Some repeated content to pad the file. Some repeated content to pad the file. Some repeated content to pad the file. Some repeated content to pad the file. Some repeated content to pad the file. Some repeated content to pad the file. Some repeated content to pad the file. Some repeated content to pad the file. Some repeated content to pad the file. Some repeated content to pad the file. Some repeated content to pad the file. Some repeated content to pad the file. Some repeated content to pad the file. Some repeated content to pad the file. Some repeated content to pad the file. Some repeated content to pad the file. Some repeated content to pad the file. Some repeated content to pad the file. Some repeated content to pad the file. Some repeated content to pad the file. Some repeated content to pad the file. Some repeated content to pad the file. Some repeated content to pad the file. Some repeated content to pad the file. Some repeated content to pad the file. Some repeated content to pad the file. Some repeated content to pad the file. Some repeated content to pad the file. Some repeated content to pad the file. Some repeated content to pad the file. Some repeated content to pad the file. Some repeated content to pad the file. Some repeated content to pad the file. Some repeated content to pad the file. Some repeated content to pad the file. Some repeated content to pad the file. Some repeated content to pad the file. Some repeated content to pad the file. Some repeated content to pad the file. Some repeated content to pad the file. Some repeated content to pad the file. Some repeated content to pad the file. Some repeated content to pad the file. Some repeated content to pad the file. Some repeated content to pad the file. Some repeated content to pad the file. Some repeated content to pad the file. Some repeated content to pad the file. Some repeated content to pad the file. Some repeated content to pad the file. Some repeated content to pad the file. Some repeated content to pad the file. Some repeated content to pad the file. Some repeated content to pad the file. Some repeated content to pad the file. Some repeated content to pad the file. Some repeated content to pad the file. Some repeated content to pad the file. Some repeated content to pad the file. Some repeated content to pad the file. Some repeated content to pad the file. Some repeated content to pad the file. Some repeated content to pad the file. Some repeated content to pad the file. Some repeated content to pad the file. Some repeated content to pad the file. Some repeated content to pad the file. Some repeated content to pad the file. Some repeated content to pad the file. Some repeated content to pad the file. Some repeated content to pad the file. Some repeated content to pad the file. Some repeated content to pad the file. Some repeated content to pad the file. Some repeated content to pad the file. Some repeated content to pad the file. Some repeated content to pad the file. Some repeated content to pad the file. Some repeated content to pad the file. Some repeated content to pad the file. Some repeated content to pad the file. Some repeated content to pad the file. Some repeated content to pad the file. Some repeated content to pad the file. Some repeated content to pad the file. Some repeated content to pad the file. Some repeated content to pad the file. Some repeated content to pad the file. Some repeated content to pad the file. Some repeated content to pad the file. Some repeated content to pad the file. Some repeated content to pad the file. Some repeated content to pad the file. Some repeated content to pad the file. Some repeated content to pad the file. Some repeated content to pad the file. Some repeated content to pad the file. Some repeated content to pad the file. Some repeated content to pad the file. Some repeated content to pad the file. Some repeated content to pad the file. Some repeated content to pad the file. Some repeated content to pad the file. Some repeated content to pad the file. Some repeated content to pad the file. Some repeated content to pad the file. Some repeated content to pad the file. Some repeated content to pad the file. Some repeated content to pad the file. Some repeated content to pad the file. Some repeated content to pad the file. Some repeated content to pad the file. Some repeated content to pad the file. Some repeated content to pad the file. Some repeated content to pad the file. Some repeated content to pad the file. Some repeated content to pad the file. Some repeated content to pad the file. Some repeated content to pad the file. Some repeated content to pad the file. Some repeated content to pad the file. Some repeated content to pad the file. Some repeated content to pad the file. Some repeated content to pad the file. Some repeated content to pad the file. Some repeated content to pad the file. Some repeated content to pad the file. Some repeated content to pad the file. Some repeated content to pad the file. Some repeated content to pad the file. Some repeated content to pad the file. Some repeated content to pad the file. Some repeated content to pad the file. Some repeated content to pad the file. Some repeated content to pad the file. Some repeated content to pad the file. Some repeated content to pad the file. Some repeated content to pad the file. Some repeated content to pad the file. Some repeated content to pad the file. Some repeated content to pad the file. Some repeated content to pad the file. Some repeated content to pad the file. Some repeated content to pad the file. Some repeated content to pad the file. Some repeated content to pad the file. Some repeated content to pad the file. Some repeated content to pad the file. Some repeated content to pad the file. Some repeated content to pad the file. Some repeated content to pad the file. Some repeated content to pad the file. Some repeated content to pad the file. Some repeated content to pad the file. Some repeated content to pad the file. Some repeated content to pad the file. Some repeated content to pad the file. Some repeated content to pad the file. Some repeated content to pad the file. Some repeated content to pad the file. Some repeated content to pad the file. Some repeated content to pad the file. Some repeated content to pad the file. Some repeated content to pad the file. Some repeated content to pad the file. Some repeated content to pad the file. Some repeated content to pad the file. Some repeated content to pad the file. Some repeated content to pad the file. Some repeated content to pad the file. Some repeated content to pad the file. Some repeated content to pad the file. Some repeated content to pad the file. Some repeated content to pad the file. Some repeated content to pad the file. Some repeated content to pad the file. Some repeated content to pad the file. Some repeated content to pad the file. Some repeated content to pad the file. Some repeated content to pad the file. Some repeated content to pad the file. Some repeated content to pad the file. Some repeated content to pad the file. Some repeated content to pad the file. Some repeated content to pad the file. Some repeated content to pad the file. Some repeated content to pad the file. Some repeated content to pad the file. Some repeated content to pad the file. Some repeated content to pad the file. Some repeated content to pad the file. Some repeated content to pad the file. Some repeated content to pad the file. Some repeated content to pad the file. Some repeated content to pad the file. Some repeated content to pad the file. Some repeated content to pad the file. Some repeated content to pad the file. Some repeated content to pad the file. Some repeated content to pad the file. Some repeated content to pad the file. Some repeated content to pad the file. Some repeated content to pad the file. Some repeated content to pad the file. Some repeated content to pad the file. Some repeated content to pad the file. Some repeated content to pad the file. Some repeated content to pad the file. Some repeated content to pad the file. Some repeated content to pad the file. Some repeated content to pad the file. Some repeated content to pad the file. Some repeated content to pad the file. Some repeated content to pad the file. Some repeated content to pad the file. Some repeated content to pad the file. Some repeated content to pad the file. Some repeated content to pad the file. Some repeated content to pad the file. Some repeated content to pad the file. Some repeated content to pad the file. Some repeated content to pad the file. Some repeated content to pad the file. Some repeated content to pad the file. Some repeated content to pad the file. Some repeated content to pad the file. Some repeated content to pad the file. Some repeated content to pad the file. Some repeated content to pad the file. Some repeated content to pad the file. Some repeated content to pad the file. Some repeated content to pad the file. Some repeated content to pad the file. Some repeated content to pad the file. Some repeated content to pad the file. Some repeated content to pad the file. Some repeated content to pad the file. Some repeated content to pad the file. Some repeated content to pad the file. Some repeated content to pad the file. Some repeated content to pad the file. Some repeated content to pad the file. Some repeated content to pad the file. Some repeated content to pad the file. Some repeated content to pad the file. Some repeated content to pad the file. Some repeated content to pad the file. Some repeated content to pad the file. Some repeated content to pad the file. Some repeated content to pad the file. Some repeated content to pad the file. Some repeated content to pad the file. Some repeated content to pad the file. Some repeated content to pad the file. Some repeated content to pad the file. Some repeated content to pad the file. Some repeated content to pad the file. Some repeated content to pad the file. Some repeated content to pad the file. Some repeated content to pad the file. Some repeated content to pad the file. Some repeated content to pad the file. Some repeated content to pad the file. Some repeated content to pad the file. Some repeated content to pad the file. Some repeated content to pad the file. Some repeated content to pad the file. Some repeated content to pad the file. Some repeated content to pad the file. Some repeated content to pad the file. Some repeated content to pad the file. Some repeated content to pad the file. Some repeated content to pad the file. Some repeated content to pad the file. Some repeated content to pad the file. Some repeated content to pad the file. Some repeated content to pad the file. Some repeated content to pad the file. Some repeated content to pad the file. Some repeated content to pad the file. Some repeated content to pad the file. Some repeated content to pad the file. Some repeated content to pad the file. Some repeated content to pad the file. Some repeated content to pad the file. Some repeated content to pad the file. Some repeated content to pad the file. Some repeated content to pad the file. Some repeated content to pad the file. Some repeated content to pad the file. Some repeated content to pad the file. Some repeated content to pad the file. Some repeated content to pad the file. Some repeated content to pad the file. Some repeated content to pad the file. Some repeated content to pad the file. Some repeated content to pad the file. Some repeated content to pad the file. Some repeated content to pad the file. Some repeated content to pad the file. Some repeated content to pad the file. Some repeated content to pad the file. Some repeated content to pad the file. Some repeated content to pad the file. Some repeated content to pad the file. Some repeated content to pad the file. Some repeated content to pad the file. Some repeated content to pad the file. Some repeated content to pad the file. Some repeated content to pad the file. Some repeated content to pad the file. Some repeated content to pad the file. Some repeated content to pad the file. Some repeated content to pad the file. Some repeated content to pad the file. Some repeated content to pad the file. Some repeated content to pad the file. Some repeated content to pad the file. Some repeated content to pad the file. Some repeated content to pad the file. Some repeated content to pad the file. Some repeated content to pad the file. Some repeated content to pad the file. Some repeated content to pad the file. Some repeated content to pad the file. Some repeated content to pad the file. Some repeated content to pad the file. Some repeated content to pad the file. Some repeated content to pad the file. Some repeated content to pad the file. Some repeated content to pad the file. Some repeated content to pad the file. Some repeated content to pad the file. Some repeated content to pad the file. Some repeated content to pad the file. Some repeated content to pad the file. Some repeated content to pad the file. Some repeated content to pad the file. Some repeated content to pad the file. Some repeated content to pad the file. Some repeated content to pad the file. Some repeated content to pad the file. Some repeated content to pad the file. Some repeated content to pad the file. Some repeated content to pad the file. Some repeated content to pad the file. Some repeated content to pad the file. Some repeated content to pad the file. Some repeated content to pad the file. Some repeated content to pad the file. Some repeated content to pad the file. Some repeated content to pad the file. Some repeated content to pad the file. Some repeated content to pad the file. Some repeated content to pad the file. Some repeated content to pad the file. Some repeated content to pad the file. Some repeated content to pad the file. Some repeated content to pad the file. Some repeated content to pad the file. Some repeated content to pad the file. Some repeated content to pad the file. Some repeated content to pad the file. Some repeated content to pad the file. Some repeated content to pad the file. Some repeated content to pad the file. Some repeated content to pad the file. Some repeated content to pad the file. Some repeated content to pad the file. Some repeated content to pad the file. Some repeated content to pad the file. Some repeated content to pad the file. Some repeated content to pad the file. Some repeated content to pad the file. Some repeated content to pad the file. Some repeated content to pad the file. Some repeated content to pad the file. Some repeated content to pad the file. Some repeated content to pad the file. Some repeated content to pad the file. Some repeated content to pad the file. Some repeated content to pad the file. Some repeated content to pad the file. Some repeated content to pad the file. Some repeated content to pad the file. Some repeated content to pad the file. Some repeated content to pad the file. Some repeated content to pad the file. Some repeated content to pad the file. Some repeated content to pad the file. Some repeated content to pad the file. Some repeated content to pad the file. Some repeated content to pad the file. Some repeated content to pad the file. Some repeated content to pad the file. Some repeated content to pad the file. Some repeated content to pad the file. Some repeated content to pad the file. Some repeated content to pad the file. Some repeated content to pad the file. Some repeated content to pad the file. Some repeated content to pad the file. Some repeated content to pad the file. Some repeated content to pad the file. Some repeated content to pad the file. Some repeated content to pad the file. Some repeated content to pad the file. Some repeated content to pad the file. Some repeated content to pad the file. Some repeated content to pad the file. Some repeated content to pad the file. Some repeated content to pad the file. Some repeated content to pad the file. Some repeated content to pad the file. Some repeated content to pad the file. Some repeated content to pad the file. Some repeated content to pad the file. Some repeated content to pad the file. Some repeated content to pad the file. Some repeated content to pad the file. Some repeated content to pad the file. Some repeated content to pad the file. Some repeated content to pad the file. Some repeated content to pad the file. Some repeated content to pad the file. Some repeated content to pad the file. Some repeated content to pad the file. Some repeated content to pad the file. Some repeated content to pad the file. Some repeated content to pad the file. Some repeated content to pad the file. Some repeated content to pad the file. Some repeated content to pad the file. Some repeated content to pad the file. Some repeated content to pad the file. Some repeated content to pad the file. Some repeated content to pad the file. Some repeated content to pad the file. Some repeated content to pad the file. Some repeated content to pad the file. Some repeated content to pad the file. Some repeated content to pad the file. Some repeated content to pad the file. Some repeated content to pad the file. Some repeated content to pad the file. Some repeated content to pad the file. Some repeated content to pad the file. Some repeated content to pad the file. Some repeated content to pad the file. Some repeated content to pad the file. Some repeated content to pad the file. Some repeated content to pad the file. Some repeated content to pad the file. Some repeated content to pad the file. Some repeated content to pad the file. Some repeated content to pad the file. Some repeated content to pad the file. Some repeated content to pad the file. Some repeated content to pad the file. Some repeated content to pad the file. Some repeated content to pad the file. Some repeated content to pad the file. Some repeated content to pad the file. Some repeated content to pad the file. Some repeated content to pad the file. Some repeated content to pad the file. Some repeated content to pad the file. Some repeated content to pad the file. Some repeated content to pad the file. Some repeated content to pad the file. Some repeated content to pad the file. Some repeated content to pad the file. Some repeated content to pad the file. Some repeated content to pad the file. Some repeated content to pad the file. Some repeated content to pad the file. Some repeated content to pad the file. Some repeated content to pad the file. Some repeated content to pad the file. Some repeated content to pad the file. Some repeated content to pad the file. Some repeated content to pad the file. Some repeated content to pad the file. Some repeated content to pad the file. Some repeated content to pad the file. Some repeated content to pad the file. Some repeated content to pad the file. Some repeated content to pad the file. Some repeated content to pad the file. Some repeated content to pad the file. Some repeated content to pad the file. Some repeated content to pad the file. Some repeated content to pad the file. Some repeated content to pad the file. Some repeated content to pad the file. Some repeated content to pad the file. Some repeated content to pad the file. Some repeated content to pad the file. Some repeated content to pad the file. Some repeated content to pad the file. Some repeated content to pad the file. Some repeated content to pad the file. Some repeated content to pad the file. Some repeated content to pad the file. Some repeated content to pad the file. Some repeated content to pad the file. Some repeated content to pad the file. Some repeated content to pad the file. Some repeated content to pad the file. Some repeated content to pad the file. Some repeated content to pad the file. Some repeated content to pad the file. Some repeated content to pad the file. Some repeated content to pad the file. Some repeated content to pad the file. Some repeated content to pad the file. Some repeated content to pad the file. Some repeated content to pad the file. Some repeated content to pad the file. Some repeated content to pad the file. Some repeated content to pad the file. Some repeated content to pad the file. Some repeated content to pad the file. Some repeated content to pad the file. Some repeated content to pad the file. Some repeated content to pad the file. Some repeated content to pad the file. Some repeated content to pad the file. Some repeated content to pad the file. Some repeated content to pad the file. Some repeated content to pad the file. Some repeated content to pad the file. Some repeated content to pad the file. Some repeated content to pad the file. Some repeated content to pad the file. Some repeated content to pad the file. Some repeated content to pad the file. Some repeated content to pad the file. Some repeated content to pad the file. Some repeated content to pad the file. Some repeated content to pad the file. Some repeated content to pad the file. Some repeated content to pad the file. Some repeated content to pad the file. Some repeated content to pad the file. Some repeated content to pad the file. Some repeated content to pad the file. Some repeated content to pad the file. Some repeated content to pad the file. Some repeated content to pad the file. Some repeated content to pad the file. Some repeated content to pad the file. Some repeated content to pad the file. Some repeated content to pad the file. Some repeated content to pad the file. Some repeated content to pad the file. Some repeated content to pad the file. Some repeated content to pad the file. Some repeated content to pad the file. Some repeated content to pad the file. Some repeated content to pad the file. Some repeated content to pad the file. Some repeated content to pad the file. Some repeated content to pad the file. Some repeated content to pad the file. Some repeated content to pad the file. Some repeated content to pad the file. Some repeated content to pad the file. Some repeated content to pad the file. Some repeated content to pad the file. Some repeated content to pad the file. Some repeated content to pad the file. Some repeated content to pad the file. Some repeated content to pad the file. Some repeated content to pad the file. Some repeated content to pad the file. Some repeated content to pad the file. Some repeated content to pad the file. Some repeated content to pad the file. Some repeated content to pad the file. Some repeated content to pad the file. Some repeated content to pad the file. Some repeated content to pad the file. Some repeated content to pad the file. Some repeated content to pad the file. Some repeated content to pad the file. Some repeated content to pad the file. Some repeated content to pad the file. Some repeated content to pad the file. Some repeated content to pad the file. Some repeated content to pad the file. Some repeated content to pad the file. Some repeated content to pad the file. Some repeated content to pad the file. Some repeated content to pad the file. Some repeated content to pad the file. Some repeated content to pad the file. Some repeated content to pad the file. Some repeated content to pad the file. Some repeated content to pad the file. Some repeated content to pad the file. Some repeated content to pad the file. Some repeated content to pad the file. Some repeated content to pad the file. Some repeated content to pad the file. Some repeated content to pad the file. Some repeated content to pad the file. Some repeated content to pad the file. Some repeated content to pad the file. Some repeated content to pad the file. Some repeated content to pad the file. Some repeated content to pad the file. Some repeated content to pad the file. Some repeated content to pad the file. Some repeated content to pad the file. Some repeated content to pad the file. Some repeated content to pad the file. Some repeated content to pad the file. Some repeated content to pad the file. Some repeated content to pad the file. Some repeated content to pad the file. Some repeated content to pad the file. Some repeated content to pad the file. Some repeated content to pad the file. Some repeated content to pad the file. Some repeated content to pad the file. Some repeated content to pad the file. Some repeated content to pad the file. Some repeated content to pad the file. Some repeated content to pad the file. Some repeated content to pad the file. Some repeated content to pad the file. Some repeated content to pad the file. Some repeated content to pad the file. Some repeated content to pad the file. Some repeated content to pad the file. Some repeated content to pad the file. Some repeated content to pad the file. Some repeated content to pad the file. Some repeated content to pad the file. Some repeated content to pad the file. Some repeated content to pad the file. Some repeated content to pad the file. Some repeated content to pad the file. Some repeated content to pad the file. Some repeated content to pad the file. Some repeated content to pad the file. Some repeated content to pad the file. Some repeated content to pad the file. Some repeated content to pad the file. Some repeated content to pad the file. Some repeated content to pad the file. Some repeated content to pad the file. Some repeated content to pad the file. Some repeated content to pad the file. Some repeated content to pad the file. Some repeated content to pad the file. Some repeated content to pad the file. Some repeated content to pad the file. Some repeated content to pad the file. Some repeated content to pad the file. Some repeated content to pad the file. Some repeated content to pad the file. Some repeated content to pad the file. Some repeated content to pad the file. Some repeated content to pad the file. Some repeated content to pad the file. Some repeated content to pad the file. Some repeated content to pad the file. Some repeated content to pad the file. Some repeated content to pad the file. Some repeated content to pad the file. Some repeated content to pad the file. Some repeated content to pad the file. Some repeated content to pad the file. Some repeated content to pad the file. Some repeated content to pad the file. Some repeated content to pad the file. Some repeated content to pad the file. Some repeated content to pad the file. Some repeated content to pad the file. Some repeated content to pad the file. Some repeated content to pad the file. Some repeated content to pad the file. Some repeated content to pad the file. Some repeated content to pad the file. Some repeated content to pad the file. Some repeated content to pad the file. Some repeated content to pad the file. Some repeated content to pad the file. Some repeated content to pad the file. Some repeated content to pad the file. Some repeated content to pad the file. Some repeated content to pad the file. Some repeated content to pad the file. Some repeated content to pad the file. Some repeated content to pad the file. Some repeated content to pad the file. Some repeated content to pad the file. Some repeated content to pad the file. Some repeated content to pad the file. Some repeated content to pad the file. Some repeated content to pad the file. Some repeated content to pad the file. Some repeated content to pad the file. Some repeated content to pad the file. Some repeated content to pad the file. Some repeated content to pad the file. Some repeated content to pad the file. Some repeated content to pad the file. Some repeated content to pad the file. Some repeated content to pad the file. Some repeated content to pad the file. Some repeated content to pad the file. Some repeated content to pad the file. Some repeated content to pad the file. Some repeated content to pad the file. Some repeated content to pad the file. Some repeated content to pad the file. Some repeated content to pad the file. Some repeated content to pad the file. Some repeated content to pad the file. Some repeated content to pad the file. Some repeated content to pad the file. Some repeated content to pad the file. Some repeated content to pad the file. Some repeated content to pad the file. Some repeated content to pad the file. Some repeated content to pad the file. Some repeated content to pad the file. Some repeated content to pad the file. Some repeated content to pad the file. Some repeated content to pad the file. Some repeated content to pad the file. Some repeated content to pad the file. Some repeated content to pad the file. Some repeated content to pad the file. Some repeated content to pad the file. Some repeated content to pad the file. Some repeated content to pad the file. Some repeated content to pad the file. Some repeated content to pad the file. Some repeated content to pad the file. Some repeated content to pad the file. Some repeated content to pad the file. Some repeated content to pad the file. Some repeated content to pad the file. Some repeated content to pad the file. Some repeated content to pad the file. Some repeated content to pad the file. Some repeated content to pad the file. Some repeated content to pad the file. Some repeated content to pad the file. Some repeated content to pad the file. Some repeated content to pad the file. Some repeated content to pad the file. Some repeated content to pad the file. Some repeated content to pad the file. Some repeated content to pad the file. Some repeated content to pad the file. Some repeated content to pad the file. Some repeated content to pad the file. Some repeated content to pad the file. Some repeated content to pad the file. Some repeated content to pad the file. Some repeated content to pad the file. Some repeated content to pad the file. Some repeated content to pad the file. Some repeated content to pad the file. Some repeated content to pad the file. Some repeated content to pad the file. Some repeated content to pad the file. Some repeated content to pad the file. Some repeated content to pad the file. Some repeated content to pad the file. Some repeated content to pad the file. Some repeated content to pad the file. Some repeated content to pad the file. Some repeated content to pad the file. Some repeated content to pad the file. Some repeated content to pad the file. Some repeated content to pad the file. Some repeated content to pad the file. Some repeated content to pad the file. Some repeated content to pad the file. Some repeated content to pad the file. Some repeated content to pad the file. Some repeated content to pad the file. Some repeated content to pad the file. Some repeated content to pad the file. Some repeated content to pad the file. Some repeated content to pad the file. Some repeated content to pad the file. Some repeated content to pad the file. Some repeated content to pad the file. Some repeated content to pad the file. Some repeated content to pad the file. Some repeated content to pad the file. Some repeated content to pad the file. Some repeated content to pad the file. Some repeated content to pad the file. Some repeated content to pad the file. Some repeated content to pad the file. Some repeated content to pad the file. Some repeated content to pad the file. Some repeated content to pad the file. Some repeated content to pad the file. Some repeated content to pad the file. Some repeated content to pad the file. Some repeated content to pad the file. Some repeated content to pad the file. Some repeated content to pad the file. Some repeated content to pad the file. Some repeated content to pad the file. Some repeated content to pad the file. Some repeated content to pad the file. Some repeated content to pad the file. Some repeated content to pad the file. Some repeated content to pad the file. Some repeated content to pad the file. Some repeated content to pad the file. Some repeated content to pad the file. Some repeated content to pad the file. Some repeated content to pad the file. Some repeated content to pad the file. Some repeated content to pad the file. Some repeated content to pad the file. Some repeated content to pad the file. Some repeated content to pad the file. Some repeated content to pad the file. Some repeated content to pad the file. Some repeated content to pad the file. Some repeated content to pad the file. Some repeated content to pad the file. Some repeated content to pad the file. Some repeated content to pad the file. Some repeated content to pad the file. Some repeated content to pad the file. Some repeated content to pad the file. Some repeated content to pad the file. Some repeated content to pad the file. Some repeated content to pad the file. Some repeated content to pad the file. Some repeated content to pad the file. Some repeated content to pad the file. Some repeated content to pad the file. Some repeated content to pad the file. Some repeated content to pad the file. Some repeated content to pad the file. Some repeated content to pad the file. Some repeated content to pad the file. Some repeated content to pad the file. Some repeated content to pad the file. Some repeated content to pad the file. Some repeated content to pad the file. Some repeated content to pad the file. Some repeated content to pad the file. Some repeated content to pad the file. Some repeated content to pad the file. Some repeated content to pad the file. Some repeated content to pad the file. Some repeated content to pad the file. Some repeated content to pad the file. Some repeated content to pad the file. Some repeated content to pad the file. Some repeated content to pad the file. Some repeated content to pad the file. Some repeated content to pad the file. Some repeated content to pad the file. Some repeated content to pad the file. Some repeated content to pad the file. Some repeated content to pad the file. Some repeated content to pad the file. Some repeated content to pad the file. Some repeated content to pad the file. Some repeated content to pad the file. Some repeated content to pad the file. Some repeated content to pad the file. Some repeated content to pad the file. Some repeated content to pad the file. Some repeated content to pad the file. Some repeated content to pad the file. Some repeated content to pad the file. Some repeated content to pad the file. Some repeated content to pad the file. Some repeated content to pad the file. Some repeated content to pad the file. Some repeated content to pad the file. Some repeated content to pad the file. Some repeated content to pad the file. Some repeated content to pad the file. Some repeated content to pad the file. Some repeated content to pad the file. Some repeated content to pad the file. Some repeated content to pad the file. Some repeated content to pad the file. Some repeated content to pad the file. Some repeated content to pad the file. Some repeated content to pad the file. Some repeated content to pad the file. Some repeated content to pad the file. Some repeated content to pad the file. Some repeated content to pad the file. Some repeated content to pad the file. Some repeated content to pad the file. Some repeated content to pad the file. Some repeated content to pad the file. Some repeated content to pad the file. Some repeated content to pad the file. Some repeated content to pad the file. Some repeated content to pad the file. Some repeated content to pad the file. Some repeated content to pad the file. Some repeated content to pad the file. Some repeated content to pad the file. Some repeated content to pad the file. Some repeated content to pad the file. Some repeated content to pad the file. Some repeated content to pad the file. Some repeated content to pad the file. Some repeated content to pad the file. Some repeated content to pad the file. Some repeated content to pad the file. Some repeated content to pad the file. Some repeated content to pad the file. Some repeated content to pad the file. Some repeated content to pad the file. Some repeated content to pad the file. Some repeated content to pad the file. Some repeated content to pad the file. Some repeated content to pad the file. Some repeated content to pad the file. Some repeated content to pad the file. Some repeated content to pad the file. Some repeated content to pad the file. Some repeated content to pad the file. Some repeated content to pad the file. Some repeated content to pad the file. Some repeated content to pad the file. Some repeated content to pad the file. Some repeated content to pad the file. Some repeated content to pad the file. Some repeated content to pad the file. Some repeated content to pad the file. Some repeated content to pad the file. Some repeated content to pad the file. Some repeated content to pad the file. Some repeated content to pad the file. Some repeated content to pad the file. Some repeated content to pad the file. Some repeated content to pad the file. Some repeated content to pad the file. Some repeated content to pad the file. Some repeated content to pad the file. Some repeated content to pad the file. Some repeated content to pad the file. Some repeated content to pad the file. Some repeated content to pad the file. Some repeated content to pad the file. Some repeated content to pad the file. Some repeated content to pad the file. Some repeated content to pad the file. Some repeated content to pad the file. Some repeated content to pad the file. Some repeated content to pad the file. Some repeated content to pad the file. Some repeated content to pad the file. Some repeated content to pad the file. Some repeated content to pad the file. Some repeated content to pad the file. Some repeated content to pad the file. Some repeated content to pad the file. Some repeated content to pad the file. Some repeated content to pad the file. Some repeated content to pad the file. Some repeated content to pad the file. Some repeated content to pad the file. Some repeated content to pad the file. Some repeated content to pad the file. Some repeated content to pad the file. Some repeated content to pad the file. Some repeated content to pad the file. Some repeated content to pad the file. Some repeated content to pad the file. Some repeated content to pad the file. Some repeated content to pad the file. Some repeated content to pad the file. Some repeated content to pad the file. Some repeated content to pad the file. Some repeated content to pad the file. Some repeated content to pad the file. Some repeated content to pad the file. Some repeated content to pad the file. Some repeated content to pad the file. Some repeated content to pad the file. Some repeated content to pad the file. Some repeated content to pad the file. Some repeated content to pad the file. Some repeated content to pad the file. Some repeated content to pad the file. Some repeated content to pad the file. Some repeated content to pad the file. Some repeated content to pad the file. Some repeated content to pad the file. Some repeated content to pad the file. Some repeated content to pad the file. Some repeated content to pad the file. Some repeated content to pad the file. Some repeated content to pad the file. Some repeated content to pad the file. Some repeated content to pad the file. Some repeated content to pad the file. Some repeated content to pad the file. Some repeated content to pad the file. Some repeated content to pad the file. Some repeated content to pad the file. Some repeated content to pad the file. Some repeated content to pad the file. Some repeated content to pad the file. Some repeated content to pad the file. Some repeated content to pad the file. Some repeated content to pad the file. Some repeated content to pad the file. Some repeated content to pad the file. Some repeated content to pad the file. Some repeated content to pad the file. Some repeated content to pad the file. Some repeated content to pad the file. Some repeated content to pad the file. Some repeated content to pad the file. Some repeated content to pad the file. Some repeated content to pad the file. Some repeated content to pad the file. Some repeated content to pad the file. Some repeated content to pad the file. Some repeated content to pad the file. Some repeated content to pad the file. Some repeated content to pad the file. Some repeated content to pad the file. Some repeated content to pad the file. Some repeated content to pad the file. Some repeated content to pad the file. Some repeated content to pad the file. Some repeated content to pad the file. Some repeated content to pad the file. Some repeated content to pad the file. Some repeated content to pad the file. Some repeated content to pad the file. Some repeated content to pad the file. Some repeated content to pad the file. Some repeated content to pad the file. Some repeated content to pad the file. Some repeated content to pad the file. Some repeated content to pad the file. Some repeated content to pad the file. Some repeated content to pad the file. Some repeated content to pad the file. Some repeated content to pad the file. Some repeated content to pad the file. Some repeated content to pad the file. Some repeated content to pad the file. Some repeated content to pad the file. Some repeated content to pad the file. Some repeated content to pad the file. Some repeated content to pad the file. Some repeated content to pad the file. Some repeated content to pad the file. Some repeated content to pad the file. Some repeated content to pad the file. Some repeated content to pad the file. Some repeated content to pad the file. Some repeated content to pad the file. Some repeated content to pad the file. Some repeated content to pad the file. Some repeated content to pad the file. Some repeated content to pad the file. Some repeated content to pad the file. Some repeated content to pad the file. Some repeated content to pad the file. Some repeated content to pad the file. Some repeated content to pad the file. Some repeated content to pad the file. Some repeated content to pad the file. Some repeated content to pad the file. Some repeated content to pad the file. Some repeated content to pad the file. Some repeated content to pad the file. Some repeated content to pad the file. Some repeated content to pad the file. Some repeated content to pad the file. Some repeated content to pad the file. Some repeated content to pad the file. Some repeated content to pad the file. Some repeated content to pad the file. Some repeated content to pad the file. Some repeated content to pad the file. Some repeated content to pad the file. Some repeated content to pad the file. Some repeated content to pad the file. Some repeated content to pad the file. Some repeated content to pad the file. Some repeated content to pad the file. Some repeated content to pad the file. Some repeated content to pad the file. Some repeated content to pad the file. Some repeated content to pad the file. Some repeated content to pad the file. Some repeated content to pad the file. Some repeated content to pad the file. Some repeated content to pad the file. Some repeated content to pad the file. Some repeated content to pad the file. Some repeated content to pad the file. Some repeated content to pad the file. Some repeated content to pad the file. Some repeated content to pad the file. Some repeated content to pad the file. Some repeated content to pad the file. Some repeated content to pad the file. Some repeated content to pad the file. Some repeated content to pad the file. Some repeated content to pad the file. Some repeated content to pad the file. Some repeated content to pad the file. Some repeated content to pad the file. Some repeated content to pad the file. Some repeated content to pad the file. Some repeated content to pad the file. Some repeated content to pad the file. Some repeated content to pad the file. Some repeated content to pad the file. Some repeated content to pad the file. Some repeated content to pad the file. Some repeated content to pad the file. Some repeated content to pad the file. Some repeated content to pad the file. Some repeated content to pad the file. Some repeated content to pad the file. Some repeated content to pad the file. Some repeated content to pad the file. Some repeated content to pad the file. Some repeated content to pad the file. Some repeated content to pad the file. Some repeated content to pad the file. Some repeated content to pad the file. Some repeated content to pad the file. Some repeated content to pad the file. Some repeated content to pad the file. Some repeated content to pad the file. Some repeated content to pad the file. Some repeated content to pad the file. Some repeated content to pad the file. Some repeated content to pad the file. Some repeated content to pad the file. Some repeated content to pad the file. Some repeated content to pad the file. Some repeated content to pad the file. Some repeated content to pad the file. Some repeated content to pad the file. Some repeated content to pad the file. Some repeated content to pad the file. Some repeated content to pad the file. Some repeated content to pad the file. Some repeated content to pad the file. Some repeated content to pad the file. Some repeated content to pad the file. Some repeated content to pad the file. Some repeated content to pad the file. Some repeated content to pad the file. Some repeated content to pad the file. Some repeated content to pad the file. Some repeated content to pad the file. Some repeated content to pad the file. Some repeated content to pad the file. Some repeated content to pad the file. Some repeated content to pad the file. Some repeated content to pad the file. Some repeated content to pad the file. Some repeated content to pad the file. Some repeated content to pad the file. Some repeated content to pad the file. Some repeated content to pad the file. Some repeated content to pad the file. Some repeated content to pad the file. Some repeated content to pad the file. Some repeated content to pad the file. Some repeated content to pad the file. Some repeated content to pad the file. Some repeated content to pad the file. Some repeated content to pad the file. Some repeated content to pad the file. Some repeated content to pad the file. Some repeated content to pad the file. Some repeated content to pad the file. Some repeated content to pad the file. Some repeated content to pad the file. Some repeated content to pad the file. Some repeated content to pad the file. Some repeated content to pad the file. Some repeated content to pad the file. Some repeated content to pad the file. Some repeated content to pad the file. Some repeated content to pad the file. Some repeated content to pad the file. Some repeated content to pad the file. Some repeated content to pad the file. Some repeated content to pad the file. Some repeated content to pad the file. Some repeated content to pad the file. Some repeated content to pad the file. Some repeated content to pad the file. Some repeated content to pad the file. Some repeated content to pad the file. Some repeated content to pad the file. Some repeated content to pad the file. Some repeated content to pad the file. Some repeated content to pad the file. Some repeated content to pad the file. Some repeated content to pad the file. Some repeated content to pad the file. Some repeated content to pad the file. Some repeated content to pad the file. Some repeated content to pad the file. Some repeated content to pad the file. Some repeated content to pad the file. Some repeated content to pad the file. Some repeated content to pad the file. Some repeated content to pad the file. Some repeated content to pad the file. Some repeated content to pad the file. Some repeated content to pad the file. Some repeated content to pad the file. Some repeated content to pad the file. Some repeated content to pad the file. Some repeated content to pad the file. Some repeated content to pad the file. Some repeated content to pad the file. Some repeated content to pad the file. Some repeated content to pad the file. Some repeated content to pad the file. Some repeated content to pad the file. Some repeated content to pad the file. Some repeated content to pad the file. Some repeated content to pad the file. Some repeated content to pad the file. Some repeated content to pad the file. Some repeated content to pad the file. Some repeated content to pad the file. Some repeated content to pad the file. Some repeated content to pad the file. Some repeated content to pad the file. Some repeated content to pad the file. Some repeated content to pad the file. Some repeated content to pad the file. Some repeated content to pad the file. Some repeated content to pad the file. Some repeated content to pad the file. Some repeated content to pad the file. Some repeated content to pad the file. Some repeated content to pad the file. Some repeated content to pad the file. Some repeated content to pad the file. Some repeated content to pad the file. Some repeated content to pad the file. Some repeated content to pad the file. Some repeated content to pad the file. Some repeated content to pad the file. Some repeated content to pad the file. Some repeated content to pad the file. Some repeated content to pad the file. Some repeated content to pad the file. Some repeated content to pad the file. Some repeated content to pad the file. Some repeated content to pad the file. Some repeated content to pad the file. Some repeated content to pad the file. Some repeated content to pad the file. Some repeated content to pad the file. Some repeated content to pad the file. Some repeated content to pad the file. Some repeated content to pad the file. Some repeated content to pad the file. Some repeated content to pad the file. Some repeated content to pad the file. Some repeated content to pad the file. Some repeated content to pad the file. Some repeated content to pad the file. Some repeated content to pad the file. Some repeated content to pad the file. Some repeated content to pad the file. Some repeated content to pad the file. Some repeated content to pad the file. Some repeated content to pad the file. Some repeated content to pad the file. Some repeated content to pad the file. Some repeated content to pad the file. Some repeated content to pad the file. Some repeated content to pad the file. Some repeated content to pad the file. Some repeated content to pad the file. Some repeated content to pad the file. Some repeated content to pad the file. Some repeated content to pad the file. Some repeated content to pad the file. Some repeated content to pad the file. Some repeated content to pad the file. Some repeated content to pad the file. Some repeated content to pad the file. Some repeated content to pad the file. Some repeated content to pad the file. Some repeated content to pad the file. Some repeated content to pad the file. Some repeated content to pad the file. Some repeated content to pad the file. Some repeated content to pad the file. Some repeated content to pad the file. Some repeated content to pad the file. Some repeated content to pad the file. Some repeated content to pad the file. Some repeated content to pad the file. Some repeated content to pad the file. Some repeated content to pad the file. Some repeated content to pad the file. Some repeated content to pad the file. Some repeated content to pad the file. Some repeated content to pad the file. Some repeated content to pad the file. Some repeated content to pad the file. Some repeated content to pad the file. Some repeated content to pad the file. Some repeated content to pad the file. Some repeated content to pad the file. Some repeated content to pad the file. Some repeated content to pad the file. Some repeated content to pad the file. Some repeated content to pad the file. Some repeated content to pad the file. Some repeated content to pad the file. Some repeated content to pad the file. Some repeated content to pad the file. Some repeated content to pad the file. Some repeated content to pad the file. Some repeated content to pad the file. Some repeated content to pad the file. Some repeated content to pad the file. Some repeated content to pad the file. Some repeated content to pad the file. Some repeated content to pad the file. Some repeated content to pad the file. Some repeated content to pad the file. Some repeated content to pad the file. Some repeated content to pad the file. Some repeated content to pad the file. Some repeated content to pad the file. Some repeated content to pad the file. Some repeated content to pad the file. Some repeated content to pad the file. Some repeated content to pad the file. Some repeated content to pad the file. Some repeated content to pad the file. Some repeated content to pad the file. Some repeated content to pad the file. Some repeated content to pad the file. Some repeated content to pad the file. Some repeated content to pad the file. Some repeated content to pad the file. Some repeated content to pad the file. Some repeated content to pad the file. Some repeated content to pad the file. Some repeated content to pad the file. Some repeated content to pad the file. Some repeated content to pad the file. Some repeated content to pad the file. Some repeated content to pad the file. Some repeated content to pad the file. Some repeated content to pad the file. Some repeated content to pad the file. Some repeated content to pad the file. Some repeated content to pad the file. Some repeated content to pad the file. Some repeated content to pad the file. Some repeated content to pad the file. Some repeated content to pad the file. Some repeated content to pad the file. Some repeated content to pad the file. Some repeated content to pad the file. Some repeated content to pad the file. Some repeated content to pad the file. Some repeated content to pad the file. Some repeated content to pad the file. Some repeated content to pad the file. Some repeated content to pad the file. Some repeated content to pad the file. Some repeated content to pad the file. Some repeated content to pad the file. Some repeated content to pad the file. Some repeated content to pad the file. Some repeated content to pad the file. Some repeated content to pad the file. Some repeated content to pad the file. Some repeated content to pad the file. Some repeated content to pad the file. Some repeated content to pad the file. Some repeated content to pad the file. Some repeated content to pad the file. Some repeated content to pad the file. Some repeated content to pad the file. Some repeated content to pad the file. Some repeated content to pad the file. Some repeated content to pad the file. Some repeated content to pad the file. Some repeated content to pad the file. Some repeated content to pad the file. Some repeated content to pad the file. Some repeated content to pad the file. Some repeated content to pad the file. Some repeated content to pad the file. Some repeated content to pad the file. Some repeated content to pad the file. Some repeated content to pad the file. Some repeated content to pad the file. Some repeated content to pad the file. Some repeated content to pad the file. Some repeated content to pad the file. Some repeated content to pad the file. Some repeated content to pad the file. Some repeated content to pad the file. Some repeated content to pad the file. Some repeated content to pad the file. Some repeated content to pad the file. Some repeated content to pad the file. Some repeated content to pad the file. Some repeated content to pad the file. Some repeated content to pad the file. Some repeated content to pad the file. Some repeated content to pad the file. Some repeated content to pad the file. Some repeated content to pad the file. Some repeated content to pad the file. Some repeated content to pad the file. Some repeated content to pad the file. Some repeated content to pad the file. Some repeated content to pad the file. Some repeated content to pad the file. Some repeated content to pad the file. Some repeated content to pad the file. Some repeated content to pad the file. Some repeated content to pad the file. Some repeated content to pad the file. Some repeated content to pad the file. Some repeated content to pad the file. Some repeated content to pad the file. Some repeated content to pad the file. Some repeated content to pad the file. Some repeated content to pad the file. Some repeated content to pad the file. Some repeated content to pad the file. Some repeated content to pad the file. Some repeated content to pad the file. Some repeated content to pad the file. Some repeated content to pad the file. Some repeated content to pad the file. Some repeated content to pad the file. Some repeated content to pad the file. Some repeated content to pad the file. Some repeated content to pad the file. Some repeated content to pad the file. Some repeated content to pad the file. Some repeated content to pad the file. Some repeated content to pad the file. Some repeated content to pad the file. Some repeated content to pad the file. Some repeated content to pad the file. Some repeated content to pad the file. Some repeated content to pad the file. Some repeated content to pad the file. Some repeated content to pad the file. Some repeated content to pad the file. Some repeated content to pad the file. Some repeated content to pad the file. Some repeated content to pad the file. Some repeated content to pad the file. Some repeated content to pad the file. Some repeated content to pad the file. Some repeated content to pad the file. Some repeated content to pad the file. Some repeated content to pad the file. Some repeated content to pad the file. Some repeated content to pad the file. Some repeated content to pad the file. Some repeated content to pad the file. Some repeated content to pad the file. Some repeated content to pad the file. Some repeated content to pad the file. Some repeated content to pad the file. Some repeated content to pad the file. Some repeated content to pad the file. Some repeated content to pad the file. Some repeated content to pad the file. Some repeated content to pad the file. Some repeated content to pad the file. Some repeated content to pad the file. Some repeated content to pad the file. Some repeated content to pad the file. Some repeated content to pad the file. Some repeated content to pad the file. Some repeated content to pad the file. Some repeated content to pad the file. Some repeated content to pad the file. Some repeated content to pad the file. Some repeated content to pad the file. Some repeated content to pad the file. Some repeated content to pad the file. Some repeated content to pad the file. Some repeated content to pad the file. Some repeated content to pad the file. Some repeated content to pad the file. Some repeated content to pad the file. Some repeated content to pad the file. Some repeated content to pad the file. Some repeated content to pad the file. Some repeated content to pad the file. Some repeated content to pad the file. Some repeated content to pad the file. Some repeated content to pad the file. Some repeated content to pad the file. Some repeated content to pad the file. Some repeated content to pad the file. Some repeated content to pad the file. Some repeated content to pad the file. Some repeated content to pad the file. Some repeated content to pad the file. Some repeated content to pad the file. Some repeated content to pad the file. Some repeated content to pad the file. Some repeated content to pad the file. Some repeated content to pad the file. Some repeated content to pad the file. Some repeated content to pad the file. Some repeated content to pad the file. Some repeated content to pad the file. Some repeated content to pad the file. Some repeated content to pad the file. Some repeated content to pad the file. Some repeated content to pad the file. Some repeated content to pad the file. Some repeated content to pad the file. Some repeated content to pad the file. Some repeated content to pad the file. Some repeated content to pad the file. Some repeated content to pad the file. Some repeated content to pad the file. Some repeated content to pad the file. Some repeated content to pad the file. Some repeated content to pad the file. Some repeated content to pad the file. Some repeated content to pad the file. Some repeated content to pad the file. Some repeated content to pad the file. Some repeated content to pad the file. Some repeated content to pad the file. Some repeated content to pad the file. Some repeated content to pad the file. Some repeated content to pad the file. Some repeated content to pad the file. Some repeated content to pad the file. Some repeated content to pad the file. Some repeated content to pad the file. Some repeated content to pad the file. Some repeated content to pad the file. Some repeated content to pad the file. Some repeated content to pad the file. Some repeated content to pad the file. Some repeated content to pad the file. Some repeated content to pad the file. Some repeated content to pad the file. Some repeated content to pad the file. Some repeated content to pad the file. Some repeated content to pad the file. Some repeated content to pad the file. Some repeated content to pad the file. Some repeated content to pad the file. Some repeated content to pad the file. Some repeated content to pad the file. Some repeated content to pad the file. Some repeated content to pad the file. Some repeated content to pad the file. Some repeated content to pad the file. Some repeated content to pad the file. Some repeated content to pad the file. Some repeated content to pad the file. Some repeated content to pad the file. Some repeated content to pad the file. Some repeated content to pad the file. Some repeated content to pad the file. Some repeated content to pad the file. Some repeated content to pad the file. Some repeated content to pad the file. Some repeated content to pad the file. Some repeated content to pad the file. Some repeated content to pad the file. Some repeated content to pad the file. Some repeated content to pad the file. Some repeated content to pad the file. Some repeated content to pad the file. Some repeated content to pad the file. Some repeated content to pad the file. Some repeated content to pad the file. Some repeated content to pad the file. Some repeated content to pad the file. Some repeated content to pad the file. Some repeated content to pad the file. Some repeated content to pad the file. Some repeated content to pad the file. Some repeated content to pad the file. Some repeated content to pad the file. Some repeated content to pad the file. Some repeated content to pad the file. Some repeated content to pad the file. Some repeated content to pad the file. Some repeated content to pad the file. Some repeated content to pad the file. Some repeated content to pad the file. Some repeated content to pad the file. Some repeated content to pad the file. Some repeated content to pad the file. Some repeated content to pad the file. Some repeated content to pad the file. Some repeated content to pad the file. Some repeated content to pad the file. Some repeated content to pad the file. Some repeated content to pad the file. Some repeated content to pad the file. Some repeated content to pad the file. Some repeated content to pad the file. Some repeated content to pad the file. Some repeated content to pad the file. Some repeated content to pad the file. Some repeated content to pad the file. Some repeated content to pad the file. Some repeated content to pad the file. Some repeated content to pad the file. Some repeated content to pad the file. Some repeated content to pad the file. Some repeated content to pad the file. Some repeated content to pad the file. Some repeated content to pad the file. Some repeated content to pad the file. Some repeated content to pad the file. Some repeated content to pad the file. Some repeated content to pad the file. Some repeated content to pad the file. Some repeated content to pad the file. Some repeated content to pad the file. Some repeated content to pad the file. Some repeated content to pad the file. Some repeated content to pad the file. Some repeated content to pad the file. Some repeated content to pad the file. Some repeated content to pad the file. Some repeated content to pad the file. Some repeated content to pad the file. Some repeated content to pad the file. Some repeated content to pad the file. Some repeated content to pad the file. Some repeated content to pad the file. Some repeated content to pad the file. Some repeated content to pad the file. Some repeated content to pad the file. Some repeated content to pad the file. Some repeated content to pad the file. Some repeated content to pad the file. Some repeated content to pad the file. Some repeated content to pad the file. Some repeated content to pad the file. Some repeated content to pad the file. Some repeated content to pad the file. Some repeated content to pad the file. Some repeated content to pad the file. Some repeated content to pad the file. Some repeated content to pad the file. Some repeated content to pad the file. Some repeated content to pad the file. Some repeated content to pad the file. Some repeated content to pad the file. Some repeated content to pad the file. Some repeated content to pad the file. Some repeated content to pad the file. Some repeated content to pad the file. Some repeated content to pad the file. Some repeated content to pad the file. Some repeated content to pad the file. Some repeated content to pad the file. Some repeated content to pad the file. Some repeated content to pad the file. Some repeated content to pad the file. Some repeated content to pad the file. Some repeated content to pad the file. Some repeated content to pad the file. Some repeated content to pad the file. Some repeated content to pad the file. Some repeated content to pad the file. Some repeated content to pad the file. Some repeated content to pad the file. Some repeated content to pad the file. Some repeated content to pad the file. Some repeated content to pad the file. Some repeated content to pad the file. Some repeated content to pad the file. Some repeated content to pad the file. Some repeated content to pad the file. Some repeated content to pad the file. Some repeated content to pad the file. Some repeated content to pad the file. Some repeated content to pad the file. Some repeated content to pad the file. Some repeated content to pad the file. Some repeated content to pad the file. Some repeated content to pad the file. Some repeated content to pad the file. Some repeated content to pad the file. Some repeated content to pad the file. Some repeated content to pad the file. Some repeated content to pad the file. Some repeated content to pad the file. Some repeated content to pad the file. Some repeated content to pad the file. Some repeated content to pad the file. Some repeated content to pad the file. Some repeated content to pad the file. Some repeated content to pad the file. Some repeated content to pad the file. Some repeated content to pad the file. Some repeated content to pad the file. Some repeated content to pad the file. Some repeated content to pad the file. Some repeated content to pad the file. Some repeated content to pad the file. Some repeated content to pad the file. Some repeated content to pad the file. Some repeated content to pad the file. Some repeated content to pad the file. Some repeated content to pad the file. Some repeated content to pad the file. Some repeated content to pad the file. Some repeated content to pad the file. Some repeated content to pad the file. Some repeated content to pad the file. Some repeated content to pad the file. Some repeated content to pad the file. Some repeated content to pad the file. Some repeated content to pad the file. Some repeated content to pad the file. Some repeated content to pad the file. Some repeated content to pad the file. Some repeated content to pad the file. Some repeated content to pad the file. Some repeated content to pad the file. Some repeated content to pad the file. Some repeated content to pad the file. Some repeated content to pad the file. Some repeated content to pad the file. Some repeated content to pad the file. Some repeated content to pad the file. Some repeated content to pad the file. Some repeated content to pad the file. Some repeated content to pad the file. Some repeated content to pad the file. Some repeated content to pad the file. Some repeated content to pad the file. Some repeated content to pad the file. Some repeated content to pad the file. Some repeated content to pad the file. Some repeated content to pad the file. Some repeated content to pad the file. Some repeated content to pad the file. Some repeated content to pad the file. Some repeated content to pad the file. Some repeated content to pad the file. Some repeated content to pad the file. Some repeated content to pad the file. Some repeated content to pad the file. Some repeated content to pad the file. Some repeated content to pad the file. Some repeated content to pad the file. Some repeated content to pad the file. Some repeated content to pad the file. Some repeated content to pad the file. Some repeated content to pad the file. Some repeated content to pad the file. Some repeated content to pad the file. Some repeated content to pad the file. Some repeated content to pad the file. Some repeated content to pad the file. Some repeated content to pad the file. Some repeated content to pad the file. Some repeated content to pad the file. Some repeated content to pad the file. Some repeated content to pad the file. Some repeated content to pad the file. Some repeated content to pad the file. Some repeated content to pad the file. Some repeated content to pad the file. Some repeated content to pad the file. Some repeated content to pad the file. Some repeated content to pad the file. Some repeated content to pad the file. Some repeated content to pad the file. Some repeated content to pad the file. Some repeated content to pad the file. Some repeated content to pad the file. Some repeated content to pad the file. Some repeated content to pad the file. Some repeated content to pad the file. Some repeated content to pad the file. Some repeated content to pad the file. Some repeated content to pad the file. Some repeated content to pad the file. Some repeated content to pad the file. Some repeated content to pad the file. Some repeated content to pad the file. Some repeated content to pad the file. Some repeated content to pad the file. Some repeated content to pad the file. Some repeated content to pad the file. Some repeated content to pad the file. Some repeated content to pad the file. Some repeated content to pad the file. Some repeated content to pad the file. Some repeated content to pad the file. Some repeated content to pad the file. Some repeated content to pad the file. Some repeated content to pad the file. Some repeated content to pad the file. Some repeated content to pad the file. Some repeated content to pad the file. Some repeated content to pad the file. Some repeated content to pad the file. Some repeated content to pad the file. Some repeated content to pad the file. Some repeated content to pad the file. Some repeated content to pad the file. Some repeated content to pad the file. Some repeated content to pad the file. Some repeated content to pad the file. Some repeated content to pad the file. Some repeated content to pad the file. Some repeated content to pad the file. Some repeated content to pad the file. Some repeated content to pad the file. Some repeated content to pad the file. Some repeated content to pad the file. Some repeated content to pad the file. Some repeated content to pad the file. Some repeated content to pad the file. Some repeated content to pad the file. Some repeated content to pad the file. Some repeated content to pad the file. Some repeated content to pad the file. Some repeated content to pad the file. Some repeated content to pad the file. Some repeated content to pad the file. Some repeated content to pad the file. Some repeated content to pad the file. Some repeated content to pad the file. Some repeated content to pad the file. Some repeated content to pad the file. Some repeated content to pad the file. Some repeated content to pad the file. Some repeated content to pad the file. Some repeated content to pad the file. Some repeated content to pad the file. Some repeated content to pad the file. Some repeated content to pad the file. Some repeated content to pad the file. Some repeated content to pad the file. Some repeated content to pad the file. Some repeated content to pad the file. Some repeated content to pad the file. Some repeated content to pad the file. Some repeated content to pad the file. Some repeated content to pad the file. Some repeated content to pad the file. Some repeated content to pad the file. Some repeated content to pad the file. Some repeated content to pad the file. Some repeated content to pad the file. Some repeated content to pad the file. Some repeated content to pad the file. Some repeated content to pad the file. Some repeated content to pad the file. Some repeated content to pad the file. Some repeated content to pad the file. Some repeated content to pad the file. Some repeated content to pad the file. Some repeated content to pad the file. Some repeated content to pad the file. Some repeated content to pad the file. Some repeated content to pad the file. Some repeated content to pad the file. Some repeated content to pad the file. Some repeated content to pad the file. Some repeated content to pad the file. Some repeated content to pad the file. Some repeated content to pad the file. Some repeated content to pad the file. Some repeated content to pad the file. Some repeated content to pad the file. Some repeated content to pad the file. Some repeated content to pad the file. Some repeated content to pad the file. Some repeated content to pad the file. Some repeated content to pad the file. Some repeated content to pad the file. Some repeated content to pad the file. Some repeated content to pad the file. Some repeated content to pad the file. Some repeated content to pad the file. Some repeated content to pad the file. Some repeated content to pad the file. Some repeated content to pad the file. Some repeated content to pad the file. Some repeated content to pad the file. Some repeated content to pad the file. Some repeated content to pad the file. Some repeated content to pad the file. Some repeated content to pad the file. Some repeated content to pad the file. Some repeated content to pad the file. Some repeated content to pad the file. Some repeated content to pad the file. Some repeated content to pad the file. Some repeated content to pad the file. Some repeated content to pad the file. Some repeated content to pad the file. Some repeated content to pad the file. Some repeated content to pad the file. Some repeated content to pad the file. Some repeated content to pad the file. Some repeated content to pad the file. Some repeated content to pad the file. Some repeated content to pad the file. Some repeated content to pad the file. Some repeated content to pad the file. Some repeated content to pad the file. Some repeated content to pad the file. Some repeated content to pad the file. Some repeated content to pad the file. Some repeated content to pad the file. Some repeated content to pad the file. Some repeated content to pad the file. Some repeated content to pad the file. Some repeated content to pad the file. Some repeated content to pad the file. Some repeated content to pad the file. Some repeated content to pad the file. Some repeated content to pad the file. Some repeated content to pad the file. Some repeated content to pad the file. Some repeated content to pad the file. Some repeated content to pad the file. Some repeated content to pad the file. Some repeated content to pad the file. Some repeated content to pad the file. Some repeated content to pad the file. Some repeated content to pad the file. Some repeated content to pad the file. Some repeated content to pad the file. Some repeated content to pad the file. Some repeated content to pad the file. Some repeated content to pad the file. Some repeated content to pad the file. Some repeated content to pad the file. Some repeated content to pad the file. Some repeated content to pad the file. Some repeated content to pad the file. Some repeated content to pad the file. Some repeated content to pad the file. Some repeated content to pad the file. Some repeated content to pad the file. Some repeated content to pad the file. Some repeated content to pad the file. Some repeated content to pad the file. Some repeated content to pad the file. Some repeated content to pad the file. Some repeated content to pad the file. Some repeated content to pad the file. Some repeated content to pad the file. Some repeated content to pad the file. Some repeated content to pad the file. Some repeated content to pad the file. Some repeated content to pad the file. Some repeated content to pad the file. Some repeated content to pad the file. Some repeated content to pad the file. Some repeated content to pad the file. Some repeated content to pad the file. Some repeated content to pad the file. Some repeated content to pad the file. Some repeated content to pad the file. Some repeated content to pad the file. Some repeated content to pad the file. Some repeated content to pad the file. Some repeated content to pad the file. Some repeated content to pad the file. Some repeated content to pad the file. Some repeated content to pad the file. Some repeated content to pad the file. Some repeated content to pad the file. Some repeated content to pad the file. Some repeated content to pad the file. Some repeated content to pad the file. Some repeated content to pad the file. Some repeated content to pad the file. Some repeated content to pad the file. Some repeated content to pad the file. Some repeated content to pad the file. Some repeated content to pad the file. Some repeated content to pad the file. Some repeated content to pad the file. Some repeated content to pad the file. Some repeated content to pad the file. Some repeated content to pad the file. Some repeated content to pad the file. Some repeated content to pad the file. Some repeated content to pad the file. Some repeated content to pad the file. Some repeated content to pad the file. Some repeated content to pad the file. Some repeated content to pad the file. Some repeated content to pad the file. Some repeated content to pad the file. Some repeated content to pad the file. Some repeated content to pad the file. Some repeated content to pad the file. Some repeated content to pad the file. Some repeated content to pad the file. Some repeated content to pad the file. Some repeated content to pad the file. Some repeated content to pad the file. Some repeated content to pad the file. Some repeated content to pad the file. Some repeated content to pad the file. Some repeated content to pad the file. Some repeated content to pad the file. Some repeated content to pad the file. Some repeated content to pad the file. Some repeated content to pad the file. Some repeated content to pad the file. Some repeated content to pad the file. Some repeated content to pad the file. Some repeated content to pad the file. Some repeated content to pad the file. Some repeated content to pad the file. Some repeated content to pad the file. Some repeated content to pad the file. Some repeated content to pad the file. Some repeated content to pad the file. Some repeated content to pad the file. Some repeated content to pad the file. Some repeated content to pad the file. Some repeated content to pad the file. Some repeated content to pad the file. Some repeated content to pad the file. Some repeated content to pad the file. Some repeated content to pad the file. Some repeated content to pad the file. Some repeated content to pad the file. Some repeated content to pad the file. Some repeated content to pad the file. Some repeated content to pad the file. Some repeated content to pad the file. Some repeated content to pad the file. Some repeated content to pad the file. Some repeated content to pad the file. Some repeated content to pad the file. Some repeated content to pad the file. Some repeated content to pad the file. Some repeated content to pad the file. Some repeated content to pad the file. Some repeated content to pad the file. Some repeated content to pad the file. Some repeated content to pad the file. Some repeated content to pad the file. Some repeated content to pad the file. Some repeated content to pad the file. Some repeated content to pad the file. Some repeated content to pad the file. Some repeated content to pad the file. Some repeated content to pad the file. Some repeated content to pad the file. Some repeated content to pad the file. Some repeated content to pad the file. Some repeated content to pad the file. Some repeated content to pad the file. Some repeated content to pad the file. Some repeated content to pad the file. Some repeated content to pad the file. Some repeated content to pad the file. Some repeated content to pad the file. Some repeated content to pad the file. Some repeated content to pad the file. Some repeated content to pad the file. Some repeated content to pad the file. Some repeated content to pad the file. Some repeated content to pad the file. Some repeated content to pad the file. Some repeated content to pad the file. Some repeated content to pad the file. Some repeated content to pad the file. Some repeated content to pad the file. Some repeated content to pad the file. Some repeated content to pad the file. Some repeated content to pad the file. Some repeated content to pad the file. Some repeated content to pad the file. Some repeated content to pad the file. Some repeated content to pad the file. Some repeated content to pad the file. Some repeated content to pad the file. Some repeated content to pad the file. Some repeated content to pad the file. Some repeated content to pad the file. Some repeated content to pad the file. Some repeated content to pad the file. Some repeated content to pad the file. Some repeated content to pad the file. Some repeated content to pad the file. Some repeated content to pad the file. Some repeated content to pad the file. Some repeated content to pad the file. Some repeated content to pad the file. Some repeated content to pad the file. Some repeated content to pad the file. Some repeated content to pad the file. Some repeated content to pad the file. Some repeated content to pad the file. Some repeated content to pad the file. Some repeated content to pad the file. Some repeated content to pad the file. Some repeated content to pad the file. Some repeated content to pad the file. Some repeated content to pad the file. Some repeated content to pad the file. Some repeated content to pad the file. Some repeated content to pad the file. Some repeated content to pad the file. Some repeated content to pad the file. Some repeated content to pad the file. Some repeated content to pad the file. Some repeated content to pad the file. Some repeated content to pad the file. Some repeated content to pad the file. Some repeated content to pad the file. Some repeated content to pad the file. Some repeated content to pad the file. Some repeated content to pad the file. Some repeated content to pad the file. Some repeated content to pad the file. Some repeated content to pad the file. Some repeated content to pad the file. Some repeated content to pad the file. Some repeated content to pad the file. Some repeated content to pad the file. Some repeated content to pad the file. Some repeated content to pad the file. Some repeated content to pad the file. Some repeated content to pad the file. Some repeated content to pad the file. Some repeated content to pad the file. Some repeated content to pad the file. Some repeated content to pad the file. Some repeated content to pad the file. Some repeated content to pad the file. Some repeated content to pad the file. Some repeated content to pad the file. Some repeated content to pad the file. Some repeated content to pad the file. Some repeated content to pad the file. Some repeated content to pad the file. Some repeated content to pad the file. Some repeated content to pad the file. Some repeated content to pad the file. Some repeated content to pad the file. Some repeated content to pad the file. Some repeated content to pad the file. Some repeated content to pad the file. Some repeated content to pad the file. Some repeated content to pad the file. Some repeated content to pad the file. Some repeated content to pad the file. Some repeated content to pad the file. Some repeated content to pad the file. Some repeated content to pad the file. Some repeated content to pad the file. Some repeated content to pad the file. Some repeated content to pad the file. Some repeated content to pad the file. Some repeated content to pad the file. Some repeated content to pad the file. Some repeated content to pad the file. Some repeated content to pad the file. Some repeated content to pad the file. Some repeated content to pad the file. Some repeated content to pad the file. Some repeated content to pad the file. Some repeated content to pad the file. Some repeated content to pad the file. Some repeated content to pad the file. Some repeated content to pad the file. Some repeated content to pad the file. Some repeated content to pad the file. Some repeated content to pad the file. Some repeated content to pad the file. Some repeated content to pad the file. Some repeated content to pad the file. Some repeated content to pad the file. Some repeated content to pad the file. Some repeated content to pad the file. Some repeated content to pad the file. Some repeated content to pad the file. Some repeated content to pad the file. Some repeated content to pad the file. Some repeated content to pad the file. Some repeated content to pad the file. Some repeated content to pad the file. Some repeated content to pad the file. Some repeated content to pad the file. Some repeated content to pad the file. Some repeated content to pad the file. Some repeated content to pad the file. Some repeated content to pad the file. Some repeated content to pad the file. Some repeated content to pad the file. Some repeated content to pad the file. Some repeated content to pad the file. Some repeated content to pad the file. Some repeated content to pad the file. Some repeated content to pad the file. Some repeated content to pad the file. Some repeated content to pad the file. Some repeated content to pad the file. Some repeated content to pad the file. Some repeated content to pad the file. Some repeated content to pad the file. Some repeated content to pad the file. Some repeated content to pad the file. Some repeated content to pad the file. Some repeated content to pad the file. Some repeated content to pad the file. Some repeated content to pad the file. Some repeated content to pad the file. Some repeated content to pad the file. Some repeated content to pad the file. Some repeated content to pad the file. Some repeated content to pad the file. Some repeated content to pad the file. Some repeated content to pad the file. Some repeated content to pad the file. Some repeated content to pad the file. Some repeated content to pad the file. Some repeated content to pad the file. Some repeated content to pad the file. Some repeated content to pad the file. Some repeated content to pad the file. Some repeated content to pad the file. Some repeated content to pad the file. Some repeated content to pad the file. Some repeated content to pad the file. Some repeated content to pad the file. Some repeated content to pad the file. Some repeated content to pad the file. Some repeated content to pad the file. Some repeated content to pad the file. Some repeated content to pad the file. Some repeated content to pad the file. Some repeated content to pad the file. Some repeated content to pad the file. Some repeated content to pad the file. Some repeated content to pad the file. Some repeated content to pad the file. Some repeated content to pad the file. Some repeated content to pad the file. Some repeated content to pad the file. Some repeated content to pad the file. Some repeated content to pad the file. Some repeated content to pad the file. Some repeated content to pad the file. Some repeated content to pad the file. Some repeated content to pad the file. Some repeated content to pad the file. Some repeated content to pad the file. Some repeated content to pad the file. Some repeated content to pad the file. Some repeated content to pad the file. Some repeated content to pad the file. Some repeated content to pad the file. Some repeated content to pad the file. Some repeated content to pad the file. Some repeated content to pad the file. Some repeated content to pad the file. Some repeated content to pad the file. Some repeated content to pad the file. Some repeated content to pad the file. Some repeated content to pad the file. Some repeated content to pad the file. Some repeated content to pad the file. Some repeated content to pad the file. Some repeated content to pad the file. Some repeated content to pad the file. Some repeated content to pad the file. Some repeated content to pad the file. Some repeated content to pad the file. Some repeated content to pad the file. Some repeated content to pad the file. Some repeated content to pad the file. Some repeated content to pad the file. Some repeated content to pad the file. Some repeated content to pad the file. Some repeated content to pad the file. Some repeated content to pad the file. Some repeated content to pad the file. Some repeated content to pad the file. Some repeated content to pad the file. Some repeated content to pad the file. Some repeated content to pad the file. Some repeated content to pad the file. Some repeated content to pad the file. Some repeated content to pad the file. Some repeated content to pad the file. Some repeated content to pad the file. Some repeated content to pad the file. Some repeated content to pad the file. Some repeated content to pad the file. Some repeated content to pad the file. Some repeated content to pad the file. Some repeated content to pad the file. Some repeated content to pad the file. Some repeated content to pad the file. Some repeated content to pad the file. Some repeated content to pad the file. Some repeated content to pad the file. Some repeated content to pad the file. Some repeated content to pad the file. Some repeated content to pad the file. Some repeated content to pad the file. Some repeated content to pad the file. Some repeated content to pad the file. Some repeated content to pad the file. Some repeated content to pad the file. Some repeated content to pad the file. Some repeated content to pad the file. Some repeated content to pad the file. Some repeated content to pad the file. Some repeated content to pad the file. Some repeated content to pad the file. Some repeated content to pad the file. Some repeated content to pad the file. Some repeated content to pad the file. Some repeated content to pad the file. Some repeated content to pad the file. Some repeated content to pad the file. Some repeated content to pad the file. Some repeated content to pad the file. Some repeated content to pad the file. Some repeated content to pad the file. Some repeated content to pad the file. Some repeated content to pad the file. Some repeated content to pad the file. Some repeated content to pad the file. Some repeated content to pad the file. Some repeated content to pad the file. Some repeated content to pad the file. Some repeated content to pad the file. Some repeated content to pad the file. Some repeated content to pad the file. Some repeated content to pad the file. Some repeated content to pad the file. Some repeated content to pad the file. Some repeated content to pad the file. Some repeated content to pad the file. Some repeated content to pad the file. Some repeated content to pad the file. Some repeated content to pad the file. Some repeated content to pad the file. Some repeated content to pad the file. Some repeated content to pad the file. Some repeated content to pad the file. Some repeated content to pad the file. Some repeated content to pad the file. Some repeated content to pad the file. Some repeated content to pad the file. Some repeated content to pad the file. Some repeated content to pad the file. Some repeated content to pad the file. Some repeated content to pad the file. Some repeated content to pad the file. Some repeated content to pad the file. Some repeated content to pad the file. Some repeated content to pad the file. Some repeated content to pad the file. Some repeated content to pad the file. Some repeated content to pad the file. Some repeated content to pad the file. Some repeated content to pad the file. Some repeated content to pad the file. Some repeated content to pad the file. Some repeated content to pad the file. Some repeated content to pad the file. Some repeated content to pad the file. Some repeated content to pad the file. Some repeated content to pad the file. Some repeated content to pad the file. Some repeated content to pad the file. Some repeated content to pad the file. Some repeated content to pad the file. Some repeated content to pad the file. Some repeated content to pad the file. Some repeated content to pad the file. Some repeated content to pad the file. Some repeated content to pad the file. Some repeated content to pad the file. Some repeated content to pad the file. Some repeated content to pad the file. Some repeated content to pad the file. Some repeated content to pad the file. Some repeated content to pad the file. Some repeated content to pad the file. Some repeated content to pad the file. Some repeated content to pad the file. Some repeated content to pad the file. Some repeated content to pad the file. Some repeated content to pad the file. Some repeated content to pad the file. Some repeated content to pad the file. Some repeated content to pad the file. Some repeated content to pad the file. Some repeated content to pad the file. Some repeated content to pad the file. Some repeated content to pad the file. Some repeated content to pad the file. Some repeated content to pad the file. Some repeated content to pad the file. Some repeated content to pad the file. Some repeated content to pad the file. Some repeated content to pad the file. Some repeated content to pad the file. Some repeated content to pad the file. Some repeated content to pad the file. Some repeated content to pad the file. Some repeated content to pad the file. Some repeated content to pad the file. Some repeated content to pad the file. Some repeated content to pad the file. Some repeated content to pad the file. Some repeated content to pad the file. Some repeated content to pad the file. Some repeated content to pad the file. Some repeated content to pad the file. Some repeated content to pad the file. Some repeated content to pad the file. Some repeated content to pad the file. Some repeated content to pad the file. Some repeated content to pad the file. Some repeated content to pad the file. Some repeated content to pad the file. Some repeated content to pad the file. Some repeated content to pad the file. Some repeated content to pad the file. Some repeated content to pad the file. Some repeated content to pad the file. Some repeated content to pad the file. Some repeated content to pad the file. Some repeated content to pad the file. Some repeated content to pad the file. Some repeated content to pad the file. Some repeated content to pad the file. Some repeated content to pad the file. Some repeated content to pad the file. Some repeated content to pad the file. Some repeated content to pad the file. Some repeated content to pad the file. Some repeated content to pad the file. Some repeated content to pad the file. Some repeated content to pad the file. Some repeated content to pad the file. Some repeated content to pad the file. Some repeated content to pad the file. Some repeated content to pad the file. Some repeated content to pad the file. Some repeated content to pad the file. Some repeated content to pad the file. Some repeated content to pad the file. Some repeated content to pad the file. Some repeated content to pad the file. Some repeated content to pad the file. Some repeated content to pad the file. Some repeated content to pad the file. Some repeated content to pad the file. Some repeated content to pad the file. Some repeated content to pad the file. Some repeated content to pad the file. Some repeated content to pad the file. Some repeated content to pad the file. Some repeated content to pad the file. Some repeated content to pad the file. Some repeated content to pad the file. Some repeated content to pad the file. Some repeated content to pad the file. Some repeated content to pad the file. Some repeated content to pad the file. Some repeated content to pad the file. Some repeated content to pad the file. Some repeated content to pad the file. Some repeated content to pad the file. Some repeated content to pad the file. Some repeated content to pad the file. Some repeated content to pad the file. Some repeated content to pad the file. Some repeated content to pad the file. Some repeated content to pad the file. Some repeated content to pad the file. Some repeated content to pad the file. Some repeated content to pad the file. Some repeated content to pad the file. Some repeated content to pad the file. Some repeated content to pad the file. Some repeated content to pad the file. Some repeated content to pad the file. Some repeated content to pad the file. Some repeated content to pad the file. Some repeated content to pad the file. Some repeated content to pad the file. Some repeated content to pad the file. Some repeated content to pad the file. Some repeated content to pad the file. Some repeated content to pad the file. Some repeated content to pad the file. Some repeated content to pad the file. Some repeated content to pad the file. Some repeated content to pad the file. Some repeated content to pad the file. Some repeated content to pad the file. Some repeated content to pad the file. Some repeated content to pad the file. Some repeated content to pad the file. Some repeated content to pad the file. Some repeated content to pad the file. Some repeated content to pad the file. Some repeated content to pad the file. Some repeated content to pad the file. Some repeated content to pad the file. Some repeated content to pad the file. Some repeated content to pad the file. Some repeated content to pad the file. Some repeated content to pad the file. Some repeated content to pad the file. Some repeated content to pad the file. Some repeated content to pad the file. Some repeated content to pad the file. Some repeated content to pad the file. Some repeated content to pad the file. Some repeated content to pad the file. Some repeated content to pad the file. Some repeated content to pad the file. Some repeated content to pad the file. Some repeated content to pad the file. Some repeated content to pad the file. Some repeated content to pad the file. Some repeated content to pad the file. Some repeated content to pad the file. Some repeated content to pad the file. Some repeated content to pad the file. Some repeated content to pad the file. Some repeated content to pad the file. Some repeated content to pad the file. Some repeated content to pad the file. Some repeated content to pad the file. Some repeated content to pad the file. Some repeated content to pad the file. Some repeated content to pad the file. Some repeated content to pad the file. Some repeated content to pad the file. Some repeated content to pad the file. Some repeated content to pad the file. Some repeated content to pad the file. Some repeated content to pad the file. Some repeated content to pad the file. Some repeated content to pad the file. Some repeated content to pad the file. Some repeated content to pad the file. Some repeated content to pad the file. Some repeated content to pad the file. Some repeated content to pad the file. Some repeated content to pad the file. Some repeated content to pad the file. Some repeated content to pad the file. Some repeated content to pad the file. Some repeated content to pad the file. Some repeated content to pad the file. Some repeated content to pad the file. Some repeated content to pad the file. Some repeated content to pad the file. Some repeated content to pad the file. Some repeated content to pad the file. Some repeated content to pad the file. Some repeated content to pad the file. Some repeated content to pad the file. Some repeated content to pad the file. Some repeated content to pad the file. Some repeated content to pad the file. Some repeated content to pad the file. Some repeated content to pad the file. Some repeated content to pad the file. Some repeated content to pad the file. Some repeated content to pad the file. Some repeated content to pad the file. Some repeated content to pad the file. Some repeated content to pad the file. Some repeated content to pad the file. Some repeated content to pad the file. Some repeated content to pad the file. Some repeated content to pad the file. Some repeated content to pad the file. Some repeated content to pad the file. Some repeated content to pad the file. Some repeated content to pad the file. Some repeated content to pad the file. Some repeated content to pad the file. Some repeated content to pad the file. Some repeated content to pad the file. Some repeated content to pad the file. Some repeated content to pad the file. Some repeated content to pad the file. Some repeated content to pad the file. Some repeated content to pad the file. Some repeated content to pad the file. Some repeated content to pad the file. Some repeated content to pad the file. Some repeated content to pad the file. Some repeated content to pad the file. Some repeated content to pad the file. Some repeated content to pad the file. Some repeated content to pad the file. Some repeated content to pad the file. Some repeated content to pad the file. Some repeated content to pad the file. Some repeated content to pad the file. Some repeated content to pad the file. Some repeated content to pad the file. Some repeated content to pad the file. Some repeated content to pad the file. Some repeated content to pad the file. Some repeated content to pad the file. Some repeated content to pad the file. Some repeated content to pad the file. Some repeated content to pad the file. Some repeated content to pad the file. Some repeated content to pad the file. Some repeated content to pad the file. Some repeated content to pad the file. Some repeated content to pad the file. Some repeated content to pad the file. Some repeated content to pad the file. Some repeated content to pad the file. Some repeated content to pad the file. Some repeated content to pad the file. Some repeated content to pad the file. Some repeated content to pad the file. Some repeated content to pad the file. Some repeated content to pad the file. Some repeated content to pad the file. Some repeated content to pad the file. Some repeated content to pad the file. Some repeated content to pad the file. Some repeated content to pad the file. Some repeated content to pad the file. Some repeated content to pad the file. Some repeated content to pad the file. Some repeated content to pad the file. Some repeated content to pad the file. Some repeated content to pad the file. Some repeated content to pad the file. Some repeated content to pad the file. Some repeated content to pad the file. Some repeated content to pad the file. Some repeated content to pad the file. Some repeated content to pad the file. Some repeated content to pad the file. Some repeated content to pad the file. Some repeated content to pad the file. Some repeated content to pad the file. Some repeated content to pad the file. Some repeated content to pad the file. Some repeated content to pad the file. Some repeated content to pad the file. Some repeated content to pad the file. Some repeated content to pad the file. Some repeated content to pad the file. Some repeated content to pad the file. Some repeated content to pad the file. Some repeated content to pad the file. Some repeated content to pad the file. Some repeated content to pad the file. Some repeated content to pad the file. Some repeated content to pad the file. Some repeated content to pad the file. Some repeated content to pad the file. Some repeated content to pad the file. Some repeated content to pad the file. Some repeated content to pad the file. Some repeated content to pad the file. Some repeated content to pad the file. Some repeated content to pad the file. Some repeated content to pad the file. Some repeated content to pad the file. Some repeated content to pad the file. Some repeated content to pad the file. Some repeated content to pad the file. Some repeated content to pad the file. Some repeated content to pad the file. Some repeated content to pad the file. Some repeated content to pad the file. Some repeated content to pad the file. Some repeated content to pad the file. Some repeated content to pad the file. Some repeated content to pad the file. Some repeated content to pad the file. Some repeated content to pad the file. Some repeated content to pad the file. Some repeated content to pad the file. Some repeated content to pad the file. Some repeated content to pad the file. Some repeated content to pad the file. Some repeated content to pad the file. Some repeated content to pad the file. Some repeated content to pad the file. Some repeated content to pad the file. Some repeated content to pad the file. Some repeated content to pad the file. Some repeated content to pad the file. Some repeated content to pad the file. Some repeated content to pad the file. Some repeated content to pad the file. Some repeated content to pad the file. Some repeated content to pad the file. Some repeated content to pad the file. Some repeated content to pad the file. Some repeated content to pad the file. Some repeated content to pad the file. Some repeated content to pad the file. Some repeated content to pad the file. Some repeated content to pad the file. Some repeated content to pad the file. Some repeated content to pad the file. Some repeated content to pad the file. Some repeated content to pad the file. Some repeated content to pad the file. Some repeated content to pad the file. Some repeated content to pad the file. Some repeated content to pad the file. Some repeated content to pad the file. Some repeated content to pad the file. Some repeated content to pad the file. Some repeated content to pad the file. Some repeated content to pad the file. Some repeated content to pad the file. Some repeated content to pad the file. Some repeated content to pad the file. Some repeated content to pad the file. Some repeated content to pad the file. Some repeated content to pad the file. Some repeated content to pad the file. Some repeated content to pad the file. Some repeated content to pad the file. Some repeated content to pad the file. Some repeated content to pad the file. Some repeated content to pad the file. Some repeated content to pad the file. Some repeated content to pad the file. Some repeated content to pad the file. Some repeated content to pad the file. Some repeated content to pad the file. Some repeated content to pad the file. Some repeated content to pad the file. Some repeated content to pad the file. Some repeated content to pad the file. Some repeated content to pad the file. Some repeated content to pad the file. Some repeated content to pad the file. Some repeated content to pad the file. Some repeated content to pad the file. Some repeated content to pad the file. Some repeated content to pad the file. Some repeated content to pad the file. Some repeated content to pad the file. Some repeated content to pad the file. Some repeated content to pad the file. Some repeated content to pad the file. Some repeated content to pad the file. Some repeated content to pad the file. Some repeated content to pad the file. Some repeated content to pad the file. Some repeated content to pad the file. Some repeated content to pad the file. Some repeated content to pad the file. Some repeated content to pad the file. Some repeated content to pad the file. Some repeated content to pad the file. Some repeated content to pad the file. Some repeated content to pad the file. Some repeated content to pad the file. Some repeated content to pad the file. Some repeated content to pad the file. Some repeated content to pad the file. Some repeated content to pad the file. Some repeated content to pad the file. Some repeated content to pad the file. Some repeated content to pad the file. Some repeated content to pad the file. Some repeated content to pad the file. Some repeated content to pad the file. Some repeated content to pad the file. Some repeated content to pad the file. Some repeated content to pad the file. Some repeated content to pad the file. Some repeated content to pad the file. Some repeated content to pad the file. Some repeated content to pad the file. Some repeated content to pad the file. Some repeated content to pad the file. Some repeated content to pad the file. Some repeated content to pad the file. Some repeated content to pad the file. Some repeated content to pad the file. Some repeated content to pad the file. Some repeated content to pad the file. Some repeated content to pad the file. Some repeated content to pad the file. Some repeated content to pad the file. Some repeated content to pad the file. Some repeated content to pad the file. Some repeated content to pad the file. Some repeated content to pad the file. Some repeated content to pad the file. Some repeated content to pad the file. Some repeated content to pad the file. Some repeated content to pad the file. Some repeated content to pad the file. Some repeated content to pad the file. Some repeated content to pad the file. Some repeated content to pad the file. Some repeated content to pad the file. Some repeated content to pad the file. Some repeated content to pad the file. Some repeated content to pad the file. Some repeated content to pad the file. Some repeated content to pad the file. Some repeated content to pad the file. Some repeated content to pad the file. Some repeated content to pad the file. Some repeated content to pad the file. Some repeated content to pad the file. Some repeated content to pad the file. Some repeated content to pad the file. Some repeated content to pad the file. Some repeated content to pad the file. Some repeated content to pad the file. Some repeated content to pad the file. Some repeated content to pad the file. Some repeated content to pad the file. Some repeated content to pad the file. Some repeated content to pad the file. Some repeated content to pad the file. Some repeated content to pad the file. Some repeated content to pad the file. Some repeated content to pad the file. Some repeated content to pad the file. Some repeated content to pad the file. Some repeated content to pad the file. Some repeated content to pad the file. Some repeated content to pad the file. Some repeated content to pad the file. Some repeated content to pad the file. Some repeated content to pad the file. Some repeated content to pad the file. Some repeated content to pad the file. Some repeated content to pad the file. Some repeated content to pad the file. Some repeated content to pad the file. Some repeated content to pad the file. Some repeated content to pad the file. Some repeated content to pad the file. Some repeated content to pad the file. Some repeated content to pad the file. Some repeated content to pad the file. Some repeated content to pad the file. Some repeated content to pad the file. Some repeated content to pad the file. Some repeated content to pad the file. Some repeated content to pad the file. Some repeated content to pad the file. Some repeated content to pad the file. Some repeated content to pad the file. Some repeated content to pad the file. Some repeated content to pad the file. Some repeated content to pad the file. Some repeated content to pad the file. Some repeated content to pad the file. Some repeated content to pad the file. Some repeated content to pad the file. Some repeated content to pad the file. Some repeated content to pad the file. Some repeated content to pad the file. Some repeated content to pad the file. Some repeated content to pad the file. Some repeated content to pad the file. Some repeated content to pad the file. Some repeated content to pad the file. Some repeated content to pad the file. Some repeated content to pad the file. Some repeated content to pad the file. Some repeated content to pad the file. Some repeated content to pad the file. Some repeated content to pad the file. Some repeated content to pad the file. Some repeated content to pad the file. Some repeated content to pad the file. Some repeated content to pad the file. Some repeated content to pad the file. Some repeated content to pad the file. Some repeated content to pad the file. Some repeated content to pad the file. Some repeated content to pad the file. Some repeated content to pad the file. Some repeated content to pad the file. Some repeated content to pad the file. Some repeated content to pad the file. Some repeated content to pad the file. Some repeated content to pad the file. Some repeated content to pad the file. Some repeated content to pad the file. Some repeated content to pad the file. Some repeated content to pad the file. Some repeated content to pad the file. Some repeated content to pad the file. Some repeated content to pad the file. Some repeated content to pad the file. Some repeated content to pad the file. Some repeated content to pad the file. Some repeated content to pad the file. Some repeated content to pad the file. Some repeated content to pad the file. Some repeated content to pad the file. Some repeated content to pad the file. Some repeated content to pad the file. Some repeated content to pad the file. Some repeated content to pad the file. Some repeated content to pad the file. Some repeated content to pad the file. Some repeated content to pad the file. Some repeated content to pad the file. Some repeated content to pad the file. Some repeated content to pad the file. Some repeated content to pad the file. Some repeated content to pad the file. Some repeated content to pad the file. Some repeated content to pad the file. Some repeated content to pad the file. Some repeated content to pad the file. Some repeated content to pad the file. Some repeated content to pad the file. Some repeated content to pad the file. Some repeated content to pad the file. Some repeated content to pad the file. Some repeated content to pad the file. Some repeated content to pad the file. Some repeated content to pad the file. Some repeated content to pad the file. Some repeated content to pad the file. Some repeated content to pad the file. Some repeated content to pad the file. Some repeated content to pad the file. Some repeated content to pad the file. Some repeated content to pad the file. Some repeated content to pad the file. Some repeated content to pad the file. Some repeated content to pad the file. Some repeated content to pad the file. Some repeated content to pad the file. Some repeated content to pad the file. Some repeated content to pad the file. Some repeated content to pad the file. Some repeated content to pad the file. Some repeated content to pad the file. Some repeated content to pad the file. Some repeated content to pad the file. Some repeated content to pad the file. Some repeated content to pad the file. Some repeated content to pad the file. Some repeated content to pad the file. Some repeated content to pad the file. Some repeated content to pad the file. Some repeated content to pad the file. Some repeated content to pad the file. Some repeated content to pad the file. Some repeated content to pad the file. Some repeated content to pad the file. Some repeated content to pad the file. Some repeated content to pad the file. Some repeated content to pad the file. Some repeated content to pad the file. Some repeated content to pad the file. Some repeated content to pad the file. Some repeated content to pad the file. Some repeated content to pad the file. Some repeated content to pad the file. Some repeated content to pad the file. Some repeated content to pad the file. Some repeated content to pad the file. Some repeated content to pad the file. Some repeated content to pad the file. Some repeated content to pad the file. Some repeated content to pad the file. Some repeated content to pad the file. Some repeated content to pad the file. Some repeated content to pad the file. Some repeated content to pad the file. Some repeated content to pad the file. Some repeated content to pad the file. Some repeated content to pad the file. Some repeated content to pad the file. Some repeated content to pad the file. Some repeated content to pad the file. Some repeated content to pad the file. Some repeated content to pad the file. Some repeated content to pad the file. Some repeated content to pad the file. Some repeated content to pad the file. Some repeated content to pad the file. Some repeated content to pad the file. Some repeated content to pad the file. Some repeated content to pad the file. Some repeated content to pad the file. Some repeated content to pad the file. Some repeated content to pad the file. Some repeated content to pad the file. Some repeated content to pad the file. Some repeated content to pad the file. Some repeated content to pad the file. Some repeated content to pad the file. Some repeated content to pad the file. Some repeated content to pad the file. Some repeated content to pad the file. Some repeated content to pad the file. Some repeated content to pad the file. Some repeated content to pad the file. Some repeated content to pad the file. Some repeated content to pad the file. Some repeated content to pad the file. Some repeated content to pad the file. Some repeated content to pad the file. Some repeated content to pad the file. Some repeated content to pad the file. Some repeated content to pad the file. Some repeated content to pad the file. Some repeated content to pad the file. Some repeated content to pad the file. Some repeated content to pad the file. Some repeated content to pad the file. Some repeated content to pad the file. Some repeated content to pad the file. Some repeated content to pad the file. Some repeated content to pad the file. Some repeated content to pad the file. Some repeated content to pad the file. Some repeated content to pad the file. Some repeated content to pad the file. Some repeated content to pad the file. Some repeated content to pad the file. Some repeated content to pad the file. Some repeated content to pad the file. Some repeated content to pad the file. Some repeated content to pad the file. Some repeated content to pad the file. Some repeated content to pad the file. Some repeated content to pad the file. Some repeated content to pad the file. Some repeated content to pad the file. Some repeated content to pad the file. Some repeated content to pad the file. Some repeated content to pad the file. Some repeated content to pad the file. Some repeated content to pad the file. Some repeated content to pad the file. Some repeated content to pad the file. Some repeated content to pad the file. Some repeated content to pad the file. Some repeated content to pad the file. Some repeated content to pad the file. Some repeated content to pad the file. Some repeated content to pad the file. Some repeated content to pad the file. Some repeated content to pad the file. Some repeated content to pad the file. Some repeated content to pad the file. Some repeated content to pad the file. Some repeated content to pad the file. Some repeated content to pad the file. Some repeated content to pad the file. Some repeated content to pad the file. Some repeated content to pad the file. Some repeated content to pad the file. Some repeated content to pad the file. Some repeated content to pad the file. Some repeated content to pad the file. Some repeated content to pad the file. Some repeated content to pad the file. Some repeated content to pad the file. Some repeated content to pad the file. Some repeated content to pad the file. Some repeated content to pad the file. Some repeated content to pad the file. Some repeated content to pad the file. Some repeated content to pad the file. Some repeated content to pad the file. Some repeated content to pad the file. Some repeated content to pad the file. Some repeated content to pad the file. Some repeated content to pad the file. Some repeated content to pad the file. Some repeated content to pad the file. Some repeated content to pad the file. Some repeated content to pad the file. Some repeated content to pad the file. Some repeated content to pad the file. Some repeated content to pad the file. Some repeated content to pad the file. Some repeated content to pad the file. Some repeated content to pad the file. Some repeated content to pad the file. Some repeated content to pad the file. Some repeated content to pad the file. Some repeated content to pad the file. Some repeated content to pad the file. Some repeated content to pad the file. Some repeated content to pad the file. Some repeated content to pad the file. Some repeated content to pad the file. Some repeated content to pad the file. Some repeated content to pad the file. Some repeated content to pad the file. Some repeated content to pad the file. Some repeated content to pad the file. Some repeated content to pad the file. Some repeated content to pad the file. Some repeated content to pad the file. Some repeated content to pad the file. Some repeated content to pad the file. Some repeated content to pad the file. Some repeated content to pad the file. Some repeated content to pad the file. Some repeated content to pad the file. Some repeated content to pad the file. Some repeated content to pad the file. Some repeated content to pad the file. Some repeated content to pad the file. Some repeated content to pad the file. Some repeated content to pad the file. Some repeated content to pad the file. Some repeated content to pad the file. Some repeated content to pad the file. Some repeated content to pad the file. Some repeated content to pad the file. Some repeated content to pad the file. Some repeated content to pad the file. Some repeated content to pad the file. Some repeated content to pad the file. Some repeated content to pad the file. Some repeated content to pad the file. Some repeated content to pad the file. Some repeated content to pad the file. Some repeated content to pad the file. Some repeated content to pad the file. Some repeated content to pad the file. Some repeated content to pad the file. Some repeated content to pad the file. Some repeated content to pad the file. Some repeated content to pad the file. Some repeated content to pad the file. Some repeated content to pad the file. Some repeated content to pad the file. Some repeated content to pad the file. Some repeated content to pad the file. Some repeated content to pad the file. Some repeated content to pad the file. Some repeated content to pad the file. Some repeated content to pad the file. Some repeated content to pad the file. Some repeated content to pad the file. Some repeated content to pad the file. Some repeated content to pad the file. Some repeated content to pad the file. Some repeated content to pad the file. Some repeated content to pad the file. Some repeated content to pad the file. Some repeated content to pad the file. Some repeated content to pad the file. Some repeated content to pad the file. Some repeated content to pad the file. Some repeated content to pad the file. Some repeated content to pad the file. Some repeated content to pad the file. Some repeated content to pad the file. Some repeated content to pad the file. Some repeated content to pad the file. Some repeated content to pad the file. Some repeated content to pad the file. Some repeated content to pad the file. Some repeated content to pad the file. Some repeated content to pad the file. Some repeated content to pad the file. Some repeated content to pad the file. Some repeated content to pad the file. Some repeated content to pad the file. Some repeated content to pad the file. Some repeated content to pad the file. Some repeated content to pad the file. Some repeated content to pad the file. Some repeated content to pad the file. Some repeated content to pad the file. Some repeated content to pad the file. Some repeated content to pad the file. Some repeated content to pad the file. Some repeated content to pad the file. Some repeated content to pad the file. Some repeated content to pad the file. Some repeated content to pad the file. Some repeated content to pad the file. Some repeated content to pad the file. Some repeated content to pad the file. Some repeated content to pad the file. Some repeated content to pad the file. Some repeated content to pad the file. Some repeated content to pad the file. Some repeated content to pad the file. Some repeated content to pad the file. Some repeated content to pad the file. Some repeated content to pad the file. Some repeated content to pad the file. Some repeated content to pad the file. Some repeated content to pad the file. Some repeated content to pad the file. Some repeated content to pad the file. Some repeated content to pad the file. Some repeated content to pad the file. Some repeated content to pad the file. Some repeated content to pad the file. Some repeated content to pad the file. Some repeated content to pad the file. Some repeated content to pad the file. Some repeated content to pad the file. Some repeated content to pad the file. Some repeated content to pad the file. Some repeated content to pad the file. Some repeated content to pad the file. Some repeated content to pad the file. Some repeated content to pad the file. Some repeated content to pad the file. Some repeated content to pad the file. Some repeated content to pad the file. Some repeated content to pad the file. Some repeated content to pad the file. Some repeated content to pad the file. Some repeated content to pad the file. Some repeated content to pad the file. Some repeated content to pad the file. Some repeated content to pad the file. Some repeated content to pad the file. Some repeated content to pad the file. Some repeated content to pad the file. Some repeated content to pad the file. Some repeated content to pad the file. Some repeated content to pad the file. Some repeated content to pad the file. Some repeated content to pad the file. Some repeated content to pad the file. Some repeated content to pad the file. Some repeated content to pad the file. Some repeated content to pad the file. Some repeated content to pad the file. Some repeated content to pad the file. Some repeated content to pad the file. Some repeated content to pad the file. Some repeated content to pad the file. Some repeated content to pad the file. Some repeated content to pad the file. Some repeated content to pad the file. Some repeated content to pad the file. Some repeated content to pad the file. Some repeated content to pad the file. Some repeated content to pad the file. Some repeated content to pad the file. Some repeated content to pad the file. Some repeated content to pad the file. Some repeated content to pad the file. Some repeated content to pad the file. Some repeated content to pad the file. Some repeated content to pad the file. Some repeated content to pad the file. Some repeated content to pad the file. Some repeated content to pad the file. Some repeated content to pad the file. Some repeated content to pad the file. Some repeated content to pad the file. Some repeated content to pad the file. Some repeated content to pad the file. Some repeated content to pad the file. Some repeated content to pad the file. Some repeated content to pad the file. Some repeated content to pad the file. Some repeated content to pad the file. Some repeated content to pad the file. Some repeated content to pad the file. Some repeated content to pad the file. Some repeated content to pad the file. Some repeated content to pad the file. Some repeated content to pad the file. Some repeated content to pad the file. Some repeated content to pad the file. Some repeated content to pad the file. Some repeated content to pad the file. Some repeated content to pad the file. Some repeated content to pad the file. Some repeated content to pad the file. Some repeated content to pad the file. Some repeated content to pad the file. Some repeated content to pad the file. Some repeated content to pad the file. Some repeated content to pad the file. Some repeated content to pad the file. Some repeated content to pad the file. Some repeated content to pad the file. Some repeated content to pad the file. Some repeated content to pad the file. Some repeated content to pad the file. Some repeated content to pad the file. Some repeated content to pad the file. Some repeated content to pad the file. Some repeated content to pad the file. Some repeated content to pad the file. Some repeated content to pad the file. Some repeated content to pad the file. Some repeated content to pad the file. Some repeated content to pad the file. Some repeated content to pad the file. Some repeated content to pad the file. Some repeated content to pad the file. Some repeated content to pad the file. Some repeated content to pad the file. Some repeated content to pad the file. Some repeated content to pad the file. Some repeated content to pad the file. Some repeated content to pad the file. Some repeated content to pad the file. Some repeated content to pad the file. Some repeated content to pad the file. Some repeated content to pad the file. Some repeated content to pad the file. Some repeated content to pad the file. Some repeated content to pad the file. Some repeated content to pad the file. Some repeated content to pad the file. Some repeated content to pad the file. Some repeated content to pad the file. Some repeated content to pad the file. Some repeated content to pad the file. Some repeated content to pad the file. Some repeated content to pad the file. Some repeated content to pad the file. Some repeated content to pad the file. Some repeated content to pad the file. Some repeated content to pad the file. Some repeated content to pad the file. Some repeated content to pad the file. Some repeated content to pad the file. Some repeated content to pad the file. Some repeated content to pad the file. Some repeated content to pad the file. Some repeated content to pad the file. Some repeated content to pad the file. Some repeated content to pad the file. Some repeated content to pad the file. Some repeated content to pad the file. Some repeated content to pad the file. Some repeated content to pad the file. Some repeated content to pad the file. Some repeated content to pad the file. Some repeated content to pad the file. Some repeated content to pad the file. Some repeated content to pad the file. Some repeated content to pad the file. Some repeated content to pad the file. Some repeated content to pad the file. Some repeated content to pad the file. Some repeated content to pad the file. Some repeated content to pad the file. Some repeated content to pad the file. Some repeated content to pad the file. Some repeated content to pad the file. Some repeated content to pad the file. Some repeated content to pad the file. Some repeated content to pad the file. Some repeated content to pad the file. Some repeated content to pad the file. Some repeated content to pad the file. Some repeated content to pad the file. Some repeated content to pad the file. Some repeated content to pad the file. Some repeated content to pad the file. Some repeated content to pad the file. Some repeated content to pad the file. Some repeated content to pad the file. Some repeated content to pad the file. Some repeated content to pad the file. Some repeated content to pad the file. Some repeated content to pad the file. Some repeated content to pad the file. Some repeated content to pad the file. Some repeated content to pad the file. Some repeated content to pad the file. Some repeated content to pad the file. Some repeated content to pad the file. Some repeated content to pad the file. Some repeated content to pad the file. Some repeated content to pad the file. Some repeated content to pad the file. Some repeated content to pad the file. Some repeated content to pad the file. Some repeated content to pad the file. Some repeated content to pad the file. Some repeated content to pad the file. Some repeated content to pad the file. Some repeated content to pad the file. Some repeated content to pad the file. Some repeated content to pad the file. Some repeated content to pad the file. Some repeated content to pad the file. Some repeated content to pad the file. Some repeated content to pad the file. Some repeated content to pad the file. Some repeated content to pad the file. Some repeated content to pad the file. Some repeated content to pad the file. Some repeated content to pad the file. Some repeated content to pad the file. Some repeated content to pad the file. Some repeated content to pad the file. Some repeated content to pad the file. Some repeated content to pad the file. Some repeated content to pad the file. Some repeated content to pad the file. Some repeated content to pad the file. Some repeated content to pad the file. Some repeated content to pad the file. Some repeated content to pad the file. Some repeated content to pad the file. Some repeated content to pad the file. Some repeated content to pad the file. Some repeated content to pad the file. Some repeated content to pad the file. Some repeated content to pad the file. Some repeated content to pad the file. Some repeated content to pad the file. Some repeated content to pad the file. Some repeated content to pad the file. Some repeated content to pad the file. Some repeated content to pad the file. Some repeated content to pad the file. Some repeated content to pad the file. Some repeated content to pad the file. Some repeated content to pad the file. Some repeated content to pad the file. Some repeated content to pad the file. Some repeated content to pad the file. Some repeated content to pad the file. Some repeated content to pad the file. Some repeated content to pad the file. Some repeated content to pad the file. Some repeated content to pad the file. Some repeated content to pad the file. Some repeated content to pad the file. Some repeated content to pad the file. Some repeated content to pad the file. Some repeated content to pad the file. Some repeated content to pad the file. Some repeated content to pad the file. Some repeated content to pad the file. Some repeated content to pad the file. Some repeated content to pad the file. Some repeated content to pad the file. Some repeated content to pad the file. Some repeated content to pad the file. Some repeated content to pad the file. Some repeated content to pad the file. Some repeated content to pad the file. Some repeated content to pad the file. Some repeated content to pad the file. Some repeated content to pad the file. Some repeated content to pad the file. Some repeated content to pad the file. Some repeated content to pad the file. Some repeated content to pad the file. Some repeated content to pad the file. Some repeated content to pad the file. Some repeated content to pad the file. Some repeated content to pad the file. Some repeated content to pad the file. Some repeated content to pad the file. Some repeated content to pad the file. Some repeated content to pad the file. Some repeated content to pad the file. Some repeated content to pad the file. Some repeated content to pad the file. Some repeated content to pad the file. Some repeated content to pad the file. Some repeated content to pad the file. Some repeated content to pad the file. Some repeated content to pad the file. Some repeated content to pad the file. Some repeated content to pad the file. Some repeated content to pad the file. Some repeated content to pad the file. Some repeated content to pad the file. Some repeated content to pad the file. Some repeated content to pad the file. Some repeated content to pad the file. Some repeated content to pad the file. Some repeated content to pad the file. Some repeated content to pad the file. Some repeated content to pad the file. Some repeated content to pad the file. Some repeated content to pad the file. Some repeated content to pad the file. Some repeated content to pad the file. Some repeated content to pad the file. Some repeated content to pad the file. Some repeated content to pad the file. Some repeated content to pad the file. Some repeated content to pad the file. Some repeated content to pad the file. Some repeated content to pad the file. Some repeated content to pad the file. Some repeated content to pad the file. Some repeated content to pad the file. Some repeated content to pad the file. Some repeated content to pad the file. Some repeated content to pad the file. Some repeated content to pad the file. Some repeated content to pad the file. Some repeated content to pad the file. Some repeated content to pad the file. Some repeated content to pad the file. Some repeated content to pad the file. Some repeated content to pad the file. Some repeated content to pad the file. Some repeated content to pad the file. Some repeated content to pad the file. Some repeated content to pad the file. Some repeated content to pad the file. Some repeated content to pad the file. Some repeated content to pad the file. Some repeated content to pad the file. Some repeated content to pad the file. Some repeated content to pad the file. Some repeated content to pad the file. Some repeated content to pad the file. Some repeated content to pad the file. Some repeated content to pad the file. Some repeated content to pad the file. Some repeated content to pad the file. Some repeated content to pad the file. Some repeated content to pad the file. Some repeated content to pad the file. Some repeated content to pad the file. Some repeated content to pad the file. Some repeated content to pad the file. Some repeated content to pad the file. Some repeated content to pad the file. Some repeated content to pad the file. Some repeated content to pad the file. Some repeated content to pad the file. Some repeated content to pad the file. Some repeated content to pad the file. Some repeated content to pad the file. Some repeated content to pad the file. Some repeated content to pad the file. Some repeated content to pad the file. Some repeated content to pad the file. Some repeated content to pad the file. Some repeated content to pad the file. Some repeated content to pad the file. Some repeated content to pad the file. Some repeated content to pad the file. Some repeated content to pad the file. Some repeated content to pad the file. Some repeated content to pad the file. Some repeated content to pad the file. Some repeated content to pad the file. Some repeated content to pad the file. Some repeated content to pad the file. Some repeated content to pad the file. Some repeated content to pad the file. Some repeated content to pad the file. Some repeated content to pad the file. Some repeated content to pad the file. Some repeated content to pad the file. Some repeated content to pad the file. Some repeated content to pad the file. Some repeated content to pad the file. Some repeated content to pad the file. Some repeated content to pad the file. Some repeated content to pad the file. Some repeated content to pad the file. Some repeated content to pad the file. Some repeated content to pad the file. Some repeated content to pad the file. Some repeated content to pad the file. Some repeated content to pad the file. Some repeated content to pad the file. Some repeated content to pad the file. Some repeated content to pad the file. Some repeated content to pad the file. Some repeated content to pad the file. Some repeated content to pad the file. Some repeated content to pad the file. Some repeated content to pad the file. Some repeated content to pad the file. Some repeated content to pad the file. Some repeated content to pad the file. Some repeated content to pad the file. Some repeated content to pad the file. Some repeated content to pad the file. Some repeated content to pad the file. Some repeated content to pad the file. Some repeated content to pad the file. Some repeated content to pad the file. Some repeated content to pad the file. Some repeated content to pad the file. Some repeated content to pad the file. Some repeated content to pad the file. Some repeated content to pad the file. Some repeated content to pad the file. Some repeated content to pad the file. Some repeated content to pad the file. Some repeated content to pad the file. Some repeated content to pad the file. Some repeated content to pad the file. Some repeated content to pad the file. Some repeated content to pad the file. Some repeated content to pad the file. Some repeated content to pad the file. Some repeated content to pad the file. Some repeated content to pad the file. Some repeated content to pad the file. Some repeated content to pad the file. Some repeated content to pad the file. Some repeated content to pad the file. Some repeated content to pad the file. Some repeated content to pad the file. Some repeated content to pad the file. Some repeated content to pad the file. Some repeated content to pad the file. Some repeated content to pad the file. Some repeated content to pad the file. Some repeated content to pad the file. Some repeated content to pad the file. Some repeated content to pad the file. Some repeated content to pad the file. Some repeated content to pad the file. Some repeated content to pad the file. Some repeated content to pad the file. Some repeated content to pad the file. Some repeated content to pad the file. Some repeated content to pad the file. Some repeated content to pad the file. Some repeated content to pad the file. Some repeated content to pad the file. Some repeated content to pad the file. Some repeated content to pad the file. Some repeated content to pad the file. Some repeated content to pad the file. Some repeated content to pad the file. Some repeated content to pad the file. Some repeated content to pad the file. Some repeated content to pad the file. Some repeated content to pad the file. Some repeated content to pad the file. Some repeated content to pad the file. Some repeated content to pad the file. Some repeated content to pad the file. Some repeated content to pad the file. Some repeated content to pad the file. Some repeated content to pad the file. Some repeated content to pad the file. Some repeated content to pad the file. Some repeated content to pad the file. Some repeated content to pad the file. Some repeated content to pad the file. Some repeated content to pad the file. Some repeated content to pad the file. Some repeated content to pad the file. Some repeated content to pad the file. Some repeated content to pad the file. Some repeated content to pad the file. Some repeated content to pad the file. Some repeated content to pad the file. Some repeated content to pad the file. Some repeated content to pad the file. Some repeated content to pad the file. Some repeated content to pad the file. Some repeated content to pad the file. Some repeated content to pad the file. Some repeated content to pad the file. Some repeated content to pad the file. Some repeated content to pad the file. Some repeated content to pad the file. Some repeated content to pad the file. Some repeated content to pad the file. Some repeated content to pad the file. Some repeated content to pad the file. Some repeated content to pad the file. Some repeated content to pad the file. Some repeated content to pad the file. Some repeated content to pad the file. Some repeated content to pad the file. Some repeated content to pad the file. Some repeated content to pad the file. Some repeated content to pad the file. Some repeated content to pad the file. Some repeated content to pad the file. Some repeated content to pad the file. Some repeated content to pad the file. Some repeated content to pad the file. Some repeated content to pad the file. Some repeated content to pad the file. Some repeated content to pad the file. Some repeated content to pad the file. Some repeated content to pad the file. Some repeated content to pad the file. Some repeated content to pad the file. Some repeated content to pad the file. Some repeated content to pad the file. Some repeated content to pad the file. Some repeated content to pad the file. Some repeated content to pad the file. Some repeated content to pad the file. Some repeated content to pad the file. Some repeated content to pad the file. Some repeated content to pad the file. Some repeated content to pad the file. Some repeated content to pad the file. Some repeated content to pad the file. Some repeated content to pad the file. Some repeated content to pad the file. Some repeated content to pad the file. Some repeated content to pad the file. Some repeated content to pad the file. Some repeated content to pad the file. Some repeated content to pad the file. Some repeated content to pad the file. Some repeated content to pad the file. Some repeated content to pad the file. Some repeated content to pad the file. Some repeated content to pad the file. Some repeated content to pad the file. Some repeated content to pad the file. Some repeated content to pad the file. Some repeated content to pad the file. Some repeated content to pad the file. Some repeated content to pad the file. Some repeated content to pad the file. Some repeated content to pad the file. Some repeated content to pad the file. Some repeated content to pad the file. Some repeated content to pad the file. Some repeated content to pad the file. Some repeated content to pad the file. Some repeated content to pad the file. Some repeated content to pad the file. Some repeated content to pad the file. Some repeated content to pad the file. Some repeated content to pad the file. Some repeated content to pad the file. Some repeated content to pad the file. Some repeated content to pad the file. Some repeated content to pad the file. Some repeated content to pad the file. Some repeated content to pad the file. Some repeated content to pad the file. Some repeated content to pad the file. Some repeated content to pad the file. Some repeated content to pad the file. Some repeated content to pad the file. Some repeated content to pad the file. Some repeated content to pad the file. Some repeated content to pad the file. Some repeated content to pad the file. Some repeated content to pad the file. Some repeated content to pad the file. Some repeated content to pad the file. Some repeated content to pad the file. Some repeated content to pad the file. Some repeated content to pad the file. Some repeated content to pad the file. Some repeated content to pad the file. Some repeated content to pad the file. Some repeated content to pad the file. Some repeated content to pad the file. Some repeated content to pad the file. Some repeated content to pad the file. Some repeated content to pad the file. Some repeated content to pad the file. Some repeated content to pad the file. Some repeated content to pad the file. Some repeated content to pad the file. Some repeated content to pad the file. Some repeated content to pad the file. Some repeated content to pad the file. Some repeated content to pad the file. Some repeated content to pad the file. Some repeated content to pad the file. Some repeated content to pad the file. Some repeated content to pad the file. Some repeated content to pad the file. Some repeated content to pad the file. Some repeated content to pad the file. Some repeated content to pad the file. Some repeated content to pad the file. Some repeated content to pad the file. Some repeated content to pad the file. Some repeated content to pad the file. Some repeated content to pad the file. Some repeated content to pad the file. Some repeated content to pad the file. Some repeated content to pad the file. Some repeated content to pad the file. Some repeated content to pad the file. Some repeated content to pad the file. Some repeated content to pad the file. Some repeated content to pad the file. Some repeated content to pad the file. Some repeated content to pad the file. Some repeated content to pad the file. Some repeated content to pad the file. Some repeated content to pad the file. Some repeated content to pad the file. Some repeated content to pad the file. Some repeated content to pad the file. Some repeated content to pad the file. Some repeated content to pad the file. Some repeated content to pad the file. Some repeated content to pad the file. Some repeated content to pad the file. Some repeated content to pad the file. Some repeated content to pad the file. Some repeated content to pad the file. Some repeated content to pad the file. Some repeated content to pad the file. Some repeated content to pad the file. Some repeated content to pad the file. Some repeated content to pad the file. Some repeated content to pad the file. Some repeated content to pad the file. Some repeated content to pad the file. Some repeated content to pad the file. Some repeated content to pad the file. Some repeated content to pad the file. Some repeated content to pad the file. Some repeated content to pad the file. Some repeated content to pad the file. Some repeated content to pad the file. Some repeated content to pad the file. Some repeated content to pad the file. Some repeated content to pad the file. Some repeated content to pad the file. Some repeated content to pad the file. Some repeated content to pad the file. Some repeated content to pad the file. Some repeated content to pad the file. Some repeated content to pad the file. Some repeated content to pad the file. Some repeated content to pad the file. Some repeated content to pad the file. Some repeated content to pad the file. Some repeated content to pad the file. Some repeated content to pad the file. Some repeated content to pad the file. Some repeated content to pad the file. Some repeated content to pad the file. Some repeated content to pad the file. Some repeated content to pad the file. Some repeated content to pad the file. Some repeated content to pad the file. Some repeated content to pad the file. Some repeated content to pad the file. Some repeated content to pad the file. Some repeated content to pad the file. Some repeated content to pad the file. Some repeated content to pad the file. Some repeated content to pad the file. Some repeated content to pad the file. Some repeated content to pad the file. Some repeated content to pad the file. Some repeated content to pad the file. Some repeated content to pad the file. Some repeated content to pad the file. Some repeated content to pad the file. Some repeated content to pad the file. Some repeated content to pad the file. Some repeated content to pad the file. Some repeated content to pad the file. Some repeated content to pad the file. Some repeated content to pad the file. Some repeated content to pad the file. Some repeated content to pad the file. Some repeated content to pad the file. Some repeated content to pad the file. Some repeated content to pad the file. Some repeated content to pad the file. Some repeated content to pad the file. Some repeated content to pad the file. Some repeated content to pad the file. Some repeated content to pad the file. Some repeated content to pad the file. Some repeated content to pad the file. Some repeated content to pad the file. Some repeated content to pad the file. Some repeated content to pad the file. Some repeated content to pad the file. Some repeated content to pad the file. Some repeated content to pad the file. Some repeated content to pad the file. Some repeated content to pad the file. Some repeated content to pad the file. Some repeated content to pad the file. Some repeated content to pad the file. Some repeated content to pad the file. Some repeated content to pad the file. Some repeated content to pad the file. Some repeated content to pad the file. Some repeated content to pad the file. Some repeated content to pad the file. Some repeated content to pad the file. Some repeated content to pad the file. Some repeated content to pad the file. Some repeated content to pad the file. Some repeated content to pad the file. Some repeated content to pad the file. Some repeated content to pad the file. Some repeated content to pad the file. Some repeated content to pad the file. Some repeated content to pad the file. Some repeated content to pad the file. Some repeated content to pad the file. Some repeated content to pad the file. Some repeated content to pad the file. Some repeated content to pad the file. Some repeated content to pad the file. Some repeated content to pad the file. Some repeated content to pad the file. Some repeated content to pad the file. Some repeated content to pad the file. Some repeated content to pad the file. Some repeated content to pad the file. Some repeated content to pad the file. Some repeated content to pad the file. Some repeated content to pad the file. Some repeated content to pad the file. Some repeated content to pad the file. Some repeated content to pad the file. Some repeated content to pad the file. Some repeated content to pad the file. Some repeated content to pad the file. Some repeated content to pad the file. Some repeated content to pad the file. Some repeated content to pad the file. Some repeated content to pad the file. Some repeated content to pad the file. Some repeated content to pad the file. Some repeated content to pad the file. Some repeated content to pad the file. Some repeated content to pad the file. Some repeated content to pad the file. Some repeated content to pad the file. Some repeated content to pad the file. Some repeated content to pad the file. Some repeated content to pad the file. Some repeated content to pad the file. Some repeated content to pad the file. Some repeated content to pad the file. Some repeated content to pad the file. Some repeated content to pad the file. Some repeated content to pad the file. Some repeated content to pad the file. Some repeated content to pad the file. Some repeated content to pad the file. Some repeated content to pad the file. Some repeated content to pad the file. Some repeated content to pad the file. Some repeated content to pad the file. Some repeated content to pad the file. Some repeated content to pad the file. Some repeated content to pad the file. Some repeated content to pad the file. Some repeated content to pad the file. Some repeated content to pad the file. Some repeated content to pad the file. Some repeated content to pad the file. Some repeated content to pad the file. Some repeated content to pad the file. Some repeated content to pad the file. Some repeated content to pad the file. Some repeated content to pad the file. Some repeated content to pad the file. Some repeated content to pad the file. Some repeated content to pad the file. Some repeated content to pad the file. Some repeated content to pad the file. Some repeated content to pad the file. Some repeated content to pad the file. Some repeated content to pad the file. Some repeated content to pad the file. Some repeated content to pad the file. Some repeated content to pad the file. Some repeated content to pad the file. Some repeated content to pad the file. Some repeated content to pad the file. Some repeated content to pad the file. Some repeated content to pad the file. Some repeated content to pad the file. Some repeated content to pad the file. Some repeated content to pad the file. Some repeated content to pad the file. Some repeated content to pad the file. Some repeated content to pad the file. Some repeated content to pad the file. Some repeated content to pad the file. Some repeated content to pad the file. Some repeated content to pad the file. Some repeated content to pad the file. Some repeated content to pad the file. Some repeated content to pad the file. Some repeated content to pad the file. Some repeated content to pad the file. Some repeated content to pad the file. Some repeated content to pad the file. Some repeated content to pad the file. Some repeated content to pad the file. Some repeated content to pad the file. Some repeated content to pad the file. Some repeated content to pad the file. Some repeated content to pad the file. Some repeated content to pad the file. Some repeated content to pad the file. Some repeated content to pad the file. Some repeated content to pad the file. Some repeated content to pad the file. Some repeated content to pad the file. Some repeated content to pad the file. Some repeated content to pad the file. Some repeated content to pad the file. Some repeated content to pad the file. Some repeated content to pad the file. Some repeated content to pad the file. Some repeated content to pad the file. Some repeated content to pad the file. Some repeated content to pad the file. Some repeated content to pad the file. Some repeated content to pad the file. Some repeated content to pad the file. Some repeated content to pad the file. Some repeated content to pad the file. Some repeated content to pad the file. Some repeated content to pad the file. Some repeated content to pad the file. Some repeated content to pad the file. Some repeated content to pad the file. Some repeated content to pad the file. Some repeated content to pad the file. Some repeated content to pad the file. Some repeated content to pad the file. Some repeated content to pad the file. Some repeated content to pad the file. Some repeated content to pad the file. Some repeated content to pad the file. Some repeated content to pad the file. Some repeated content to pad the file. Some repeated content to pad the file. Some repeated content to pad the file. Some repeated content to pad the file. Some repeated content to pad the file. Some repeated content to pad the file. Some repeated content to pad the file. Some repeated content to pad the file. Some repeated content to pad the file. Some repeated content to pad the file. Some repeated content to pad the file. Some repeated content to pad the file. Some repeated content to pad the file. Some repeated content to pad the file. Some repeated content to pad the file. Some repeated content to pad the file. Some repeated content to pad the file. Some repeated content to pad the file. Some repeated content to pad the file. Some repeated content to pad the file. Some repeated content to pad the file. Some repeated content to pad the file. Some repeated content to pad the file. Some repeated content to pad the file. Some repeated content to pad the file. Some repeated content to pad the file. Some repeated content to pad the file. Some repeated content to pad the file. Some repeated content to pad the file. Some repeated content to pad the file. Some repeated content to pad the file. Some repeated content to pad the file. Some repeated content to pad the file. Some repeated content to pad the file. Some repeated content to pad the file. Some repeated content to pad the file. Some repeated content to pad the file. Some repeated content to pad the file. Some repeated content to pad the file. Some repeated content to pad the file. Some repeated content to pad the file. Some repeated content to pad the file. Some repeated content to pad the file. Some repeated content to pad the file. Some repeated content to pad the file. Some repeated content to pad the file. Some repeated content to pad the file. Some repeated content to pad the file. Some repeated content to pad the file. Some repeated content to pad the file. Some repeated content to pad the file. Some repeated content to pad the file. Some repeated content to pad the file. Some repeated content to pad the file. Some repeated content to pad the file. Some repeated content to pad the file. Some repeated content to pad the file. Some repeated content to pad the file. Some repeated content to pad the file. Some repeated content to pad the file. Some repeated content to pad the file. Some repeated content to pad the file. Some repeated content to pad the file. Some repeated content to pad the file. Some repeated content to pad the file. Some repeated content to pad the file. Some repeated content to pad the file. Some repeated content to pad the file. Some repeated content to pad the file. Some repeated content to pad the file. Some repeated content to pad the file. Some repeated content to pad the file. Some repeated content to pad the file. Some repeated content to pad the file. Some repeated content to pad the file. Some repeated content to pad the file. Some repeated content to pad the file. Some repeated content to pad the file. Some repeated content to pad the file. Some repeated content to pad the file. Some repeated content to pad the file. Some repeated content to pad the file. Some repeated content to pad the file. Some repeated content to pad the file. Some repeated content to pad the file. Some repeated content to pad the file. Some repeated content to pad the file. Some repeated content to pad the file. Some repeated content to pad the file. Some repeated content to pad the file. Some repeated content to pad the file. Some repeated content to pad the file. Some repeated content to pad the file. Some repeated content to pad the file. Some repeated content to pad the file. Some repeated content to pad the file. Some repeated content to pad the file. Some repeated content to pad the file. Some repeated content to pad the file. Some repeated content to pad the file. Some repeated content to pad the file. Some repeated content to pad the file. Some repeated content to pad the file. Some repeated content to pad the file. Some repeated content to pad the file. Some repeated content to pad the file. Some repeated content to pad the file. Some repeated content to pad the file. Some repeated content to pad the file. Some repeated content to pad the file. Some repeated content to pad the file. Some repeated content to pad the file. Some repeated content to pad the file. Some repeated content to pad the file. Some repeated content to pad the file. Some repeated content to pad the file. Some repeated content to pad the file. Some repeated content to pad the file. Some repeated content to pad the file. Some repeated content to pad the file. Some repeated content to pad the file. Some repeated content to pad the file. Some repeated content to pad the file. Some repeated content to pad the file. Some repeated content to pad the file. Some repeated content to pad the file. Some repeated content to pad the file. Some repeated content to pad the file. Some repeated content to pad the file. Some repeated content to pad the file. Some repeated content to pad the file. Some repeated content to pad the file. Some repeated content to pad the file. Some repeated content to pad the file. Some repeated content to pad the file. Some repeated content to pad the file. Some repeated content to pad the file. Some repeated content to pad the file. Some repeated content to pad the file. Some repeated content to pad the file. Some repeated content to pad the file. Some repeated content to pad the file. Some repeated content to pad the file. Some repeated content to pad the file. Some repeated content to pad the file. Some repeated content to pad the file. Some repeated content to pad the file. Some repeated content to pad the file. Some repeated content to pad the file. Some repeated content to pad the file. Some repeated content to pad the file. Some repeated content to pad the file. Some repeated content to pad the file. Some repeated content to pad the file. Some repeated content to pad the file. Some repeated content to pad the file. Some repeated content to pad the file. Some repeated content to pad the file. Some repeated content to pad the file. Some repeated content to pad the file. Some repeated content to pad the file. Some repeated content to pad the file. Some repeated content to pad the file. Some repeated content to pad the file. Some repeated content to pad the file. Some repeated content to pad the file. Some repeated content to pad the file. Some repeated content to pad the file. Some repeated content to pad the file. Some repeated content to pad the file. Some repeated content to pad the file. Some repeated content to pad the file. Some repeated content to pad the file. Some repeated content to pad the file. Some repeated content to pad the file. Some repeated content to pad the file. Some repeated content to pad the file. Some repeated content to pad the file. Some repeated content to pad the file. Some repeated content to pad the file. Some repeated content to pad the file. Some repeated content to pad the file. Some repeated content to pad the file. Some repeated content to pad the file. Some repeated content to pad the file. Some repeated content to pad the file. Some repeated content to pad the file. Some repeated content to pad the file. Some repeated content to pad the file. Some repeated content to pad the file. Some repeated content to pad the file. Some repeated content to pad the file. Some repeated content to pad the file. Some repeated content to pad the file. Some repeated content to pad the file. Some repeated content to pad the file. Some repeated content to pad the file. Some repeated content to pad the file. Some repeated content to pad the file. Some repeated content to pad the file. Some repeated content to pad the file. Some repeated content to pad the file. Some repeated content to pad the file. Some repeated content to pad the file. Some repeated content to pad the file. Some repeated content to pad the file. Some repeated content to pad the file. Some repeated content to pad the file. Some repeated content to pad the file. Some repeated content to pad the file. Some repeated content to pad the file. Some repeated content to pad the file. Some repeated content to pad the file. Some repeated content to pad the file. Some repeated content to pad the file. Some repeated content to pad the file. Some repeated content to pad the file. Some repeated content to pad the file. Some repeated content to pad the file. Some repeated content to pad the file. Some repeated content to pad the file. Some repeated content to pad the file. Some repeated content to pad the file. Some repeated content to pad the file. Some repeated content to pad the file. Some repeated content to pad the file. Some repeated content to pad the file. Some repeated content to pad the file. Some repeated content to pad the file. Some repeated content to pad the file. Some repeated content to pad the file. Some repeated content to pad the file. Some repeated content to pad the file. Some repeated content to pad the file. Some repeated content to pad the file. Some repeated content to pad the file. Some repeated content to pad the file. Some repeated content to pad the file. Some repeated content to pad the file. Some repeated content to pad the file. Some repeated content to pad the file. Some repeated content to pad the file. Some repeated content to pad the file. Some repeated content to pad the file. Some repeated content to pad the file. Some repeated content to pad the file. Some repeated content to pad the file. Some repeated content to pad the file. Some repeated content to pad the file. Some repeated content to pad the file. Some repeated content to pad the file. Some repeated content to pad the file. Some repeated content to pad the file. Some repeated content to pad the file. Some repeated content to pad the file. Some repeated content to pad the file. Some repeated content to pad the file. Some repeated content to pad the file. Some repeated content to pad the file. Some repeated content to pad the file. Some repeated content to pad the file. Some repeated content to pad the file. Some repeated content to pad the file. Some repeated content to pad the file. Some repeated content to pad the file. Some repeated content to pad the file. Some repeated content to pad the file. Some repeated content to pad the file. Some repeated content to pad the file. Some repeated content to pad the file. Some repeated content to pad the file. Some repeated content to pad the file. Some repeated content to pad the file. Some repeated content to pad the file. Some repeated content to pad the file. Some repeated content to pad the file. Some repeated content to pad the file. Some repeated content to pad the file. Some repeated content to pad the file. Some repeated content to pad the file. Some repeated content to pad the file. Some repeated content to pad the file. Some repeated content to pad the file. Some repeated content to pad the file. Some repeated content to pad the file. Some repeated content to pad the file. Some repeated content to pad the file. Some repeated content to pad the file. Some repeated content to pad the file. Some repeated content to pad the file. Some repeated content to pad the file. Some repeated content to pad the file. Some repeated content to pad the file. Some repeated content to pad the file. Some repeated content to pad the file. Some repeated content to pad the file. Some repeated content to pad the file. Some repeated content to pad the file. Some repeated content to pad the file. Some repeated content to pad the file. Some repeated content to pad the file. Some repeated content to pad the file. Some repeated content to pad the file. Some repeated content to pad the file. Some repeated content to pad the file. Some repeated content to pad the file. Some repeated content to pad the file. Some repeated content to pad the file. Some repeated content to pad the file. Some repeated content to pad the file. Some repeated content to pad the file. Some repeated content to pad the file. Some repeated content to pad the file. Some repeated content to pad the file. Some repeated content to pad the file. Some repeated content to pad the file. Some repeated content to pad the file. Some repeated content to pad the file. Some repeated content to pad the file. Some repeated content to pad the file. Some repeated content to pad the file. Some repeated content to pad the file. Some repeated content to pad the file. Some repeated content to pad the file. Some repeated content to pad the file. Some repeated content to pad the file. Some repeated content to pad the file. Some repeated content to pad the file. Some repeated content to pad the file. Some repeated content to pad the file. Some repeated content to pad the file. Some repeated content to pad the file. Some repeated content to pad the file. Some repeated content to pad the file. Some repeated content to pad the file. Some repeated content to pad the file. Some repeated content to pad the file. Some repeated content to pad the file. Some repeated content to pad the file. Some repeated content to pad the file. Some repeated content to pad the file. Some repeated content to pad the file. Some repeated content to pad the file. Some repeated content to pad the file. Some repeated content to pad the file. Some repeated content to pad the file. Some repeated content to pad the file. Some repeated content to pad the file. Some repeated content to pad the file. Some repeated content to pad the file. Some repeated content to pad the file. Some repeated content to pad the file. Some repeated content to pad the file. Some repeated content to pad the file. Some repeated content to pad the file. Some repeated content to pad the file. Some repeated content to pad the file. Some repeated content to pad the file. Some repeated content to pad the file. Some repeated content to pad the file. Some repeated content to pad the file. Some repeated content to pad the file. Some repeated content to pad the file. Some repeated content to pad the file. Some repeated content to pad the file. Some repeated content to pad the file. Some repeated content to pad the file. Some repeated content to pad the file. Some repeated content to pad the file. Some repeated content to pad the file. Some repeated content to pad the file. Some repeated content to pad the file. Some repeated content to pad the file. Some repeated content to pad the file. Some repeated content to pad the file. Some repeated content to pad the file. Some repeated content to pad the file. Some repeated content to pad the file. Some repeated content to pad the file. Some repeated content to pad the file. Some repeated content to pad the file. Some repeated content to pad the file. Some repeated content to pad the file. Some repeated content to pad the file. Some repeated content to pad the file. Some repeated content to pad the file. Some repeated content to pad the file. Some repeated content to pad the file. Some repeated content to pad the file. Some repeated content to pad the file. Some repeated content to pad the file. Some repeated content to pad the file. Some repeated content to pad the file. Some repeated content to pad the file. Some repeated content to pad the file. Some repeated content to pad the file. Some repeated content to pad the file. Some repeated content to pad the file. Some repeated content to pad the file. Some repeated content to pad the file. Some repeated content to pad the file. Some repeated content to pad the file. Some repeated content to pad the file. Some repeated content to pad the file. Some repeated content to pad the file. Some repeated content to pad the file. Some repeated content to pad the file. Some repeated content to pad the file. Some repeated content to pad the file. Some repeated content to pad the file. Some repeated content to pad the file. Some repeated content to pad the file. Some repeated content to pad the file. Some repeated content to pad the file. Some repeated content to pad the file. Some repeated content to pad the file. Some repeated content to pad the file. Some repeated content to pad the file. Some repeated content to pad the file. Some repeated content to pad the file. Some repeated content to pad the file. Some repeated content to pad the file. Some repeated content to pad the file. Some repeated content to pad the file. Some repeated content to pad the file. Some repeated content to pad the file. Some repeated content to pad the file. Some repeated content to pad the file. Some repeated content to pad the file. Some repeated content to pad the file. Some repeated content to pad the file. Some repeated content to pad the file. Some repeated content to pad the file. Some repeated content to pad the file. Some repeated content to pad the file. Some repeated content to pad the file. Some repeated content to pad the file. Some repeated content to pad the file. Some repeated content to pad the file. Some repeated content to pad the file. Some repeated content to pad the file. Some repeated content to pad the file. Some repeated content to pad the file. Some repeated content to pad the file. Some repeated content to pad the file. Some repeated content to pad the file. Some repeated content to pad the file. Some repeated content to pad the file. Some repeated content to pad the file. Some repeated content to pad the file. Some repeated content to pad the file. Some repeated content to pad the file. Some repeated content to pad the file. Some repeated content to pad the file. Some repeated content to pad the file. Some repeated content to pad the file. Some repeated content to pad the file. Some repeated content to pad the file. Some repeated content to pad the file. Some repeated content to pad the file. Some repeated content to pad the file. Some repeated content to pad the file. Some repeated content to pad the file. Some repeated content to pad the file. Some repeated content to pad the file. Some repeated content to pad the file. Some repeated content to pad the file. Some repeated content to pad the file. Some repeated content to pad the file. Some repeated content to pad the file. Some repeated content to pad the file. Some repeated content to pad the file. Some repeated content to pad the file. Some repeated content to pad the file. Some repeated content to pad the file. Some repeated content to pad the file. Some repeated content to pad the file. Some repeated content to pad the file. Some repeated content to pad the file. Some repeated content to pad the file. Some repeated content to pad the file. Some repeated content to pad the file. Some repeated content to pad the file. Some repeated content to pad the file. Some repeated content to pad the file. Some repeated content to pad the file. Some repeated content to pad the file. Some repeated content to pad the file. Some repeated content to pad the file. Some repeated content to pad the file. Some repeated content to pad the file. Some repeated content to pad the file. Some repeated content to pad the file. Some repeated content to pad the file. Some repeated content to pad the file. Some repeated content to pad the file. Some repeated content to pad the file. Some repeated content to pad the file. Some repeated content to pad the file. Some repeated content to pad the file. Some repeated content to pad the file. Some repeated content to pad the file. Some repeated content to pad the file. Some repeated content to pad the file. Some repeated content to pad the file. Some repeated content to pad the file. Some repeated content to pad the file. Some repeated content to pad the file. Some repeated content to pad the file. Some repeated content to pad the file. Some repeated content to pad the file. Some repeated content to pad the file. Some repeated content to pad the file. Some repeated content to pad the file. Some repeated content to pad the file. Some repeated content to pad the file. Some repeated content to pad the file. Some repeated content to pad the file. Some repeated content to pad the file. Some repeated content to pad the file. Some repeated content to pad the file. Some repeated content to pad the file. Some repeated content to pad the file. Some repeated content to pad the file. Some repeated content to pad the file. Some repeated content to pad the file. Some repeated content to pad the file. Some repeated content to pad the file. Some repeated content to pad the file. Some repeated content to pad the file. Some repeated content to pad the file. Some repeated content to pad the file. Some repeated content to pad the file. Some repeated content to pad the file. Some repeated content to pad the file. Some repeated content to pad the file. Some repeated content to pad the file. Some repeated content to pad the file. Some repeated content to pad the file. Some repeated content to pad the file. Some repeated content to pad the file. Some repeated content to pad the file. Some repeated content to pad the file. Some repeated content to pad the file. Some repeated content to pad the file. Some repeated content to pad the file. Some repeated content to pad the file. Some repeated content to pad the file. Some repeated content to pad the file. Some repeated content to pad the file. Some repeated content to pad the file. Some repeated content to pad the file. Some repeated content to pad the file. Some repeated content to pad the file. Some repeated content to pad the file. Some repeated content to pad the file. Some repeated content to pad the file. Some repeated content to pad the file. Some repeated content to pad the file. Some repeated content to pad the file. Some repeated content to pad the file. Some repeated content to pad the file. Some repeated content to pad the file. Some repeated content to pad the file. Some repeated content to pad the file. Some repeated content to pad the file. Some repeated content to pad the file. Some repeated content to pad the file. Some repeated content to pad the file. Some repeated content to pad the file. Some repeated content to pad the file. Some repeated content to pad the file. Some repeated content to pad the file. Some repeated content to pad the file. Some repeated content to pad the file. Some repeated content to pad the file. Some repeated content to pad the file. Some repeated content to pad the file. Some repeated content to pad the file. Some repeated content to pad the file. Some repeated content to pad the file. Some repeated content to pad the file. Some repeated content to pad the file. Some repeated content to pad the file. Some repeated content to pad the file. Some repeated content to pad the file. Some repeated content to pad the file. Some repeated content to pad the file. Some repeated content to pad the file. Some repeated content to pad the file. Some repeated content to pad the file. Some repeated content to pad the file. Some repeated content to pad the file. Some repeated content to pad the file. Some repeated content to pad the file. Some repeated content to pad the file. Some repeated content to pad the file. Some repeated content to pad the file. Some repeated content to pad the file. Some repeated content to pad the file. Some repeated content to pad the file. Some repeated content to pad the file. Some repeated content to pad the file. Some repeated content to pad the file. Some repeated content to pad the file. Some repeated content to pad the file. Some repeated content to pad the file. Some repeated content to pad the file. Some repeated content to pad the file. Some repeated content to pad the file. Some repeated content to pad the file. Some repeated content to pad the file. Some repeated content to pad the file. Some repeated content to pad the file. Some repeated content to pad the file. Some repeated content to pad the file. Some repeated content to pad the file. Some repeated content to pad the file. Some repeated content to pad the file. Some repeated content to pad the file. Some repeated content to pad the file. Some repeated content to pad the file. Some repeated content to pad the file. Some repeated content to pad the file. Some repeated content to pad the file. Some repeated content to pad the file. Some repeated content to pad the file. Some repeated content to pad the file. Some repeated content to pad the file. Some repeated content to pad the file. Some repeated content to pad the file. Some repeated content to pad the file. Some repeated content to pad the file. Some repeated content to pad the file. Some repeated content to pad the file. Some repeated content to pad the file. Some repeated content to pad the file. Some repeated content to pad the file. Some repeated content to pad the file. Some repeated content to pad the file. Some repeated content to pad the file. Some repeated content to pad the file. Some repeated content to pad the file. Some repeated content to pad the file. Some repeated content to pad the file. Some repeated content to pad the file. Some repeated content to pad the file. Some repeated content to pad the file. Some repeated content to pad the file. Some repeated content to pad the file. Some repeated content to pad the file. Some repeated content to pad the file. Some repeated content to pad the file. Some repeated content to pad the file. Some repeated content to pad the file. Some repeated content to pad the file. Some repeated content to pad the file. Some repeated content to pad the file. Some repeated content to pad the file. Some repeated content to pad the file. Some repeated content to pad the file. Some repeated content to pad the file. Some repeated content to pad the file. Some repeated content to pad the file. Some repeated content to pad the file. Some repeated content to pad the file. Some repeated content to pad the file. Some repeated content to pad the file. Some repeated content to pad the file. Some repeated content to pad the file. Some repeated content to pad the file. Some repeated content to pad the file. Some repeated content to pad the file. Some repeated content to pad the file. Some repeated content to pad the file. Some repeated content to pad the file. Some repeated content to pad the file. Some repeated content to pad the file. Some repeated content to pad the file. Some repeated content to pad the file. Some repeated content to pad the file. Some repeated content to pad the file. Some repeated content to pad the file. Some repeated content to pad the file. Some repeated content to pad the file. Some repeated content to pad the file. Some repeated content to pad the file. Some repeated content to pad the file. Some repeated content to pad the file. Some repeated content to pad the file. Some repeated content to pad the file. Some repeated content to pad the file. Some repeated content to pad the file. Some repeated content to pad the file. Some repeated content to pad the file. Some repeated content to pad the file. Some repeated content to pad the file. Some repeated content to pad the file. Some repeated content to pad the file. Some repeated content to pad the file. Some repeated content to pad the file. Some repeated content to pad the file. Some repeated content to pad the file. Some repeated content to pad the file. Some repeated content to pad the file. Some repeated content to pad the file. Some repeated content to pad the file. Some repeated content to pad the file. Some repeated content to pad the file. Some repeated content to pad the file. Some repeated content to pad the file. Some repeated content to pad the file. Some repeated content to pad the file. Some repeated content to pad the file. Some repeated content to pad the file. Some repeated content to pad the file. Some repeated content to pad the file. Some repeated content to pad the file. Some repeated content to pad the file. Some repeated content to pad the file. Some repeated content to pad the file. Some repeated content to pad the file. Some repeated content to pad the file. Some repeated content to pad the file. Some repeated content to pad the file. Some repeated content to pad the file. Some repeated content to pad the file. Some repeated content to pad the file. Some repeated content to pad the file. Some repeated content to pad the file. Some repeated content to pad the file. Some repeated content to pad the file. Some repeated content to pad the file. Some repeated content to pad the file. Some repeated content to pad the file. Some repeated content to pad the file. Some repeated content to pad the file. Some repeated content to pad the file. Some repeated content to pad the file. Some repeated content to pad the file. Some repeated content to pad the file. Some repeated content to pad the file. Some repeated content to pad the file. Some repeated content to pad the file. Some repeated content to pad the file. Some repeated content to pad the file. Some repeated content to pad the file. Some repeated content to pad the file. Some repeated content to pad the file. Some repeated content to pad the file. Some repeated content to pad the file. Some repeated content to pad the file. Some repeated content to pad the file. Some repeated content to pad the file. Some repeated content to pad the file. Some repeated content to pad the file. Some repeated content to pad the file. Some repeated content to pad the file. Some repeated content to pad the file. Some repeated content to pad the file. Some repeated content to pad the file. Some repeated content to pad the file. Some repeated content to pad the file. Some repeated content to pad the file. Some repeated content to pad the file. Some repeated content to pad the file. Some repeated content to pad the file. Some repeated content to pad the file. Some repeated content to pad the file. Some repeated content to pad the file. Some repeated content to pad the file. Some repeated content to pad the file. Some repeated content to pad the file. Some repeated content to pad the file. Some repeated content to pad the file. Some repeated content to pad the file. Some repeated content to pad the file. Some repeated content to pad the file. Some repeated content to pad the file. Some repeated content to pad the file. Some repeated content to pad the file. Some repeated content to pad the file. Some repeated content to pad the file. Some repeated content to pad the file. Some repeated content to pad the file. Some repeated content to pad the file. Some repeated content to pad the file. Some repeated content to pad the file. Some repeated content to pad the file. Some repeated content to pad the file. Some repeated content to pad the file. Some repeated content to pad the file. Some repeated content to pad the file. Some repeated content to pad the file. Some repeated content to pad the file. Some repeated content to pad the file. Some repeated content to pad the file. Some repeated content to pad the file. Some repeated content to pad the file. Some repeated content to pad the file. Some repeated content to pad the file. Some repeated content to pad the file. Some repeated content to pad the file. Some repeated content to pad the file. Some repeated content to pad the file. Some repeated content to pad the file. Some repeated content to pad the file. Some repeated content to pad the file. Some repeated content to pad the file. Some repeated content to pad the file. Some repeated content to pad the file. Some repeated content to pad the file. Some repeated content to pad the file. Some repeated content to pad the file. Some repeated content to pad the file. Some repeated content to pad the file. Some repeated content to pad the file. Some repeated content to pad the file. Some repeated content to pad the file. Some repeated content to pad the file. Some repeated content to pad the file. Some repeated content to pad the file. Some repeated content to pad the file. Some repeated content to pad the file. Some repeated content to pad the file. Some repeated content to pad the file. Some repeated content to pad the file. Some repeated content to pad the file. Some repeated content to pad the file. Some repeated content to pad the file. Some repeated content to pad the file. Some repeated content to pad the file. Some repeated content to pad the file. Some repeated content to pad the file. Some repeated content to pad the file. Some repeated content to pad the file. Some repeated content to pad the file. Some repeated content to pad the file. Some repeated content to pad the file. Some repeated content to pad the file. Some repeated content to pad the file. Some repeated content to pad the file. Some repeated content to pad the file. Some repeated content to pad the file. Some repeated content to pad the file. Some repeated content to pad the file. Some repeated content to pad the file. Some repeated content to pad the file. Some repeated content to pad the file. Some repeated content to pad the file. Some repeated content to pad the file. Some repeated content to pad the file. Some repeated content to pad the file. Some repeated content to pad the file. Some repeated content to pad the file. Some repeated content to pad the file. Some repeated content to pad the file. Some repeated content to pad the file. Some repeated content to pad the file. Some repeated content to pad the file. Some repeated content to pad the file. Some repeated content to pad the file. Some repeated content to pad the file. Some repeated content to pad the file. Some repeated content to pad the file. Some repeated content to pad the file. Some repeated content to pad the file. Some repeated content to pad the file. Some repeated content to pad the file. Some repeated content to pad the file. Some repeated content to pad the file. Some repeated content to pad the file. Some repeated content to pad the file. Some repeated content to pad the file. Some repeated content to pad the file. Some repeated content to pad the file. Some repeated content to pad the file. Some repeated content to pad the file. Some repeated content to pad the file. Some repeated content to pad the file. Some repeated content to pad the file. Some repeated content to pad the file. Some repeated content to pad the file. Some repeated content to pad the file. Some repeated content to pad the file. Some repeated content to pad the file. Some repeated content to pad the file. Some repeated content to pad the file. Some repeated content to pad the file. Some repeated content to pad the file. Some repeated content to pad the file. Some repeated content to pad the file. Some repeated content to pad the file. Some repeated content to pad the file. Some repeated content to pad the file. Some repeated content to pad the file. Some repeated content to pad the file. Some repeated content to pad the file. Some repeated content to pad the file. Some repeated content to pad the file. Some repeated content to pad the file. Some repeated content to pad the file. Some repeated content to pad the file. Some repeated content to pad the file. Some repeated content to pad the file. Some repeated content to pad the file. Some repeated content to pad the file. Some repeated content to pad the file. Some repeated content to pad the file. Some repeated content to pad the file. Some repeated content to pad the file. Some repeated content to pad the file. Some repeated content to pad the file. Some repeated content to pad the file. Some repeated content to pad the file. Some repeated content to pad the file. Some repeated content to pad the file. Some repeated content to pad the file. Some repeated content to pad the file. Some repeated content to pad the file. Some repeated content to pad the file. Some repeated content to pad the file. Some repeated content to pad the file. Some repeated content to pad the file. Some repeated content to pad the file. Some repeated content to pad the file. Some repeated content to pad the file. Some repeated content to pad the file. Some repeated content to pad the file. Some repeated content to pad the file. Some repeated content to pad the file. Some repeated content to pad the file. Some repeated content to pad the file. Some repeated content to pad the file. Some repeated content to pad the file. Some repeated content to pad the file. Some repeated content to pad the file. Some repeated content to pad the file. Some repeated content to pad the file. Some repeated content to pad the file. Some repeated content to pad the file. Some repeated content to pad the file. Some repeated content to pad the file. Some repeated content to pad the file. Some repeated content to pad the file. Some repeated content to pad the file. Some repeated content to pad the file. Some repeated content to pad the file. Some repeated content to pad the file. Some repeated content to pad the file. Some repeated content to pad the file. Some repeated content to pad the file. Some repeated content to pad the file. Some repeated content to pad the file. Some repeated content to pad the file. Some repeated content to pad the file. Some repeated content to pad the file. Some repeated content to pad the file. Some repeated content to pad the file. Some repeated content to pad the file. Some repeated content to pad the file. Some repeated content to pad the file. Some repeated content to pad the file. Some repeated content to pad the file. Some repeated content to pad the file. Some repeated content to pad the file. Some repeated content to pad the file. Some repeated content to pad the file. Some repeated content to pad the file. Some repeated content to pad the file. Some repeated content to pad the file. Some repeated content to pad the file. Some repeated content to pad the file. Some repeated content to pad the file. Some repeated content to pad the file. Some repeated content to pad the file. Some repeated content to pad the file. Some repeated content to pad the file. Some repeated content to pad the file. Some repeated content to pad the file. Some repeated content to pad the file. Some repeated content to pad the file. Some repeated content to pad the file. Some repeated content to pad the file. Some repeated content to pad the file. Some repeated content to pad the file. Some repeated content to pad the file. Some repeated content to pad the file. Some repeated content to pad the file. Some repeated content to pad the file. Some repeated content to pad the file. Some repeated content to pad the file. Some repeated content to pad the file. Some repeated content to pad the file. Some repeated content to pad the file. Some repeated content to pad the file. Some repeated content to pad the file. Some repeated content to pad the file. Some repeated content to pad the file. Some repeated content to pad the file. Some repeated content to pad the file. Some repeated content to pad the file. Some repeated content to pad the file. Some repeated content to pad the file. Some repeated content to pad the file. Some repeated content to pad the file. Some repeated content to pad the file. Some repeated content to pad the file. Some repeated content to pad the file. Some repeated content to pad the file. Some repeated content to pad the file. Some repeated content to pad the file. Some repeated content to pad the file. Some repeated content to pad the file. Some repeated content to pad the file. Some repeated content to pad the file. Some repeated content to pad the file. Some repeated content to pad the file. Some repeated content to pad the file. Some repeated content to pad the file. Some repeated content to pad the file. Some repeated content to pad the file. Some repeated content to pad the file. Some repeated content to pad the file. Some repeated content to pad the file. Some repeated content to pad the file. Some repeated content to pad the file. Some repeated content to pad the file. Some repeated content to pad the file. Some repeated content to pad the file. Some repeated content to pad the file. Some repeated content to pad the file. Some repeated content to pad the file. Some repeated content to pad the file. Some repeated content to pad the file. Some repeated content to pad the file. Some repeated content to pad the file. Some repeated content to pad the file. Some repeated content to pad the file. Some repeated content to pad the file. Some repeated content to pad the file. Some repeated content to pad the file. Some repeated content to pad the file. Some repeated content to pad the file. Some repeated content to pad the file. Some repeated content to pad the file. Some repeated content to pad the file. Some repeated content to pad the file. Some repeated content to pad the file. Some repeated content to pad the file. Some repeated content to pad the file. Some repeated content to pad the file. Some repeated content to pad the file. Some repeated content to pad the file. Some repeated content to pad the file. Some repeated content to pad the file. Some repeated content to pad the file. Some repeated content to pad the file. Some repeated content to pad the file. Some repeated content to pad the file. Some repeated content to pad the file. Some repeated content to pad the file. Some repeated content to pad the file. Some repeated content to pad the file. Some repeated content to pad the file. Some repeated content to pad the file. Some repeated content to pad the file. Some repeated content to pad the file. Some repeated content to pad the file. Some repeated content to pad the file. Some repeated content to pad the file. Some repeated content to pad the file. Some repeated content to pad the file. Some repeated content to pad the file. Some repeated content to pad the file. Some repeated content to pad the file. Some repeated content to pad the file. Some repeated content to pad the file. Some repeated content to pad the file. Some repeated content to pad the file. Some repeated content to pad the file. Some repeated content to pad the file. Some repeated content to pad the file. Some repeated content to pad the file. Some repeated content to pad the file. Some repeated content to pad the file. Some repeated content to pad the file. Some repeated content to pad the file. Some repeated content to pad the file. Some repeated content to pad the file. Some repeated content to pad the file. Some repeated content to pad the file. Some repeated content to pad the file. Some repeated content to pad the file. Some repeated content to pad the file. Some repeated content to pad the file. Some repeated content to pad the file. Some repeated content to pad the file. Some repeated content to pad the file. Some repeated content to pad the file. Some repeated content to pad the file. Some repeated content to pad the file. Some repeated content to pad the file. Some repeated content to pad the file. Some repeated content to pad the file. Some repeated content to pad the file. Some repeated content to pad the file. Some repeated content to pad the file. Some repeated content to pad the file. Some repeated content to pad the file. Some repeated content to pad the file. Some repeated content to pad the file. Some repeated content to pad the file. Some repeated content to pad the file. Some repeated content to pad the file. Some repeated content to pad the file. Some repeated content to pad the file. Some repeated content to pad the file. Some repeated content to pad the file. Some repeated content to pad the file. Some repeated content to pad the file. Some repeated content to pad the file. Some repeated content to pad the file. Some repeated content to pad the file. Some repeated content to pad the file. Some repeated content to pad the file. Some repeated content to pad the file. Some repeated content to pad the file. Some repeated content to pad the file. Some repeated content to pad the file. Some repeated content to pad the file. Some repeated content to pad the file. Some repeated content to pad the file. Some repeated content to pad the file. Some repeated content to pad the file. Some repeated content to pad the file. Some repeated content to pad the file. Some repeated content to pad the file. Some repeated content to pad the file. Some repeated content to pad the file. Some repeated content to pad the file. Some repeated content to pad the file. Some repeated content to pad the file. Some repeated content to pad the file. Some repeated content to pad the file. Some repeated content to pad the file. Some repeated content to pad the file. Some repeated content to pad the file. Some repeated content to pad the file. Some repeated content to pad the file. Some repeated content to pad the file. Some repeated content to pad the file. Some repeated content to pad the file. Some repeated content to pad the file. Some repeated content to pad the file. Some repeated content to pad the file. Some repeated content to pad the file. Some repeated content to pad the file. Some repeated content to pad the file. Some repeated content to pad the file. Some repeated content to pad the file. Some repeated content to pad the file. Some repeated content to pad the file. Some repeated content to pad the file. Some repeated content to pad the file. Some repeated content to pad the file. Some repeated content to pad the file. Some repeated content to pad the file. Some repeated content to pad the file. Some repeated content to pad the file. Some repeated content to pad the file. Some repeated content to pad the file. Some repeated content to pad the file. Some repeated content to pad the file. Some repeated content to pad the file. Some repeated content to pad the file. Some repeated content to pad the file. Some repeated content to pad the file. Some repeated content to pad the file. Some repeated content to pad the file. Some repeated content to pad the file. Some repeated content to pad the file. Some repeated content to pad the file. Some repeated content to pad the file. Some repeated content to pad the file. Some repeated content to pad the file. Some repeated content to pad the file. Some repeated content to pad the file. Some repeated content to pad the file. Some repeated content to pad the file. Some repeated content to pad the file. Some repeated content to pad the file. Some repeated content to pad the file. Some repeated content to pad the file. Some repeated content to pad the file. Some repeated content to pad the file. Some repeated content to pad the file. Some repeated content to pad the file. Some repeated content to pad the file. Some repeated content to pad the file. Some repeated content to pad the file. Some repeated content to pad the file. Some repeated content to pad the file. Some repeated content to pad the file. Some repeated content to pad the file. Some repeated content to pad the file. Some repeated content to pad the file. Some repeated content to pad the file. Some repeated content to pad the file. Some repeated content to pad the file. Some repeated content to pad the file. Some repeated content to pad the file. Some repeated content to pad the file. Some repeated content to pad the file. Some repeated content to pad the file. Some repeated content to pad the file. Some repeated content to pad the file. Some repeated content to pad the file. Some repeated content to pad the file. Some repeated content to pad the file. Some repeated content to pad the file. Some repeated content to pad the file. Some repeated content to pad the file. Some repeated content to pad the file. Some repeated content to pad the file. Some repeated content to pad the file. Some repeated content to pad the file. Some repeated content to pad the file. Some repeated content to pad the file. Some repeated content to pad the file. Some repeated content to pad the file. Some repeated content to pad the file. Some repeated content to pad the file. Some repeated content to pad the file. Some repeated content to pad the file. Some repeated content to pad the file. Some repeated content to pad the file. Some repeated content to pad the file. Some repeated content to pad the file. Some repeated content to pad the file. Some repeated content to pad the file. Some repeated content to pad the file. Some repeated content to pad the file. Some repeated content to pad the file. Some repeated content to pad the file. Some repeated content to pad the file. Some repeated content to pad the file. Some repeated content to pad the file. Some repeated content to pad the file. Some repeated content to pad the file. Some repeated content to pad the file. Some repeated content to pad the file. Some repeated content to pad the file. Some repeated content to pad the file. Some repeated content to pad the file. Some repeated content to pad the file. Some repeated content to pad the file. Some repeated content to pad the file. Some repeated content to pad the file. Some repeated content to pad the file. Some repeated content to pad the file. Some repeated content to pad the file. Some repeated content to pad the file. Some repeated content to pad the file. Some repeated content to pad the file. Some repeated content to pad the file. Some repeated content to pad the file. Some repeated content to pad the file. Some repeated content to pad the file. Some repeated content to pad the file. Some repeated content to pad the file. Some repeated content to pad the file. Some repeated content to pad the file. Some repeated content to pad the file. Some repeated content to pad the file. Some repeated content to pad the file. Some repeated content to pad the file. Some repeated content to pad the file. Some repeated content to pad the file. Some repeated content to pad the file. Some repeated content to pad the file. Some repeated content to pad the file. Some repeated content to pad the file. Some repeated content to pad the file. Some repeated content to pad the file. Some repeated content to pad the file. Some repeated content to pad the file. Some repeated content to pad the file. Some repeated content to pad the file. Some repeated content to pad the file. Some repeated content to pad the file. Some repeated content to pad the file. Some repeated content to pad the file. Some repeated content to pad the file. Some repeated content to pad the file. Some repeated content to pad the file. Some repeated content to pad the file. Some repeated content to pad the file. Some repeated content to pad the file. Some repeated content to pad the file. Some repeated content to pad the file. Some repeated content to pad the file. Some repeated content to pad the file. Some repeated content to pad the file. Some repeated content to pad the file. Some repeated content to pad the file. Some repeated content to pad the file. Some repeated content to pad the file. Some repeated content to pad the file. Some repeated content to pad the file. Some repeated content to pad the file. Some repeated content to pad the file. Some repeated content to pad the file. Some repeated content to pad the file. Some repeated content to pad the file. Some repeated content to pad the file. Some repeated content to pad the file. Some repeated content to pad the file. Some repeated content to pad the file. Some repeated content to pad the file. Some repeated content to pad the file. Some repeated content to pad the file. Some repeated content to pad the file. Some repeated content to pad the file. Some repeated content to pad the file. Some repeated content to pad the file. Some repeated content to pad the file. Some repeated content to pad the file. Some repeated content to pad the file. Some repeated content to pad the file. Some repeated content to pad the file. Some repeated content to pad the file. Some repeated content to pad the file. Some repeated content to pad the file. Some repeated content to pad the file. Some repeated content to pad the file. Some repeated content to pad the file. Some repeated content to pad the file. Some repeated content to pad the file. Some repeated content to pad the file. Some repeated content to pad the file. Some repeated content to pad the file. Some repeated content to pad the file. Some repeated content to pad the file. Some repeated content to pad the file. Some repeated content to pad the file. Some repeated content to pad the file. Some repeated content to pad the file. Some repeated content to pad the file. Some repeated content to pad the file. Some repeated content to pad the file. Some repeated content to pad the file. Some repeated content to pad the file. Some repeated content to pad the file. Some repeated content to pad the file. Some repeated content to pad the file. Some repeated content to pad the file. Some repeated content to pad the file. Some repeated content to pad the file. Some repeated content to pad the file. Some repeated content to pad the file. Some repeated content to pad the file. Some repeated content to pad the file. Some repeated content to pad the file. Some repeated content to pad the file. Some repeated content to pad the file. Some repeated content to pad the file. Some repeated content to pad the file. Some repeated content to pad the file. Some repeated content to pad the file. Some repeated content to pad the file. Some repeated content to pad the file. Some repeated content to pad the file. Some repeated content to pad the file. Some repeated content to pad the file. Some repeated content to pad the file. Some repeated content to pad the file. Some repeated content to pad the file. Some repeated content to pad the file. Some repeated content to pad the file. Some repeated content to pad the file. Some repeated content to pad the file. Some repeated content to pad the file. Some repeated content to pad the file. Some repeated content to pad the file. Some repeated content to pad the file. Some repeated content to pad the file. Some repeated content to pad the file. Some repeated content to pad the file. Some repeated content to pad the file. Some repeated content to pad the file. Some repeated content to pad the file. Some repeated content to pad the file. Some repeated content to pad the file. Some repeated content to pad the file. Some repeated content to pad the file. Some repeated content to pad the file. Some repeated content to pad the file. Some repeated content to pad the file. Some repeated content to pad the file. Some repeated content to pad the file. Some repeated content to pad the file. Some repeated content to pad the file. Some repeated content to pad the file. Some repeated content to pad the file. Some repeated content to pad the file. Some repeated content to pad the file. Some repeated content to pad the file. Some repeated content to pad the file. Some repeated content to pad the file. Some repeated content to pad the file. Some repeated content to pad the file. Some repeated content to pad the file. Some repeated content to pad the file. Some repeated content to pad the file. Some repeated content to pad the file. Some repeated content to pad the file. Some repeated content to pad the file. Some repeated content to pad the file. Some repeated content to pad the file. Some repeated content to pad the file. Some repeated content to pad the file. Some repeated content to pad the file. Some repeated content to pad the file. Some repeated content to pad the file. Some repeated content to pad the file. Some repeated content to pad the file. Some repeated content to pad the file. Some repeated content to pad the file. Some repeated content to pad the file. Some repeated content to pad the file. Some repeated content to pad the file. Some repeated content to pad the file. Some repeated content to pad the file. Some repeated content to pad the file. Some repeated content to pad the file. Some repeated content to pad the file. Some repeated content to pad the file. Some repeated content to pad the file. Some repeated content to pad the file. Some repeated content to pad the file. Some repeated content to pad the file. Some repeated content to pad the file. Some repeated content to pad the file. Some repeated content to pad the file. Some repeated content to pad the file. Some repeated content to pad the file. Some repeated content to pad the file. Some repeated content to pad the file. Some repeated content to pad the file. Some repeated content to pad the file. Some repeated content to pad the file. Some repeated content to pad the file. Some repeated content to pad the file. Some repeated content to pad the file. Some repeated content to pad the file. Some repeated content to pad the file. Some repeated content to pad the file. Some repeated content to pad the file. Some repeated content to pad the file. Some repeated content to pad the file. Some repeated content to pad the file. Some repeated content to pad the file. Some repeated content to pad the file. Some repeated content to pad the file. Some repeated content to pad the file. Some repeated content to pad the file. Some repeated content to pad the file. Some repeated content to pad the file. Some repeated content to pad the file. Some repeated content to pad the file. Some repeated content to pad the file. Some repeated content to pad the file. Some repeated content to pad the file. Some repeated content to pad the file. Some repeated content to pad the file. Some repeated content to pad the file. Some repeated content to pad the file. Some repeated content to pad the file. Some repeated content to pad the file. Some repeated content to pad the file. Some repeated content to pad the file. Some repeated content to pad the file. Some repeated content to pad the file. Some repeated content to pad the file. Some repeated content to pad the file. Some repeated content to pad the file. Some repeated content to pad the file. Some repeated content to pad the file. Some repeated content to pad the file. Some repeated content to pad the file. Some repeated content to pad the file. Some repeated content to pad the file. Some repeated content to pad the file. Some repeated content to pad the file. Some repeated content to pad the file. Some repeated content to pad the file. Some repeated content to pad the file. Some repeated content to pad the file. Some repeated content to pad the file. Some repeated content to pad the file. Some repeated content to pad the file. Some repeated content to pad the file. Some repeated content to pad the file. Some repeated content to pad the file. Some repeated content to pad the file. Some repeated content to pad the file. Some repeated content to pad the file. Some repeated content to pad the file. Some repeated content to pad the file. Some repeated content to pad the file. Some repeated content to pad the file. Some repeated content to pad the file. Some repeated content to pad the file. Some repeated content to pad the file. Some repeated content to pad the file. Some repeated content to pad the file. Some repeated content to pad the file. Some repeated content to pad the file. Some repeated content to pad the file. Some repeated content to pad the file. Some repeated content to pad the file. Some repeated content to pad the file. Some repeated content to pad the file. Some repeated content to pad the file. Some repeated content to pad the file. Some repeated content to pad the file. Some repeated content to pad the file. Some repeated content to pad the file. Some repeated content to pad the file. Some repeated content to pad the file. Some repeated content to pad the file. Some repeated content to pad the file. Some repeated content to pad the file. Some repeated content to pad the file. Some repeated content to pad the file. Some repeated content to pad the file. Some repeated content to pad the file. Some repeated content to pad the file. Some repeated content to pad the file. Some repeated content to pad the file. Some repeated content to pad the file. Some repeated content to pad the file. Some repeated content to pad the file. Some repeated content to pad the file. Some repeated content to pad the file. Some repeated content to pad the file. Some repeated content to pad the file. Some repeated content to pad the file. Some repeated content to pad the file. Some repeated content to pad the file. Some repeated content to pad the file. Some repeated content to pad the file. Some repeated content to pad the file. Some repeated content to pad the file. Some repeated content to pad the file. Some repeated content to pad the file. Some repeated content to pad the file. Some repeated content to pad the file. Some repeated content to pad the file. Some repeated content to pad the file. Some repeated content to pad the file. Some repeated content to pad the file. Some repeated content to pad the file. Some repeated content to pad the file. Some repeated content to pad the file. Some repeated content to pad the file. Some repeated content to pad the file. Some repeated content to pad the file. Some repeated content to pad the file. Some repeated content to pad the file. Some repeated content to pad the file. Some repeated content to pad the file. Some repeated content to pad the file. Some repeated content to pad the file. Some repeated content to pad the file. Some repeated content to pad the file. Some repeated content to pad the file. Some repeated content to pad the file. Some repeated content to pad the file. Some repeated content to pad the file. Some repeated content to pad the file. Some repeated content to pad the file. Some repeated content to pad the file. Some repeated content to pad the file. Some repeated content to pad the file. Some repeated content to pad the file. Some repeated content to pad the file. Some repeated content to pad the file. Some repeated content to pad the file. Some repeated content to pad the file. Some repeated content to pad the file. Some repeated content to pad the file. Some repeated content to pad the file. Some repeated content to pad the file. Some repeated content to pad the file. Some repeated content to pad the file. Some repeated content to pad the file. Some repeated content to pad the file. Some repeated content to pad the file. Some repeated content to pad the file. Some repeated content to pad the file. Some repeated content to pad the file. Some repeated content to pad the file. Some repeated content to pad the file. Some repeated content to pad the file. Some repeated content to pad the file. Some repeated content to pad the file. Some repeated content to pad the file. Some repeated content to pad the file. Some repeated content to pad the file. Some repeated content to pad the file. Some repeated content to pad the file. Some repeated content to pad the file. Some repeated content to pad the file. Some repeated content to pad the file. Some repeated content to pad the file. Some repeated content to pad the file. Some repeated content to pad the file. Some repeated content to pad the file. Some repeated content to pad the file. Some repeated content to pad the file. Some repeated content to pad the file. Some repeated content to pad the file. Some repeated content to pad the file. Some repeated content to pad the file. Some repeated content to pad the file. Some repeated content to pad the file. Some repeated content to pad the file. Some repeated content to pad the file. Some repeated content to pad the file. Some repeated content to pad the file. Some repeated content to pad the file. Some repeated content to pad the file. Some repeated content to pad the file. Some repeated content to pad the file. Some repeated content to pad the file. Some repeated content to pad the file. Some repeated content to pad the file. Some repeated content to pad the file. Some repeated content to pad the file. Some repeated content to pad the file. Some repeated content to pad the file. Some repeated content to pad the file. Some repeated content to pad the file. Some repeated content to pad the file. Some repeated content to pad the file. Some repeated content to pad the file. Some repeated content to pad the file. Some repeated content to pad the file. Some repeated content to pad the file. Some repeated content to pad the file. Some repeated content to pad the file. Some repeated content to pad the file. Some repeated content to pad the file. Some repeated content to pad the file. Some repeated content to pad the file. Some repeated content to pad the file. Some repeated content to pad the file. Some repeated content to pad the file. Some repeated content to pad the file. Some repeated content to pad the file. Some repeated content to pad the file. Some repeated content to pad the file. Some repeated content to pad the file. Some repeated content to pad the file. Some repeated content to pad the file. Some repeated content to pad the file. Some repeated content to pad the file. Some repeated content to pad the file. Some repeated content to pad the file. Some repeated content to pad the file. Some repeated content to pad the file. Some repeated content to pad the file. Some repeated content to pad the file. Some repeated content to pad the file. Some repeated content to pad the file. Some repeated content to pad the file. Some repeated content to pad the file. Some repeated content to pad the file. Some repeated content to pad the file. Some repeated content to pad the file. Some repeated content to pad the file. Some repeated content to pad the file. Some repeated content to pad the file. Some repeated content to pad the file. Some repeated content to pad the file. Some repeated content to pad the file. Some repeated content to pad the file. Some repeated content to pad the file. Some repeated content to pad the file. Some repeated content to pad the file. Some repeated content to pad the file. Some repeated content to pad the file. Some repeated content to pad the file. Some repeated content to pad the file. Some repeated content to pad the file. Some repeated content to pad the file. Some repeated content to pad the file. Some repeated content to pad the file. Some repeated content to pad the file. Some repeated content to pad the file. Some repeated content to pad the file. Some repeated content to pad the file. Some repeated content to pad the file. Some repeated content to pad the file. Some repeated content to pad the file. Some repeated content to pad the file. Some repeated content to pad the file. Some repeated content to pad the file. Some repeated content to pad the file. Some repeated content to pad the file. Some repeated content to pad the file. Some repeated content to pad the file. Some repeated content to pad the file. Some repeated content to pad the file. Some repeated content to pad the file. Some repeated content to pad the file. Some repeated content to pad the file. Some repeated content to pad the file. Some repeated content to pad the file. Some repeated content to pad the file. Some repeated content to pad the file. Some repeated content to pad the file. Some repeated content to pad the file. Some repeated content to pad the file. Some repeated content to pad the file. Some repeated content to pad the file. Some repeated content to pad the file. Some repeated content to pad the file. Some repeated content to pad the file. Some repeated content to pad the file. Some repeated content to pad the file. Some repeated content to pad the file. Some repeated content to pad the file. Some repeated content to pad the file. Some repeated content to pad the file. Some repeated content to pad the file. Some repeated content to pad the file. Some repeated content to pad the file. Some repeated content to pad the file. Some repeated content to pad the file. Some repeated content to pad the file. Some repeated content to pad the file. Some repeated content to pad the file. Some repeated content to pad the file. Some repeated content to pad the file. Some repeated content to pad the file. Some repeated content to pad the file. Some repeated content to pad the file. Some repeated content to pad the file. Some repeated content to pad the file. Some repeated content to pad the file. Some repeated content to pad the file. Some repeated content to pad the file. Some repeated content to pad the file. Some repeated content to pad the file. Some repeated content to pad the file. Some repeated content to pad the file. Some repeated content to pad the file. Some repeated content to pad the file. Some repeated content to pad the file. Some repeated content to pad the file. Some repeated content to pad the file. Some repeated content to pad the file. Some repeated content to pad the file. Some repeated content to pad the file. Some repeated content to pad the file. Some repeated content to pad the file. Some repeated content to pad the file. Some repeated content to pad the file. Some repeated content to pad the file. Some repeated content to pad the file. Some repeated content to pad the file. Some repeated content to pad the file. Some repeated content to pad the file. Some repeated content to pad the file. Some repeated content to pad the file. Some repeated content to pad the file. Some repeated content to pad the file. Some repeated content to pad the file. Some repeated content to pad the file. Some repeated content to pad the file. Some repeated content to pad the file. Some repeated content to pad the file. Some repeated content to pad the file. Some repeated content to pad the file. Some repeated content to pad the file. Some repeated content to pad the file. Some repeated content to pad the file. Some repeated content to pad the file. Some repeated content to pad the file. Some repeated content to pad the file. Some repeated content to pad the file. Some repeated content to pad the file. Some repeated content to pad the file. Some repeated content to pad the file. Some repeated content to pad the file. Some repeated content to pad the file. Some repeated content to pad the file. Some repeated content to pad the file. Some repeated content to pad the file. Some repeated content to pad the file. Some repeated content to pad the file. Some repeated content to pad the file. Some repeated content to pad the file. Some repeated content to pad the file. Some repeated content to pad the file. Some repeated content to pad the file. Some repeated content to pad the file. Some repeated content to pad the file. Some repeated content to pad the file. Some repeated content to pad the file. Some repeated content to pad the file. Some repeated content to pad the file. Some repeated content to pad the file. Some repeated content to pad the file. Some repeated content to pad the file. Some repeated content to pad the file. Some repeated content to pad the file. Some repeated content to pad the file. Some repeated content to pad the file. Some repeated content to pad the file. Some repeated content to pad the file. Some repeated content to pad the file. Some repeated content to pad the file. Some repeated content to pad the file. Some repeated content to pad the file. Some repeated content to pad the file. Some repeated content to pad the file. Some repeated content to pad the file. Some repeated content to pad the file. Some repeated content to pad the file. Some repeated content to pad the file. Some repeated content to pad the file. Some repeated content to pad the file. Some repeated content to pad the file. Some repeated content to pad the file. Some repeated content to pad the file. Some repeated content to pad the file. Some repeated content to pad the file. Some repeated content to pad the file. Some repeated content to pad the file. Some repeated content to pad the file. Some repeated content to pad the file. Some repeated content to pad the file. Some repeated content to pad the file. Some repeated content to pad the file. Some repeated content to pad the file. Some repeated content to pad the file. Some repeated content to pad the file. Some repeated content to pad the file. Some repeated content to pad the file. Some repeated content to pad the file. Some repeated content to pad the file. Some repeated content to pad the file. Some repeated content to pad the file. Some repeated content to pad the file. Some repeated content to pad the file. Some repeated content to pad the file. Some repeated content to pad the file. Some repeated content to pad the file. Some repeated content to pad the file. Some repeated content to pad the file. Some repeated content to pad the file. Some repeated content to pad the file. Some repeated content to pad the file. Some repeated content to pad the file. Some repeated content to pad the file. Some repeated content to pad the file. Some repeated content to pad the file. Some repeated content to pad the file. Some repeated content to pad the file. Some repeated content to pad the file. Some repeated content to pad the file. Some repeated content to pad the file. Some repeated content to pad the file. Some repeated content to pad the file. Some repeated content to pad the file. Some repeated content to pad the file. Some repeated content to pad the file. Some repeated content to pad the file. Some repeated content to pad the file. Some repeated content to pad the file. Some repeated content to pad the file. Some repeated content to pad the file. Some repeated content to pad the file. Some repeated content to pad the file. Some repeated content to pad the file. Some repeated content to pad the file. Some repeated content to pad the file. Some repeated content to pad the file. Some repeated content to pad the file. Some repeated content to pad the file. Some repeated content to pad the file. Some repeated content to pad the file. Some repeated content to pad the file. Some repeated content to pad the file. Some repeated content to pad the file. Some repeated content to pad the file. Some repeated content to pad the file. Some repeated content to pad the file. Some repeated content to pad the file. Some repeated content to pad the file. Some repeated content to pad the file. Some repeated content to pad the file. Some repeated content to pad the file. Some repeated content to pad the file. Some repeated content to pad the file. Some repeated content to pad the file. Some repeated content to pad the file. Some repeated content to pad the file. Some repeated content to pad the file. Some repeated content to pad the file. Some repeated content to pad the file. Some repeated content to pad the file. Some repeated content to pad the file. Some repeated content to pad the file. Some repeated content to pad the file. Some repeated content to pad the file. Some repeated content to pad the file. Some repeated content to pad the file. Some repeated content to pad the file. Some repeated content to pad the file. Some repeated content to pad the file. Some repeated content to pad the file. Some repeated content to pad the file. Some repeated content to pad the file. Some repeated content to pad the file. Some repeated content to pad the file. Some repeated content to pad the file. Some repeated content to pad the file. Some repeated content to pad the file. Some repeated content to pad the file. Some repeated content to pad the file. Some repeated content to pad the file. Some repeated content to pad the file. Some repeated content to pad the file. Some repeated content to pad the file. Some repeated content to pad the file. Some repeated content to pad the file. Some repeated content to pad the file. Some repeated content to pad the file. Some repeated content to pad the file. Some repeated content to pad the file. Some repeated content to pad the file. Some repeated content to pad the file. Some repeated content to pad the file. Some repeated content to pad the file. Some repeated content to pad the file. Some repeated content to pad the file. Some repeated content to pad the file. Some repeated content to pad the file. Some repeated content to pad the file. Some repeated content to pad the file. Some repeated content to pad the file. Some repeated content to pad the file. Some repeated content to pad the file. Some repeated content to pad the file. Some repeated content to pad the file. Some repeated content to pad the file. Some repeated content to pad the file. Some repeated content to pad the file. Some repeated content to pad the file. Some repeated content to pad the file. Some repeated content to pad the file. Some repeated content to pad the file. Some repeated content to pad the file. Some repeated content to pad the file. Some repeated content to pad the file. Some repeated content to pad the file. Some repeated content to pad the file. Some repeated content to pad the file. Some repeated content to pad the file. Some repeated content to pad the file. Some repeated content to pad the file. Some repeated content to pad the file. Some repeated content to pad the file. Some repeated content to pad the file. Some repeated content to pad the file. Some repeated content to pad the file. Some repeated content to pad the file. Some repeated content to pad the file. Some repeated content to pad the file. Some repeated content to pad the file. Some repeated content to pad the file. Some repeated content to pad the file. Some repeated content to pad the file. Some repeated content to pad the file. Some repeated content to pad the file. Some repeated content to pad the file. Some repeated content to pad the file. Some repeated content to pad the file. Some repeated content to pad the file. Some repeated content to pad the file. Some repeated content to pad the file. Some repeated content to pad the file. Some repeated content to pad the file. Some repeated content to pad the file. Some repeated content to pad the file. Some repeated content to pad the file. Some repeated content to pad the file. Some repeated content to pad the file. Some repeated content to pad the file. Some repeated content to pad the file. Some repeated content to pad the file. Some repeated content to pad the file. Some repeated content to pad the file. Some repeated content to pad the file. Some repeated content to pad the file. Some repeated content to pad the file. Some repeated content to pad the file. Some repeated content to pad the file. Some repeated content to pad the file. Some repeated content to pad the file. Some repeated content to pad the file. Some repeated content to pad the file. Some repeated content to pad the file. Some repeated content to pad the file. Some repeated content to pad the file. Some repeated content to pad the file. Some repeated content to pad the file. Some repeated content to pad the file. Some repeated content to pad the file. Some repeated content to pad the file. Some repeated content to pad the file. Some repeated content to pad the file. Some repeated content to pad the file. Some repeated content to pad the file. Some repeated content to pad the file. Some repeated content to pad the file. Some repeated content to pad the file. Some repeated content to pad the file. Some repeated content to pad the file. Some repeated content to pad the file. Some repeated content to pad the file. Some repeated content to pad the file. Some repeated content to pad the file. Some repeated content to pad the file. Some repeated content to pad the file. Some repeated content to pad the file. Some repeated content to pad the file. Some repeated content to pad the file. Some repeated content to pad the file. Some repeated content to pad the file. Some repeated content to pad the file. Some repeated content to pad the file. Some repeated content to pad the file. Some repeated content to pad the file. Some repeated content to pad the file. Some repeated content to pad the file. Some repeated content to pad the file. Some repeated content to pad the file. Some repeated content to pad the file. Some repeated content to pad the file. Some repeated content to pad the file. Some repeated content to pad the file. Some repeated content to pad the file. Some repeated content to pad the file. Some repeated content to pad the file. Some repeated content to pad the file. Some repeated content to pad the file. Some repeated content to pad the file. Some repeated content to pad the file. Some repeated content to pad the file. Some repeated content to pad the file. Some repeated content to pad the file. Some repeated content to pad the file. Some repeated content to pad the file. Some repeated content to pad the file. Some repeated content to pad the file. Some repeated content to pad the file. Some repeated content to pad the file. Some repeated content to pad the file. Some repeated content to pad the file. Some repeated content to pad the file. Some repeated content to pad the file. Some repeated content to pad the file. Some repeated content to pad the file. Some repeated content to pad the file. Some repeated content to pad the file. Some repeated content to pad the file. Some repeated content to pad the file. Some repeated content to pad the file. Some repeated content to pad the file. Some repeated content to pad the file. Some repeated content to pad the file. Some repeated content to pad the file. Some repeated content to pad the file. Some repeated content to pad the file. Some repeated content to pad the file. Some repeated content to pad the file. Some repeated content to pad the file. Some repeated content to pad the file. Some repeated content to pad the file. Some repeated content to pad the file. Some repeated content to pad the file. Some repeated content to pad the file. Some repeated content to pad the file. Some repeated content to pad the file. Some repeated content to pad the file. Some repeated content to pad the file. Some repeated content to pad the file. Some repeated content to pad the file. Some repeated content to pad the file. Some repeated content to pad the file. Some repeated content to pad the file. Some repeated content to pad the file. Some repeated content to pad the file. Some repeated content to pad the file. Some repeated content to pad the file. Some repeated content to pad the file. Some repeated content to pad the file. Some repeated content to pad the file. Some repeated content to pad the file. Some repeated content to pad the file. Some repeated content to pad the file. Some repeated content to pad the file. Some repeated content to pad the file. Some repeated content to pad the file. Some repeated content to pad the file. Some repeated content to pad the file. Some repeated content to pad the file. Some repeated content to pad the file. Some repeated content to pad the file. Some repeated content to pad the file. Some repeated content to pad the file. Some repeated content to pad the file. Some repeated content to pad the file. Some repeated content to pad the file. Some repeated content to pad the file. Some repeated content to pad the file. Some repeated content to pad the file. Some repeated content to pad the file. Some repeated content to pad the file. Some repeated content to pad the file. Some repeated content to pad the file. Some repeated content to pad the file. Some repeated content to pad the file. Some repeated content to pad the file. Some repeated content to pad the file. Some repeated content to pad the file. Some repeated content to pad the file. Some repeated content to pad the file. Some repeated content to pad the file. Some repeated content to pad the file. Some repeated content to pad the file. Some repeated content to pad the file. Some repeated content to pad the file. Some repeated content to pad the file. Some repeated content to pad the file. Some repeated content to pad the file. Some repeated content to pad the file. Some repeated content to pad the file. Some repeated content to pad the file. Some repeated content to pad the file. Some repeated content to pad the file. Some repeated content to pad the file. Some repeated content to pad the file. Some repeated content to pad the file. Some repeated content to pad the file. Some repeated content to pad the file. Some repeated content to pad the file. Some repeated content to pad the file. Some repeated content to pad the file. Some repeated content to pad the file. Some repeated content to pad the file. Some repeated content to pad the file. Some repeated content to pad the file. Some repeated content to pad the file. Some repeated content to pad the file. Some repeated content to pad the file. Some repeated content to pad the file. Some repeated content to pad the file. Some repeated content to pad the file. Some repeated content to pad the file. Some repeated content to pad the file. Some repeated content to pad the file. Some repeated content to pad the file. Some repeated content to pad the file. Some repeated content to pad the file. Some repeated content to pad the file. Some repeated content to pad the file. Some repeated content to pad the file. Some repeated content to pad the file. Some repeated content to pad the file. Some repeated content to pad the file. Some repeated content to pad the file. Some repeated content to pad the file. Some repeated content to pad the file. Some repeated content to pad the file. Some repeated content to pad the file. Some repeated content to pad the file. Some repeated content to pad the file. Some repeated content to pad the file. Some repeated content to pad the file. Some repeated content to pad the file. Some repeated content to pad the file. Some repeated content to pad the file. Some repeated content to pad the file. Some repeated content to pad the file. Some repeated content to pad the file. Some repeated content to pad the file. Some repeated content to pad the file. Some repeated content to pad the file. Some repeated content to pad the file. Some repeated content to pad the file. Some repeated content to pad the file. Some repeated content to pad the file. Some repeated content to pad the file. Some repeated content to pad the file. Some repeated content to pad the file. Some repeated content to pad the file. Some repeated content to pad the file. Some repeated content to pad the file. Some repeated content to pad the file. Some repeated content to pad the file. Some repeated content to pad the file. Some repeated content to pad the file. Some repeated content to pad the file. Some repeated content to pad the file. Some repeated content to pad the file. Some repeated content to pad the file. Some repeated content to pad the file. Some repeated content to pad the file. Some repeated content to pad the file. Some repeated content to pad the file. Some repeated content to pad the file. Some repeated content to pad the file. Some repeated content to pad the file. Some repeated content to pad the file. Some repeated content to pad the file. Some repeated content to pad the file. Some repeated content to pad the file. Some repeated content to pad the file. Some repeated content to pad the file. Some repeated content to pad the file. Some repeated content to pad the file. Some repeated content to pad the file. Some repeated content to pad the file. Some repeated content to pad the file. Some repeated content to pad the file. Some repeated content to pad the file. Some repeated content to pad the file. Some repeated content to pad the file. Some repeated content to pad the file. Some repeated content to pad the file. Some repeated content to pad the file. Some repeated content to pad the file. Some repeated content to pad the file. Some repeated content to pad the file. Some repeated content to pad the file. Some repeated content to pad the file. Some repeated content to pad the file. Some repeated content to pad the file. Some repeated content to pad the file. Some repeated content to pad the file. Some repeated content to pad the file. Some repeated content to pad the file. Some repeated content to pad the file. Some repeated content to pad the file. Some repeated content to pad the file. Some repeated content to pad the file. Some repeated content to pad the file. Some repeated content to pad the file. Some repeated content to pad the file. Some repeated content to pad the file. Some repeated content to pad the file. Some repeated content to pad the file. Some repeated content to pad the file. Some repeated content to pad the file. Some repeated content to pad the file. Some repeated content to pad the file. Some repeated content to pad the file. Some repeated content to pad the file. Some repeated content to pad the file. Some repeated content to pad the file. Some repeated content to pad the file. Some repeated content to pad the file. Some repeated content to pad the file. Some repeated content to pad the file. Some repeated content to pad the file. Some repeated content to pad the file. Some repeated content to pad the file. Some repeated content to pad the file. Some repeated content to pad the file. Some repeated content to pad the file. Some repeated content to pad the file. Some repeated content to pad the file. Some repeated content to pad the file. Some repeated content to pad the file. Some repeated content to pad the file. Some repeated content to pad the file. Some repeated content to pad the file. Some repeated content to pad the file. Some repeated content to pad the file. Some repeated content to pad the file. Some repeated content to pad the file. Some repeated content to pad the file. Some repeated content to pad the file. Some repeated content to pad the file. Some repeated content to pad the file. Some repeated content to pad the file. Some repeated content to pad the file. Some repeated content to pad the file. Some repeated content to pad the file. Some repeated content to pad the file. Some repeated content to pad the file. Some repeated content to pad the file. Some repeated content to pad the file. Some repeated content to pad the file. Some repeated content to pad the file. Some repeated content to pad the file. Some repeated content to pad the file. Some repeated content to pad the file. Some repeated content to pad the file. Some repeated content to pad the file. Some repeated content to pad the file. Some repeated content to pad the file. Some repeated content to pad the file. Some repeated content to pad the file. Some repeated content to pad the file. Some repeated content to pad the file. Some repeated content to pad the file. Some repeated content to pad the file. Some repeated content to pad the file. Some repeated content to pad the file. Some repeated content to pad the file. Some repeated content to pad the file. Some repeated content to pad the file. Some repeated content to pad the file. Some repeated content to pad the file. Some repeated content to pad the file. Some repeated content to pad the file. Some repeated content to pad the file. Some repeated content to pad the file. Some repeated content to pad the file. Some repeated content to pad the file. Some repeated content to pad the file. Some repeated content to pad the file. Some repeated content to pad the file. Some repeated content to pad the file. Some repeated content to pad the file. Some repeated content to pad the file. Some repeated content to pad the file. Some repeated content to pad the file. Some repeated content to pad the file. Some repeated content to pad the file. Some repeated content to pad the file. Some repeated content to pad the file. Some repeated content to pad the file. Some repeated content to pad the file. Some repeated content to pad the file. Some repeated content to pad the file. Some repeated content to pad the file. Some repeated content to pad the file. Some repeated content to pad the file. Some repeated content to pad the file. Some repeated content to pad the file. Some repeated content to pad the file. Some repeated content to pad the file. Some repeated content to pad the file. Some repeated content to pad the file. Some repeated content to pad the file. Some repeated content to pad the file. Some repeated content to pad the file. Some repeated content to pad the file. Some repeated content to pad the file. Some repeated content to pad the file. Some repeated content to pad the file. Some repeated content to pad the file. Some repeated content to pad the file. Some repeated content to pad the file. Some repeated content to pad the file. Some repeated content to pad the file. Some repeated content to pad the file. Some repeated content to pad the file. Some repeated content to pad the file. Some repeated content to pad the file. Some repeated content to pad the file. Some repeated content to pad the file. Some repeated content to pad the file. Some repeated content to pad the file. Some repeated content to pad the file. Some repeated content to pad the file. Some repeated content to pad the file. Some repeated content to pad the file. Some repeated content to pad the file. Some repeated content to pad the file. Some repeated content to pad the file. Some repeated content to pad the file. Some repeated content to pad the file. Some repeated content to pad the file. Some repeated content to pad the file. Some repeated content to pad the file. Some repeated content to pad the file. Some repeated content to pad the file. Some repeated content to pad the file. Some repeated content to pad the file. Some repeated content to pad the file. Some repeated content to pad the file. Some repeated content to pad the file. Some repeated content to pad the file. Some repeated content to pad the file. Some repeated content to pad the file. Some repeated content to pad the file. Some repeated content to pad the file. Some repeated content to pad the file. Some repeated content to pad the file. Some repeated content to pad the file. Some repeated content to pad the file. Some repeated content to pad the file. Some repeated content to pad the file. Some repeated content to pad the file. Some repeated content to pad the file. Some repeated content to pad the file. Some repeated content to pad the file. Some repeated content to pad the file. Some repeated content to pad the file. Some repeated content to pad the file. Some repeated content to pad the file. Some repeated content to pad the file. Some repeated content to pad the file. Some repeated content to pad the file. Some repeated content to pad the file. Some repeated content to pad the file. Some repeated content to pad the file. Some repeated content to pad the file. Some repeated content to pad the file. Some repeated content to pad the file. Some repeated content to pad the file. Some repeated content to pad the file. Some repeated content to pad the file. Some repeated content to pad the file. Some repeated content to pad the file. Some repeated content to pad the file. Some repeated content to pad the file. Some repeated content to pad the file. Some repeated content to pad the file. Some repeated content to pad the file. Some repeated content to pad the file. Some repeated content to pad the file. Some repeated content to pad the file. Some repeated content to pad the file. Some repeated content to pad the file. Some repeated content to pad the file. Some repeated content to pad the file. Some repeated content to pad the file. Some repeated content to pad the file. Some repeated content to pad the file. Some repeated content to pad the file. Some repeated content to pad the file. Some repeated content to pad the file. Some repeated content to pad the file. Some repeated content to pad the file. Some repeated content to pad the file. Some repeated content to pad the file. Some repeated content to pad the file. Some repeated content to pad the file. Some repeated content to pad the file. Some repeated content to pad the file. Some repeated content to pad the file. Some repeated content to pad the file. Some repeated content to pad the file. Some repeated content to pad the file. Some repeated content to pad the file. Some repeated content to pad the file. Some repeated content to pad the file. Some repeated content to pad the file. Some repeated content to pad the file. Some repeated content to pad the file. Some repeated content to pad the file. Some repeated content to pad the file. Some repeated content to pad the file. Some repeated content to pad the file. Some repeated content to pad the file. Some repeated content to pad the file. Some repeated content to pad the file. Some repeated content to pad the file. Some repeated content to pad the file. Some repeated content to pad the file. Some repeated content to pad the file. Some repeated content to pad the file. Some repeated content to pad the file. Some repeated content to pad the file. Some repeated content to pad the file. Some repeated content to pad the file. Some repeated content to pad the file. Some repeated content to pad the file. Some repeated content to pad the file. Some repeated content to pad the file. Some repeated content to pad the file. Some repeated content to pad the file. Some repeated content to pad the file. Some repeated content to pad the file. Some repeated content to pad the file. Some repeated content to pad the file. Some repeated content to pad the file. Some repeated content to pad the file. Some repeated content to pad the file. Some repeated content to pad the file. Some repeated content to pad the file. Some repeated content to pad the file. Some repeated content to pad the file. Some repeated content to pad the file. Some repeated content to pad the file. Some repeated content to pad the file. Some repeated content to pad the file. Some repeated content to pad the file. Some repeated content to pad the file. Some repeated content to pad the file. Some repeated content to pad the file. Some repeated content to pad the file. Some repeated content to pad the file. Some repeated content to pad the file. Some repeated content to pad the file. Some repeated content to pad the file. Some repeated content to pad the file. Some repeated content to pad the file. Some repeated content to pad the file. Some repeated content to pad the file. Some repeated content to pad the file. Some repeated content to pad the file. Some repeated content to pad the file. Some repeated content to pad the file. Some repeated content to pad the file. Some repeated content to pad the file. Some repeated content to pad the file. Some repeated content to pad the file. Some repeated content to pad the file. Some repeated content to pad the file. Some repeated content to pad the file. Some repeated content to pad the file. Some repeated content to pad the file. Some repeated content to pad the file. Some repeated content to pad the file. Some repeated content to pad the file. Some repeated content to pad the file. Some repeated content to pad the file. Some repeated content to pad the file. Some repeated content to pad the file. Some repeated content to pad the file. Some repeated content to pad the file. Some repeated content to pad the file. Some repeated content to pad the file. Some repeated content to pad the file. Some repeated content to pad the file. Some repeated content to pad the file. Some repeated content to pad the file. Some repeated content to pad the file. Some repeated content to pad the file. Some repeated content to pad the file. Some repeated content to pad the file. Some repeated content to pad the file. Some repeated content to pad the file. Some repeated content to pad the file. Some repeated content to pad the file. Some repeated content to pad the file. Some repeated content to pad the file. Some repeated content to pad the file. Some repeated content to pad the file. Some repeated content to pad the file. Some repeated content to pad the file. Some repeated content to pad the file. Some repeated content to pad the file. Some repeated content to pad the file. Some repeated content to pad the file. Some repeated content to pad the file. Some repeated content to pad the file. Some repeated content to pad the file. Some repeated content to pad the file. Some repeated content to pad the file. Some repeated content to pad the file. Some repeated content to pad the file. Some repeated content to pad the file. Some repeated content to pad the file. Some repeated content to pad the file. Some repeated content to pad the file. Some repeated content to pad the file. Some repeated content to pad the file. Some repeated content to pad the file. Some repeated content to pad the file. Some repeated content to pad the file. Some repeated content to pad the file. Some repeated content to pad the file. Some repeated content to pad the file. Some repeated content to pad the file. Some repeated content to pad the file. Some repeated content to pad the file. Some repeated content to pad the file. Some repeated content to pad the file. Some repeated content to pad the file. Some repeated content to pad the file. Some repeated content to pad the file. Some repeated content to pad the file. Some repeated content to pad the file. Some repeated content to pad the file. Some repeated content to pad the file. Some repeated content to pad the file. Some repeated content to pad the file. Some repeated content to pad the file. Some repeated content to pad the file. Some repeated content to pad the file. Some repeated content to pad the file. Some repeated content to pad the file. Some repeated content to pad the file. Some repeated content to pad the file. Some repeated content to pad the file. Some repeated content to pad the file. Some repeated content to pad the file. Some repeated content to pad the file. Some repeated content to pad the file. Some repeated content to pad the file. Some repeated content to pad the file. Some repeated content to pad the file. Some repeated content to pad the file. Some repeated content to pad the file. Some repeated content to pad the file. Some repeated content to pad the file. Some repeated content to pad the file. Some repeated content to pad the file. Some repeated content to pad the file. Some repeated content to pad the file. Some repeated content to pad the file. Some repeated content to pad the file. Some repeated content to pad the file. Some repeated content to pad the file. Some repeated content to pad the file. Some repeated content to pad the file. Some repeated content to pad the file. Some repeated content to pad the file. Some repeated content to pad the file. Some repeated content to pad the file. Some repeated content to pad the file. Some repeated content to pad the file. Some repeated content to pad the file. Some repeated content to pad the file. Some repeated content to pad the file. Some repeated content to pad the file. Some repeated content to pad the file. Some repeated content to pad the file. Some repeated content to pad the file. Some repeated content to pad the file. Some repeated content to pad the file. Some repeated content to pad the file. Some repeated content to pad the file. Some repeated content to pad the file. Some repeated content to pad the file. Some repeated content to pad the file. Some repeated content to pad the file. Some repeated content to pad the file. Some repeated content to pad the file. Some repeated content to pad the file. Some repeated content to pad the file. Some repeated content to pad the file. Some repeated content to pad the file. Some repeated content to pad the file. Some repeated content to pad the file. Some repeated content to pad the file. Some repeated content to pad the file. Some repeated content to pad the file. Some repeated content to pad the file. Some repeated content to pad the file. Some repeated content to pad the file. Some repeated content to pad the file. Some repeated content to pad the file. Some repeated content to pad the file. Some repeated content to pad the file. Some repeated content to pad the file. Some repeated content to pad the file. Some repeated content to pad the file. Some repeated content to pad the file. Some repeated content to pad the file. Some repeated content to pad the file. Some repeated content to pad the file. Some repeated content to pad the file. Some repeated content to pad the file. Some repeated content to pad the file. Some repeated content to pad the file. Some repeated content to pad the file. Some repeated content to pad the file. Some repeated content to pad the file. Some repeated content to pad the file. Some repeated content to pad the file. Some repeated content to pad the file. Some repeated content to pad the file. Some repeated content to pad the file. Some repeated content to pad the file. Some repeated content to pad the file. Some repeated content to pad the file. Some repeated content to pad the file. Some repeated content to pad the file. Some repeated content to pad the file. Some repeated content to pad the file. Some repeated content to pad the file. Some repeated content to pad the file. Some repeated content to pad the file. Some repeated content to pad the file. Some repeated content to pad the file. Some repeated content to pad the file. Some repeated content to pad the file. Some repeated content to pad the file. Some repeated content to pad the file. Some repeated content to pad the file. Some repeated content to pad the file. Some repeated content to pad the file. Some repeated content to pad the file. Some repeated content to pad the file. Some repeated content to pad the file. Some repeated content to pad the file. Some repeated content to pad the file. Some repeated content to pad the file. Some repeated content to pad the file. Some repeated content to pad the file. Some repeated content to pad the file. Some repeated content to pad the file. Some repeated content to pad the file. Some repeated content to pad the file. Some repeated content to pad the file. Some repeated content to pad the file. Some repeated content to pad the file. Some repeated content to pad the file. Some repeated content to pad the file. Some repeated content to pad the file. Some repeated content to pad the file. Some repeated content to pad the file. Some repeated content to pad the file. Some repeated content to pad the file. Some repeated content to pad the file. Some repeated content to pad the file. Some repeated content to pad the file. Some repeated content to pad the file. Some repeated content to pad the file. Some repeated content to pad the file. Some repeated content to pad the file. Some repeated content to pad the file. Some repeated content to pad the file. Some repeated content to pad the file. Some repeated content to pad the file. Some repeated content to pad the file. Some repeated content to pad the file. Some repeated content to pad the file. Some repeated content to pad the file. Some repeated content to pad the file. Some repeated content to pad the file. Some repeated content to pad the file. Some repeated content to pad the file. Some repeated content to pad the file. Some repeated content to pad the file. Some repeated content to pad the file. Some repeated content to pad the file. Some repeated content to pad the file. Some repeated content to pad the file. Some repeated content to pad the file. Some repeated content to pad the file. Some repeated content to pad the file. Some repeated content to pad the file. Some repeated content to pad the file. Some repeated content to pad the file. Some repeated content to pad the file. Some repeated content to pad the file. Some repeated content to pad the file. Some repeated content to pad the file. Some repeated content to pad the file. Some repeated content to pad the file. Some repeated content to pad the file. Some repeated content to pad the file. Some repeated content to pad the file. Some repeated content to pad the file. Some repeated content to pad the file. Some repeated content to pad the file. Some repeated content to pad the file. Some repeated content to pad the file. Some repeated content to pad the file. Some repeated content to pad the file. Some repeated content to pad the file. Some repeated content to pad the file. Some repeated content to pad the file. Some repeated content to pad the file. Some repeated content to pad the file. Some repeated content to pad the file. Some repeated content to pad the file. Some repeated content to pad the file. Some repeated content to pad the file. Some repeated content to pad the file. Some repeated content to pad the file. Some repeated content to pad the file. Some repeated content to pad the file. Some repeated content to pad the file. Some repeated content to pad the file. Some repeated content to pad the file. Some repeated content to pad the file. Some repeated content to pad the file. Some repeated content to pad the file. Some repeated content to pad the file. Some repeated content to pad the file. Some repeated content to pad the file. Some repeated content to pad the file. Some repeated content to pad the file. Some repeated content to pad the file. Some repeated content to pad the file. Some repeated content to pad the file. Some repeated content to pad the file. Some repeated content to pad the file. Some repeated content to pad the file. Some repeated content to pad the file. Some repeated content to pad the file. Some repeated content to pad the file. Some repeated content to pad the file. Some repeated content to pad the file. Some repeated content to pad the file. Some repeated content to pad the file. Some repeated content to pad the file. Some repeated content to pad the file. Some repeated content to pad the file. Some repeated content to pad the file. Some repeated content to pad the file. Some repeated content to pad the file. Some repeated content to pad the file. Some repeated content to pad the file. Some repeated content to pad the file. Some repeated content to pad the file. Some repeated content to pad the file. Some repeated content to pad the file. Some repeated content to pad the file. Some repeated content to pad the file. Some repeated content to pad the file. Some repeated content to pad the file. Some repeated content to pad the file. Some repeated content to pad the file. Some repeated content to pad the file. Some repeated content to pad the file. Some repeated content to pad the file. Some repeated content to pad the file. Some repeated content to pad the file. Some repeated content to pad the file. Some repeated content to pad the file. Some repeated content to pad the file. Some repeated content to pad the file. Some repeated content to pad the file. Some repeated content to pad the file. Some repeated content to pad the file. Some repeated content to pad the file. Some repeated content to pad the file. Some repeated content to pad the file. Some repeated content to pad the file. Some repeated content to pad the file. Some repeated content to pad the file. Some repeated content to pad the file. Some repeated content to pad the file. Some repeated content to pad the file. Some repeated content to pad the file. Some repeated content to pad the file. Some repeated content to pad the file. Some repeated content to pad the file. Some repeated content to pad the file. Some repeated content to pad the file. Some repeated content to pad the file. Some repeated content to pad the file. Some repeated content to pad the file. Some repeated content to pad the file. Some repeated content to pad the file. Some repeated content to pad the file. Some repeated content to pad the file. Some repeated content to pad the file. Some repeated content to pad the file. Some repeated content to pad the file. Some repeated content to pad the file. Some repeated content to pad the file. Some repeated content to pad the file. Some repeated content to pad the file. Some repeated content to pad the file. Some repeated content to pad the file. Some repeated content to pad the file. Some repeated content to pad the file. Some repeated content to pad the file. Some repeated content to pad the file. Some repeated content to pad the file. Some repeated content to pad the file. Some repeated content to pad the file. Some repeated content to pad the file. Some repeated content to pad the file. Some repeated content to pad the file. Some repeated content to pad the file. Some repeated content to pad the file. Some repeated content to pad the file. Some repeated content to pad the file. Some repeated content to pad the file. Some repeated content to pad the file. Some repeated content to pad the file. Some repeated content to pad the file. Some repeated content to pad the file. Some repeated content to pad the file. Some repeated content to pad the file. Some repeated content to pad the file. Some repeated content to pad the file. Some repeated content to pad the file. Some repeated content to pad the file. Some repeated content to pad the file. Some repeated content to pad the file. Some repeated content to pad the file. Some repeated content to pad the file. Some repeated content to pad the file. Some repeated content to pad the file. Some repeated content to pad the file. Some repeated content to pad the file. Some repeated content to pad the file. Some repeated content to pad the file. Some repeated content to pad the file. Some repeated content to pad the file. Some repeated content to pad the file. Some repeated content to pad the file. Some repeated content to pad the file. Some repeated content to pad the file. Some repeated content to pad the file. Some repeated content to pad the file. Some repeated content to pad the file. Some repeated content to pad the file. Some repeated content to pad the file. Some repeated content to pad the file. Some repeated content to pad the file. Some repeated content to pad the file. Some repeated content to pad the file. Some repeated content to pad the file. Some repeated content to pad the file. Some repeated content to pad the file. Some repeated content to pad the file. Some repeated content to pad the file. Some repeated content to pad the file. Some repeated content to pad the file. Some repeated content to pad the file. Some repeated content to pad the file. Some repeated content to pad the file. Some repeated content to pad the file. Some repeated content to pad the file. Some repeated content to pad the file. Some repeated content to pad the file. Some repeated content to pad the file. Some repeated content to pad the file. Some repeated content to pad the file. Some repeated content to pad the file. Some repeated content to pad the file. Some repeated content to pad the file. Some repeated content to pad the file. Some repeated content to pad the file. Some repeated content to pad the file. Some repeated content to pad the file. Some repeated content to pad the file. Some repeated content to pad the file. Some repeated content to pad the file. Some repeated content to pad the file. Some repeated content to pad the file. Some repeated content to pad the file. Some repeated content to pad the file. Some repeated content to pad the file. Some repeated content to pad the file. Some repeated content to pad the file. Some repeated content to pad the file. Some repeated content to pad the file. Some repeated content to pad the file. Some repeated content to pad the file. Some repeated content to pad the file. Some repeated content to pad the file. Some repeated content to pad the file. Some repeated content to pad the file. Some repeated content to pad the file. Some repeated content to pad the file. Some repeated content to pad the file. Some repeated content to pad the file. Some repeated content to pad the file. Some repeated content to pad the file. Some repeated content to pad the file. Some repeated content to pad the file. Some repeated content to pad the file. Some repeated content to pad the file. Some repeated content to pad the file. Some repeated content to pad the file. Some repeated content to pad the file. Some repeated content to pad the file. Some repeated content to pad the file. Some repeated content to pad the file. Some repeated content to pad the file. Some repeated content to pad the file. Some repeated content to pad the file. Some repeated content to pad the file. Some repeated content to pad the file. Some repeated content to pad the file. Some repeated content to pad the file. Some repeated content to pad the file. Some repeated content to pad the file. Some repeated content to pad the file. Some repeated content to pad the file. Some repeated content to pad the file. Some repeated content to pad the file. Some repeated content to pad the file. Some repeated content to pad the file. Some repeated content to pad the file. Some repeated content to pad the file. Some repeated content to pad the file. Some repeated content to pad the file. Some repeated content to pad the file. Some repeated content to pad the file. Some repeated content to pad the file. Some repeated content to pad the file. Some repeated content to pad the file. Some repeated content to pad the file. Some repeated content to pad the file. Some repeated content to pad the file. Some repeated content to pad the file. Some repeated content to pad the file. Some repeated content to pad the file. Some repeated content to pad the file. Some repeated content to pad the file. Some repeated content to pad the file. Some repeated content to pad the file. Some repeated content to pad the file. Some repeated content to pad the file. Some repeated content to pad the file. Some repeated content to pad the file. Some repeated content to pad the file. Some repeated content to pad the file. Some repeated content to pad the file. Some repeated content to pad the file. Some repeated content to pad the file. Some repeated content to pad the file. Some repeated content to pad the file. Some repeated content to pad the file. Some repeated content to pad the file. Some repeated content to pad the file. Some repeated content to pad the file. Some repeated content to pad the file. Some repeated content to pad the file. Some repeated content to pad the file. Some repeated content to pad the file. Some repeated content to pad the file. Some repeated content to pad the file. Some repeated content to pad the file. Some repeated content to pad the file. Some repeated content to pad the file. Some repeated content to pad the file. Some repeated content to pad the file. Some repeated content to pad the file. Some repeated content to pad the file. Some repeated content to pad the file. Some repeated content to pad the file. Some repeated content to pad the file. Some repeated content to pad the file. Some repeated content to pad the file. Some repeated content to pad the file. Some repeated content to pad the file. Some repeated content to pad the file. Some repeated content to pad the file. Some repeated content to pad the file. Some repeated content to pad the file. Some repeated content to pad the file. Some repeated content to pad the file. Some repeated content to pad the file. Some repeated content to pad the file. Some repeated content to pad the file. Some repeated content to pad the file. Some repeated content to pad the file. Some repeated content to pad the file. Some repeated content to pad the file. Some repeated content to pad the file. Some repeated content to pad the file. Some repeated content to pad the file. Some repeated content to pad the file. Some repeated content to pad the file. Some repeated content to pad the file. Some repeated content to pad the file. Some repeated content to pad the file. Some repeated content to pad the file. Some repeated content to pad the file. Some repeated content to pad the file. Some repeated content to pad the file. Some repeated content to pad the file. Some repeated content to pad the file. Some repeated content to pad the file. Some repeated content to pad the file. Some repeated content to pad the file. Some repeated content to pad the file. Some repeated content to pad the file. Some repeated content to pad the file. Some repeated content to pad the file. Some repeated content to pad the file. Some repeated content to pad the file. Some repeated content to pad the file. Some repeated content to pad the file. Some repeated content to pad the file. Some repeated content to pad the file. Some repeated content to pad the file. Some repeated content to pad the file. Some repeated content to pad the file. Some repeated content to pad the file. Some repeated content to pad the file. Some repeated content to pad the file. Some repeated content to pad the file. Some repeated content to pad the file. Some repeated content to pad the file. Some repeated content to pad the file. Some repeated content to pad the file. Some repeated content to pad the file. Some repeated content to pad the file. Some repeated content to pad the file. Some repeated content to pad the file. Some repeated content to pad the file. Some repeated content to pad the file. Some repeated content to pad the file. Some repeated content to pad the file. Some repeated content to pad the file. Some repeated content to pad the file. Some repeated content to pad the file. Some repeated content to pad the file. Some repeated content to pad the file. Some repeated content to pad the file. Some repeated content to pad the file. Some repeated content to pad the file. Some repeated content to pad the file. Some repeated content to pad the file. Some repeated content to pad the file. Some repeated content to pad the file. Some repeated content to pad the file. Some repeated content to pad the file. Some repeated content to pad the file. Some repeated content to pad the file. Some repeated content to pad the file. Some repeated content to pad the file. Some repeated content to pad the file. Some repeated content to pad the file. Some repeated content to pad the file. Some repeated content to pad the file. Some repeated content to pad the file. Some repeated content to pad the file. Some repeated content to pad the file. Some repeated content to pad the file. Some repeated content to pad the file. Some repeated content to pad the file. Some repeated content to pad the file. Some repeated content to pad the file. Some repeated content to pad the file. Some repeated content to pad the file. Some repeated content to pad the file. Some repeated content to pad the file. Some repeated content to pad the file. Some repeated content to pad the file. Some repeated content to pad the file. Some repeated content to pad the file. Some repeated content to pad the file. Some repeated content to pad the file. Some repeated content to pad the file. Some repeated content to pad the file. Some repeated content to pad the file. Some repeated content to pad the file. Some repeated content to pad the file. Some repeated content to pad the file. Some repeated content to pad the file. Some repeated content to pad the file. Some repeated content to pad the file. Some repeated content to pad the file. Some repeated content to pad the file. Some repeated content to pad the file. Some repeated content to pad the file. Some repeated content to pad the file. Some repeated content to pad the file. Some repeated content to pad the file. Some repeated content to pad the file. Some repeated content to pad the file. Some repeated content to pad the file. Some repeated content to pad the file. Some repeated content to pad the file. Some repeated content to pad the file. Some repeated content to pad the file. Some repeated content to pad the file. Some repeated content to pad the file. Some repeated content to pad the file. Some repeated content to pad the file. Some repeated content to pad the file. Some repeated content to pad the file. Some repeated content to pad the file. Some repeated content to pad the file. Some repeated content to pad the file. Some repeated content to pad the file. Some repeated content to pad the file. Some repeated content to pad the file. Some repeated content to pad the file. Some repeated content to pad the file. Some repeated content to pad the file. Some repeated content to pad the file. Some repeated content to pad the file. Some repeated content to pad the file. Some repeated content to pad the file. Some repeated content to pad the file. Some repeated content to pad the file. Some repeated content to pad the file. Some repeated content to pad the file. Some repeated content to pad the file. Some repeated content to pad the file. Some repeated content to pad the file. Some repeated content to pad the file. Some repeated content to pad the file. Some repeated content to pad the file. Some repeated content to pad the file. Some repeated content to pad the file. Some repeated content to pad the file. Some repeated content to pad the file. Some repeated content to pad the file. Some repeated content to pad the file. Some repeated content to pad the file. Some repeated content to pad the file. Some repeated content to pad the file. Some repeated content to pad the file. Some repeated content to pad the file. Some repeated content to pad the file. Some repeated content to pad the file. Some repeated content to pad the file. Some repeated content to pad the file. Some repeated content to pad the file. Some repeated content to pad the file. Some repeated content to pad the file. Some repeated content to pad the file. Some repeated content to pad the file. Some repeated content to pad the file. Some repeated content to pad the file. Some repeated content to pad the file. Some repeated content to pad the file. Some repeated content to pad the file. Some repeated content to pad the file. Some repeated content to pad the file. Some repeated content to pad the file. Some repeated content to pad the file. Some repeated content to pad the file. Some repeated content to pad the file. Some repeated content to pad the file. Some repeated content to pad the file. Some repeated content to pad the file. Some repeated content to pad the file. Some repeated content to pad the file. Some repeated content to pad the file. Some repeated content to pad the file. Some repeated content to pad the file. Some repeated content to pad the file. Some repeated content to pad the file. Some repeated content to pad the file. Some repeated content to pad the file. Some repeated content to pad the file. Some repeated content to pad the file. Some repeated content to pad the file. Some repeated content to pad the file. Some repeated content to pad the file. Some repeated content to pad the file. Some repeated content to pad the file. Some repeated content to pad the file. Some repeated content to pad the file. Some repeated content to pad the file. Some repeated content to pad the file. Some repeated content to pad the file. Some repeated content to pad the file. Some repeated content to pad the file. Some repeated content to pad the file. Some repeated content to pad the file. Some repeated content to pad the file. Some repeated content to pad the file. Some repeated content to pad the file. Some repeated content to pad the file. Some repeated content to pad the file. Some repeated content to pad the file. Some repeated content to pad the file. Some repeated content to pad the file. Some repeated content to pad the file. Some repeated content to pad the file. Some repeated content to pad the file. Some repeated content to pad the file. Some repeated content to pad the file. Some repeated content to pad the file. Some repeated content to pad the file. Some repeated content to pad the file. Some repeated content to pad the file. Some repeated content to pad the file. Some repeated content to pad the file. Some repeated content to pad the file. Some repeated content to pad the file. Some repeated content to pad the file. Some repeated content to pad the file. Some repeated content to pad the file. Some repeated content to pad the file. Some repeated content to pad the file. Some repeated content to pad the file. Some repeated content to pad the file. Some repeated content to pad the file. Some repeated content to pad the file. Some repeated content to pad the file. Some repeated content to pad the file. Some repeated content to pad the file. Some repeated content to pad the file. Some repeated content to pad the file. Some repeated content to pad the file. Some repeated content to pad the file. Some repeated content to pad the file. Some repeated content to pad the file. Some repeated content to pad the file. Some repeated content to pad the file. Some repeated content to pad the file. Some repeated content to pad the file. Some repeated content to pad the file. Some repeated content to pad the file. Some repeated content to pad the file. Some repeated content to pad the file. Some repeated content to pad the file. Some repeated content to pad the file. Some repeated content to pad the file. Some repeated content to pad the file. Some repeated content to pad the file. Some repeated content to pad the file. Some repeated content to pad the file. Some repeated content to pad the file. Some repeated content to pad the file. Some repeated content to pad the file. Some repeated content to pad the file. Some repeated content to pad the file. Some repeated content to pad the file. Some repeated content to pad the file. Some repeated content to pad the file. Some repeated content to pad the file. Some repeated content to pad the file. Some repeated content to pad the file. Some repeated content to pad the file. Some repeated content to pad the file. Some repeated content to pad the file. Some repeated content to pad the file. Some repeated content to pad the file. Some repeated content to pad the file. Some repeated content to pad the file. Some repeated content to pad the file. Some repeated content to pad the file. Some repeated content to pad the file. Some repeated content to pad the file. Some repeated content to pad the file. Some repeated content to pad the file. Some repeated content to pad the file. Some repeated content to pad the file. Some repeated content to pad the file. Some repeated content to pad the file. Some repeated content to pad the file. Some repeated content to pad the file. Some repeated content to pad the file. Some repeated content to pad the file. Some repeated content to pad the file. Some repeated content to pad the file. Some repeated content to pad the file. Some repeated content to pad the file. Some repeated content to pad the file. Some repeated content to pad the file. Some repeated content to pad the file. Some repeated content to pad the file. Some repeated content to pad the file. Some repeated content to pad the file. Some repeated content to pad the file. Some repeated content to pad the file. Some repeated content to pad the file. Some repeated content to pad the file. Some repeated content to pad the file. Some repeated content to pad the file. Some repeated content to pad the file. Some repeated content to pad the file. Some repeated content to pad the file. Some repeated content to pad the file. Some repeated content to pad the file. Some repeated content to pad the file. Some repeated content to pad the file. Some repeated content to pad the file. Some repeated content to pad the file. Some repeated content to pad the file. Some repeated content to pad the file. Some repeated content to pad the file. Some repeated content to pad the file. Some repeated content to pad the file. Some repeated content to pad the file. Some repeated content to pad the file. Some repeated content to pad the file. Some repeated content to pad the file. Some repeated content to pad the file. Some repeated content to pad the file. Some repeated content to pad the file. Some repeated content to pad the file. Some repeated content to pad the file. Some repeated content to pad the file. Some repeated content to pad the file. Some repeated content to pad the file. Some repeated content to pad the file. Some repeated content to pad the file. Some repeated content to pad the file. Some repeated content to pad the file. Some repeated content to pad the file. Some repeated content to pad the file. Some repeated content to pad the file. Some repeated content to pad the file. Some repeated content to pad the file. Some repeated content to pad the file. Some repeated content to pad the file. Some repeated content to pad the file. Some repeated content to pad the file. Some repeated content to pad the file. Some repeated content to pad the file. Some repeated content to pad the file. Some repeated content to pad the file. Some repeated content to pad the file. Some repeated content to pad the file. Some repeated content to pad the file. Some repeated content to pad the file. Some repeated content to pad the file. Some repeated content to pad the file. Some repeated content to pad the file. Some repeated content to pad the file. Some repeated content to pad the file. Some repeated content to pad the file. Some repeated content to pad the file. Some repeated content to pad the file. Some repeated content to pad the file. Some repeated content to pad the file. Some repeated content to pad the file. Some repeated content to pad the file. Some repeated content to pad the file. Some repeated content to pad the file. Some repeated content to pad the file. Some repeated content to pad the file. Some repeated content to pad the file. Some repeated content to pad the file. Some repeated content to pad the file. Some repeated content to pad the file. Some repeated content to pad the file. Some repeated content to pad the file. Some repeated content to pad the file. Some repeated content to pad the file. Some repeated content to pad the file. Some repeated content to pad the file. Some repeated content to pad the file. Some repeated content to pad the file. Some repeated content to pad the file. Some repeated content to pad the file. Some repeated content to pad the file. Some repeated content to pad the file. Some repeated content to pad the file. Some repeated content to pad the file. Some repeated content to pad the file. Some repeated content to pad the file. Some repeated content to pad the file. Some repeated content to pad the file. Some repeated content to pad the file. Some repeated content to pad the file. Some repeated content to pad the file. Some repeated content to pad the file. Some repeated content to pad the file. Some repeated content to pad the file. Some repeated content to pad the file. Some repeated content to pad the file. Some repeated content to pad the file. Some repeated content to pad the file. Some repeated content to pad the file. Some repeated content to pad the file. Some repeated content to pad the file. Some repeated content to pad the file. Some repeated content to pad the file. Some repeated content to pad the file. Some repeated content to pad the file. Some repeated content to pad the file. Some repeated content to pad the file. Some repeated content to pad the file. Some repeated content to pad the file. Some repeated content to pad the file. Some repeated content to pad the file. Some repeated content to pad the file. Some repeated content to pad the file. Some repeated content to pad the file. Some repeated content to pad the file. Some repeated content to pad the file. Some repeated content to pad the file. Some repeated content to pad the file. Some repeated content to pad the file. Some repeated content to pad the file. Some repeated content to pad the file. Some repeated content to pad the file. Some repeated content to pad the file. Some repeated content to pad the file. Some repeated content to pad the file. Some repeated content to pad the file. Some repeated content to pad the file. Some repeated content to pad the file. Some repeated content to pad the file. Some repeated content to pad the file. Some repeated content to pad the file. Some repeated content to pad the file. Some repeated content to pad the file. Some repeated content to pad the file. Some repeated content to pad the file. Some repeated content to pad the file. Some repeated content to pad the file. Some repeated content to pad the file. Some repeated content to pad the file. Some repeated content to pad the file. Some repeated content to pad the file. Some repeated content to pad the file. Some repeated content to pad the file. Some repeated content to pad the file. Some repeated content to pad the file. Some repeated content to pad the file. Some repeated content to pad the file. Some repeated content to pad the file. Some repeated content to pad the file. Some repeated content to pad the file. Some repeated content to pad the file. Some repeated content to pad the file. Some repeated content to pad the file. Some repeated content to pad the file. Some repeated content to pad the file. Some repeated content to pad the file. Some repeated content to pad the file. Some repeated content to pad the file. Some repeated content to pad the file. Some repeated content to pad the file. Some repeated content to pad the file. Some repeated content to pad the file. Some repeated content to pad the file. Some repeated content to pad the file. Some repeated content to pad the file. Some repeated content to pad the file. Some repeated content to pad the file. Some repeated content to pad the file. Some repeated content to pad the file. Some repeated content to pad the file. Some repeated content to pad the file. Some repeated content to pad the file. Some repeated content to pad the file. Some repeated content to pad the file. Some repeated content to pad the file. Some repeated content to pad the file. Some repeated content to pad the file. Some repeated content to pad the file. Some repeated content to pad the file. Some repeated content to pad the file. Some repeated content to pad the file. Some repeated content to pad the file. Some repeated content to pad the file. Some repeated content to pad the file. Some repeated content to pad the file. Some repeated content to pad the file. Some repeated content to pad the file. Some repeated content to pad the file. Some repeated content to pad the file. Some repeated content to pad the file. Some repeated content to pad the file. Some repeated content to pad the file. Some repeated content to pad the file. Some repeated content to pad the file. Some repeated content to pad the file. Some repeated content to pad the file. Some repeated content to pad the file. Some repeated content to pad the file. Some repeated content to pad the file. Some repeated content to pad the file. Some repeated content to pad the file. Some repeated content to pad the file. Some repeated content to pad the file. Some repeated content to pad the file. Some repeated content to pad the file. Some repeated content to pad the file. Some repeated content to pad the file. Some repeated content to pad the file. Some repeated content to pad the file. Some repeated content to pad the file. Some repeated content to pad the file. Some repeated content to pad the file. Some repeated content to pad the file. Some repeated content to pad the file. Some repeated content to pad the file. Some repeated content to pad the file. Some repeated content to pad the file. Some repeated content to pad the file. Some repeated content to pad the file. Some repeated content to pad the file. Some repeated content to pad the file. Some repeated content to pad the file. Some repeated content to pad the file. Some repeated content to pad the file. Some repeated content to pad the file. Some repeated content to pad the file. Some repeated content to pad the file. Some repeated content to pad the file. Some repeated content to pad the file. Some repeated content to pad the file. Some repeated content to pad the file. Some repeated content to pad the file. Some repeated content to pad the file. Some repeated content to pad the file. Some repeated content to pad the file. Some repeated content to pad the file. Some repeated content to pad the file. Some repeated content to pad the file. Some repeated content to pad the file. Some repeated content to pad the file. Some repeated content to pad the file. Some repeated content to pad the file. Some repeated content to pad the file. Some repeated content to pad the file. Some repeated content to pad the file. Some repeated content to pad the file. Some repeated content to pad the file. Some repeated content to pad the file. Some repeated content to pad the file. Some repeated content to pad the file. Some repeated content to pad the file. Some repeated content to pad the file. Some repeated content to pad the file. Some repeated content to pad the file. Some repeated content to pad the file. Some repeated content to pad the file. Some repeated content to pad the file. Some repeated content to pad the file. Some repeated content to pad the file. Some repeated content to pad the file. Some repeated content to pad the file. Some repeated content to pad the file. Some repeated content to pad the file. Some repeated content to pad the file. Some repeated content to pad the file. Some repeated content to pad the file. Some repeated content to pad the file. Some repeated content to pad the file. Some repeated content to pad the file. Some repeated content to pad the file. Some repeated content to pad the file. Some repeated content to pad the file. Some repeated content to pad the file. Some repeated content to pad the file. Some repeated content to pad the file. Some repeated content to pad the file. Some repeated content to pad the file. Some repeated content to pad the file. Some repeated content to pad the file. Some repeated content to pad the file. Some repeated content to pad the file. Some repeated content to pad the file. Some repeated content to pad the file. Some repeated content to pad the file. Some repeated content to pad the file. Some repeated content to pad the file. Some repeated content to pad the file. Some repeated content to pad the file. Some repeated content to pad the file. Some repeated content to pad the file. Some repeated content to pad the file. Some repeated content to pad the file. Some repeated content to pad the file. Some repeated content to pad the file. Some repeated content to pad the file. Some repeated content to pad the file. Some repeated content to pad the file. Some repeated content to pad the file. Some repeated content to pad the file. Some repeated content to pad the file. Some repeated content to pad the file. Some repeated content to pad the file. Some repeated content to pad the file. Some repeated content to pad the file. Some repeated content to pad the file. Some repeated content to pad the file. Some repeated content to pad the file. Some repeated content to pad the file. Some repeated content to pad the file. Some repeated content to pad the file. Some repeated content to pad the file. Some repeated content to pad the file. Some repeated content to pad the file. Some repeated content to pad the file. Some repeated content to pad the file. Some repeated content to pad the file. Some repeated content to pad the file. Some repeated content to pad the file. Some repeated content to pad the file. Some repeated content to pad the file. Some repeated content to pad the file. Some repeated content to pad the file. Some repeated content to pad the file. Some repeated content to pad the file. Some repeated content to pad the file. Some repeated content to pad the file. Some repeated content to pad the file. Some repeated content to pad the file. Some repeated content to pad the file. Some repeated content to pad the file. Some repeated content to pad the file. Some repeated content to pad the file. Some repeated content to pad the file. Some repeated content to pad the file. Some repeated content to pad the file. Some repeated content to pad the file. Some repeated content to pad the file. Some repeated content to pad the file. Some repeated content to pad the file. Some repeated content to pad the file. Some repeated content to pad the file. Some repeated content to pad the file. Some repeated content to pad the file. Some repeated content to pad the file. Some repeated content to pad the file. Some repeated content to pad the file. Some repeated content to pad the file. Some repeated content to pad the file. Some repeated content to pad the file. Some repeated content to pad the file. Some repeated content to pad the file. Some repeated content to pad the file. Some repeated content to pad the file. Some repeated content to pad the file. Some repeated content to pad the file. Some repeated content to pad the file. Some repeated content to pad the file. Some repeated content to pad the file. Some repeated content to pad the file. Some repeated content to pad the file. Some repeated content to pad the file. Some repeated content to pad the file. Some repeated content to pad the file. Some repeated content to pad the file. Some repeated content to pad the file. Some repeated content to pad the file. Some repeated content to pad the file. Some repeated content to pad the file. Some repeated content to pad the file. Some repeated content to pad the file. Some repeated content to pad the file. Some repeated content to pad the file. Some repeated content to pad the file. Some repeated content to pad the file. Some repeated content to pad the file. Some repeated content to pad the file. Some repeated content to pad the file. Some repeated content to pad the file. Some repeated content to pad the file. Some repeated content to pad the file. Some repeated content to pad the file. Some repeated content to pad the file. Some repeated content to pad the file. Some repeated content to pad the file. Some repeated content to pad the file. Some repeated content to pad the file. Some repeated content to pad the file. Some repeated content to pad the file. Some repeated content to pad the file. Some repeated content to pad the file. Some repeated content to pad the file. Some repeated content to pad the file. Some repeated content to pad the file. Some repeated content to pad the file. Some repeated content to pad the file. Some repeated content to pad the file. Some repeated content to pad the file. Some repeated content to pad the file. Some repeated content to pad the file. Some repeated content to pad the file. Some repeated content to pad the file. Some repeated content to pad the file. Some repeated content to pad the file. Some repeated content to pad the file. Some repeated content to pad the file. Some repeated content to pad the file. Some repeated content to pad the file. Some repeated content to pad the file. Some repeated content to pad the file. Some repeated content to pad the file. Some repeated content to pad the file. Some repeated content to pad the file. Some repeated content to pad the file. Some repeated content to pad the file. Some repeated content to pad the file. Some repeated content to pad the file. Some repeated content to pad the file. Some repeated content to pad the file. Some repeated content to pad the file. Some repeated content to pad the file. Some repeated content to pad the file. Some repeated content to pad the file. Some repeated content to pad the file. Some repeated content to pad the file. Some repeated content to pad the file. Some repeated content to pad the file. Some repeated content to pad the file. Some repeated content to pad the file. Some repeated content to pad the file. Some repeated content to pad the file. Some repeated content to pad the file. Some repeated content to pad the file. Some repeated content to pad the file. Some repeated content to pad the file. Some repeated content to pad the file. Some repeated content to pad the file. Some repeated content to pad the file. Some repeated content to pad the file. Some repeated content to pad the file. Some repeated content to pad the file. Some repeated content to pad the file. Some repeated content to pad the file. Some repeated content to pad the file. Some repeated content to pad the file. Some repeated content to pad the file. Some repeated content to pad the file. Some repeated content to pad the file. Some repeated content to pad the file. Some repeated content to pad the file. Some repeated content to pad the file. Some repeated content to pad the file. Some repeated content to pad the file. Some repeated content to pad the file. Some repeated content to pad the file. Some repeated content to pad the file. Some repeated content to pad the file. Some repeated content to pad the file. Some repeated content to pad the file. Some repeated content to pad the file. Some repeated content to pad the file. Some repeated content to pad the file. Some repeated content to pad the file. Some repeated content to pad the file. Some repeated content to pad the file. Some repeated content to pad the file. Some repeated content to pad the file. Some repeated content to pad the file. Some repeated content to pad the file. Some repeated content to pad the file. Some repeated content to pad the file. Some repeated content to pad the file. Some repeated content to pad the file. Some repeated content to pad the file. Some repeated content to pad the file. Some repeated content to pad the file. Some repeated content to pad the file. Some repeated content to pad the file. Some repeated content to pad the file. Some repeated content to pad the file. Some repeated content to pad the file. Some repeated content to pad the file. Some repeated content to pad the file. Some repeated content to pad the file. Some repeated content to pad the file. Some repeated content to pad the file. Some repeated content to pad the file. Some repeated content to pad the file. Some repeated content to pad the file. Some repeated content to pad the file. Some repeated content to pad the file. Some repeated content to pad the file. Some repeated content to pad the file. Some repeated content to pad the file. Some repeated content to pad the file. Some repeated content to pad the file. Some repeated content to pad the file. Some repeated content to pad the file. Some repeated content to pad the file. Some repeated content to pad the file. Some repeated content to pad the file. Some repeated content to pad the file. Some repeated content to pad the file. Some repeated content to pad the file. Some repeated content to pad the file. Some repeated content to pad the file. Some repeated content to pad the file. Some repeated content to pad the file. Some repeated content to pad the file. Some repeated content to pad the file. Some repeated content to pad the file. Some repeated content to pad the file. Some repeated content to pad the file. Some repeated content to pad the file. Some repeated content to pad the file. Some repeated content to pad the file. Some repeated content to pad the file. Some repeated content to pad the file. Some repeated content to pad the file. Some repeated content to pad the file. Some repeated content to pad the file. Some repeated content to pad the file. Some repeated content to pad the file. Some repeated content to pad the file. Some repeated content to pad the file. Some repeated content to pad the file. Some repeated content to pad the file. Some repeated content to pad the file. Some repeated content to pad the file. Some repeated content to pad the file. Some repeated content to pad the file. Some repeated content to pad the file. Some repeated content to pad the file. Some repeated content to pad the file. Some repeated content to pad the file. Some repeated content to pad the file. Some repeated content to pad the file. Some repeated content to pad the file. Some repeated content to pad the file. Some repeated content to pad the file. Some repeated content to pad the file. Some repeated content to pad the file. Some repeated content to pad the file. Some repeated content to pad the file. Some repeated content to pad the file. Some repeated content to pad the file. Some repeated content to pad the file. Some repeated content to pad the file. Some repeated content to pad the file. Some repeated content to pad the file. Some repeated content to pad the file. Some repeated content to pad the file. Some repeated content to pad the file. Some repeated content to pad the file. Some repeated content to pad the file. Some repeated content to pad the file. Some repeated content to pad the file. Some repeated content to pad the file. Some repeated content to pad the file. Some repeated content to pad the file. Some repeated content to pad the file. Some repeated content to pad the file. Some repeated content to pad the file. Some repeated content to pad the file. Some repeated content to pad the file. Some repeated content to pad the file. Some repeated content to pad the file. Some repeated content to pad the file. Some repeated content to pad the file. Some repeated content to pad the file. Some repeated content to pad the file. Some repeated content to pad the file. Some repeated content to pad the file. Some repeated content to pad the file. Some repeated content to pad the file. Some repeated content to pad the file. Some repeated content to pad the file. Some repeated content to pad the file. Some repeated content to pad the file. Some repeated content to pad the file. Some repeated content to pad the file. Some repeated content to pad the file. Some repeated content to pad the file. Some repeated content to pad the file. Some repeated content to pad the file. Some repeated content to pad the file. Some repeated content to pad the file. Some repeated content to pad the file. Some repeated content to pad the file. Some repeated content to pad the file. Some repeated content to pad the file. Some repeated content to pad the file. Some repeated content to pad the file. Some repeated content to pad the file. Some repeated content to pad the file. Some repeated content to pad the file. Some repeated content to pad the file. Some repeated content to pad the file. Some repeated content to pad the file. Some repeated content to pad the file. Some repeated content to pad the file. Some repeated content to pad the file. Some repeated content to pad the file. Some repeated content to pad the file. Some repeated content to pad the file. Some repeated content to pad the file. Some repeated content to pad the file. Some repeated content to pad the file. Some repeated content to pad the file. Some repeated content to pad the file. Some repeated content to pad the file. Some repeated content to pad the file. Some repeated content to pad the file. Some repeated content to pad the file. Some repeated content to pad the file. Some repeated content to pad the file. Some repeated content to pad the file. Some repeated content to pad the file. Some repeated content to pad the file. Some repeated content to pad the file. Some repeated content to pad the file. Some repeated content to pad the file. Some repeated content to pad the file. Some repeated content to pad the file. Some repeated content to pad the file. Some repeated content to pad the file. Some repeated content to pad the file. Some repeated content to pad the file. Some repeated content to pad the file. Some repeated content to pad the file. Some repeated content to pad the file. Some repeated content to pad the file. Some repeated content to pad the file. Some repeated content to pad the file. Some repeated content to pad the file. Some repeated content to pad the file. Some repeated content to pad the file. Some repeated content to pad the file. Some repeated content to pad the file. Some repeated content to pad the file. Some repeated content to pad the file. Some repeated content to pad the file. Some repeated content to pad the file. Some repeated content to pad the file. Some repeated content to pad the file. Some repeated content to pad the file. Some repeated content to pad the file. Some repeated content to pad the file. Some repeated content to pad the file. Some repeated content to pad the file. Some repeated content to pad the file. Some repeated content to pad the file. Some repeated content to pad the file. Some repeated content to pad the file. Some repeated content to pad the file. Some repeated content to pad the file. Some repeated content to pad the file. Some repeated content to pad the file. Some repeated content to pad the file. Some repeated content to pad the file. Some repeated content to pad the file. Some repeated content to pad the file. Some repeated content to pad the file. Some repeated content to pad the file. Some repeated content to pad the file. Some repeated content to pad the file. Some repeated content to pad the file. Some repeated content to pad the file. Some repeated content to pad the file. Some repeated content to pad the file. Some repeated content to pad the file. Some repeated content to pad the file. Some repeated content to pad the file. Some repeated content to pad the file. Some repeated content to pad the file. Some repeated content to pad the file. Some repeated content to pad the file. Some repeated content to pad the file. Some repeated content to pad the file. Some repeated content to pad the file. Some repeated content to pad the file. Some repeated content to pad the file. Some repeated content to pad the file. Some repeated content to pad the file. Some repeated content to pad the file. Some repeated content to pad the file. Some repeated content to pad the file. Some repeated content to pad the file. Some repeated content to pad the file. Some repeated content to pad the file. Some repeated content to pad the file. Some repeated content to pad the file. Some repeated content to pad the file. Some repeated content to pad the file. Some repeated content to pad the file. Some repeated content to pad the file. Some repeated content to pad the file. Some repeated content to pad the file. Some repeated content to pad the file. Some repeated content to pad the file. Some repeated content to pad the file. Some repeated content to pad the file. Some repeated content to pad the file. Some repeated content to pad the file. Some repeated content to pad the file. Some repeated content to pad the file. Some repeated content to pad the file. Some repeated content to pad the file. Some repeated content to pad the file. Some repeated content to pad the file. Some repeated content to pad the file. Some repeated content to pad the file. Some repeated content to pad the file. Some repeated content to pad the file. Some repeated content to pad the file. Some repeated content to pad the file. Some repeated content to pad the file. Some repeated content to pad the file. Some repeated content to pad the file. Some repeated content to pad the file. Some repeated content to pad the file. Some repeated content to pad the file. Some repeated content to pad the file. Some repeated content to pad the file. Some repeated content to pad the file. Some repeated content to pad the file. Some repeated content to pad the file. Some repeated content to pad the file. Some repeated content to pad the file. Some repeated content to pad the file. Some repeated content to pad the file. Some repeated content to pad the file. Some repeated content to pad the file. Some repeated content to pad the file. Some repeated content to pad the file. Some repeated content to pad the file. Some repeated content to pad the file. Some repeated content to pad the file. Some repeated content to pad the file. Some repeated content to pad the file. Some repeated content to pad the file. Some repeated content to pad the file. Some repeated content to pad the file. Some repeated content to pad the file. Some repeated content to pad the file. Some repeated content to pad the file. Some repeated content to pad the file. Some repeated content to pad the file. Some repeated content to pad the file. Some repeated content to pad the file. Some repeated content to pad the file. Some repeated content to pad the file. Some repeated content to pad the file. Some repeated content to pad the file. Some repeated content to pad the file. Some repeated content to pad the file. Some repeated content to pad the file. Some repeated content to pad the file. Some repeated content to pad the file. Some repeated content to pad the file. Some repeated content to pad the file. Some repeated content to pad the file. Some repeated content to pad the file. Some repeated content to pad the file. Some repeated content to pad the file. Some repeated content to pad the file. Some repeated content to pad the file. Some repeated content to pad the file. Some repeated content to pad the file. Some repeated content to pad the file. Some repeated content to pad the file. Some repeated content to pad the file. Some repeated content to pad the file. Some repeated content to pad the file. Some repeated content to pad the file. Some repeated content to pad the file. Some repeated content to pad the file. Some repeated content to pad the file. Some repeated content to pad the file. Some repeated content to pad the file. Some repeated content to pad the file. Some repeated content to pad the file. Some repeated content to pad the file. Some repeated content to pad the file. Some repeated content to pad the file. Some repeated content to pad the file. Some repeated content to pad the file. Some repeated content to pad the file. Some repeated content to pad the file. Some repeated content to pad the file. Some repeated content to pad the file. Some repeated content to pad the file. Some repeated content to pad the file. Some repeated content to pad the file. Some repeated content to pad the file. Some repeated content to pad the file. Some repeated content to pad the file. Some repeated content to pad the file. Some repeated content to pad the file. Some repeated content to pad the file. Some repeated content to pad the file. Some repeated content to pad the file. Some repeated content to pad the file. Some repeated content to pad the file. Some repeated content to pad the file. Some repeated content to pad the file. Some repeated content to pad the file. Some repeated content to pad the file. Some repeated content to pad the file. Some repeated content to pad the file. Some repeated content to pad the file. Some repeated content to pad the file. Some repeated content to pad the file. Some repeated content to pad the file. Some repeated content to pad the file. Some repeated content to pad the file. Some repeated content to pad the file. Some repeated content to pad the file. Some repeated content to pad the file. Some repeated content to pad the file. Some repeated content to pad the file. Some repeated content to pad the file. Some repeated content to pad the file. Some repeated content to pad the file. Some repeated content to pad the file. Some repeated content to pad the file. Some repeated content to pad the file. Some repeated content to pad the file. Some repeated content to pad the file. Some repeated content to pad the file. Some repeated content to pad the file. Some repeated content to pad the file. Some repeated content to pad the file. Some repeated content to pad the file. Some repeated content to pad the file. Some repeated content to pad the file. Some repeated content to pad the file. Some repeated content to pad the file. Some repeated content to pad the file. Some repeated content to pad the file. Some repeated content to pad the file. Some repeated content to pad the file. Some repeated content to pad the file. Some repeated content to pad the file. Some repeated content to pad the file. Some repeated content to pad the file. Some repeated content to pad the file. Some repeated content to pad the file. Some repeated content to pad the file. Some repeated content to pad the file. Some repeated content to pad the file. Some repeated content to pad the file. Some repeated content to pad the file. Some repeated content to pad the file. Some repeated content to pad the file. Some repeated content to pad the file. Some repeated content to pad the file. Some repeated content to pad the file. Some repeated content to pad the file. Some repeated content to pad the file. Some repeated content to pad the file. Some repeated content to pad the file. Some repeated content to pad the file. Some repeated content to pad the file. Some repeated content to pad the file. Some repeated content to pad the file. Some repeated content to pad the file. Some repeated content to pad the file. Some repeated content to pad the file. Some repeated content to pad the file. Some repeated content to pad the file. Some repeated content to pad the file. Some repeated content to pad the file. Some repeated content to pad the file. Some repeated content to pad the file. Some repeated content to pad the file. Some repeated content to pad the file. Some repeated content to pad the file. Some repeated content to pad the file. Some repeated content to pad the file. Some repeated content to pad the file. Some repeated content to pad the file. Some repeated content to pad the file. Some repeated content to pad the file. Some repeated content to pad the file. Some repeated content to pad the file. Some repeated content to pad the file. Some repeated content to pad the file. Some repeated content to pad the file. Some repeated content to pad the file. Some repeated content to pad the file. Some repeated content to pad the file. Some repeated content to pad the file. Some repeated content to pad the file. Some repeated content to pad the file. Some repeated content to pad the file. Some repeated content to pad the file. Some repeated content to pad the file. Some repeated content to pad the file. Some repeated content to pad the file. Some repeated content to pad the file. Some repeated content to pad the file. Some repeated content to pad the file. Some repeated content to pad the file. Some repeated content to pad the file. Some repeated content to pad the file. Some repeated content to pad the file. Some repeated content to pad the file. Some repeated content to pad the file. Some repeated content to pad the file. Some repeated content to pad the file. Some repeated content to pad the file. Some repeated content to pad the file. Some repeated content to pad the file. Some repeated content to pad the file. Some repeated content to pad the file. Some repeated content to pad the file. Some repeated content to pad the file. Some repeated content to pad the file. Some repeated content to pad the file. Some repeated content to pad the file. Some repeated content to pad the file. Some repeated content to pad the file. Some repeated content to pad the file. Some repeated content to pad the file. Some repeated content to pad the file. Some repeated content to pad the file. Some repeated content to pad the file. Some repeated content to pad the file. Some repeated content to pad the file. Some repeated content to pad the file. Some repeated content to pad the file. Some repeated content to pad the file. Some repeated content to pad the file. Some repeated content to pad the file. Some repeated content to pad the file. Some repeated content to pad the file. Some repeated content to pad the file. Some repeated content to pad the file. Some repeated content to pad the file. Some repeated content to pad the file. Some repeated content to pad the file. Some repeated content to pad the file. Some repeated content to pad the file. Some repeated content to pad the file. Some repeated content to pad the file. Some repeated content to pad the file. Some repeated content to pad the file. Some repeated content to pad the file. Some repeated content to pad the file. Some repeated content to pad the file. Some repeated content to pad the file. Some repeated content to pad the file. Some repeated content to pad the file. Some repeated content to pad the file. Some repeated content to pad the file. Some repeated content to pad the file. Some repeated content to pad the file. Some repeated content to pad the file. Some repeated content to pad the file. Some repeated content to pad the file. Some repeated content to pad the file. Some repeated content to pad the file. Some repeated content to pad the file. Some repeated content to pad the file. Some repeated content to pad the file. Some repeated content to pad the file. Some repeated content to pad the file. Some repeated content to pad the file. Some repeated content to pad the file. Some repeated content to pad the file. Some repeated content to pad the file. Some repeated content to pad the file. Some repeated content to pad the file. Some repeated content to pad the file. Some repeated content to pad the file. Some repeated content to pad the file. Some repeated content to pad the file. Some repeated content to pad the file. Some repeated content to pad the file. Some repeated content to pad the file. Some repeated content to pad the file. Some repeated content to pad the file. Some repeated content to pad the file. Some repeated content to pad the file. Some repeated content to pad the file. Some repeated content to pad the file. Some repeated content to pad the file. Some repeated content to pad the file. Some repeated content to pad the file. Some repeated content to pad the file. Some repeated content to pad the file. Some repeated content to pad the file. Some repeated content to pad the file. Some repeated content to pad the file. Some repeated content to pad the file. Some repeated content to pad the file. Some repeated content to pad the file. Some repeated content to pad the file. Some repeated content to pad the file. Some repeated content to pad the file. Some repeated content to pad the file. Some repeated content to pad the file. Some repeated content to pad the file. Some repeated content to pad the file. Some repeated content to pad the file. Some repeated content to pad the file. Some repeated content to pad the file. Some repeated content to pad the file. Some repeated content to pad the file. Some repeated content to pad the file. Some repeated content to pad the file. Some repeated content to pad the file. Some repeated content to pad the file. Some repeated content to pad the file. Some repeated content to pad the file. Some repeated content to pad the file. Some repeated content to pad the file. Some repeated content to pad the file. Some repeated content to pad the file. Some repeated content to pad the file. Some repeated content to pad the file. Some repeated content to pad the file. Some repeated content to pad the file. Some repeated content to pad the file. Some repeated content to pad the file. Some repeated content to pad the file. Some repeated content to pad the file. Some repeated content to pad the file. Some repeated content to pad the file. Some repeated content to pad the file. Some repeated content to pad the file. Some repeated content to pad the file. Some repeated content to pad the file. Some repeated content to pad the file. Some repeated content to pad the file. Some repeated content to pad the file. Some repeated content to pad the file. Some repeated content to pad the file. Some repeated content to pad the file. Some repeated content to pad the file. Some repeated content to pad the file. Some repeated content to pad the file. Some repeated content to pad the file. Some repeated content to pad the file. Some repeated content to pad the file. Some repeated content to pad the file. Some repeated content to pad the file. Some repeated content to pad the file. Some repeated content to pad the file. Some repeated content to pad the file. Some repeated content to pad the file. Some repeated content to pad the file. Some repeated content to pad the file. Some repeated content to pad the file. Some repeated content to pad the file. Some repeated content to pad the file. Some repeated content to pad the file. Some repeated content to pad the file. Some repeated content to pad the file. Some repeated content to pad the file. Some repeated content to pad the file. Some repeated content to pad the file. Some repeated content to pad the file. Some repeated content to pad the file. Some repeated content to pad the file. Some repeated content to pad the file. Some repeated content to pad the file. Some repeated content to pad the file. Some repeated content to pad the file. Some repeated content to pad the file. Some repeated content to pad the file. Some repeated content to pad the file. Some repeated content to pad the file. Some repeated content to pad the file. Some repeated content to pad the file. Some repeated content to pad the file. Some repeated content to pad the file. Some repeated content to pad the file. Some repeated content to pad the file. Some repeated content to pad the file. Some repeated content to pad the file. Some repeated content to pad the file. Some repeated content to pad the file. Some repeated content to pad the file. Some repeated content to pad the file. Some repeated content to pad the file. Some repeated content to pad the file. Some repeated content to pad the file. Some repeated content to pad the file. Some repeated content to pad the file. Some repeated content to pad the file. Some repeated content to pad the file. Some repeated content to pad the file. Some repeated content to pad the file. Some repeated content to pad the file. Some repeated content to pad the file. Some repeated content to pad the file. Some repeated content to pad the file. Some repeated content to pad the file. Some repeated content to pad the file. Some repeated content to pad the file. Some repeated content to pad the file. Some repeated content to pad the file. Some repeated content to pad the file. Some repeated content to pad the file. Some repeated content to pad the file. Some repeated content to pad the file. Some repeated content to pad the file. Some repeated content to pad the file. Some repeated content to pad the file. Some repeated content to pad the file. Some repeated content to pad the file. Some repeated content to pad the file. Some repeated content to pad the file. Some repeated content to pad the file. Some repeated content to pad the file. Some repeated content to pad the file. Some repeated content to pad the file. Some repeated content to pad the file. Some repeated content to pad the file. Some repeated content to pad the file. Some repeated content to pad the file. Some repeated content to pad the file. Some repeated content to pad the file. Some repeated content to pad the file. Some repeated content to pad the file. Some repeated content to pad the file. Some repeated content to pad the file. Some repeated content to pad the file. Some repeated content to pad the file. Some repeated content to pad the file. Some repeated content to pad the file. Some repeated content to pad the file. Some repeated content to pad the file. Some repeated content to pad the file. Some repeated content to pad the file. Some repeated content to pad the file. Some repeated content to pad the file. Some repeated content to pad the file. Some repeated content to pad the file. Some repeated content to pad the file. Some repeated content to pad the file. Some repeated content to pad the file. Some repeated content to pad the file. Some repeated content to pad the file. Some repeated content to pad the file. Some repeated content to pad the file. Some repeated content to pad the file. Some repeated content to pad the file. Some repeated content to pad the file. Some repeated content to pad the file. Some repeated content to pad the file. Some repeated content to pad the file. Some repeated content to pad the file. Some repeated content to pad the file. Some repeated content to pad the file. Some repeated content to pad the file. Some repeated content to pad the file. Some repeated content to pad the file. Some repeated content to pad the file. Some repeated content to pad the file. Some repeated content to pad the file. Some repeated content to pad the file. Some repeated content to pad the file. Some repeated content to pad the file. Some repeated content to pad the file. Some repeated content to pad the file. Some repeated content to pad the file. Some repeated content to pad the file. Some repeated content to pad the file. Some repeated content to pad the file. Some repeated content to pad the file. Some repeated content to pad the file. Some repeated content to pad the file. Some repeated content to pad the file. Some repeated content to pad the file. Some repeated content to pad the file. Some repeated content to pad the file. Some repeated content to pad the file. Some repeated content to pad the file. Some repeated content to pad the file. Some repeated content to pad the file. Some repeated content to pad the file. Some repeated content to pad the file. Some repeated content to pad the file. Some repeated content to pad the file. Some repeated content to pad the file. Some repeated content to pad the file. Some repeated content to pad the file. Some repeated content to pad the file. Some repeated content to pad the file. Some repeated content to pad the file. Some repeated content to pad the file. Some repeated content to pad the file. Some repeated content to pad the file. Some repeated content to pad the file. Some repeated content to pad the file. Some repeated content to pad the file. Some repeated content to pad the file. Some repeated content to pad the file. Some repeated content to pad the file. Some repeated content to pad the file. Some repeated content to pad the file. Some repeated content to pad the file. Some repeated content to pad the file. Some repeated content to pad the file. Some repeated content to pad the file. Some repeated content to pad the file. Some repeated content to pad the file. Some repeated content to pad the file. Some repeated content to pad the file. Some repeated content to pad the file. Some repeated content to pad the file. Some repeated content to pad the file. Some repeated content to pad the file. Some repeated content to pad the file. Some repeated content to pad the file. Some repeated content to pad the file. Some repeated content to pad the file. Some repeated content to pad the file. Some repeated content to pad the file. Some repeated content to pad the file. Some repeated content to pad the file. Some repeated content to pad the file. Some repeated content to pad the file. Some repeated content to pad the file. Some repeated content to pad the file. Some repeated content to pad the file. Some repeated content to pad the file. Some repeated content to pad the file. Some repeated content to pad the file. Some repeated content to pad the file. Some repeated content to pad the file. Some repeated content to pad the file. Some repeated content to pad the file. Some repeated content to pad the file. Some repeated content to pad the file. Some repeated content to pad the file. Some repeated content to pad the file. Some repeated content to pad the file. Some repeated content to pad the file. Some repeated content to pad the file. Some repeated content to pad the file. Some repeated content to pad the file. Some repeated content to pad the file. Some repeated content to pad the file. Some repeated content to pad the file. Some repeated content to pad the file. Some repeated content to pad the file. Some repeated content to pad the file. Some repeated content to pad the file. Some repeated content to pad the file. Some repeated content to pad the file. Some repeated content to pad the file. Some repeated content to pad the file. Some repeated content to pad the file. Some repeated content to pad the file. Some repeated content to pad the file. Some repeated content to pad the file. Some repeated content to pad the file. Some repeated content to pad the file. Some repeated content to pad the file. Some repeated content to pad the file. Some repeated content to pad the file. Some repeated content to pad the file. Some repeated content to pad the file. Some repeated content to pad the file. Some repeated content to pad the file. Some repeated content to pad the file. Some repeated content to pad the file. Some repeated content to pad the file. Some repeated content to pad the file. Some repeated content to pad the file. Some repeated content to pad the file. Some repeated content to pad the file. Some repeated content to pad the file. Some repeated content to pad the file. Some repeated content to pad the file. Some repeated content to pad the file. Some repeated content to pad the file. Some repeated content to pad the file. Some repeated content to pad the file. Some repeated content to pad the file. Some repeated content to pad the file. Some repeated content to pad the file. Some repeated content to pad the file. Some repeated content to pad the file. Some repeated content to pad the file. Some repeated content to pad the file. Some repeated content to pad the file. Some repeated content to pad the file. Some repeated content to pad the file. Some repeated content to pad the file. Some repeated content to pad the file. Some repeated content to pad the file. Some repeated content to pad the file. Some repeated content to pad the file. Some repeated content to pad the file. Some repeated content to pad the file. Some repeated content to pad the file. Some repeated content to pad the file. Some repeated content to pad the file. Some repeated content to pad the file. Some repeated content to pad the file. Some repeated content to pad the file. Some repeated content to pad the file. Some repeated content to pad the file. Some repeated content to pad the file. Some repeated content to pad the file. Some repeated content to pad the file. Some repeated content to pad the file. Some repeated content to pad the file. Some repeated content to pad the file. Some repeated content to pad the file. Some repeated content to pad the file. Some repeated content to pad the file. Some repeated content to pad the file. Some repeated content to pad the file. Some repeated content to pad the file. Some repeated content to pad the file. Some repeated content to pad the file. Some repeated content to pad the file. Some repeated content to pad the file. Some repeated content to pad the file. Some repeated content to pad the file. Some repeated content to pad the file. Some repeated content to pad the file. Some repeated content to pad the file. Some repeated content to pad the file. Some repeated content to pad the file. Some repeated content to pad the file. Some repeated content to pad the file. Some repeated content to pad the file. Some repeated content to pad the file. Some repeated content to pad the file. Some repeated content to pad the file. Some repeated content to pad the file. Some repeated content to pad the file. Some repeated content to pad the file. Some repeated content to pad the file. Some repeated content to pad the file. Some repeated content to pad the file. Some repeated content to pad the file. Some repeated content to pad the file. Some repeated content to pad the file. Some repeated content to pad the file. Some repeated content to pad the file. Some repeated content to pad the file. Some repeated content to pad the file. Some repeated content to pad the file. Some repeated content to pad the file. Some repeated content to pad the file. Some repeated content to pad the file. Some repeated content to pad the file. Some repeated content to pad the file. Some repeated content to pad the file. Some repeated content to pad the file. Some repeated content to pad the file. Some repeated content to pad the file. Some repeated content to pad the file. Some repeated content to pad the file. Some repeated content to pad the file. Some repeated content to pad the file. Some repeated content to pad the file. Some repeated content to pad the file. Some repeated content to pad the file. Some repeated content to pad the file. Some repeated content to pad the file. Some repeated content to pad the file. Some repeated content to pad the file. Some repeated content to pad the file. Some repeated content to pad the file. Some repeated content to pad the file. Some repeated content to pad the file. Some repeated content to pad the file. Some repeated content to pad the file. Some repeated content to pad the file. Some repeated content to pad the file. Some repeated content to pad the file. Some repeated content to pad the file. Some repeated content to pad the file. Some repeated content to pad the file. Some repeated content to pad the file. Some repeated content to pad the file. Some repeated content to pad the file. Some repeated content to pad the file. Some repeated content to pad the file. Some repeated content to pad the file. Some repeated content to pad the file. Some repeated content to pad the file. Some repeated content to pad the file. Some repeated content to pad the file. Some repeated content to pad the file. Some repeated content to pad the file. Some repeated content to pad the file. Some repeated content to pad the file. Some repeated content to pad the file. Some repeated content to pad the file. Some repeated content to pad the file. Some repeated content to pad the file. Some repeated content to pad the file. Some repeated content to pad the file. Some repeated content to pad the file. Some repeated content to pad the file. Some repeated content to pad the file. Some repeated content to pad the file. Some repeated content to pad the file. Some repeated content to pad the file. Some repeated content to pad the file. Some repeated content to pad the file. Some repeated content to pad the file. Some repeated content to pad the file. Some repeated content to pad the file. Some repeated content to pad the file. Some repeated content to pad the file. Some repeated content to pad the file. Some repeated content to pad the file. Some repeated content to pad the file. Some repeated content to pad the file. Some repeated content to pad the file. Some repeated content to pad the file. Some repeated content to pad the file. Some repeated content to pad the file. Some repeated content to pad the file. Some repeated content to pad the file. Some repeated content to pad the file. Some repeated content to pad the file. Some repeated content to pad the file. Some repeated content to pad the file. Some repeated content to pad the file. Some repeated content to pad the file. Some repeated content to pad the file. Some repeated content to pad the file. Some repeated content to pad the file. Some repeated content to pad the file. Some repeated content to pad the file. Some repeated content to pad the file. Some repeated content to pad the file. Some repeated content to pad the file. Some repeated content to pad the file. Some repeated content to pad the file. Some repeated content to pad the file. Some repeated content to pad the file. Some repeated content to pad the file. Some repeated content to pad the file. Some repeated content to pad the file. Some repeated content to pad the file. Some repeated content to pad the file. Some repeated content to pad the file. Some repeated content to pad the file. Some repeated content to pad the file. Some repeated content to pad the file. Some repeated content to pad the file. Some repeated content to pad the file. Some repeated content to pad the file. Some repeated content to pad the file. Some repeated content to pad the file. Some repeated content to pad the file. Some repeated content to pad the file. Some repeated content to pad the file. Some repeated content to pad the file. Some repeated content to pad the file. Some repeated content to pad the file. Some repeated content to pad the file. Some repeated content to pad the file. Some repeated content to pad the file. Some repeated content to pad the file. Some repeated content to pad the file. Some repeated content to pad the file. Some repeated content to pad the file. Some repeated content to pad the file. Some repeated content to pad the file. Some repeated content to pad the file. Some repeated content to pad the file. Some repeated content to pad the file. Some repeated content to pad the file. Some repeated content to pad the file. Some repeated content to pad the file. Some repeated content to pad the file. Some repeated content to pad the file. Some repeated content to pad the file. Some repeated content to pad the file. Some repeated content to pad the file. Some repeated content to pad the file. Some repeated content to pad the file. Some repeated content to pad the file. Some repeated content to pad the file. Some repeated content to pad the file. Some repeated content to pad the file. Some repeated content to pad the file. Some repeated content to pad the file. Some repeated content to pad the file. Some repeated content to pad the file. Some repeated content to pad the file. Some repeated content to pad the file. Some repeated content to pad the file. Some repeated content to pad the file. Some repeated content to pad the file. Some repeated content to pad the file. Some repeated content to pad the file. Some repeated content to pad the file. Some repeated content to pad the file. Some repeated content to pad the file. Some repeated content to pad the file. Some repeated content to pad the file. Some repeated content to pad the file. Some repeated content to pad the file. Some repeated content to pad the file. Some repeated content to pad the file. Some repeated content to pad the file. Some repeated content to pad the file. Some repeated content to pad the file. Some repeated content to pad the file. Some repeated content to pad the file. Some repeated content to pad the file. Some repeated content to pad the file. Some repeated content to pad the file. Some repeated content to pad the file. Some repeated content to pad the file. Some repeated content to pad the file. Some repeated content to pad the file. Some repeated content to pad the file. Some repeated content to pad the file. Some repeated content to pad the file. Some repeated content to pad the file. Some repeated content to pad the file. Some repeated content to pad the file. Some repeated content to pad the file. Some repeated content to pad the file. Some repeated content to pad the file. Some repeated content to pad the file. Some repeated content to pad the file. Some repeated content to pad the file. Some repeated content to pad the file. Some repeated content to pad the file. Some repeated content to pad the file. Some repeated content to pad the file. Some repeated content to pad the file. Some repeated content to pad the file. Some repeated content to pad the file. Some repeated content to pad the file. Some repeated content to pad the file. Some repeated content to pad the file. Some repeated content to pad the file. Some repeated content to pad the file. Some repeated content to pad the file. Some repeated content to pad the file. Some repeated content to pad the file. Some repeated content to pad the file. Some repeated content to pad the file. Some repeated content to pad the file. Some repeated content to pad the file. Some repeated content to pad the file. Some repeated content to pad the file. Some repeated content to pad the file. Some repeated content to pad the file. Some repeated content to pad the file. Some repeated content to pad the file. Some repeated content to pad the file. Some repeated content to pad the file. Some repeated content to pad the file. Some repeated content to pad the file. Some repeated content to pad the file. Some repeated content to pad the file. Some repeated content to pad the file. Some repeated content to pad the file. Some repeated content to pad the file. Some repeated content to pad the file. Some repeated content to pad the file. Some repeated content to pad the file. Some repeated content to pad the file. Some repeated content to pad the file. Some repeated content to pad the file. Some repeated content to pad the file. Some repeated content to pad the file. Some repeated content to pad the file. Some repeated content to pad the file. Some repeated content to pad the file. Some repeated content to pad the file. Some repeated content to pad the file. Some repeated content to pad the file. Some repeated content to pad the file. Some repeated content to pad the file. Some repeated content to pad the file. Some repeated content to pad the file. Some repeated content to pad the file. Some repeated content to pad the file. Some repeated content to pad the file. Some repeated content to pad the file. Some repeated content to pad the file. Some repeated content to pad the file. Some repeated content to pad the file. Some repeated content to pad the file. Some repeated content to pad the file. Some repeated content to pad the file. Some repeated content to pad the file. Some repeated content to pad the file. Some repeated content to pad the file. Some repeated content to pad the file. Some repeated content to pad the file. Some repeated content to pad the file. Some repeated content to pad the file. Some repeated content to pad the file. Some repeated content to pad the file. Some repeated content to pad the file. Some repeated content to pad the file. Some repeated content to pad the file. Some repeated content to pad the file. Some repeated content to pad the file. Some repeated content to pad the file. Some repeated content to pad the file. Some repeated content to pad the file. Some repeated content to pad the file. Some repeated content to pad the file. Some repeated content to pad the file. Some repeated content to pad the file. Some repeated content to pad the file. Some repeated content to pad the file. Some repeated content to pad the file. Some repeated content to pad the file. Some repeated content to pad the file. Some repeated content to pad the file. Some repeated content to pad the file. Some repeated content to pad the file. Some repeated content to pad the file. Some repeated content to pad the file. Some repeated content to pad the file. Some repeated content to pad the file. Some repeated content to pad the file. Some repeated content to pad the file. Some repeated content to pad the file. Some repeated content to pad the file. Some repeated content to pad the file. Some repeated content to pad the file. Some repeated content to pad the file. Some repeated content to pad the file. Some repeated content to pad the file. Some repeated content to pad the file. Some repeated content to pad the file. Some repeated content to pad the file. Some repeated content to pad the file. Some repeated content to pad the file. Some repeated content to pad the file. Some repeated content to pad the file. Some repeated content to pad the file. Some repeated content to pad the file. Some repeated content to pad the file. Some repeated content to pad the file. Some repeated content to pad the file. Some repeated content to pad the file. Some repeated content to pad the file. Some repeated content to pad the file. Some repeated content to pad the file. Some repeated content to pad the file. Some repeated content to pad the file. Some repeated content to pad the file. Some repeated content to pad the file. Some repeated content to pad the file. Some repeated content to pad the file. Some repeated content to pad the file. Some repeated content to pad the file. Some repeated content to pad the file. Some repeated content to pad the file. Some repeated content to pad the file. Some repeated content to pad the file. Some repeated content to pad the file. Some repeated content to pad the file. Some repeated content to pad the file. Some repeated content to pad the file. Some repeated content to pad the file. Some repeated content to pad the file. Some repeated content to pad the file. Some repeated content to pad the file. Some repeated content to pad the file. Some repeated content to pad the file. Some repeated content to pad the file. Some repeated content to pad the file. Some repeated content to pad the file. Some repeated content to pad the file. Some repeated content to pad the file. Some repeated content to pad the file. Some repeated content to pad the file. Some repeated content to pad the file. Some repeated content to pad the file. Some repeated content to pad the file. Some repeated content to pad the file. Some repeated content to pad the file. Some repeated content to pad the file. Some repeated content to pad the file. Some repeated content to pad the file. Some repeated content to pad the file. Some repeated content to pad the file. Some repeated content to pad the file. Some repeated content to pad the file. Some repeated content to pad the file. Some repeated content to pad the file. Some repeated content to pad the file. Some repeated content to pad the file. Some repeated content to pad the file. Some repeated content to pad the file. Some repeated content to pad the file. Some repeated content to pad the file. Some repeated content to pad the file. Some repeated content to pad the file. Some repeated content to pad the file. Some repeated content to pad the file. Some repeated content to pad the file. Some repeated content to pad the file. Some repeated content to pad the file. Some repeated content to pad the file. Some repeated content to pad the file. Some repeated content to pad the file. Some repeated content to pad the file. Some repeated content to pad the file. Some repeated content to pad the file. Some repeated content to pad the file. Some repeated content to pad the file. Some repeated content to pad the file. Some repeated content to pad the file. Some repeated content to pad the file. Some repeated content to pad the file. Some repeated content to pad the file. Some repeated content to pad the file. Some repeated content to pad the file. Some repeated content to pad the file. Some repeated content to pad the file. Some repeated content to pad the file. Some repeated content to pad the file. Some repeated content to pad the file. Some repeated content to pad the file. Some repeated content to pad the file. Some repeated content to pad the file. Some repeated content to pad the file. Some repeated content to pad the file. Some repeated content to pad the file. Some repeated content to pad the file. Some repeated content to pad the file. Some repeated content to pad the file. Some repeated content to pad the file. Some repeated content to pad the file. Some repeated content to pad the file. Some repeated content to pad the file. Some repeated content to pad the file. Some repeated content to pad the file. Some repeated content to pad the file. Some repeated content to pad the file. Some repeated content to pad the file. Some repeated content to pad the file. Some repeated content to pad the file. Some repeated content to pad the file. Some repeated content to pad the file. Some repeated content to pad the file. Some repeated content to pad the file. Some repeated content to pad the file. Some repeated content to pad the file. Some repeated content to pad the file. Some repeated content to pad the file. Some repeated content to pad the file. Some repeated content to pad the file. Some repeated content to pad the file. Some repeated content to pad the file. Some repeated content to pad the file. Some repeated content to pad the file. Some repeated content to pad the file. Some repeated content to pad the file. Some repeated content to pad the file. Some repeated content to pad the file. Some repeated content to pad the file. Some repeated content to pad the file. Some repeated content to pad the file. Some repeated content to pad the file. Some repeated content to pad the file. Some repeated content to pad the file. Some repeated content to pad the file. Some repeated content to pad the file. Some repeated content to pad the file. Some repeated content to pad the file. Some repeated content to pad the file. Some repeated content to pad the file. Some repeated content to pad the file. Some repeated content to pad the file. Some repeated content to pad the file. Some repeated content to pad the file. Some repeated content to pad the file. Some repeated content to pad the file. Some repeated content to pad the file. Some repeated content to pad the file. Some repeated content to pad the file. Some repeated content to pad the file. Some repeated content to pad the file. Some repeated content to pad the file. Some repeated content to pad the file. Some repeated content to pad the file. Some repeated content to pad the file. Some repeated content to pad the file. Some repeated content to pad the file. Some repeated content to pad the file. Some repeated content to pad the file. Some repeated content to pad the file. Some repeated content to pad the file. Some repeated content to pad the file. Some repeated content to pad the file. Some repeated content to pad the file. Some repeated content to pad the file. Some repeated content to pad the file. Some repeated content to pad the file. Some repeated content to pad the file. Some repeated content to pad the file. Some repeated content to pad the file. Some repeated content to pad the file. Some repeated content to pad the file. Some repeated content to pad the file. Some repeated content to pad the file. Some repeated content to pad the file. Some repeated content to pad the file. Some repeated content to pad the file. Some repeated content to pad the file. Some repeated content to pad the file. Some repeated content to pad the file. Some repeated content to pad the file. Some repeated content to pad the file. Some repeated content to pad the file. Some repeated content to pad the file. Some repeated content to pad the file. Some repeated content to pad the file. Some repeated content to pad the file. Some repeated content to pad the file. Some repeated content to pad the file. Some repeated content to pad the file. Some repeated content to pad the file. Some repeated content to pad the file. Some repeated content to pad the file. Some repeated content to pad the file. Some repeated content to pad the file. Some repeated content to pad the file. Some repeated content to pad the file. Some repeated content to pad the file. Some repeated content to pad the file. Some repeated content to pad the file. Some repeated content to pad the file. Some repeated content to pad the file. Some repeated content to pad the file. Some repeated content to pad the file. Some repeated content to pad the file. Some repeated content to pad the file. Some repeated content to pad the file. Some repeated content to pad the file. Some repeated content to pad the file. Some repeated content to pad the file. Some repeated content to pad the file. Some repeated content to pad the file. Some repeated content to pad the file. Some repeated content to pad the file. Some repeated content to pad the file. Some repeated content to pad the file. Some repeated content to pad the file. Some repeated content to pad the file. Some repeated content to pad the file. Some repeated content to pad the file. Some repeated content to pad the file. Some repeated content to pad the file. Some repeated content to pad the file. Some repeated content to pad the file. Some repeated content to pad the file. Some repeated content to pad the file. Some repeated content to pad the file. Some repeated content to pad the file. Some repeated content to pad the file. Some repeated content to pad the file. Some repeated content to pad the file. Some repeated content to pad the file. Some repeated content to pad the file. Some repeated content to pad the file. Some repeated content to pad the file. Some repeated content to pad the file. Some repeated content to pad the file. Some repeated content to pad the file. Some repeated content to pad the file. Some repeated content to pad the file. Some repeated content to pad the file. Some repeated content to pad the file. Some repeated content to pad the file. Some repeated content to pad the file. Some repeated content to pad the file. Some repeated content to pad the file. Some repeated content to pad the file. Some repeated content to pad the file. Some repeated content to pad the file. Some repeated content to pad the file. Some repeated content to pad the file. Some repeated content to pad the file. Some repeated content to pad the file. Some repeated content to pad the file. Some repeated content to pad the file. Some repeated content to pad the file. Some repeated content to pad the file. Some repeated content to pad the file. Some repeated content to pad the file. Some repeated content to pad the file. Some repeated content to pad the file. Some repeated content to pad the file. Some repeated content to pad the file. Some repeated content to pad the file. Some repeated content to pad the file. Some repeated content to pad the file. Some repeated content to pad the file. Some repeated content to pad the file. Some repeated content to pad the file. Some repeated content to pad the file. Some repeated content to pad the file. Some repeated content to pad the file. Some repeated content to pad the file. Some repeated content to pad the file. Some repeated content to pad the file. Some repeated content to pad the file. Some repeated content to pad the file. Some repeated content to pad the file. Some repeated content to pad the file. Some repeated content to pad the file. Some repeated content to pad the file. Some repeated content to pad the file. Some repeated content to pad the file. Some repeated content to pad the file. Some repeated content to pad the file. Some repeated content to pad the file. Some repeated content to pad the file. Some repeated content to pad the file. Some repeated content to pad the file. Some repeated content to pad the file. Some repeated content to pad the file. Some repeated content to pad the file. Some repeated content to pad the file. Some repeated content to pad the file. Some repeated content to pad the file. Some repeated content to pad the file. Some repeated content to pad the file. Some repeated content to pad the file. Some repeated content to pad the file. Some repeated content to pad the file. Some repeated content to pad the file. Some repeated content to pad the file. Some repeated content to pad the file. Some repeated content to pad the file. Some repeated content to pad the file. Some repeated content to pad the file. Some repeated content to pad the file. Some repeated content to pad the file. Some repeated content to pad the file. Some repeated content to pad the file. Some repeated content to pad the file. Some repeated content to pad the file. Some repeated content to pad the file. Some repeated content to pad the file. Some repeated content to pad the file. Some repeated content to pad the file. Some repeated content to pad the file. Some repeated content to pad the file. Some repeated content to pad the file. Some repeated content to pad the file. Some repeated content to pad the file. Some repeated content to pad the file. Some repeated content to pad the file. Some repeated content to pad the file. Some repeated content to pad the file. Some repeated content to pad the file. Some repeated content to pad the file. Some repeated content to pad the file. Some repeated content to pad the file. Some repeated content to pad the file. Some repeated content to pad the file. Some repeated content to pad the file. Some repeated content to pad the file. Some repeated content to pad the file. Some repeated content to pad the file. Some repeated content to pad the file. Some repeated content to pad the file. Some repeated content to pad the file. Some repeated content to pad the file. Some repeated content to pad the file. Some repeated content to pad the file. Some repeated content to pad the file. Some repeated content to pad the file. Some repeated content to pad the file. Some repeated content to pad the file. Some repeated content to pad the file. Some repeated content to pad the file. Some repeated content to pad the file. Some repeated content to pad the file. Some repeated content to pad the file. Some repeated content to pad the file. Some repeated content to pad the file. Some repeated content to pad the file. Some repeated content to pad the file. Some repeated content to pad the file. Some repeated content to pad the file. Some repeated content to pad the file. Some repeated content to pad the file. Some repeated content to pad the file. Some repeated content to pad the file. Some repeated content to pad the file. Some repeated content to pad the file. Some repeated content to pad the file. Some repeated content to pad the file. Some repeated content to pad the file. Some repeated content to pad the file. Some repeated content to pad the file. Some repeated content to pad the file. Some repeated content to pad the file. Some repeated content to pad the file. Some repeated content to pad the file. Some repeated content to pad the file. Some repeated content to pad the file. Some repeated content to pad the file. Some repeated content to pad the file. Some repeated content to pad the file. Some repeated content to pad the file. Some repeated content to pad the file. Some repeated content to pad the file. Some repeated content to pad the file. Some repeated content to pad the file. Some repeated content to pad the file. Some repeated content to pad the file. Some repeated content to pad the file. Some repeated content to pad the file. Some repeated content to pad the file. Some repeated content to pad the file. Some repeated content to pad the file. Some repeated content to pad the file. Some repeated content to pad the file. Some repeated content to pad the file. Some repeated content to pad the file. Some repeated content to pad the file. Some repeated content to pad the file. Some repeated content to pad the file. Some repeated content to pad the file. Some repeated content to pad the file. Some repeated content to pad the file. Some repeated content to pad the file. Some repeated content to pad the file. Some repeated content to pad the file. Some repeated content to pad the file. Some repeated content to pad the file. Some repeated content to pad the file. Some repeated content to pad the file. Some repeated content to pad the file. Some repeated content to pad the file. Some repeated content to pad the file. Some repeated content to pad the file. Some repeated content to pad the file. Some repeated content to pad the file. Some repeated content to pad the file. Some repeated content to pad the file. Some repeated content to pad the file. Some repeated content to pad the file. Some repeated content to pad the file. Some repeated content to pad the file. Some repeated content to pad the file. Some repeated content to pad the file. Some repeated content to pad the file. Some repeated content to pad the file. Some repeated content to pad the file. Some repeated content to pad the file. Some repeated content to pad the file. Some repeated content to pad the file. Some repeated content to pad the file. Some repeated content to pad the file. Some repeated content to pad the file. Some repeated content to pad the file. Some repeated content to pad the file. Some repeated content to pad the file. Some repeated content to pad the file. Some repeated content to pad the file. Some repeated content to pad the file. Some repeated content to pad the file. Some repeated content to pad the file. Some repeated content to pad the file. Some repeated content to pad the file. Some repeated content to pad the file. Some repeated content to pad the file. Some repeated content to pad the file. Some repeated content to pad the file. Some repeated content to pad the file. Some repeated content to pad the file. Some repeated content to pad the file. Some repeated content to pad the file. Some repeated content to pad the file. Some repeated content to pad the file. Some repeated content to pad the file. Some repeated content to pad the file. Some repeated content to pad the file. Some repeated content to pad the file. Some repeated content to pad the file. Some repeated content to pad the file. Some repeated content to pad the file. Some repeated content to pad the file. Some repeated content to pad the file. Some repeated content to pad the file. Some repeated content to pad the file. Some repeated content to pad the file. Some repeated content to pad the file. Some repeated content to pad the file. Some repeated content to pad the file. Some repeated content to pad the file. Some repeated content to pad the file. Some repeated content to pad the file. Some repeated content to pad the file. Some repeated content to pad the file. Some repeated content to pad the file. Some repeated content to pad the file. Some repeated content to pad the file. Some repeated content to pad the file. Some repeated content to pad the file. Some repeated content to pad the file. Some repeated content to pad the file. Some repeated content to pad the file. Some repeated content to pad the file. Some repeated content to pad the file. Some repeated content to pad the file. Some repeated content to pad the file. Some repeated content to pad the file. Some repeated content to pad the file. Some repeated content to pad the file. Some repeated content to pad the file. Some repeated content to pad the file. Some repeated content to pad the file. Some repeated content to pad the file. Some repeated content to pad the file. Some repeated content to pad the file. Some repeated content to pad the file. Some repeated content to pad the file. Some repeated content to pad the file. Some repeated content to pad the file. Some repeated content to pad the file. Some repeated content to pad the file. Some repeated content to pad the file. Some repeated content to pad the file. Some repeated content to pad the file. Some repeated content to pad the file. Some repeated content to pad the file. Some repeated content to pad the file. Some repeated content to pad the file. Some repeated content to pad the file. Some repeated content to pad the file. Some repeated content to pad the file. Some repeated content to pad the file. Some repeated content to pad the file. Some repeated content to pad the file. Some repeated content to pad the file. Some repeated content to pad the file. Some repeated content to pad the file. Some repeated content to pad the file. Some repeated content to pad the file. Some repeated content to pad the file. Some repeated content to pad the file. Some repeated content to pad the file. Some repeated content to pad the file. Some repeated content to pad the file. Some repeated content to pad the file. Some repeated content to pad the file. Some repeated content to pad the file. Some repeated content to pad the file. Some repeated content to pad the file. Some repeated content to pad the file. Some repeated content to pad the file. Some repeated content to pad the file. Some repeated content to pad the file. Some repeated content to pad the file. Some repeated content to pad the file. Some repeated content to pad the file. Some repeated content to pad the file. Some repeated content to pad the file. Some repeated content to pad the file. Some repeated content to pad the file. Some repeated content to pad the file. Some repeated content to pad the file. Some repeated content to pad the file. Some repeated content to pad the file. Some repeated content to pad the file. Some repeated content to pad the file. Some repeated content to pad the file. Some repeated content to pad the file. Some repeated content to pad the file. Some repeated content to pad the file. Some repeated content to pad the file. Some repeated content to pad the file. Some repeated content to pad the file. Some repeated content to pad the file. Some repeated content to pad the file. Some repeated content to pad the file. Some repeated content to pad the file. Some repeated content to pad the file. Some repeated content to pad the file. Some repeated content to pad the file. Some repeated content to pad the file. Some repeated content to pad the file. Some repeated content to pad the file. Some repeated content to pad the file. Some repeated content to pad the file. Some repeated content to pad the file. Some repeated content to pad the file. Some repeated content to pad the file. Some repeated content to pad the file. Some repeated content to pad the file. Some repeated content to pad the file. Some repeated content to pad the file. Some repeated content to pad the file. Some repeated content to pad the file. Some repeated content to pad the file. Some repeated content to pad the file. Some repeated content to pad the file. Some repeated content to pad the file. Some repeated content to pad the file. Some repeated content to pad the file. Some repeated content to pad the file. Some repeated content to pad the file. Some repeated content to pad the file. Some repeated content to pad the file. Some repeated content to pad the file. Some repeated content to pad the file. Some repeated content to pad the file. Some repeated content to pad the file. Some repeated content to pad the file. Some repeated content to pad the file. Some repeated content to pad the file. Some repeated content to pad the file. Some repeated content to pad the file. Some repeated content to pad the file. Some repeated content to pad the file. Some repeated content to pad the file. Some repeated content to pad the file. Some repeated content to pad the file. Some repeated content to pad the file. Some repeated content to pad the file. Some repeated content to pad the file. Some repeated content to pad the file. Some repeated content to pad the file. Some repeated content to pad the file. Some repeated content to pad the file. Some repeated content to pad the file. Some repeated content to pad the file. Some repeated content to pad the file. Some repeated content to pad the file. Some repeated content to pad the file. Some repeated content to pad the file. Some repeated content to pad the file. Some repeated content to pad the file. Some repeated content to pad the file. Some repeated content to pad the file. Some repeated content to pad the file. Some repeated content to pad the file. Some repeated content to pad the file. Some repeated content to pad the file. Some repeated content to pad the file. Some repeated content to pad the file. Some repeated content to pad the file. Some repeated content to pad the file. Some repeated content to pad the file. Some repeated content to pad the file. Some repeated content to pad the file. Some repeated content to pad the file. Some repeated content to pad the file. Some repeated content to pad the file. Some repeated content to pad the file. Some repeated content to pad the file. Some repeated content to pad the file. Some repeated content to pad the file. Some repeated content to pad the file. Some repeated content to pad the file. Some repeated content to pad the file. Some repeated content to pad the file. Some repeated content to pad the file. Some repeated content to pad the file. Some repeated content to pad the file. Some repeated content to pad the file. Some repeated content to pad the file. Some repeated content to pad the file. Some repeated content to pad the file. Some repeated content to pad the file. Some repeated content to pad the file. Some repeated content to pad the file. Some repeated content to pad the file. Some repeated content to pad the file. Some repeated content to pad the file. Some repeated content to pad the file. Some repeated content to pad the file. Some repeated content to pad the file. Some repeated content to pad the file. Some repeated content to pad the file. Some repeated content to pad the file. Some repeated content to pad the file. Some repeated content to pad the file. Some repeated content to pad the file. Some repeated content to pad the file. Some repeated content to pad the file. Some repeated content to pad the file. Some repeated content to pad the file. Some repeated content to pad the file. Some repeated content to pad the file. Some repeated content to pad the file. Some repeated content to pad the file. Some repeated content to pad the file. Some repeated content to pad the file. Some repeated content to pad the file. Some repeated content to pad the file. Some repeated content to pad the file. Some repeated content to pad the file. Some repeated content to pad the file. Some repeated content to pad the file. Some repeated content to pad the file. Some repeated content to pad the file. Some repeated content to pad the file. Some repeated content to pad the file. Some repeated content to pad the file. Some repeated content to pad the file. Some repeated content to pad the file. Some repeated content to pad the file. Some repeated content to pad the file. Some repeated content to pad the file. Some repeated content to pad the file. Some repeated content to pad the file. Some repeated content to pad the file. Some repeated content to pad the file. Some repeated content to pad the file. Some repeated content to pad the file. Some repeated content to pad the file. Some repeated content to pad the file. Some repeated content to pad the file. Some repeated content to pad the file. Some repeated content to pad the file. Some repeated content to pad the file. Some repeated content to pad the file. Some repeated content to pad the file. Some repeated content to pad the file. Some repeated content to pad the file. Some repeated content to pad the file. Some repeated content to pad the file. Some repeated content to pad the file. Some repeated content to pad the file. Some repeated content to pad the file. Some repeated content to pad the file. Some repeated content to pad the file. Some repeated content to pad the file. Some repeated content to pad the file. Some repeated content to pad the file. Some repeated content to pad the file. Some repeated content to pad the file. Some repeated content to pad the file. Some repeated content to pad the file. Some repeated content to pad the file. Some repeated content to pad the file. Some repeated content to pad the file. Some repeated content to pad the file. Some repeated content to pad the file. Some repeated content to pad the file. Some repeated content to pad the file. Some repeated content to pad the file. Some repeated content to pad the file. Some repeated content to pad the file. Some repeated content to pad the file. Some repeated content to pad the file. Some repeated content to pad the file. Some repeated content to pad the file. Some repeated content to pad the file. Some repeated content to pad the file. Some repeated content to pad the file. Some repeated content to pad the file. Some repeated content to pad the file. Some repeated content to pad the file. Some repeated content to pad the file. Some repeated content to pad the file. Some repeated content to pad the file. Some repeated content to pad the file. Some repeated content to pad the file. Some repeated content to pad the file. Some repeated content to pad the file. Some repeated content to pad the file. Some repeated content to pad the file. Some repeated content to pad the file. Some repeated content to pad the file. Some repeated content to pad the file. Some repeated content to pad the file. Some repeated content to pad the file. Some repeated content to pad the file. Some repeated content to pad the file. Some repeated content to pad the file. Some repeated content to pad the file. Some repeated content to pad the file. Some repeated content to pad the file. Some repeated content to pad the file. Some repeated content to pad the file. Some repeated content to pad the file. Some repeated content to pad the file. Some repeated content to pad the file. Some repeated content to pad the file. Some repeated content to pad the file. Some repeated content to pad the file. Some repeated content to pad the file. Some repeated content to pad the file. Some repeated content to pad the file. Some repeated content to pad the file. Some repeated content to pad the file. Some repeated content to pad the file. Some repeated content to pad the file. Some repeated content to pad the file. Some repeated content to pad the file. Some repeated content to pad the file. Some repeated content to pad the file. Some repeated content to pad the file. Some repeated content to pad the file. Some repeated content to pad the file. Some repeated content to pad the file. Some repeated content to pad the file. Some repeated content to pad the file. Some repeated content to pad the file. Some repeated content to pad the file. Some repeated content to pad the file. Some repeated content to pad the file. Some repeated content to pad the file. Some repeated content to pad the file. Some repeated content to pad the file. Some repeated content to pad the file. Some repeated content to pad the file. Some repeated content to pad the file. Some repeated content to pad the file. Some repeated content to pad the file. Some repeated content to pad the file. Some repeated content to pad the file. Some repeated content to pad the file. Some repeated content to pad the file. Some repeated content to pad the file. Some repeated content to pad the file. Some repeated content to pad the file. Some repeated content to pad the file. Some repeated content to pad the file. Some repeated content to pad the file. Some repeated content to pad the file. Some repeated content to pad the file. Some repeated content to pad the file. Some repeated content to pad the file. Some repeated content to pad the file. Some repeated content to pad the file. Some repeated content to pad the file. Some repeated content to pad the file. Some repeated content to pad the file. Some repeated content to pad the file. Some repeated content to pad the file. Some repeated content to pad the file. Some repeated content to pad the file. Some repeated content to pad the file. Some repeated content to pad the file. Some repeated content to pad the file. Some repeated content to pad the file. Some repeated content to pad the file. Some repeated content to pad the file. Some repeated content to pad the file. Some repeated content to pad the file. Some repeated content to pad the file. Some repeated content to pad the file. Some repeated content to pad the file. Some repeated content to pad the file. Some repeated content to pad the file. Some repeated content to pad the file. Some repeated content to pad the file. Some repeated content to pad the file. Some repeated content to pad the file. Some repeated content to pad the file. Some repeated content to pad the file. Some repeated content to pad the file. Some repeated content to pad the file. Some repeated content to pad the file. Some repeated content to pad the file. Some repeated content to pad the file. Some repeated content to pad the file. Some repeated content to pad the file. Some repeated content to pad the file. Some repeated content to pad the file. Some repeated content to pad the file. Some repeated content to pad the file. Some repeated content to pad the file. Some repeated content to pad the file. Some repeated content to pad the file. Some repeated content to pad the file. Some repeated content to pad the file. Some repeated content to pad the file. Some repeated content to pad the file. Some repeated content to pad the file. Some repeated content to pad the file. Some repeated content to pad the file. Some repeated content to pad the file. Some repeated content to pad the file. Some repeated content to pad the file. Some repeated content to pad the file. Some repeated content to pad the file. Some repeated content to pad the file. Some repeated content to pad the file. Some repeated content to pad the file. Some repeated content to pad the file. Some repeated content to pad the file. Some repeated content to pad the file. Some repeated content to pad the file. Some repeated content to pad the file. Some repeated content to pad the file. Some repeated content to pad the file. Some repeated content to pad the file. Some repeated content to pad the file. Some repeated content to pad the file. Some repeated content to pad the file. Some repeated content to pad the file. Some repeated content to pad the file. Some repeated content to pad the file. Some repeated content to pad the file. Some repeated content to pad the file. Some repeated content to pad the file. Some repeated content to pad the file. Some repeated content to pad the file. Some repeated content to pad the file. Some repeated content to pad the file. Some repeated content to pad the file. Some repeated content to pad the file. Some repeated content to pad the file. Some repeated content to pad the file. Some repeated content to pad the file. Some repeated content to pad the file. Some repeated content to pad the file. Some repeated content to pad the file. Some repeated content to pad the file. Some repeated content to pad the file. Some repeated content to pad the file. Some repeated content to pad the file. Some repeated content to pad the file. Some repeated content to pad the file. Some repeated content to pad the file. Some repeated content to pad the file. Some repeated content to pad the file. Some repeated content to pad the file. Some repeated content to pad the file. Some repeated content to pad the file. Some repeated content to pad the file. Some repeated content to pad the file. Some repeated content to pad the file. Some repeated content to pad the file. Some repeated content to pad the file. Some repeated content to pad the file. Some repeated content to pad the file. Some repeated content to pad the file. Some repeated content to pad the file. Some repeated content to pad the file. Some repeated content to pad the file. Some repeated content to pad the file. Some repeated content to pad the file. Some repeated content to pad the file. Some repeated content to pad the file. Some repeated content to pad the file. Some repeated content to pad the file. Some repeated content to pad the file. Some repeated content to pad the file. Some repeated content to pad the file. Some repeated content to pad the file. Some repeated content to pad the file. Some repeated content to pad the file. Some repeated content to pad the file. Some repeated content to pad the file. Some repeated content to pad the file. Some repeated content to pad the file. Some repeated content to pad the file. Some repeated content to pad the file. Some repeated content to pad the file. Some repeated content to pad the file. Some repeated content to pad the file. Some repeated content to pad the file. Some repeated content to pad the file. Some repeated content to pad the file. Some repeated content to pad the file. Some repeated content to pad the file. Some repeated content to pad the file. Some repeated content to pad the file. Some repeated content to pad the file. Some repeated content to pad the file. Some repeated content to pad the file. Some repeated content to pad the file. Some repeated content to pad the file. Some repeated content to pad the file. Some repeated content to pad the file. Some repeated content to pad the file. Some repeated content to pad the file. Some repeated content to pad the file. Some repeated content to pad the file. Some repeated content to pad the file. Some repeated content to pad the file. Some repeated content to pad the file. Some repeated content to pad the file. Some repeated content to pad the file. Some repeated content to pad the file. Some repeated content to pad the file. Some repeated content to pad the file. Some repeated content to pad the file. Some repeated content to pad the file. Some repeated content to pad the file. Some repeated content to pad the file. Some repeated content to pad the file. Some repeated content to pad the file. Some repeated content to pad the file. Some repeated content to pad the file. Some repeated content to pad the file. Some repeated content to pad the file. Some repeated content to pad the file. Some repeated content to pad the file. Some repeated content to pad the file. Some repeated content to pad the file. Some repeated content to pad the file. Some repeated content to pad the file. Some repeated content to pad the file. Some repeated content to pad the file. Some repeated content to pad the file. Some repeated content to pad the file. Some repeated content to pad the file. Some repeated content to pad the file. Some repeated content to pad the file. Some repeated content to pad the file. Some repeated content to pad the file. Some repeated content to pad the file. Some repeated content to pad the file. Some repeated content to pad the file. Some repeated content to pad the file. Some repeated content to pad the file. Some repeated content to pad the file. Some repeated content to pad the file. Some repeated content to pad the file. Some repeated content to pad the file. Some repeated content to pad the file. Some repeated content to pad the file. Some repeated content to pad the file. Some repeated content to pad the file. Some repeated content to pad the file. Some repeated content to pad the file. Some repeated content to pad the file. Some repeated content to pad the file. Some repeated content to pad the file. Some repeated content to pad the file. Some repeated content to pad the file. Some repeated content to pad the file. Some repeated content to pad the file. Some repeated content to pad the file. Some repeated content to pad the file. Some repeated content to pad the file. Some repeated content to pad the file. Some repeated content to pad the file. Some repeated content to pad the file. Some repeated content to pad the file. Some repeated content to pad the file. Some repeated content to pad the file. Some repeated content to pad the file. Some repeated content to pad the file. Some repeated content to pad the file. Some repeated content to pad the file. Some repeated content to pad the file. Some repeated content to pad the file. Some repeated content to pad the file. Some repeated content to pad the file. Some repeated content to pad the file. Some repeated content to pad the file. Some repeated content to pad the file. Some repeated content to pad the file. Some repeated content to pad the file. Some repeated content to pad the file. Some repeated content to pad the file. Some repeated content to pad the file. Some repeated content to pad the file. Some repeated content to pad the file. Some repeated content to pad the file. Some repeated content to pad the file. Some repeated content to pad the file. Some repeated content to pad the file. Some repeated content to pad the file. Some repeated content to pad the file. Some repeated content to pad the file. Some repeated content to pad the file. Some repeated content to pad the file. Some repeated content to pad the file. Some repeated content to pad the file. Some repeated content to pad the file. Some repeated content to pad the file. Some repeated content to pad the file. Some repeated content to pad the file. Some repeated content to pad the file. Some repeated content to pad the file. Some repeated content to pad the file. Some repeated content to pad the file. Some repeated content to pad the file. Some repeated content to pad the file. Some repeated content to pad the file. Some repeated content to pad the file. Some repeated content to pad the file. Some repeated content to pad the file. Some repeated content to pad the file. Some repeated content to pad the file. Some repeated content to pad the file. Some repeated content to pad the file. Some repeated content to pad the file. Some repeated content to pad the file. Some repeated content to pad the file. Some repeated content to pad the file. Some repeated content to pad the file. Some repeated content to pad the file. Some repeated content to pad the file. Some repeated content to pad the file. Some repeated content to pad the file. Some repeated content to pad the file. Some repeated content to pad the file. Some repeated content to pad the file. Some repeated content to pad the file. Some repeated content to pad the file. Some repeated content to pad the file. Some repeated content to pad the file. Some repeated content to pad the file. Some repeated content to pad the file. Some repeated content to pad the file. Some repeated content to pad the file. Some repeated content to pad the file. Some repeated content to pad the file. Some repeated content to pad the file. Some repeated content to pad the file. Some repeated content to pad the file. Some repeated content to pad the file. Some repeated content to pad the file. Some repeated content to pad the file. Some repeated content to pad the file. Some repeated content to pad the file. Some repeated content to pad the file. Some repeated content to pad the file. Some repeated content to pad the file. Some repeated content to pad the file. Some repeated content to pad the file. Some repeated content to pad the file. Some repeated content to pad the file. Some repeated content to pad the file. Some repeated content to pad the file. Some repeated content to pad the file. Some repeated content to pad the file. Some repeated content to pad the file. Some repeated content to pad the file. Some repeated content to pad the file. Some repeated content to pad the file. Some repeated content to pad the file. Some repeated content to pad the file. Some repeated content to pad the file. Some repeated content to pad the file. Some repeated content to pad the file. Some repeated content to pad the file. Some repeated content to pad the file. Some repeated content to pad the file. Some repeated content to pad the file. Some repeated content to pad the file. Some repeated content to pad the file. Some repeated content to pad the file. Some repeated content to pad the file. Some repeated content to pad the file. Some repeated content to pad the file. Some repeated content to pad the file. Some repeated content to pad the file. Some repeated content to pad the file. Some repeated content to pad the file. Some repeated content to pad the file. Some repeated content to pad the file. Some repeated content to pad the file. Some repeated content to pad the file. Some repeated content to pad the file. Some repeated content to pad the file. Some repeated content to pad the file. Some repeated content to pad the file. Some repeated content to pad the file. Some repeated content to pad the file. Some repeated content to pad the file. Some repeated content to pad the file. Some repeated content to pad the file. Some repeated content to pad the file. Some repeated content to pad the file. Some repeated content to pad the file. Some repeated content to pad the file. Some repeated content to pad the file. Some repeated content to pad the file. Some repeated content to pad the file. Some repeated content to pad the file. Some repeated content to pad the file. Some repeated content to pad the file. Some repeated content to pad the file. Some repeated content to pad the file. Some repeated content to pad the file. Some repeated content to pad the file. Some repeated content to pad the file. Some repeated content to pad the file. Some repeated content to pad the file. Some repeated content to pad the file. Some repeated content to pad the file. Some repeated content to pad the file. Some repeated content to pad the file. Some repeated content to pad the file. Some repeated content to pad the file. Some repeated content to pad the file. Some repeated content to pad the file. Some repeated content to pad the file. Some repeated content to pad the file. Some repeated content to pad the file. Some repeated content to pad the file. Some repeated content to pad the file. Some repeated content to pad the file. Some repeated content to pad the file. Some repeated content to pad the file. Some repeated content to pad the file. Some repeated content to pad the file. Some repeated content to pad the file. Some repeated content to pad the file. Some repeated content to pad the file. Some repeated content to pad the file. Some repeated content to pad the file. Some repeated content to pad the file. Some repeated content to pad the file. Some repeated content to pad the file. Some repeated content to pad the file. Some repeated content to pad the file. Some repeated content to pad the file. Some repeated content to pad the file. Some repeated content to pad the file. Some repeated content to pad the file. Some repeated content to pad the file. Some repeated content to pad the file. Some repeated content to pad the file. Some repeated content to pad the file. Some repeated content to pad the file. Some repeated content to pad the file. Some repeated content to pad the file. Some repeated content to pad the file. Some repeated content to pad the file. Some repeated content to pad the file. Some repeated content to pad the file. Some repeated content to pad the file. Some repeated content to pad the file. Some repeated content to pad the file. Some repeated content to pad the file. Some repeated content to pad the file. Some repeated content to pad the file. Some repeated content to pad the file. Some repeated content to pad the file. Some repeated content to pad the file. Some repeated content to pad the file. Some repeated content to pad the file. Some repeated content to pad the file. Some repeated content to pad the file. Some repeated content to pad the file. Some repeated content to pad the file. Some repeated content to pad the file. Some repeated content to pad the file. Some repeated content to pad the file. Some repeated content to pad the file. Some repeated content to pad the file. Some repeated content to pad the file. Some repeated content to pad the file. Some repeated content to pad the file. Some repeated content to pad the file. Some repeated content to pad the file. Some repeated content to pad the file. Some repeated content to pad the file. Some repeated content to pad the file. Some repeated content to pad the file. Some repeated content to pad the file. Some repeated content to pad the file. Some repeated content to pad the file. Some repeated content to pad the file. Some repeated content to pad the file. Some repeated content to pad the file. Some repeated content to pad the file. Some repeated content to pad the file. Some repeated content to pad the file. Some repeated content to pad the file. Some repeated content to pad the file. Some repeated content to pad the file. Some repeated content to pad the file. Some repeated content to pad the file. Some repeated content to pad the file. Some repeated content to pad the file. Some repeated content to pad the file. Some repeated content to pad the file. Some repeated content to pad the file. Some repeated content to pad the file. Some repeated content to pad the file. Some repeated content to pad the file. Some repeated content to pad the file. Some repeated content to pad the file. Some repeated content to pad the file. Some repeated content to pad the file. Some repeated content to pad the file. Some repeated content to pad the file. Some repeated content to pad the file. Some repeated content to pad the file. Some repeated content to pad the file. Some repeated content to pad the file. Some repeated content to pad the file. Some repeated content to pad the file. Some repeated content to pad the file. Some repeated content to pad the file. Some repeated content to pad the file. Some repeated content to pad the file. Some repeated content to pad the file. Some repeated content to pad the file. Some repeated content to pad the file. Some repeated content to pad the file. Some repeated content to pad the file. Some repeated content to pad the file. Some repeated content to pad the file. Some repeated content to pad the file. Some repeated content to pad the file. Some repeated content to pad the file. Some repeated content to pad the file. Some repeated content to pad the file. Some repeated content to pad the file. Some repeated content to pad the file. Some repeated content to pad the file. Some repeated content to pad the file. Some repeated content to pad the file. Some repeated content to pad the file. Some repeated content to pad the file. Some repeated content to pad the file. Some repeated content to pad the file. Some repeated content to pad the file. Some repeated content to pad the file. Some repeated content to pad the file. Some repeated content to pad the file. Some repeated content to pad the file. Some repeated content to pad the file. Some repeated content to pad the file. Some repeated content to pad the file. Some repeated content to pad the file. Some repeated content to pad the file. Some repeated content to pad the file. Some repeated content to pad the file. Some repeated content to pad the file. Some repeated content to pad the file. Some repeated content to pad the file. Some repeated content to pad the file. Some repeated content to pad the file. Some repeated content to pad the file. Some repeated content to pad the file. Some repeated content to pad the file. Some repeated content to pad the file. Some repeated content to pad the file. Some repeated content to pad the file. Some repeated content to pad the file. Some repeated content to pad the file. Some repeated content to pad the file. Some repeated content to pad the file. Some repeated content to pad the file. Some repeated content to pad the file. Some repeated content to pad the file. Some repeated content to pad the file. Some repeated content to pad the file. Some repeated content to pad the file. Some repeated content to pad the file. Some repeated content to pad the file. Some repeated content to pad the file. Some repeated content to pad the file. Some repeated content to pad the file. Some repeated content to pad the file. Some repeated content to pad the file. Some repeated content to pad the file. Some repeated content to pad the file. Some repeated content to pad the file. Some repeated content to pad the file. Some repeated content to pad the file. Some repeated content to pad the file. Some repeated content to pad the file. Some repeated content to pad the file. Some repeated content to pad the file. Some repeated content to pad the file. Some repeated content to pad the file. Some repeated content to pad the file. Some repeated content to pad the file. Some repeated content to pad the file. Some repeated content to pad the file. Some repeated content to pad the file. Some repeated content to pad the file. Some repeated content to pad the file. Some repeated content to pad the file. Some repeated content to pad the file. Some repeated content to pad the file. Some repeated content to pad the file. Some repeated content to pad the file. Some repeated content to pad the file. Some repeated content to pad the file. Some repeated content to pad the file. Some repeated content to pad the file. Some repeated content to pad the file. Some repeated content to pad the file. Some repeated content to pad the file. Some repeated content to pad the file. Some repeated content to pad the file. Some repeated content to pad the file. Some repeated content to pad the file. Some repeated content to pad the file. Some repeated content to pad the file. Some repeated content to pad the file. Some repeated content to pad the file. Some repeated content to pad the file. Some repeated content to pad the file. Some repeated content to pad the file. Some repeated content to pad the file. Some repeated content to pad the file. Some repeated content to pad the file. Some repeated content to pad the file. Some repeated content to pad the file. Some repeated content to pad the file. Some repeated content to pad the file. Some repeated content to pad the file. Some repeated content to pad the file. Some repeated content to pad the file. Some repeated content to pad the file. Some repeated content to pad the file. Some repeated content to pad the file. Some repeated content to pad the file. Some repeated content to pad the file. Some repeated content to pad the file. Some repeated content to pad the file. Some repeated content to pad the file. Some repeated content to pad the file. Some repeated content to pad the file. Some repeated content to pad the file. Some repeated content to pad the file. Some repeated content to pad the file. Some repeated content to pad the file. Some repeated content to pad the file. Some repeated content to pad the file. Some repeated content to pad the file. Some repeated content to pad the file. Some repeated content to pad the file. Some repeated content to pad the file. Some repeated content to pad the file. Some repeated content to pad the file. Some repeated content to pad the file. Some repeated content to pad the file. Some repeated content to pad the file. Some repeated content to pad the file. Some repeated content to pad the file. Some repeated content to pad the file. Some repeated content to pad the file. Some repeated content to pad the file. Some repeated content to pad the file. Some repeated content to pad the file. Some repeated content to pad the file. Some repeated content to pad the file. Some repeated content to pad the file. Some repeated content to pad the file. Some repeated content to pad the file. Some repeated content to pad the file. Some repeated content to pad the file. Some repeated content to pad the file. Some repeated content to pad the file. Some repeated content to pad the file. Some repeated content to pad the file. Some repeated content to pad the file. Some repeated content to pad the file. Some repeated content to pad the file. Some repeated content to pad the file. Some repeated content to pad the file. Some repeated content to pad the file. Some repeated content to pad the file. Some repeated content to pad the file. Some repeated content to pad the file. Some repeated content to pad the file. Some repeated content to pad the file. Some repeated content to pad the file. Some repeated content to pad the file. Some repeated content to pad the file. Some repeated content to pad the file. Some repeated content to pad the file. Some repeated content to pad the file. Some repeated content to pad the file. Some repeated content to pad the file. Some repeated content to pad the file. Some repeated content to pad the file. Some repeated content to pad the file. Some repeated content to pad the file. Some repeated content to pad the file. Some repeated content to pad the file. Some repeated content to pad the file. Some repeated content to pad the file. Some repeated content to pad the file. Some repeated content to pad the file. Some repeated content to pad the file. Some repeated content to pad the file. Some repeated content to pad the file. Some repeated content to pad the file. Some repeated content to pad the file. Some repeated content to pad the file. Some repeated content to pad the file. Some repeated content to pad the file. Some repeated content to pad the file. Some repeated content to pad the file. Some repeated content to pad the file. Some repeated content to pad the file. Some repeated content to pad the file. Some repeated content to pad the file. Some repeated content to pad the file. Some repeated content to pad the file. Some repeated content to pad the file. Some repeated content to pad the file. Some repeated content to pad the file. Some repeated content to pad the file. Some repeated content to pad the file. Some repeated content to pad the file. Some repeated content to pad the file. Some repeated content to pad the file. Some repeated content to pad the file. Some repeated content to pad the file. Some repeated content to pad the file. Some repeated content to pad the file. Some repeated content to pad the file. Some repeated content to pad the file. Some repeated content to pad the file. Some repeated content to pad the file. Some repeated content to pad the file. Some repeated content to pad the file. Some repeated content to pad the file. Some repeated content to pad the file. Some repeated content to pad the file. Some repeated content to pad the file. Some repeated content to pad the file. Some repeated content to pad the file. Some repeated content to pad the file. Some repeated content to pad the file. Some repeated content to pad the file. Some repeated content to pad the file. Some repeated content to pad the file. Some repeated content to pad the file. Some repeated content to pad the file. Some repeated content to pad the file. Some repeated content to pad the file. Some repeated content to pad the file. Some repeated content to pad the file. Some repeated content to pad the file. Some repeated content to pad the file. Some repeated content to pad the file. Some repeated content to pad the file. Some repeated content to pad the file. Some repeated content to pad the file. Some repeated content to pad the file. Some repeated content to pad the file. Some repeated content to pad the file. Some repeated content to pad the file. Some repeated content to pad the file. Some repeated content to pad the file. Some repeated content to pad the file. Some repeated content to pad the file. Some repeated content to pad the file. Some repeated content to pad the file. Some repeated content to pad the file. Some repeated content to pad the file. Some repeated content to pad the file. Some repeated content to pad the file. Some repeated content to pad the file. Some repeated content to pad the file. Some repeated content to pad the file. Some repeated content to pad the file. Some repeated content to pad the file. Some repeated content to pad the file. Some repeated content to pad the file. Some repeated content to pad the file. Some repeated content to pad the file. Some repeated content to pad the file. Some repeated content to pad the file. Some repeated content to pad the file. Some repeated content to pad the file. Some repeated content to pad the file. Some repeated content to pad the file. Some repeated content to pad the file. Some repeated content to pad the file. Some repeated content to pad the file. Some repeated content to pad the file. Some repeated content to pad the file. Some repeated content to pad the file. Some repeated content to pad the file. Some repeated content to pad the file. Some repeated content to pad the file. Some repeated content to pad the file. Some repeated content to pad the file. Some repeated content to pad the file. Some repeated content to pad the file. Some repeated content to pad the file. Some repeated content to pad the file. Some repeated content to pad the file. Some repeated content to pad the file. Some repeated content to pad the file. Some repeated content to pad the file. Some repeated content to pad the file. Some repeated content to pad the file. Some repeated content to pad the file. Some repeated content to pad the file. Some repeated content to pad the file. Some repeated content to pad the file. Some repeated content to pad the file. Some repeated content to pad the file. Some repeated content to pad the file. Some repeated content to pad the file. Some repeated content to pad the file. Some repeated content to pad the file. Some repeated content to pad the file. Some repeated content to pad the file. Some repeated content to pad the file. Some repeated content to pad the file. Some repeated content to pad the file. Some repeated content to pad the file. Some repeated content to pad the file. Some repeated content to pad the file. Some repeated content to pad the file. Some repeated content to pad the file. Some repeated content to pad the file. Some repeated content to pad the file. Some repeated content to pad the file. Some repeated content to pad the file. Some repeated content to pad the file. Some repeated content to pad the file. Some repeated content to pad the file. Some repeated content to pad the file. Some repeated content to pad the file. Some repeated content to pad the file. Some repeated content to pad the file. Some repeated content to pad the file. Some repeated content to pad the file. Some repeated content to pad the file. Some repeated content to pad the file. Some repeated content to pad the file. Some repeated content to pad the file. Some repeated content to pad the file. Some repeated content to pad the file. Some repeated content to pad the file. Some repeated content to pad the file. Some repeated content to pad the file. Some repeated content to pad the file. Some repeated content to pad the file. Some repeated content to pad the file. Some repeated content to pad the file. Some repeated content to pad the file. Some repeated content to pad the file. Some repeated content to pad the file. Some repeated content to pad the file. Some repeated content to pad the file. Some repeated content to pad the file. Some repeated content to pad the file. Some repeated content to pad the file. Some repeated content to pad the file. Some repeated content to pad the file. Some repeated content to pad the file. Some repeated content to pad the file. Some repeated content to pad the file. Some repeated content to pad the file. Some repeated content to pad the file. Some repeated content to pad the file. Some repeated content to pad the file. Some repeated content to pad the file. Some repeated content to pad the file. Some repeated content to pad the file. Some repeated content to pad the file. Some repeated content to pad the file. Some repeated content to pad the file. Some repeated content to pad the file. Some repeated content to pad the file. Some repeated content to pad the file. Some repeated content to pad the file. Some repeated content to pad the file. Some repeated content to pad the file. Some repeated content to pad the file. Some repeated content to pad the file. Some repeated content to pad the file. Some repeated content to pad the file. Some repeated content to pad the file. Some repeated content to pad the file. Some repeated content to pad the file. Some repeated content to pad the file. Some repeated content to pad the file. Some repeated content to pad the file. Some repeated content to pad the file. Some repeated content to pad the file. Some repeated content to pad the file. Some repeated content to pad the file. Some repeated content to pad the file. Some repeated content to pad the file. Some repeated content to pad the file. Some repeated content to pad the file. Some repeated content to pad the file. Some repeated content to pad the file. Some repeated content to pad the file. Some repeated content to pad the file. Some repeated content to pad the file. Some repeated content to pad the file. Some repeated content to pad the file. Some repeated content to pad the file. Some repeated content to pad the file. Some repeated content to pad the file. Some repeated content to pad the file. Some repeated content to pad the file. Some repeated content to pad the file. Some repeated content to pad the file. Some repeated content to pad the file. Some repeated content to pad the file. Some repeated content to pad the file. Some repeated content to pad the file. Some repeated content to pad the file. Some repeated content to pad the file. Some repeated content to pad the file. Some repeated content to pad the file. Some repeated content to pad the file. Some repeated content to pad the file. Some repeated content to pad the file. Some repeated content to pad the file. Some repeated content to pad the file. Some repeated content to pad the file. Some repeated content to pad the file. Some repeated content to pad the file. Some repeated content to pad the file. Some repeated content to pad the file. Some repeated content to pad the file. Some repeated content to pad the file. Some repeated content to pad the file. Some repeated content to pad the file. Some repeated content to pad the file. Some repeated content to pad the file. Some repeated content to pad the file. Some repeated content to pad the file. Some repeated content to pad the file. Some repeated content to pad the file. Some repeated content to pad the file. Some repeated content to pad the file. Some repeated content to pad the file. Some repeated content to pad the file. Some repeated content to pad the file. Some repeated content to pad the file. Some repeated content to pad the file. Some repeated content to pad the file. Some repeated content to pad the file. Some repeated content to pad the file. Some repeated content to pad the file. Some repeated content to pad the file. Some repeated content to pad the file. Some repeated content to pad the file. Some repeated content to pad the file. Some repeated content to pad the file. Some repeated content to pad the file. Some repeated content to pad the file. Some repeated content to pad the file. Some repeated content to pad the file. Some repeated content to pad the file. Some repeated content to pad the file. Some repeated content to pad the file. Some repeated content to pad the file. Some repeated content to pad the file. Some repeated content to pad the file. Some repeated content to pad the file. Some repeated content to pad the file. Some repeated content to pad the file. Some repeated content to pad the file. Some repeated content to pad the file. Some repeated content to pad the file. Some repeated content to pad the file. Some repeated content to pad the file. Some repeated content to pad the file. Some repeated content to pad the file. Some repeated content to pad the file. Some repeated content to pad the file. Some repeated content to pad the file. Some repeated content to pad the file. Some repeated content to pad the file. Some repeated content to pad the file. Some repeated content to pad the file. Some repeated content to pad the file. Some repeated content to pad the file. Some repeated content to pad the file. Some repeated content to pad the file. Some repeated content to pad the file. Some repeated content to pad the file. Some repeated content to pad the file. Some repeated content to pad the file. Some repeated content to pad the file. Some repeated content to pad the file. Some repeated content to pad the file. Some repeated content to pad the file. Some repeated content to pad the file. Some repeated content to pad the file. Some repeated content to pad the file. Some repeated content to pad the file. Some repeated content to pad the file. Some repeated content to pad the file. Some repeated content to pad the file. Some repeated content to pad the file. Some repeated content to pad the file. Some repeated content to pad the file. Some repeated content to pad the file. Some repeated content to pad the file. Some repeated content to pad the file. Some repeated content to pad the file. Some repeated content to pad the file. Some repeated content to pad the file. Some repeated content to pad the file. Some repeated content to pad the file. Some repeated content to pad the file. Some repeated content to pad the file. Some repeated content to pad the file. Some repeated content to pad the file. Some repeated content to pad the file. Some repeated content to pad the file. Some repeated content to pad the file. Some repeated content to pad the file. Some repeated content to pad the file. Some repeated content to pad the file. Some repeated content to pad the file. Some repeated content to pad the file. Some repeated content to pad the file. Some repeated content to pad the file. Some repeated content to pad the file. Some repeated content to pad the file. Some repeated content to pad the file. Some repeated content to pad the file. Some repeated content to pad the file. Some repeated content to pad the file. Some repeated content to pad the file. Some repeated content to pad the file. Some repeated content to pad the file. Some repeated content to pad the file. Some repeated content to pad the file. Some repeated content to pad the file. Some repeated content to pad the file. Some repeated content to pad the file. Some repeated content to pad the file. Some repeated content to pad the file. Some repeated content to pad the file. Some repeated content to pad the file. Some repeated content to pad the file. Some repeated content to pad the file. Some repeated content to pad the file. Some repeated content to pad the file. Some repeated content to pad the file. Some repeated content to pad the file. Some repeated content to pad the file. Some repeated content to pad the file. Some repeated content to pad the file. Some repeated content to pad the file. Some repeated content to pad the file. Some repeated content to pad the file. Some repeated content to pad the file. Some repeated content to pad the file. Some repeated content to pad the file. Some repeated content to pad the file. Some repeated content to pad the file. Some repeated content to pad the file. Some repeated content to pad the file. Some repeated content to pad the file. Some repeated content to pad the file. Some repeated content to pad the file. Some repeated content to pad the file. Some repeated content to pad the file. Some repeated content to pad the file. Some repeated content to pad the file. Some repeated content to pad the file. Some repeated content to pad the file. Some repeated content to pad the file. Some repeated content to pad the file. Some repeated content to pad the file. Some repeated content to pad the file. Some repeated content to pad the file. Some repeated content to pad the file. Some repeated content to pad the file. Some repeated content to pad the file. Some repeated content to pad the file. Some repeated content to pad the file. Some repeated content to pad the file. Some repeated content to pad the file. Some repeated content to pad the file. Some repeated content to pad the file. Some repeated content to pad the file. Some repeated content to pad the file. Some repeated content to pad the file. Some repeated content to pad the file. Some repeated content to pad the file. Some repeated content to pad the file. Some repeated content to pad the file. Some repeated content to pad the file. Some repeated content to pad the file. Some repeated content to pad the file. Some repeated content to pad the file. Some repeated content to pad the file. Some repeated content to pad the file. Some repeated content to pad the file. Some repeated content to pad the file. Some repeated content to pad the file. Some repeated content to pad the file. Some repeated content to pad the file. Some repeated content to pad the file. Some repeated content to pad the file. Some repeated content to pad the file. Some repeated content to pad the file. Some repeated content to pad the file. Some repeated content to pad the file. Some repeated content to pad the file. Some repeated content to pad the file. Some repeated content to pad the file. Some repeated content to pad the file. Some repeated content to pad the file. Some repeated content to pad the file. Some repeated content to pad the file. Some repeated content to pad the file. Some repeated content to pad the file. Some repeated content to pad the file. Some repeated content to pad the file. Some repeated content to pad the file. Some repeated content to pad the file. Some repeated content to pad the file. Some repeated content to pad the file. Some repeated content to pad the file. Some repeated content to pad the file. Some repeated content to pad the file. Some repeated content to pad the file. Some repeated content to pad the file. Some repeated content to pad the file. Some repeated content to pad the file. Some repeated content to pad the file. Some repeated content to pad the file. Some repeated content to pad the file. Some repeated content to pad the file. Some repeated content to pad the file. Some repeated content to pad the file. Some repeated content to pad the file. Some repeated content to pad the file. Some repeated content to pad the file. Some repeated content to pad the file. Some repeated content to pad the file. Some repeated content to pad the file. Some repeated content to pad the file. Some repeated content to pad the file. Some repeated content to pad the file. Some repeated content to pad the file. Some repeated content to pad the file. Some repeated content to pad the file. Some repeated content to pad the file. Some repeated content to pad the file. Some repeated content to pad the file. Some repeated content to pad the file. Some repeated content to pad the file. Some repeated content to pad the file. Some repeated content to pad the file. Some repeated content to pad the file. Some repeated content to pad the file. Some repeated content to pad the file. Some repeated content to pad the file. Some repeated content to pad the file. Some repeated content to pad the file. Some repeated content to pad the file. Some repeated content to pad the file. Some repeated content to pad the file. Some repeated content to pad the file. Some repeated content to pad the file. Some repeated content to pad the file. Some repeated content to pad the file. Some repeated content to pad the file. Some repeated content to pad the file. Some repeated content to pad the file. Some repeated content to pad the file. Some repeated content to pad the file. Some repeated content to pad the file. Some repeated content to pad the file. Some repeated content to pad the file. Some repeated content to pad the file. Some repeated content to pad the file. Some repeated content to pad the file. Some repeated content to pad the file. Some repeated content to pad the file. Some repeated content to pad the file. Some repeated content to pad the file. Some repeated content to pad the file. Some repeated content to pad the file. Some repeated content to pad the file. Some repeated content to pad the file. Some repeated content to pad the file. Some repeated content to pad the file. Some repeated content to pad the file. Some repeated content to pad the file. Some repeated content to pad the file. Some repeated content to pad the file. Some repeated content to pad the file. Some repeated content to pad the file. Some repeated content to pad the file. Some repeated content to pad the file. Some repeated content to pad the file. Some repeated content to pad the file. Some repeated content to pad the file. Some repeated content to pad the file. Some repeated content to pad the file. Some repeated content to pad the file. Some repeated content to pad the file. Some repeated content to pad the file. Some repeated content to pad the file. Some repeated content to pad the file. Some repeated content to pad the file. Some repeated content to pad the file. Some repeated content to pad the file. Some repeated content to pad the file. Some repeated content to pad the file. Some repeated content to pad the file. Some repeated content to pad the file. Some repeated content to pad the file. Some repeated content to pad the file. Some repeated content to pad the file. Some repeated content to pad the file. Some repeated content to pad the file. Some repeated content to pad the file. Some repeated content to pad the file. Some repeated content to pad the file. Some repeated content to pad the file. Some repeated content to pad the file. Some repeated content to pad the file. Some repeated content to pad the file. Some repeated content to pad the file. Some repeated content to pad the file. Some repeated content to pad the file. Some repeated content to pad the file. Some repeated content to pad the file. Some repeated content to pad the file. Some repeated content to pad the file. Some repeated content to pad the file. Some repeated content to pad the file. Some repeated content to pad the file. Some repeated content to pad the file. Some repeated content to pad the file. Some repeated content to pad the file. Some repeated content to pad the file. Some repeated content to pad the file. Some repeated content to pad the file. Some repeated content to pad the file. Some repeated content to pad the file. Some repeated content to pad the file. Some repeated content to pad the file. Some repeated content to pad the file. Some repeated content to pad the file. Some repeated content to pad the file. Some repeated content to pad the file. Some repeated content to pad the file. Some repeated content to pad the file. Some repeated content to pad the file. Some repeated content to pad the file. Some repeated content to pad the file. Some repeated content to pad the file. Some repeated content to pad the file. Some repeated content to pad the file. Some repeated content to pad the file. Some repeated content to pad the file. Some repeated content to pad the file. Some repeated content to pad the file. Some repeated content to pad the file. Some repeated content to pad the file. Some repeated content to pad the file. Some repeated content to pad the file. Some repeated content to pad the file. Some repeated content to pad the file. Some repeated content to pad the file. Some repeated content to pad the file. Some repeated content to pad the file. Some repeated content to pad the file. Some repeated content to pad the file. Some repeated content to pad the file. Some repeated content to pad the file. Some repeated content to pad the file. Some repeated content to pad the file. Some repeated content to pad the file. Some repeated content to pad the file. Some repeated content to pad the file. Some repeated content to pad the file. Some repeated content to pad the file. Some repeated content to pad the file. Some repeated content to pad the file. Some repeated content to pad the file. Some repeated content to pad the file. Some repeated content to pad the file. Some repeated content to pad the file. Some repeated content to pad the file. Some repeated content to pad the file. Some repeated content to pad the file. Some repeated content to pad the file. Some repeated content to pad the file. Some repeated content to pad the file. Some repeated content to pad the file. Some repeated content to pad the file. Some repeated content to pad the file. Some repeated content to pad the file. Some repeated content to pad the file. Some repeated content to pad the file. Some repeated content to pad the file. Some repeated content to pad the file. Some repeated content to pad the file. Some repeated content to pad the file. Some repeated content to pad the file. Some repeated content to pad the file. Some repeated content to pad the file. Some repeated content to pad the file. Some repeated content to pad the file. Some repeated content to pad the file. Some repeated content to pad the file. Some repeated content to pad the file. Some repeated content to pad the file. Some repeated content to pad the file. Some repeated content to pad the file. Some repeated content to pad the file. Some repeated content to pad the file. Some repeated content to pad the file. Some repeated content to pad the file. Some repeated content to pad the file. Some repeated content to pad the file. Some repeated content to pad the file. Some repeated content to pad the file. Some repeated content to pad the file. Some repeated content to pad the file. Some repeated content to pad the file. Some repeated content to pad the file. Some repeated content to pad the file. Some repeated content to pad the file. Some repeated content to pad the file. Some repeated content to pad the file. Some repeated content to pad the file. Some repeated content to pad the file. Some repeated content to pad the file. Some repeated content to pad the file. Some repeated content to pad the file. Some repeated content to pad the file. Some repeated content to pad the file. Some repeated content to pad the file. Some repeated content to pad the file. Some repeated content to pad the file. Some repeated content to pad the file. Some repeated content to pad the file. Some repeated content to pad the file. Some repeated content to pad the file. Some repeated content to pad the file. Some repeated content to pad the file. Some repeated content to pad the file. Some repeated content to pad the file. Some repeated content to pad the file. Some repeated content to pad the file. Some repeated content to pad the file. Some repeated content to pad the file. Some repeated content to pad the file. Some repeated content to pad the file. Some repeated content to pad the file. Some repeated content to pad the file. Some repeated content to pad the file. Some repeated content to pad the file. Some repeated content to pad the file. Some repeated content to pad the file. Some repeated content to pad the file. Some repeated content to pad the file. Some repeated content to pad the file. Some repeated content to pad the file. Some repeated content to pad the file. Some repeated content to pad the file. Some repeated content to pad the file. Some repeated content to pad the file. Some repeated content to pad the file. Some repeated content to pad the file. Some repeated content to pad the file. Some repeated content to pad the file. Some repeated content to pad the file. Some repeated content to pad the file. Some repeated content to pad the file. Some repeated content to pad the file. Some repeated content to pad the file. Some repeated content to pad the file. Some repeated content to pad the file. Some repeated content to pad the file. Some repeated content to pad the file. Some repeated content to pad the file. Some repeated content to pad the file. Some repeated content to pad the file. Some repeated content to pad the file. Some repeated content to pad the file. Some repeated content to pad the file. Some repeated content to pad the file. Some repeated content to pad the file. Some repeated content to pad the file. Some repeated content to pad the file. Some repeated content to pad the file. Some repeated content to pad the file. Some repeated content to pad the file. Some repeated content to pad the file. Some repeated content to pad the file. Some repeated content to pad the file. Some repeated content to pad the file. Some repeated content to pad the file. Some repeated content to pad the file. Some repeated content to pad the file. Some repeated content to pad the file. Some repeated content to pad the file. Some repeated content to pad the file. Some repeated content to pad the file. Some repeated content to pad the file. Some repeated content to pad the file. Some repeated content to pad the file. Some repeated content to pad the file. Some repeated content to pad the file. Some repeated content to pad the file. Some repeated content to pad the file. Some repeated content to pad the file. Some repeated content to pad the file. Some repeated content to pad the file. Some repeated content to pad the file. Some repeated content to pad the file. Some repeated content to pad the file. Some repeated content to pad the file. Some repeated content to pad the file. Some repeated content to pad the file. Some repeated content to pad the file. Some repeated content to pad the file. Some repeated content to pad the file. Some repeated content to pad the file. Some repeated content to pad the file. Some repeated content to pad the file. Some repeated content to pad the file. Some repeated content to pad the file. Some repeated content to pad the file. Some repeated content to pad the file. Some repeated content to pad the file. Some repeated content to pad the file. Some repeated content to pad the file. Some repeated content to pad the file. Some repeated content to pad the file. Some repeated content to pad the file. Some repeated content to pad the file. Some repeated content to pad the file. Some repeated content to pad the file. Some repeated content to pad the file. Some repeated content to pad the file. Some repeated content to pad the file. Some repeated content to pad the file. Some repeated content to pad the file. Some repeated content to pad the file. Some repeated content to pad the file. Some repeated content to pad the file. Some repeated content to pad the file. Some repeated content to pad the file. Some repeated content to pad the file. Some repeated content to pad the file. Some repeated content to pad the file. Some repeated content to pad the file. Some repeated content to pad the file. Some repeated content to pad the file. Some repeated content to pad the file. Some repeated content to pad the file. Some repeated content to pad the file. Some repeated content to pad the file. Some repeated content to pad the file. Some repeated content to pad the file. Some repeated content to pad the file. Some repeated content to pad the file. Some repeated content to pad the file. Some repeated content to pad the file. Some repeated content to pad the file. Some repeated content to pad the file. Some repeated content to pad the file. Some repeated content to pad the file. Some repeated content to pad the file. Some repeated content to pad the file. Some repeated content to pad the file. Some repeated content to pad the file. Some repeated content to pad the file. Some repeated content to pad the file. Some repeated content to pad the file. Some repeated content to pad the file. Some repeated content to pad the file. Some repeated content to pad the file. Some repeated content to pad the file. Some repeated content to pad the file. Some repeated content to pad the file. Some repeated content to pad the file. Some repeated content to pad the file. Some repeated content to pad the file. Some repeated content to pad the file. Some repeated content to pad the file. Some repeated content to pad the file. Some repeated content to pad the file. Some repeated content to pad the file. Some repeated content to pad the file. Some repeated content to pad the file. Some repeated content to pad the file. Some repeated content to pad the file. Some repeated content to pad the file. Some repeated content to pad the file. Some repeated content to pad the file. Some repeated content to pad the file. Some repeated content to pad the file. Some repeated content to pad the file. Some repeated content to pad the file. Some repeated content to pad the file. Some repeated content to pad the file. Some repeated content to pad the file. Some repeated content to pad the file. Some repeated content to pad the file. Some repeated content to pad the file. Some repeated content to pad the file. Some repeated content to pad the file. Some repeated content to pad the file. Some repeated content to pad the file. Some repeated content to pad the file. Some repeated content to pad the file. Some repeated content to pad the file. Some repeated content to pad the file. Some repeated content to pad the file. Some repeated content to pad the file. Some repeated content to pad the file. Some repeated content to pad the file. Some repeated content to pad the file. Some repeated content to pad the file. Some repeated content to pad the file. Some repeated content to pad the file. Some repeated content to pad the file. Some repeated content to pad the file. Some repeated content to pad the file. Some repeated content to pad the file. Some repeated content to pad the file. Some repeated content to pad the file. Some repeated content to pad the file. Some repeated content to pad the file. Some repeated content to pad the file. Some repeated content to pad the file. Some repeated content to pad the file. Some repeated content to pad the file. Some repeated content to pad the file. Some repeated content to pad the file. Some repeated content to pad the file. Some repeated content to pad the file. Some repeated content to pad the file. Some repeated content to pad the file. Some repeated content to pad the file. Some repeated content to pad the file. Some repeated content to pad the file. Some repeated content to pad the file. Some repeated content to pad the file. Some repeated content to pad the file. Some repeated content to pad the file. Some repeated content to pad the file. Some repeated content to pad the file. Some repeated content to pad the file. Some repeated content to pad the file. Some repeated content to pad the file. Some repeated content to pad the file. Some repeated content to pad the file. Some repeated content to pad the file. Some repeated content to pad the file. Some repeated content to pad the file. Some repeated content to pad the file. Some repeated content to pad the file. Some repeated content to pad the file. Some repeated content to pad the file. Some repeated content to pad the file. Some repeated content to pad the file. Some repeated content to pad the file. Some repeated content to pad the file. Some repeated content to pad the file. Some repeated content to pad the file. Some repeated content to pad the file. Some repeated content to pad the file. Some repeated content to pad the file. Some repeated content to pad the file. Some repeated content to pad the file. Some repeated content to pad the file. Some repeated content to pad the file. Some repeated content to pad the file. Some repeated content to pad the file. Some repeated content to pad the file. Some repeated content to pad the file. Some repeated content to pad the file. Some repeated content to pad the file. Some repeated content to pad the file. Some repeated content to pad the file. Some repeated content to pad the file. Some repeated content to pad the file. Some repeated content to pad the file. Some repeated content to pad the file. Some repeated content to pad the file. Some repeated content to pad the file. Some repeated content to pad the file. Some repeated content to pad the file. Some repeated content to pad the file. Some repeated content to pad the file. Some repeated content to pad the file. Some repeated content to pad the file. Some repeated content to pad the file. Some repeated content to pad the file. Some repeated content to pad the file. Some repeated content to pad the file. Some repeated content to pad the file. Some repeated content to pad the file. Some repeated content to pad the file. Some repeated content to pad the file. Some repeated content to pad the file. Some repeated content to pad the file. Some repeated content to pad the file. Some repeated content to pad the file. Some repeated content to pad the file. Some repeated content to pad the file. Some repeated content to pad the file. Some repeated content to pad the file. Some repeated content to pad the file. Some repeated content to pad the file. Some repeated content to pad the file. Some repeated content to pad the file. Some repeated content to pad the file. Some repeated content to pad the file. Some repeated content to pad the file. Some repeated content to pad the file. Some repeated content to pad the file. Some repeated content to pad the file. Some repeated content to pad the file. Some repeated content to pad the file. Some repeated content to pad the file. Some repeated content to pad the file. Some repeated content to pad the file. Some repeated content to pad the file. Some repeated content to pad the file. Some repeated content to pad the file. Some repeated content to pad the file. Some repeated content to pad the file. Some repeated content to pad the file. Some repeated content to pad the file. Some repeated content to pad the file. Some repeated content to pad the file. Some repeated content to pad the file. Some repeated content to pad the file. Some repeated content to pad the file. Some repeated content to pad the file. Some repeated content to pad the file. Some repeated content to pad the file. Some repeated content to pad the file. Some repeated content to pad the file. Some repeated content to pad the file. Some repeated content to pad the file. Some repeated content to pad the file. Some repeated content to pad the file. Some repeated content to pad the file. Some repeated content to pad the file. Some repeated content to pad the file. Some repeated content to pad the file. Some repeated content to pad the file. Some repeated content to pad the file. Some repeated content to pad the file. Some repeated content to pad the file. Some repeated content to pad the file. Some repeated content to pad the file. Some repeated content to pad the file. Some repeated content to pad the file. Some repeated content to pad the file. Some repeated content to pad the file. Some repeated content to pad the file. Some repeated content to pad the file. Some repeated content to pad the file. Some repeated content to pad the file. Some repeated content to pad the file. Some repeated content to pad the file. Some repeated content to pad the file. Some repeated content to pad the file. Some repeated content to pad the file. Some repeated content to pad the file. Some repeated content to pad the file. Some repeated content to pad the file. Some repeated content to pad the file. Some repeated content to pad the file. Some repeated content to pad the file. Some repeated content to pad the file. Some repeated content to pad the file. Some repeated content to pad the file. Some repeated content to pad the file. Some repeated content to pad the file. Some repeated content to pad the file. Some repeated content to pad the file. Some repeated content to pad the file. Some repeated content to pad the file. Some repeated content to pad the file. Some repeated content to pad the file. Some repeated content to pad the file. Some repeated content to pad the file. Some repeated content to pad the file. Some repeated content to pad the file. Some repeated content to pad the file. Some repeated content to pad the file. Some repeated content to pad the file. Some repeated content to pad the file. Some repeated content to pad the file. Some repeated content to pad the file. Some repeated content to pad the file. Some repeated content to pad the file. Some repeated content to pad the file. Some repeated content to pad the file. Some repeated content to pad the file. Some repeated content to pad the file. Some repeated content to pad the file. Some repeated content to pad the file. Some repeated content to pad the file. Some repeated content to pad the file. Some repeated content to pad the file. Some repeated content to pad the file. Some repeated content to pad the file. Some repeated content to pad the file. Some repeated content to pad the file. Some repeated content to pad the file. Some repeated content to pad the file. Some repeated content to pad the file. Some repeated content to pad the file. Some repeated content to pad the file. Some repeated content to pad the file. Some repeated content to pad the file. Some repeated content to pad the file. Some repeated content to pad the file. Some repeated content to pad the file. Some repeated content to pad the file. Some repeated content to pad the file. Some repeated content to pad the file. Some repeated content to pad the file. Some repeated content to pad the file. Some repeated content to pad the file. Some repeated content to pad the file. Some repeated content to pad the file. Some repeated content to pad the file. Some repeated content to pad the file. Some repeated content to pad the file. Some repeated content to pad the file. Some repeated content to pad the file. Some repeated content to pad the file. Some repeated content to pad the file. Some repeated content to pad the file. Some repeated content to pad the file. Some repeated content to pad the file. Some repeated content to pad the file. Some repeated content to pad the file. Some repeated content to pad the file. Some repeated content to pad the file. Some repeated content to pad the file. Some repeated content to pad the file. Some repeated content to pad the file. Some repeated content to pad the file. Some repeated content to pad the file. Some repeated content to pad the file. Some repeated content to pad the file. Some repeated content to pad the file. Some repeated content to pad the file. Some repeated content to pad the file. Some repeated content to pad the file. Some repeated content to pad the file. Some repeated content to pad the file. Some repeated content to pad the file. Some repeated content to pad the file. Some repeated content to pad the file. Some repeated content to pad the file. Some repeated content to pad the file. Some repeated content to pad the file. Some repeated content to pad the file. Some repeated content to pad the file. Some repeated content to pad the file. Some repeated content to pad the file. Some repeated content to pad the file. Some repeated content to pad the file. Some repeated content to pad the file. Some repeated content to pad the file. Some repeated content to pad the file. Some repeated content to pad the file. Some repeated content to pad the file. Some repeated content to pad the file. Some repeated content to pad the file. Some repeated content to pad the file. Some repeated content to pad the file. Some repeated content to pad the file. Some repeated content to pad the file. Some repeated content to pad the file. Some repeated content to pad the file. Some repeated content to pad the file. Some repeated content to pad the file. Some repeated content to pad the file. Some repeated content to pad the file. Some repeated content to pad the file. Some repeated content to pad the file. Some repeated content to pad the file. Some repeated content to pad the file. Some repeated content to pad the file. Some repeated content to pad the file. Some repeated content to pad the file. Some repeated content to pad the file. Some repeated content to pad the file. Some repeated content to pad the file. Some repeated content to pad the file. Some repeated content to pad the file. Some repeated content to pad the file. Some repeated content to pad the file. Some repeated content to pad the file. Some repeated content to pad the file. Some repeated content to pad the file. Some repeated content to pad the file. Some repeated content to pad the file. Some repeated content to pad the file. Some repeated content to pad the file. Some repeated content to pad the file. Some repeated content to pad the file. Some repeated content to pad the file. Some repeated content to pad the file. Some repeated content to pad the file. Some repeated content to pad the file. Some repeated content to pad the file. Some repeated content to pad the file. Some repeated content to pad the file. Some repeated content to pad the file. Some repeated content to pad the file. Some repeated content to pad the file. Some repeated content to pad the file. Some repeated content to pad the file. Some repeated content to pad the file. Some repeated content to pad the file. Some repeated content to pad the file. Some repeated content to pad the file. Some repeated content to pad the file. Some repeated content to pad the file. Some repeated content to pad the file. Some repeated content to pad the file. Some repeated content to pad the file. Some repeated content to pad the file. Some repeated content to pad the file. Some repeated content to pad the file. Some repeated content to pad the file. Some repeated content to pad the file. Some repeated content to pad the file. Some repeated content to pad the file. Some repeated content to pad the file. Some repeated content to pad the file. Some repeated content to pad the file. Some repeated content to pad the file. Some repeated content to pad the file. Some repeated content to pad the file. Some repeated content to pad the file. Some repeated content to pad the file. Some repeated content to pad the file. Some repeated content to pad the file. Some repeated content to pad the file. Some repeated content to pad the file. Some repeated content to pad the file. Some repeated content to pad the file. Some repeated content to pad the file. Some repeated content to pad the file. Some repeated content to pad the file. Some repeated content to pad the file. Some repeated content to pad the file. Some repeated content to pad the file. Some repeated content to pad the file. Some repeated content to pad the file. Some repeated content to pad the file. Some repeated content to pad the file. Some repeated content to pad the file. Some repeated content to pad the file. Some repeated content to pad the file. Some repeated content to pad the file. Some repeated content to pad the file. Some repeated content to pad the file. Some repeated content to pad the file. Some repeated content to pad the file. Some repeated content to pad the file. Some repeated content to pad the file. Some repeated content to pad the file. Some repeated content to pad the file. Some repeated content to pad the file. Some repeated content to pad the file. Some repeated content to pad the file. Some repeated content to pad the file. Some repeated content to pad the file. Some repeated content to pad the file. Some repeated content to pad the file. Some repeated content to pad the file. Some repeated content to pad the file. Some repeated content to pad the file. Some repeated content to pad the file. Some repeated content to pad the file. Some repeated content to pad the file. Some repeated content to pad the file. Some repeated content to pad the file. Some repeated content to pad the file. Some repeated content to pad the file. Some repeated content to pad the file. Some repeated content to pad the file. Some repeated content to pad the file. Some repeated content to pad the file. Some repeated content to pad the file. Some repeated content to pad the file. Some repeated content to pad the file. Some repeated content to pad the file. Some repeated content to pad the file. Some repeated content to pad the file. Some repeated content to pad the file. Some repeated content to pad the file. Some repeated content to pad the file. Some repeated content to pad the file. Some repeated content to pad the file. Some repeated content to pad the file. Some repeated content to pad the file. Some repeated content to pad the file. Some repeated content to pad the file. Some repeated content to pad the file. Some repeated content to pad the file. Some repeated content to pad the file. Some repeated content to pad the file. Some repeated content to pad the file. Some repeated content to pad the file. Some repeated content to pad the file. Some repeated content to pad the file. Some repeated content to pad the file. Some repeated content to pad the file. Some repeated content to pad the file. Some repeated content to pad the file. Some repeated content to pad the file. Some repeated content to pad the file. Some repeated content to pad the file. Some repeated content to pad the file. Some repeated content to pad the file. Some repeated content to pad the file. Some repeated content to pad the file. Some repeated content to pad the file. Some repeated content to pad the file. Some repeated content to pad the file. Some repeated content to pad the file. Some repeated content to pad the file. Some repeated content to pad the file. Some repeated content to pad the file. Some repeated content to pad the file. Some repeated content to pad the file. Some repeated content to pad the file. Some repeated content to pad the file. Some repeated content to pad the file. Some repeated content to pad the file. Some repeated content to pad the file. Some repeated content to pad the file. Some repeated content to pad the file. Some repeated content to pad the file. Some repeated content to pad the file. Some repeated content to pad the file. Some repeated content to pad the file. Some repeated content to pad the file. Some repeated content to pad the file. Some repeated content to pad the file. Some repeated content to pad the file. Some repeated content to pad the file. Some repeated content to pad the file. Some repeated content to pad the file. Some repeated content to pad the file. Some repeated content to pad the file. Some repeated content to pad the file. Some repeated content to pad the file. Some repeated content to pad the file. Some repeated content to pad the file. Some repeated content to pad the file. Some repeated content to pad the file. Some repeated content to pad the file. Some repeated content to pad the file. Some repeated content to pad the file. Some repeated content to pad the file. Some repeated content to pad the file. Some repeated content to pad the file. Some repeated content to pad the file. Some repeated content to pad the file. Some repeated content to pad the file. Some repeated content to pad the file. Some repeated content to pad the file. Some repeated content to pad the file. Some repeated content to pad the file. Some repeated content to pad the file. Some repeated content to pad the file. Some repeated content to pad the file. Some repeated content to pad the file. Some repeated content to pad the file. Some repeated content to pad the file. Some repeated content to pad the file. Some repeated content to pad the file. Some repeated content to pad the file. Some repeated content to pad the file. Some repeated content to pad the file. Some repeated content to pad the file. Some repeated content to pad the file. Some repeated content to pad the file. Some repeated content to pad the file. Some repeated content to pad the file. Some repeated content to pad the file. Some repeated content to pad the file. Some repeated content to pad the file. Some repeated content to pad the file. Some repeated content to pad the file. Some repeated content to pad the file. Some repeated content to pad the file. Some repeated content to pad the file. Some repeated content to pad the file. Some repeated content to pad the file. Some repeated content to pad the file. Some repeated content to pad the file. Some repeated content to pad the file. Some repeated content to pad the file. Some repeated content to pad the file. Some repeated content to pad the file. Some repeated content to pad the file. Some repeated content to pad the file. Some repeated content to pad the file. Some repeated content to pad the file. Some repeated content to pad the file. Some repeated content to pad the file. Some repeated content to pad the file. Some repeated content to pad the file. Some repeated content to pad the file. Some repeated content to pad the file. Some repeated content to pad the file. Some repeated content to pad the file. Some repeated content to pad the file. Some repeated content to pad the file. Some repeated content to pad the file. Some repeated content to pad the file. Some repeated content to pad the file. Some repeated content to pad the file. Some repeated content to pad the file. Some repeated content to pad the file. Some repeated content to pad the file. Some repeated content to pad the file. Some repeated content to pad the file. Some repeated content to pad the file. Some repeated content to pad the file. Some repeated content to pad the file. Some repeated content to pad the file. Some repeated content to pad the file. Some repeated content to pad the file. Some repeated content to pad the file. Some repeated content to pad the file. Some repeated content to pad the file. Some repeated content to pad the file. Some repeated content to pad the file. Some repeated content to pad the file. Some repeated content to pad the file. Some repeated content to pad the file. Some repeated content to pad the file. Some repeated content to pad the file. Some repeated content to pad the file. Some repeated content to pad the file. Some repeated content to pad the file. Some repeated content to pad the file. Some repeated content to pad the file. Some repeated content to pad the file. Some repeated content to pad the file. Some repeated content to pad the file. Some repeated content to pad the file. Some repeated content to pad the file. Some repeated content to pad the file. Some repeated content to pad the file. Some repeated content to pad the file. Some repeated content to pad the file. Some repeated content to pad the file. Some repeated content to pad the file. Some repeated content to pad the file. Some repeated content to pad the file. Some repeated content to pad the file. Some repeated content to pad the file. Some repeated content to pad the file. Some repeated content to pad the file. Some repeated content to pad the file. Some repeated content to pad the file. Some repeated content to pad the file. Some repeated content to pad the file. Some repeated content to pad the file. Some repeated content to pad the file. Some repeated content to pad the file. Some repeated content to pad the file. Some repeated content to pad the file. Some repeated content to pad the file. Some repeated content to pad the file. Some repeated content to pad the file. Some repeated content to pad the file. Some repeated content to pad the file. Some repeated content to pad the file. Some repeated content to pad the file. Some repeated content to pad the file. Some repeated content to pad the file. Some repeated content to pad the file. Some repeated content to pad the file. Some repeated content to pad the file. Some repeated content to pad the file. Some repeated content to pad the file. Some repeated content to pad the file. Some repeated content to pad the file. Some repeated content to pad the file. Some repeated content to pad the file. Some repeated content to pad the file. Some repeated content to pad the file. Some repeated content to pad the file. Some repeated content to pad the file. Some repeated content to pad the file. Some repeated content to pad the file. Some repeated content to pad the file. Some repeated content to pad the file. Some repeated content to pad the file. Some repeated content to pad the file. Some repeated content to pad the file. Some repeated content to pad the file. Some repeated content to pad the file. Some repeated content to pad the file. Some repeated content to pad the file. Some repeated content to pad the file. Some repeated content to pad the file. Some repeated content to pad the file. Some repeated content to pad the file. Some repeated content to pad the file. Some repeated content to pad the file. Some repeated content to pad the file. Some repeated content to pad the file. Some repeated content to pad the file. Some repeated content to pad the file. Some repeated content to pad the file. Some repeated content to pad the file. Some repeated content to pad the file. Some repeated content to pad the file. Some repeated content to pad the file. Some repeated content to pad the file. Some repeated content to pad the file. Some repeated content to pad the file. Some repeated content to pad the file. Some repeated content to pad the file. Some repeated content to pad the file. Some repeated content to pad the file. Some repeated content to pad the file. Some repeated content to pad the file. Some repeated content to pad the file. Some repeated content to pad the file. Some repeated content to pad the file. Some repeated content to pad the file. Some repeated content to pad the file. Some repeated content to pad the file. Some repeated content to pad the file. Some repeated content to pad the file. Some repeated content to pad the file. Some repeated content to pad the file. Some repeated content to pad the file. Some repeated content to pad the file. Some repeated content to pad the file. Some repeated content to pad the file. Some repeated content to pad the file. Some repeated content to pad the file. Some repeated content to pad the file. Some repeated content to pad the file. Some repeated content to pad the file. Some repeated content to pad the file. Some repeated content to pad the file. Some repeated content to pad the file. Some repeated content to pad the file. Some repeated content to pad the file. Some repeated content to pad the file. Some repeated content to pad the file. Some repeated content to pad the file. Some repeated content to pad the file. Some repeated content to pad the file. Some repeated content to pad the file. Some repeated content to pad the file. Some repeated content to pad the file. Some repeated content to pad the file. Some repeated content to pad the file. Some repeated content to pad the file. Some repeated content to pad the file. Some repeated content to pad the file. Some repeated content to pad the file. Some repeated content to pad the file. Some repeated content to pad the file. Some repeated content to pad the file. Some repeated content to pad the file. Some repeated content to pad the file. Some repeated content to pad the file. Some repeated content to pad the file. Some repeated content to pad the file. Some repeated content to pad the file. Some repeated content to pad the file. Some repeated content to pad the file. Some repeated content to pad the file. Some repeated content to pad the file. Some repeated content to pad the file. Some repeated content to pad the file. Some repeated content to pad the file. Some repeated content to pad the file. Some repeated content to pad the file. Some repeated content to pad the file. Some repeated content to pad the file. Some repeated content to pad the file. Some repeated content to pad the file. Some repeated content to pad the file. Some repeated content to pad the file. Some repeated content to pad the file. Some repeated content to pad the file. Some repeated content to pad the file. Some repeated content to pad the file. Some repeated content to pad the file. Some repeated content to pad the file. Some repeated content to pad the file. Some repeated content to pad the file. Some repeated content to pad the file. Some repeated content to pad the file. Some repeated content to pad the file. Some repeated content to pad the file. Some repeated content to pad the file. Some repeated content to pad the file. Some repeated content to pad the file. Some repeated content to pad the file. Some repeated content to pad the file. Some repeated content to pad the file. Some repeated content to pad the file. Some repeated content to pad the file. Some repeated content to pad the file. Some repeated content to pad the file. Some repeated content to pad the file. Some repeated content to pad the file. Some repeated content to pad the file. Some repeated content to pad the file. Some repeated content to pad the file. Some repeated content to pad the file. Some repeated content to pad the file. Some repeated content to pad the file. Some repeated content to pad the file. Some repeated content to pad the file. Some repeated content to pad the file. Some repeated content to pad the file. Some repeated content to pad the file. Some repeated content to pad the file. Some repeated content to pad the file. Some repeated content to pad the file. Some repeated content to pad the file. Some repeated content to pad the file. Some repeated content to pad the file. Some repeated content to pad the file. Some repeated content to pad the file. Some repeated content to pad the file. Some repeated content to pad the file. Some repeated content to pad the file. Some repeated content to pad the file. Some repeated content to pad the file. Some repeated content to pad the file. Some repeated content to pad the file. Some repeated content to pad the file. Some repeated content to pad the file. Some repeated content to pad the file. Some repeated content to pad the file. Some repeated content to pad the file. Some repeated content to pad the file. Some repeated content to pad the file. Some repeated content to pad the file. Some repeated content to pad the file. Some repeated content to pad the file. Some repeated content to pad the file. Some repeated content to pad the file. Some repeated content to pad the file. Some repeated content to pad the file. Some repeated content to pad the file. Some repeated content to pad the file. Some repeated content to pad the file. Some repeated content to pad the file. Some repeated content to pad the file. Some repeated content to pad the file. Some repeated content to pad the file. Some repeated content to pad the file. Some repeated content to pad the file. Some repeated content to pad the file. Some repeated content to pad the file. Some repeated content to pad the file. Some repeated content to pad the file. Some repeated content to pad the file. Some repeated content to pad the file. Some repeated content to pad the file. Some repeated content to pad the file. Some repeated content to pad the file. Some repeated content to pad the file. Some repeated content to pad the file. Some repeated content to pad the file. Some repeated content to pad the file. Some repeated content to pad the file. Some repeated content to pad the file. Some repeated content to pad the file. Some repeated content to pad the file. Some repeated content to pad the file. Some repeated content to pad the file. Some repeated content to pad the file. Some repeated content to pad the file. Some repeated content to pad the file. Some repeated content to pad the file. Some repeated content to pad the file. Some repeated content to pad the file. Some repeated content to pad the file. Some repeated content to pad the file. Some repeated content to pad the file. Some repeated content to pad the file. Some repeated content to pad the file. Some repeated content to pad the file. Some repeated content to pad the file. Some repeated content to pad the file. Some repeated content to pad the file. Some repeated content to pad the file. Some repeated content to pad the file. Some repeated content to pad the file. Some repeated content to pad the file. Some repeated content to pad the file. Some repeated content to pad the file. Some repeated content to pad the file. Some repeated content to pad the file. Some repeated content to pad the file. Some repeated content to pad the file. Some repeated content to pad the file. Some repeated content to pad the file. Some repeated content to pad the file. Some repeated content to pad the file. Some repeated content to pad the file. Some repeated content to pad the file. Some repeated content to pad the file. Some repeated content to pad the file. Some repeated content to pad the file. Some repeated content to pad the file. Some repeated content to pad the file. Some repeated content to pad the file. Some repeated content to pad the file. Some repeated content to pad the file. Some repeated content to pad the file. Some repeated content to pad the file. Some repeated content to pad the file. Some repeated content to pad the file. Some repeated content to pad the file. Some repeated content to pad the file. Some repeated content to pad the file. Some repeated content to pad the file. Some repeated content to pad the file. Some repeated content to pad the file. Some repeated content to pad the file. Some repeated content to pad the file. Some repeated content to pad the file. Some repeated content to pad the file. Some repeated content to pad the file. Some repeated content to pad the file. Some repeated content to pad the file. Some repeated content to pad the file. Some repeated content to pad the file. Some repeated content to pad the file. Some repeated content to pad the file. Some repeated content to pad the file. Some repeated content to pad the file. Some repeated content to pad the file. Some repeated content to pad the file. Some repeated content to pad the file. Some repeated content to pad the file. Some repeated content to pad the file. Some repeated content to pad the file. Some repeated content to pad the file. Some repeated content to pad the file. Some repeated content to pad the file. Some repeated content to pad the file. Some repeated content to pad the file. Some repeated content to pad the file. Some repeated content to pad the file. Some repeated content to pad the file. Some repeated content to pad the file. Some repeated content to pad the file. Some repeated content to pad the file. Some repeated content to pad the file. Some repeated content to pad the file. Some repeated content to pad the file. Some repeated content to pad the file. Some repeated content to pad the file. Some repeated content to pad the file. Some repeated content to pad the file. Some repeated content to pad the file. Some repeated content to pad the file. Some repeated content to pad the file. Some repeated content to pad the file. Some repeated content to pad the file. Some repeated content to pad the file. Some repeated content to pad the file. Some repeated content to pad the file. Some repeated content to pad the file. Some repeated content to pad the file. Some repeated content to pad the file. Some repeated content to pad the file. Some repeated content to pad the file. Some repeated content to pad the file. Some repeated content to pad the file. Some repeated content to pad the file. Some repeated content to pad the file. Some repeated content to pad the file. Some repeated content to pad the file. Some repeated content to pad the file. Some repeated content to pad the file. Some repeated content to pad the file. Some repeated content to pad the file. Some repeated content to pad the file. Some repeated content to pad the file. Some repeated content to pad the file. Some repeated content to pad the file. Some repeated content to pad the file. Some repeated content to pad the file. Some repeated content to pad the file. Some repeated content to pad the file. Some repeated content to pad the file. Some repeated content to pad the file. Some repeated content to pad the file. Some repeated content to pad the file. Some repeated content to pad the file. Some repeated content to pad the file. Some repeated content to pad the file. Some repeated content to pad the file. Some repeated content to pad the file. Some repeated content to pad the file. Some repeated content to pad the file. Some repeated content to pad the file. Some repeated content to pad the file. Some repeated content to pad the file. Some repeated content to pad the file. Some repeated content to pad the file. Some repeated content to pad the file. Some repeated content to pad the file. Some repeated content to pad the file. Some repeated content to pad the file. Some repeated content to pad the file. Some repeated content to pad the file. Some repeated content to pad the file. Some repeated content to pad the file. Some repeated content to pad the file. Some repeated content to pad the file. Some repeated content to pad the file. Some repeated content to pad the file. Some repeated content to pad the file. Some repeated content to pad the file. Some repeated content to pad the file. Some repeated content to pad the file. Some repeated content to pad the file. Some repeated content to pad the file. Some repeated content to pad the file. Some repeated content to pad the file. Some repeated content to pad the file. Some repeated content to pad the file. Some repeated content to pad the file. Some repeated content to pad the file. Some repeated content to pad the file. Some repeated content to pad the file. Some repeated content to pad the file. Some repeated content to pad the file. Some repeated content to pad the file. Some repeated content to pad the file. Some repeated content to pad the file. Some repeated content to pad the file. Some repeated content to pad the file. Some repeated content to pad the file. Some repeated content to pad the file. Some repeated content to pad the file. Some repeated content to pad the file. Some repeated content to pad the file. Some repeated content to pad the file. Some repeated content to pad the file. Some repeated content to pad the file. Some repeated content to pad the file. Some repeated content to pad the file. Some repeated content to pad the file. Some repeated content to pad the file. Some repeated content to pad the file. Some repeated content to pad the file. Some repeated content to pad the file. Some repeated content to pad the file. Some repeated content to pad the file. Some repeated content to pad the file. Some repeated content to pad the file. Some repeated content to pad the file. Some repeated content to pad the file. Some repeated content to pad the file. Some repeated content to pad the file. Some repeated content to pad the file. Some repeated content to pad the file. Some repeated content to pad the file. Some repeated content to pad the file. Some repeated content to pad the file. Some repeated content to pad the file. Some repeated content to pad the file. Some repeated content to pad the file. Some repeated content to pad the file. Some repeated content to pad the file. Some repeated content to pad the file. Some repeated content to pad the file. Some repeated content to pad the file. Some repeated content to pad the file. Some repeated content to pad the file. Some repeated content to pad the file. Some repeated content to pad the file. Some repeated content to pad the file. Some repeated content to pad the file. Some repeated content to pad the file. Some repeated content to pad the file. Some repeated content to pad the file. Some repeated content to pad the file. Some repeated content to pad the file. Some repeated content to pad the file. Some repeated content to pad the file. Some repeated content to pad the file. Some repeated content to pad the file. Some repeated content to pad the file. Some repeated content to pad the file. Some repeated content to pad the file. Some repeated content to pad the file. Some repeated content to pad the file. Some repeated content to pad the file. Some repeated content to pad the file. Some repeated content to pad the file. Some repeated content to pad the file. Some repeated content to pad the file. Some repeated content to pad the file. Some repeated content to pad the file. Some repeated content to pad the file. Some repeated content to pad the file. Some repeated content to pad the file. Some repeated content to pad the file. Some repeated content to pad the file. Some repeated content to pad the file. Some repeated content to pad the file. Some repeated content to pad the file. Some repeated content to pad the file. Some repeated content to pad the file. Some repeated content to pad the file. Some repeated content to pad the file. Some repeated content to pad the file. Some repeated content to pad the file. Some repeated content to pad the file. Some repeated content to pad the file. Some repeated content to pad the file. Some repeated content to pad the file. Some repeated content to pad the file. Some repeated content to pad the file. Some repeated content to pad the file. Some repeated content to pad the file. Some repeated content to pad the file. Some repeated content to pad the file. Some repeated content to pad the file. Some repeated content to pad the file. Some repeated content to pad the file. Some repeated content to pad the file. Some repeated content to pad the file. Some repeated content to pad the file. Some repeated content to pad the file. Some repeated content to pad the file. Some repeated content to pad the file. Some repeated content to pad the file. Some repeated content to pad the file. Some repeated content to pad the file. Some repeated content to pad the file. Some repeated content to pad the file. Some repeated content to pad the file. Some repeated content to pad the file. Some repeated content to pad the file. Some repeated content to pad the file. Some repeated content to pad the file. Some repeated content to pad the file. Some repeated content to pad the file. Some repeated content to pad the file. Some repeated content to pad the file. Some repeated content to pad the file. Some repeated content to pad the file. Some repeated content to pad the file. Some repeated content to pad the file. Some repeated content to pad the file. Some repeated content to pad the file. Some repeated content to pad the file. Some repeated content to pad the file. Some repeated content to pad the file. Some repeated content to pad the file. Some repeated content to pad the file. Some repeated content to pad the file. Some repeated content to pad the file. Some repeated content to pad the file. Some repeated content to pad the file. Some repeated content to pad the file. Some repeated content to pad the file. Some repeated content to pad the file. Some repeated content to pad the file. Some repeated content to pad the file. Some repeated content to pad the file. Some repeated content to pad the file. Some repeated content to pad the file. Some repeated content to pad the file. Some repeated content to pad the file. Some repeated content to pad the file. Some repeated content to pad the file. Some repeated content to pad the file. Some repeated content to pad the file. Some repeated content to pad the file. Some repeated content to pad the file. Some repeated content to pad the file. Some repeated content to pad the file. Some repeated content to pad the file. Some repeated content to pad the file. Some repeated content to pad the file. Some repeated content to pad the file. Some repeated content to pad the file. Some repeated content to pad the file. Some repeated content to pad the file. Some repeated content to pad the file. Some repeated content to pad the file. Some repeated content to pad the file. Some repeated content to pad the file. Some repeated content to pad the file. Some repeated content to pad the file. Some repeated content to pad the file. Some repeated content to pad the file. Some repeated content to pad the file. Some repeated content to pad the file. Some repeated content to pad the file. Some repeated content to pad the file. Some repeated content to pad the file. Some repeated content to pad the file. Some repeated content to pad the file. Some repeated content to pad the file. Some repeated content to pad the file. Some repeated content to pad the file. Some repeated content to pad the file. Some repeated content to pad the file. Some repeated content to pad the file. Some repeated content to pad the file. Some repeated content to pad the file. Some repeated content to pad the file. Some repeated content to pad the file. Some repeated content to pad the file. Some repeated content to pad the file. Some repeated content to pad the file. Some repeated content to pad the file. Some repeated content to pad the file. Some repeated content to pad the file. Some repeated content to pad the file. Some repeated content to pad the file. Some repeated content to pad the file. Some repeated content to pad the file. Some repeated content to pad the file. Some repeated content to pad the file. Some repeated content to pad the file. Some repeated content to pad the file. Some repeated content to pad the file. Some repeated content to pad the file. Some repeated content to pad the file. Some repeated content to pad the file. Some repeated content to pad the file. Some repeated content to pad the file. Some repeated content to pad the file. Some repeated content to pad the file. Some repeated content to pad the file. Some repeated content to pad the file. Some repeated content to pad the file. Some repeated content to pad the file. Some repeated content to pad the file. Some repeated content to pad the file. Some repeated content to pad the file. Some repeated content to pad the file. Some repeated content to pad the file. Some repeated content to pad the file. Some repeated content to pad the file. Some repeated content to pad the file. Some repeated content to pad the file. Some repeated content to pad the file. Some repeated content to pad the file. Some repeated content to pad the file. Some repeated content to pad the file. Some repeated content to pad the file. Some repeated content to pad the file. Some repeated content to pad the file. Some repeated content to pad the file. Some repeated content to pad the file. Some repeated content to pad the file. Some repeated content to pad the file. Some repeated content to pad the file. Some repeated content to pad the file. Some repeated content to pad the file. Some repeated content to pad the file. Some repeated content to pad the file. Some repeated content to pad the file. Some repeated content to pad the file. Some repeated content to pad the file. Some repeated content to pad the file. Some repeated content to pad the file. Some repeated content to pad the file. Some repeated content to pad the file. Some repeated content to pad the file. Some repeated content to pad the file. Some repeated content to pad the file. Some repeated content to pad the file. Some repeated content to pad the file. Some repeated content to pad the file. Some repeated content to pad the file. Some repeated content to pad the file. Some repeated content to pad the file. Some repeated content to pad the file. Some repeated content to pad the file. Some repeated content to pad the file. Some repeated content to pad the file. Some repeated content to pad the file. Some repeated content to pad the file. Some repeated content to pad the file. Some repeated content to pad the file. Some repeated content to pad the file. Some repeated content to pad the file. Some repeated content to pad the file. Some repeated content to pad the file. Some repeated content to pad the file. Some repeated content to pad the file. Some repeated content to pad the file. Some repeated content to pad the file. Some repeated content to pad the file. Some repeated content to pad the file. Some repeated content to pad the file. Some repeated content to pad the file. Some repeated content to pad the file. Some repeated content to pad the file. Some repeated content to pad the file. Some repeated content to pad the file. Some repeated content to pad the file. Some repeated content to pad the file. Some repeated content to pad the file. Some repeated content to pad the file. Some repeated content to pad the file. Some repeated content to pad the file. Some repeated content to pad the file. Some repeated content to pad the file. Some repeated content to pad the file. Some repeated content to pad the file. Some repeated content to pad the file. Some repeated content to pad the file. Some repeated content to pad the file. Some repeated content to pad the file. Some repeated content to pad the file. Some repeated content to pad the file. Some repeated content to pad the file. Some repeated content to pad the file. Some repeated content to pad the file. Some repeated content to pad the file. Some repeated content to pad the file. Some repeated content to pad the file. Some repeated content to pad the file. Some repeated content to pad the file. Some repeated content to pad the file. Some repeated content to pad the file. Some repeated content to pad the file. Some repeated content to pad the file. Some repeated content to pad the file. Some repeated content to pad the file. Some repeated content to pad the file. Some repeated content to pad the file. Some repeated content to pad the file. Some repeated content to pad the file. Some repeated content to pad the file. Some repeated content to pad the file. Some repeated content to pad the file. Some repeated content to pad the file. Some repeated content to pad the file. Some repeated content to pad the file. Some repeated content to pad the file. Some repeated content to pad the file. Some repeated content to pad the file. Some repeated content to pad the file. Some repeated content to pad the file. Some repeated content to pad the file. Some repeated content to pad the file. Some repeated content to pad the file. Some repeated content to pad the file. Some repeated content to pad the file. Some repeated content to pad the file. Some repeated content to pad the file. Some repeated content to pad the file. Some repeated content to pad the file. Some repeated content to pad the file. Some repeated content to pad the file. Some repeated content to pad the file. Some repeated content to pad the file. Some repeated content to pad the file. Some repeated content to pad the file. Some repeated content to pad the file. Some repeated content to pad the file. Some repeated content to pad the file. Some repeated content to pad the file. Some repeated content to pad the file. Some repeated content to pad the file. Some repeated content to pad the file. Some repeated content to pad the file. Some repeated content to pad the file. Some repeated content to pad the file. Some repeated content to pad the file. Some repeated content to pad the file. Some repeated content to pad the file. Some repeated content to pad the file. Some repeated content to pad the file. Some repeated content to pad the file. Some repeated content to pad the file. Some repeated content to pad the file. Some repeated content to pad the file. Some repeated content to pad the file. Some repeated content to pad the file. Some repeated content to pad the file. Some repeated content to pad the file. Some repeated content to pad the file. Some repeated content to pad the file. Some repeated content to pad the file. Some repeated content to pad the file. Some repeated content to pad the file. Some repeated content to pad the file. Some repeated content to pad the file. Some repeated content to pad the file. Some repeated content to pad the file. Some repeated content to pad the file. Some repeated content to pad the file. Some repeated content to pad the file. Some repeated content to pad the file. Some repeated content to pad the file. Some repeated content to pad the file. Some repeated content to pad the file. Some repeated content to pad the file. Some repeated content to pad the file. Some repeated content to pad the file. Some repeated content to pad the file. Some repeated content to pad the file. Some repeated content to pad the file. Some repeated content to pad the file. Some repeated content to pad the file. Some repeated content to pad the file. Some repeated content to pad the file. Some repeated content to pad the file. Some repeated content to pad the file. Some repeated content to pad the file. Some repeated content to pad the file. Some repeated content to pad the file. Some repeated content to pad the file. Some repeated content to pad the file. Some repeated content to pad the file. Some repeated content to pad the file. Some repeated content to pad the file. Some repeated content to pad the file. Some repeated content to pad the file. Some repeated content to pad the file. Some repeated content to pad the file. Some repeated content to pad the file. Some repeated content to pad the file. Some repeated content to pad the file. Some repeated content to pad the file. Some repeated content to pad the file. Some repeated content to pad the file. Some repeated content to pad the file. Some repeated content to pad the file. Some repeated content to pad the file. Some repeated content to pad the file. Some repeated content to pad the file. Some repeated content to pad the file. Some repeated content to pad the file. Some repeated content to pad the file. Some repeated content to pad the file. Some repeated content to pad the file. Some repeated content to pad the file. Some repeated content to pad the file. Some repeated content to pad the file. Some repeated content to pad the file. Some repeated content to pad the file. Some repeated content to pad the file. Some repeated content to pad the file. Some repeated content to pad the file. Some repeated content to pad the file. Some repeated content to pad the file. Some repeated content to pad the file. Some repeated content to pad the file. Some repeated content to pad the file. Some repeated content to pad the file. Some repeated content to pad the file. Some repeated content to pad the file. Some repeated content to pad the file. Some repeated content to pad the file. Some repeated content to pad the file. Some repeated content to pad the file. Some repeated content to pad the file. Some repeated content to pad the file. Some repeated content to pad the file. Some repeated content to pad the file. Some repeated content to pad the file. Some repeated content to pad the file. Some repeated content to pad the file. Some repeated content to pad the file. Some repeated content to pad the file. Some repeated content to pad the file. Some repeated content to pad the file. Some repeated content to pad the file. Some repeated content to pad the file. Some repeated content to pad the file. Some repeated content to pad the file. Some repeated content to pad the file. Some repeated content to pad the file. Some repeated content to pad the file. Some repeated content to pad the file. Some repeated content to pad the file. Some repeated content to pad the file. Some repeated content to pad the file. Some repeated content to pad the file. Some repeated content to pad the file. Some repeated content to pad the file. Some repeated content to pad the file. Some repeated content to pad the file. Some repeated content to pad the file. Some repeated content to pad the file. Some repeated content to pad the file. Some repeated content to pad the file. Some repeated content to pad the file. Some repeated content to pad the file. Some repeated content to pad the file. Some repeated content to pad the file. Some repeated content to pad the file. Some repeated content to pad the file. Some repeated content to pad the file. Some repeated content to pad the file. Some repeated content to pad the file. Some repeated content to pad the file. Some repeated content to pad the file. Some repeated content to pad the file. Some repeated content to pad the file. Some repeated content to pad the file. Some repeated content to pad the file. Some repeated content to pad the file. Some repeated content to pad the file. Some repeated content to pad the file. Some repeated content to pad the file. Some repeated content to pad the file. Some repeated content to pad the file. Some repeated content to pad the file. Some repeated content to pad the file. Some repeated content to pad the file. Some repeated content to pad the file. Some repeated content to pad the file. Some repeated content to pad the file. Some repeated content to pad the file. Some repeated content to pad the file. Some repeated content to pad the file. Some repeated content to pad the file. Some repeated content to pad the file. Some repeated content to pad the file. Some repeated content to pad the file. Some repeated content to pad the file. Some repeated content to pad the file. Some repeated content to pad the file. Some repeated content to pad the file. Some repeated content to pad the file. Some repeated content to pad the file. Some repeated content to pad the file. Some repeated content to pad the file. Some repeated content to pad the file. Some repeated content to pad the file. Some repeated content to pad the file. Some repeated content to pad the file. Some repeated content to pad the file. Some repeated content to pad the file. Some repeated content to pad the file. Some repeated content to pad the file. Some repeated content to pad the file. Some repeated content to pad the file. Some repeated content to pad the file. Some repeated content to pad the file. Some repeated content to pad the file. Some repeated content to pad the file. Some repeated content to pad the file. Some repeated content to pad the file. Some repeated content to pad the file. Some repeated content to pad the file. Some repeated content to pad the file. Some repeated content to pad the file. Some repeated content to pad the file. Some repeated content to pad the file. Some repeated content to pad the file. Some repeated content to pad the file. Some repeated content to pad the file. Some repeated content to pad the file. Some repeated content to pad the file. Some repeated content to pad the file. Some repeated content to pad the file. Some repeated content to pad the file. Some repeated content to pad the file. Some repeated content to pad the file. Some repeated content to pad the file. Some repeated content to pad the file. Some repeated content to pad the file. Some repeated content to pad the file. Some repeated content to pad the file. Some repeated content to pad the file. Some repeated content to pad the file. Some repeated content to pad the file. Some repeated content to pad the file. Some repeated content to pad the file. Some repeated content to pad the file. Some repeated content to pad the file. Some repeated content to pad the file. Some repeated content to pad the file. Some repeated content to pad the file. Some repeated content to pad the file. Some repeated content to pad the file. Some repeated content to pad the file. Some repeated content to pad the file. Some repeated content to pad the file. Some repeated content to pad the file. Some repeated content to pad the file. Some repeated content to pad the file. Some repeated content to pad the file. Some repeated content to pad the file. Some repeated content to pad the file. Some repeated content to pad the file. Some repeated content to pad the file. Some repeated content to pad the file. Some repeated content to pad the file. Some repeated content to pad the file. Some repeated content to pad the file. Some repeated content to pad the file. Some repeated content to pad the file. Some repeated content to pad the file. Some repeated content to pad the file. Some repeated content to pad the file. Some repeated content to pad the file. Some repeated content to pad the file. Some repeated content to pad the file. Some repeated content to pad the file. Some repeated content to pad the file. Some repeated content to pad the file. Some repeated content to pad the file. Some repeated content to pad the file. Some repeated content to pad the file. Some repeated content to pad the file. Some repeated content to pad the file. Some repeated content to pad the file. Some repeated content to pad the file. Some repeated content to pad the file. Some repeated content to pad the file. Some repeated content to pad the file. Some repeated content to pad the file. Some repeated content to pad the file. Some repeated content to pad the file. Some repeated content to pad the file. Some repeated content to pad the file. Some repeated content to pad the file. Some repeated content to pad the file. Some repeated content to pad the file. Some repeated content to pad the file. Some repeated content to pad the file. Some repeated content to pad the file. Some repeated content to pad the file. Some repeated content to pad the file. Some repeated content to pad the file. Some repeated content to pad the file. Some repeated content to pad the file. Some repeated content to pad the file. Some repeated content to pad the file. Some repeated content to pad the file. Some repeated content to pad the file. Some repeated content to pad the file. Some repeated content to pad the file. Some repeated content to pad the file. Some repeated content to pad the file. Some repeated content to pad the file. Some repeated content to pad the file. Some repeated content to pad the file. Some repeated content to pad the file. Some repeated content to pad the file. Some repeated content to pad the file. Some repeated content to pad the file. Some repeated content to pad the file. Some repeated content to pad the file. Some repeated content to pad the file. Some repeated content to pad the file. Some repeated content to pad the file. Some repeated content to pad the file. Some repeated content to pad the file. Some repeated content to pad the file. Some repeated content to pad the file. Some repeated content to pad the file. Some repeated content to pad the file. Some repeated content to pad the file. Some repeated content to pad the file. Some repeated content to pad the file. Some repeated content to pad the file. Some repeated content to pad the file. Some repeated content to pad the file. Some repeated content to pad the file. Some repeated content to pad the file. Some repeated content to pad the file. Some repeated content to pad the file. Some repeated content to pad the file. Some repeated content to pad the file. Some repeated content to pad the file. Some repeated content to pad the file. Some repeated content to pad the file. Some repeated content to pad the file. Some repeated content to pad the file. Some repeated content to pad the file. Some repeated content to pad the file. Some repeated content to pad the file. Some repeated content to pad the file. Some repeated content to pad the file. Some repeated content to pad the file. Some repeated content to pad the file. Some repeated content to pad the file. Some repeated content to pad the file. Some repeated content to pad the file. Some repeated content to pad the file. Some repeated content to pad the file. Some repeated content to pad the file. Some repeated content to pad the file. Some repeated content to pad the file. Some repeated content to pad the file. Some repeated content to pad the file. Some repeated content to pad the file. Some repeated content to pad the file. Some repeated content to pad the file. Some repeated content to pad the file. Some repeated content to pad the file. Some repeated content to pad the file. Some repeated content to pad the file. Some repeated content to pad the file. Some repeated content to pad the file. Some repeated content to pad the file. Some repeated content to pad the file. Some repeated content to pad the file. Some repeated content to pad the file. Some repeated content to pad the file. Some repeated content to pad the file. Some repeated content to pad the file. Some repeated content to pad the file. Some repeated content to pad the file. Some repeated content to pad the file. Some repeated content to pad the file. Some repeated content to pad the file. Some repeated content to pad the file. Some repeated content to pad the file. Some repeated content to pad the file. Some repeated content to pad the file. Some repeated content to pad the file. Some repeated content to pad the file. Some repeated content to pad the file. Some repeated content to pad the file. Some repeated content to pad the file. Some repeated content to pad the file. Some repeated content to pad the file. Some repeated content to pad the file. Some repeated content to pad the file. Some repeated content to pad the file. Some repeated content to pad the file. Some repeated content to pad the file. Some repeated content to pad the file. Some repeated content to pad the file. Some repeated content to pad the file. Some repeated content to pad the file. Some repeated content to pad the file. Some repeated content to pad the file. Some repeated content to pad the file. Some repeated content to pad the file. Some repeated content to pad the file. Some repeated content to pad the file. Some repeated content to pad the file. Some repeated content to pad the file. Some repeated content to pad the file. Some repeated content to pad the file. Some repeated content to pad the file. Some repeated content to pad the file. Some repeated content to pad the file. Some repeated content to pad the file. Some repeated content to pad the file. Some repeated content to pad the file. Some repeated content to pad the file. Some repeated content to pad the file. Some repeated content to pad the file. Some repeated content to pad the file. Some repeated content to pad the file. Some repeated content to pad the file. Some repeated content to pad the file. Some repeated content to pad the file. Some repeated content to pad the file. Some repeated content to pad the file. Some repeated content to pad the file. Some repeated content to pad the file. Some repeated content to pad the file. Some repeated content to pad the file. Some repeated content to pad the file. Some repeated content to pad the file. Some repeated content to pad the file. Some repeated content to pad the file. Some repeated content to pad the file. Some repeated content to pad the file. Some repeated content to pad the file. Some repeated content to pad the file. Some repeated content to pad the file. Some repeated content to pad the file. Some repeated content to pad the file. Some repeated content to pad the file. Some repeated content to pad the file. Some repeated content to pad the file. Some repeated content to pad the file. Some repeated content to pad the file. Some repeated content to pad the file. Some repeated content to pad the file. Some repeated content to pad the file. Some repeated content to pad the file. Some repeated content to pad the file. Some repeated content to pad the file. Some repeated content to pad the file. Some repeated content to pad the file. Some repeated content to pad the file. Some repeated content to pad the file. Some repeated content to pad the file. Some repeated content to pad the file. Some repeated content to pad the file. Some repeated content to pad the file. Some repeated content to pad the file. Some repeated content to pad the file. Some repeated content to pad the file. Some repeated content to pad the file. Some repeated content to pad the file. Some repeated content to pad the file. Some repeated content to pad the file. Some repeated content to pad the file. Some repeated content to pad the file. Some repeated content to pad the file. Some repeated content to pad the file. Some repeated content to pad the file. Some repeated content to pad the file. Some repeated content to pad the file. Some repeated content to pad the file. Some repeated content to pad the file. Some repeated content to pad the file. Some repeated content to pad the file. Some repeated content to pad the file. Some repeated content to pad the file. Some repeated content to pad the file. Some repeated content to pad the file. Some repeated content to pad the file. Some repeated content to pad the file. Some repeated content to pad the file. Some repeated content to pad the file. Some repeated content to pad the file. Some repeated content to pad the file. Some repeated content to pad the file. Some repeated content to pad the file. Some repeated content to pad the file. Some repeated content to pad the file. Some repeated content to pad the file. Some repeated content to pad the file. Some repeated content to pad the file. Some repeated content to pad the file. Some repeated content to pad the file. Some repeated content to pad the file. Some repeated content to pad the file. Some repeated content to pad the file. Some repeated content to pad the file. Some repeated content to pad the file. Some repeated content to pad the file. Some repeated content to pad the file. Some repeated content to pad the file. Some repeated content to pad the file. Some repeated content to pad the file. Some repeated content to pad the file. Some repeated content to pad the file. Some repeated content to pad the file. Some repeated content to pad the file. Some repeated content to pad the file. Some repeated content to pad the file. Some repeated content to pad the file. Some repeated content to pad the file. Some repeated content to pad the file. Some repeated content to pad the file. Some repeated content to pad the file. Some repeated content to pad the file. Some repeated content to pad the file. Some repeated content to pad the file. Some repeated content to pad the file. Some repeated content to pad the file. Some repeated content to pad the file. Some repeated content to pad the file. Some repeated content to pad the file. Some repeated content to pad the file. Some repeated content to pad the file. Some repeated content to pad the file. Some repeated content to pad the file. Some repeated content to pad the file. Some repeated content to pad the file. Some repeated content to pad the file. Some repeated content to pad the file. Some repeated content to pad the file. Some repeated content to pad the file. Some repeated content to pad the file. Some repeated content to pad the file. Some repeated content to pad the file. Some repeated content to pad the file. Some repeated content to pad the file. Some repeated content to pad the file. Some repeated content to pad the file. Some repeated content to pad the file. Some repeated content to pad the file. Some repeated content to pad the file. Some repeated content to pad the file. Some repeated content to pad the file. Some repeated content to pad the file. Some repeated content to pad the file. Some repeated content to pad the file. Some repeated content to pad the file. Some repeated content to pad the file. Some repeated content to pad the file. Some repeated content to pad the file. Some repeated content to pad the file. Some repeated content to pad the file. Some repeated content to pad the file. Some repeated content to pad the file. Some repeated content to pad the file. Some repeated content to pad the file. Some repeated content to pad the file. Some repeated content to pad the file. Some repeated content to pad the file. Some repeated content to pad the file. Some repeated content to pad the file. Some repeated content to pad the file. Some repeated content to pad the file. Some repeated content to pad the file. Some repeated content to pad the file. Some repeated content to pad the file. Some repeated content to pad the file. Some repeated content to pad the file. Some repeated content to pad the file. Some repeated content to pad the file. Some repeated content to pad the file. Some repeated content to pad the file. Some repeated content to pad the file. Some repeated content to pad the file. Some repeated content to pad the file. Some repeated content to pad the file. Some repeated content to pad the file. Some repeated content to pad the file. Some repeated content to pad the file. Some repeated content to pad the file. Some repeated content to pad the file. Some repeated content to pad the file. Some repeated content to pad the file. Some repeated content to pad the file. Some repeated content to pad the file. Some repeated content to pad the file. Some repeated content to pad the file. Some repeated content to pad the file. Some repeated content to pad the file. Some repeated content to pad the file. Some repeated content to pad the file. Some repeated content to pad the file. Some repeated content to pad the file. Some repeated content to pad the file. Some repeated content to pad the file. Some repeated content to pad the file. Some repeated content to pad the file. Some repeated content to pad the file. Some repeated content to pad the file. Some repeated content to pad the file. Some repeated content to pad the file. Some repeated content to pad the file. Some repeated content to pad the file. Some repeated content to pad the file. Some repeated content to pad the file. Some repeated content to pad the file. Some repeated content to pad the file. Some repeated content to pad the file. Some repeated content to pad the file. Some repeated content to pad the file. Some repeated content to pad the file. Some repeated content to pad the file. Some repeated content to pad the file. Some repeated content to pad the file. Some repeated content to pad the file. Some repeated content to pad the file. Some repeated content to pad the file. Some repeated content to pad the file. Some repeated content to pad the file. Some repeated content to pad the file. Some repeated content to pad the file. Some repeated content to pad the file. Some repeated content to pad the file. Some repeated content to pad the file. Some repeated content to pad the file. Some repeated content to pad the file. Some repeated content to pad the file. Some repeated content to pad the file. Some repeated content to pad the file. Some repeated content to pad the file. Some repeated content to pad the file. Some repeated content to pad the file. Some repeated content to pad the file. Some repeated content to pad the file. Some repeated content to pad the file. Some repeated content to pad the file. Some repeated content to pad the file. Some repeated content to pad the file. Some repeated content to pad the file. Some repeated content to pad the file. Some repeated content to pad the file. Some repeated content to pad the file. Some repeated content to pad the file. Some repeated content to pad the file. Some repeated content to pad the file. Some repeated content to pad the file. Some repeated content to pad the file. Some repeated content to pad the file. Some repeated content to pad the file. Some repeated content to pad the file. Some repeated content to pad the file. Some repeated content to pad the file. Some repeated content to pad the file. Some repeated content to pad the file. Some repeated content to pad the file. Some repeated content to pad the file. Some repeated content to pad the file. Some repeated content to pad the file. Some repeated content to pad the file. Some repeated content to pad the file. Some repeated content to pad the file. Some repeated content to pad the file. Some repeated content to pad the file. Some repeated content to pad the file. Some repeated content to pad the file. Some repeated content to pad the file. Some repeated content to pad the file. Some repeated content to pad the file. Some repeated content to pad the file. Some repeated content to pad the file. Some repeated content to pad the file. Some repeated content to pad the file. Some repeated content to pad the file. Some repeated content to pad the file. Some repeated content to pad the file. Some repeated content to pad the file. Some repeated content to pad the file. Some repeated content to pad the file. Some repeated content to pad the file. Some repeated content to pad the file. Some repeated content to pad the file. Some repeated content to pad the file. Some repeated content to pad the file. Some repeated content to pad the file. Some repeated content to pad the file. Some repeated content to pad the file. Some repeated content to pad the file. Some repeated content to pad the file. Some repeated content to pad the file. Some repeated content to pad the file. Some repeated content to pad the file. Some repeated content to pad the file. Some repeated content to pad the file. Some repeated content to pad the file. Some repeated content to pad the file. Some repeated content to pad the file. Some repeated content to pad the file. Some repeated content to pad the file. Some repeated content to pad the file. Some repeated content to pad the file. Some repeated content to pad the file. Some repeated content to pad the file. Some repeated content to pad the file. Some repeated content to pad the file. Some repeated content to pad the file. Some repeated content to pad the file. Some repeated content to pad the file. Some repeated content to pad the file. Some repeated content to pad the file. Some repeated content to pad the file. Some repeated content to pad the file. Some repeated content to pad the file. Some repeated content to pad the file. Some repeated content to pad the file. Some repeated content to pad the file. Some repeated content to pad the file. Some repeated content to pad the file. Some repeated content to pad the file. Some repeated content to pad the file. Some repeated content to pad the file. Some repeated content to pad the file. Some repeated content to pad the file. Some repeated content to pad the file. Some repeated content to pad the file. Some repeated content to pad the file. Some repeated content to pad the file. Some repeated content to pad the file. Some repeated content to pad the file. Some repeated content to pad the file. Some repeated content to pad the file. Some repeated content to pad the file. Some repeated content to pad the file. Some repeated content to pad the file. Some repeated content to pad the file. Some repeated content to pad the file. Some repeated content to pad the file. Some repeated content to pad the file. Some repeated content to pad the file. Some repeated content to pad the file. Some repeated content to pad the file. Some repeated content to pad the file. Some repeated content to pad the file. Some repeated content to pad the file. Some repeated content to pad the file. Some repeated content to pad the file. Some repeated content to pad the file. Some repeated content to pad the file. Some repeated content to pad the file. Some repeated content to pad the file. Some repeated content to pad the file. Some repeated content to pad the file. Some repeated content to pad the file. Some repeated content to pad the file. Some repeated content to pad the file. Some repeated content to pad the file. Some repeated content to pad the file. Some repeated content to pad the file. Some repeated content to pad the file. Some repeated content to pad the file. Some repeated content to pad the file. Some repeated content to pad the file. Some repeated content to pad the file. Some repeated content to pad the file. Some repeated content to pad the file. Some repeated content to pad the file. Some repeated content to pad the file. Some repeated content to pad the file. Some repeated content to pad the file. Some repeated content to pad the file. Some repeated content to pad the file. Some repeated content to pad the file. Some repeated content to pad the file. Some repeated content to pad the file. Some repeated content to pad the file. Some repeated content to pad the file. Some repeated content to pad the file. Some repeated content to pad the file. Some repeated content to pad the file. Some repeated content to pad the file. Some repeated content to pad the file. Some repeated content to pad the file. Some repeated content to pad the file. Some repeated content to pad the file. Some repeated content to pad the file. Some repeated content to pad the file. Some repeated content to pad the file. Some repeated content to pad the file. Some repeated content to pad the file. Some repeated content to pad the file. Some repeated content to pad the file. Some repeated content to pad the file. Some repeated content to pad the file. Some repeated content to pad the file. Some repeated content to pad the file. Some repeated content to pad the file. Some repeated content to pad the file. Some repeated content to pad the file. Some repeated content to pad the file. Some repeated content to pad the file. Some repeated content to pad the file. Some repeated content to pad the file. Some repeated content to pad the file. Some repeated content to pad the file. Some repeated content to pad the file. Some repeated content to pad the file. Some repeated content to pad the file. Some repeated content to pad the file. Some repeated content to pad the file. Some repeated content to pad the file. Some repeated content to pad the file. Some repeated content to pad the file. Some repeated content to pad the file. Some repeated content to pad the file. Some repeated content to pad the file. Some repeated content to pad the file. Some repeated content to pad the file. Some repeated content to pad the file. Some repeated content to pad the file. Some repeated content to pad the file. Some repeated content to pad the file. Some repeated content to pad the file. Some repeated content to pad the file. Some repeated content to pad the file. Some repeated content to pad the file. Some repeated content to pad the file. Some repeated content to pad the file. Some repeated content to pad the file. Some repeated content to pad the file. Some repeated content to pad the file. Some repeated content to pad the file. Some repeated content to pad the file. Some repeated content to pad the file. Some repeated content to pad the file. Some repeated content to pad the file. Some repeated content to pad the file. Some repeated content to pad the file. Some repeated content to pad the file. Some repeated content to pad the file. Some repeated content to pad the file. Some repeated content to pad the file. Some repeated content to pad the file. Some repeated content to pad the file. Some repeated content to pad the file. Some repeated content to pad the file. Some repeated content to pad the file. Some repeated content to pad the file. Some repeated content to pad the file. Some repeated content to pad the file. Some repeated content to pad the file. Some repeated content to pad the file. Some repeated content to pad the file. Some repeated content to pad the file. Some repeated content to pad the file. Some repeated content to pad the file. Some repeated content to pad the file. Some repeated content to pad the file. Some repeated content to pad the file. Some repeated content to pad the file. Some repeated content to pad the file. Some repeated content to pad the file. Some repeated content to pad the file. Some repeated content to pad the file. Some repeated content to pad the file. Some repeated content to pad the file. Some repeated content to pad the file. Some repeated content to pad the file. Some repeated content to pad the file. Some repeated content to pad the file. Some repeated content to pad the file. Some repeated content to pad the file. Some repeated content to pad the file. Some repeated content to pad the file. Some repeated content to pad the file. Some repeated content to pad the file. Some repeated content to pad the file. Some repeated content to pad the file. Some repeated content to pad the file. Some repeated content to pad the file. Some repeated content to pad the file. Some repeated content to pad the file. Some repeated content to pad the file. Some repeated content to pad the file. Some repeated content to pad the file. Some repeated content to pad the file. Some repeated content to pad the file. Some repeated content to pad the file. Some repeated content to pad the file. Some repeated content to pad the file. Some repeated content to pad the file. Some repeated content to pad the file. Some repeated content to pad the file. Some repeated content to pad the file. Some repeated content to pad the file. Some repeated content to pad the file. Some repeated content to pad the file. Some repeated content to pad the file. Some repeated content to pad the file. Some repeated content to pad the file. Some repeated content to pad the file. Some repeated content to pad the file. Some repeated content to pad the file. Some repeated content to pad the file. Some repeated content to pad the file. Some repeated content to pad the file. Some repeated content to pad the file. Some repeated content to pad the file. Some repeated content to pad the file. Some repeated content to pad the file. Some repeated content to pad the file. Some repeated content to pad the file. Some repeated content to pad the file. Some repeated content to pad the file. Some repeated content to pad the file. Some repeated content to pad the file. Some repeated content to pad the file. Some repeated content to pad the file. Some repeated content to pad the file. Some repeated content to pad the file. Some repeated content to pad the file. Some repeated content to pad the file. Some repeated content to pad the file. Some repeated content to pad the file. Some repeated content to pad the file. Some repeated content to pad the file. Some repeated content to pad the file. Some repeated content to pad the file. Some repeated content to pad the file. Some repeated content to pad the file. Some repeated content to pad the file. Some repeated content to pad the file. Some repeated content to pad the file. Some repeated content to pad the file. Some repeated content to pad the file. Some repeated content to pad the file. Some repeated content to pad the file. Some repeated content to pad the file. Some repeated content to pad the file. Some repeated content to pad the file. Some repeated content to pad the file. Some repeated content to pad the file. Some repeated content to pad the file. Some repeated content to pad the file. Some repeated content to pad the file. Some repeated content to pad the file. Some repeated content to pad the file. Some repeated content to pad the file. Some repeated content to pad the file. Some repeated content to pad the file. Some repeated content to pad the file. Some repeated content to pad the file. Some repeated content to pad the file. Some repeated content to pad the file. Some repeated content to pad the file. Some repeated content to pad the file. Some repeated content to pad the file. Some repeated content to pad the file. Some repeated content to pad the file. Some repeated content to pad the file. Some repeated content to pad the file. Some repeated content to pad the file. Some repeated content to pad the file. Some repeated content to pad the file. Some repeated content to pad the file. Some repeated content to pad the file. Some repeated content to pad the file. Some repeated content to pad the file. Some repeated content to pad the file. Some repeated content to pad the file. Some repeated content to pad the file. Some repeated content to pad the file. Some repeated content to pad the file. Some repeated content to pad the file. Some repeated content to pad the file. Some repeated content to pad the file. Some repeated content to pad the file. Some repeated content to pad the file. Some repeated content to pad the file. Some repeated content to pad the file. Some repeated content to pad the file. Some repeated content to pad the file. Some repeated content to pad the file. Some repeated content to pad the file. Some repeated content to pad the file. Some repeated content to pad the file. Some repeated content to pad the file. Some repeated content to pad the file. Some repeated content to pad the file. Some repeated content to pad the file. Some repeated content to pad the file. Some repeated content to pad the file. Some repeated content to pad the file. Some repeated content to pad the file. Some repeated content to pad the file. Some repeated content to pad the file. Some repeated content to pad the file. Some repeated content to pad the file. Some repeated content to pad the file. Some repeated content to pad the file. Some repeated content to pad the file. Some repeated content to pad the file. Some repeated content to pad the file. Some repeated content to pad the file. Some repeated content to pad the file. Some repeated content to pad the file. Some repeated content to pad the file. Some repeated content to pad the file. Some repeated content to pad the file. Some repeated content to pad the file. Some repeated content to pad the file. Some repeated content to pad the file. Some repeated content to pad the file. Some repeated content to pad the file. Some repeated content to pad the file. Some repeated content to pad the file. Some repeated content to pad the file. Some repeated content to pad the file. Some repeated content to pad the file. Some repeated content to pad the file. Some repeated content to pad the file. Some repeated content to pad the file. Some repeated content to pad the file. Some repeated content to pad the file. Some repeated content to pad the file. Some repeated content to pad the file. Some repeated content to pad the file. Some repeated content to pad the file. Some repeated content to pad the file. Some repeated content to pad the file. Some repeated content to pad the file. Some repeated content to pad the file. Some repeated content to pad the file. Some repeated content to pad the file. Some repeated content to pad the file. Some repeated content to pad the file. Some repeated content to pad the file. Some repeated content to pad the file. Some repeated content to pad the file. Some repeated content to pad the file. Some repeated content to pad the file. Some repeated content to pad the file. Some repeated content to pad the file. Some repeated content to pad the file. Some repeated content to pad the file. Some repeated content to pad the file. Some repeated content to pad the file. Some repeated content to pad the file. Some repeated content to pad the file. Some repeated content to pad the file. Some repeated content to pad the file. Some repeated content to pad the file. Some repeated content to pad the file. Some repeated content to pad the file. Some repeated content to pad the file. Some repeated content to pad the file. Some repeated content to pad the file. Some repeated content to pad the file. Some repeated content to pad the file. Some repeated content to pad the file. Some repeated content to pad the file. Some repeated content to pad the file. Some repeated content to pad the file. Some repeated content to pad the file. Some repeated content to pad the file. Some repeated content to pad the file. Some repeated content to pad the file. Some repeated content to pad the file. Some repeated content to pad the file. Some repeated content to pad the file. Some repeated content to pad the file. Some repeated content to pad the file. Some repeated content to pad the file. Some repeated content to pad the file. Some repeated content to pad the file. Some repeated content to pad the file. Some repeated content to pad the file. Some repeated content to pad the file. Some repeated content to pad the file. Some repeated content to pad the file. Some repeated content to pad the file. Some repeated content to pad the file. Some repeated content to pad the file. Some repeated content to pad the file. Some repeated content to pad the file. Some repeated content to pad the file. Some repeated content to pad the file. Some repeated content to pad the file. Some repeated content to pad the file. Some repeated content to pad the file. Some repeated content to pad the file. Some repeated content to pad the file. Some repeated content to pad the file. Some repeated content to pad the file. Some repeated content to pad the file. Some repeated content to pad the file. Some repeated content to pad the file. Some repeated content to pad the file. Some repeated content to pad the file. Some repeated content to pad the file. Some repeated content to pad the file. Some repeated content to pad the file. Some repeated content to pad the file. Some repeated content to pad the file. Some repeated content to pad the file. Some repeated content to pad the file. Some repeated content to pad the file. Some repeated content to pad the file. Some repeated content to pad the file. Some repeated content to pad the file. Some repeated content to pad the file. Some repeated content to pad the file. Some repeated content to pad the file. Some repeated content to pad the file. Some repeated content to pad the file. Some repeated content to pad the file. Some repeated content to pad the file. Some repeated content to pad the file. Some repeated content to pad the file. Some repeated content to pad the file. Some repeated content to pad the file. Some repeated content to pad the file. Some repeated content to pad the file. Some repeated content to pad the file. Some repeated content to pad the file. Some repeated content to pad the file. Some repeated content to pad the file. Some repeated content to pad the file. Some repeated content to pad the file. Some repeated content to pad the file. Some repeated content to pad the file. Some repeated content to pad the file. Some repeated content to pad the file. Some repeated content to pad the file. Some repeated content to pad the file. Some repeated content to pad the file. Some repeated content to pad the file. Some repeated content to pad the file. Some repeated content to pad the file. Some repeated content to pad the file. Some repeated content to pad the file. Some repeated content to pad the file. Some repeated content to pad the file. Some repeated content to pad the file. Some repeated content to pad the file. Some repeated content to pad the file. Some repeated content to pad the file. Some repeated content to pad the file. Some repeated content to pad the file. Some repeated content to pad the file. Some repeated content to pad the file. Some repeated content to pad the file. Some repeated content to pad the file. Some repeated content to pad the file. Some repeated content to pad the file. Some repeated content to pad the file. Some repeated content to pad the file. Some repeated content to pad the file. Some repeated content to pad the file. Some repeated content to pad the file. Some repeated content to pad the file. Some repeated content to pad the file. Some repeated content to pad the file. Some repeated content to pad the file. Some repeated content to pad the file. Some repeated content to pad the file. Some repeated content to pad the file. Some repeated content to pad the file. Some repeated content to pad the file. Some repeated content to pad the file. Some repeated content to pad the file. Some repeated content to pad the file. Some repeated content to pad the file. Some repeated content to pad the file. Some repeated content to pad the file. Some repeated content to pad the file. Some repeated content to pad the file. Some repeated content to pad the file. Some repeated content to pad the file. Some repeated content to pad the file. Some repeated content to pad the file. Some repeated content to pad the file. Some repeated content to pad the file. Some repeated content to pad the file. Some repeated content to pad the file. Some repeated content to pad the file. Some repeated content to pad the file. Some repeated content to pad the file. Some repeated content to pad the file. Some repeated content to pad the file. Some repeated content to pad the file. Some repeated content to pad the file. Some repeated content to pad the file. Some repeated content to pad the file. Some repeated content to pad the file. Some repeated content to pad the file. Some repeated content to pad the file. Some repeated content to pad the file. Some repeated content to pad the file. Some repeated content to pad the file. Some repeated content to pad the file. Some repeated content to pad the file. Some repeated content to pad the file. Some repeated content to pad the file. Some repeated content to pad the file. Some repeated content to pad the file. Some repeated content to pad the file. Some repeated content to pad the file. Some repeated content to pad the file. Some repeated content to pad the file. Some repeated content to pad the file. Some repeated content to pad the file. Some repeated content to pad the file. Some repeated content to pad the file. Some repeated content to pad the file. Some repeated content to pad the file. Some repeated content to pad the file. Some repeated content to pad the file. Some repeated content to pad the file. Some repeated content to pad the file. Some repeated content to pad the file. Some repeated content to pad the file. Some repeated content to pad the file. Some repeated content to pad the file. Some repeated content to pad the file. Some repeated content to pad the file. Some repeated content to pad the file. Some repeated content to pad the file. Some repeated content to pad the file. Some repeated content to pad the file. Some repeated content to pad the file. Some repeated content to pad the file. Some repeated content to pad the file. Some repeated content to pad the file. Some repeated content to pad the file. Some repeated content to pad the file. Some repeated content to pad the file. Some repeated content to pad the file. Some repeated content to pad the file. Some repeated content to pad the file. Some repeated content to pad the file. Some repeated content to pad the file. Some repeated content to pad the file. Some repeated content to pad the file. Some repeated content to pad the file. Some repeated content to pad the file. Some repeated content to pad the file. Some repeated content to pad the file. Some repeated content to pad the file. Some repeated content to pad the file. Some repeated content to pad the file. Some repeated content to pad the file. Some repeated content to pad the file. Some repeated content to pad the file. Some repeated content to pad the file. Some repeated content to pad the file. Some repeated content to pad the file. Some repeated content to pad the file. Some repeated content to pad the file. Some repeated content to pad the file. Some repeated content to pad the file. Some repeated content to pad the file. Some repeated content to pad the file. Some repeated content to pad the file. Some repeated content to pad the file. Some repeated content to pad the file. Some repeated content to pad the file. Some repeated content to pad the file. Some repeated content to pad the file. Some repeated content to pad the file. Some repeated content to pad the file. Some repeated content to pad the file. Some repeated content to pad the file. Some repeated content to pad the file. Some repeated content to pad the file. Some repeated content to pad the file. Some repeated content to pad the file. Some repeated content to pad the file. Some repeated content to pad the file. Some repeated content to pad the file. Some repeated content to pad the file. Some repeated content to pad the file. Some repeated content to pad the file. Some repeated content to pad the file. Some repeated content to pad the file. Some repeated content to pad the file. Some repeated content to pad the file. Some repeated content to pad the file. Some repeated content to pad the file. Some repeated content to pad the file. Some repeated content to pad the file. Some repeated content to pad the file. Some repeated content to pad the file. Some repeated content to pad the file. Some repeated content to pad the file. Some repeated content to pad the file. Some repeated content to pad the file. Some repeated content to pad the file. Some repeated content to pad the file. Some repeated content to pad the file. Some repeated content to pad the file. Some repeated content to pad the file. Some repeated content to pad the file. Some repeated content to pad the file. Some repeated content to pad the file. Some repeated content to pad the file. Some repeated content to pad the file. Some repeated content to pad the file. Some repeated content to pad the file. Some repeated content to pad the file. Some repeated content to pad the file. Some repeated content to pad the file. Some repeated content to pad the file. Some repeated content to pad the file. Some repeated content to pad the file. Some repeated content to pad the file. Some repeated content to pad the file. Some repeated content to pad the file. Some repeated content to pad the file. Some repeated content to pad the file. Some repeated content to pad the file. Some repeated content to pad the file. Some repeated content to pad the file. Some repeated content to pad the file. Some repeated content to pad the file. Some repeated content to pad the file. Some repeated content to pad the file. Some repeated content to pad the file. Some repeated content to pad the file. Some repeated content to pad the file. Some repeated content to pad the file. Some repeated content to pad the file. Some repeated content to pad the file. Some repeated content to pad the file. Some repeated content to pad the file. Some repeated content to pad the file. Some repeated content to pad the file. Some repeated content to pad the file. Some repeated content to pad the file. Some repeated content to pad the file. Some repeated content to pad the file. Some repeated content to pad the file. Some repeated content to pad the file. Some repeated content to pad the file. Some repeated content to pad the file. Some repeated content to pad the file. Some repeated content to pad the file. Some repeated content to pad the file. Some repeated content to pad the file. Some repeated content to pad the file. Some repeated content to pad the file. Some repeated content to pad the file. Some repeated content to pad the file. Some repeated content to pad the file. Some repeated content to pad the file. Some repeated content to pad the file. Some repeated content to pad the file. Some repeated content to pad the file. Some repeated content to pad the file. Some repeated content to pad the file. Some repeated content to pad the file. Some repeated content to pad the file. Some repeated content to pad the file. Some repeated content to pad the file. Some repeated content to pad the file. Some repeated content to pad the file. Some repeated content to pad the file. Some repeated content to pad the file. Some repeated content to pad the file. Some repeated content to pad the file. Some repeated content to pad the file. Some repeated content to pad the file. Some repeated content to pad the file. Some repeated content to pad the file. Some repeated content to pad the file. Some repeated content to pad the file. Some repeated content to pad the file. Some repeated content to pad the file. Some repeated content to pad the file. Some repeated content to pad the file. Some repeated content to pad the file. Some repeated content to pad the file. Some repeated content to pad the file. Some repeated content to pad the file. Some repeated content to pad the file. Some repeated content to pad the file. Some repeated content to pad the file. Some repeated content to pad the file. Some repeated content to pad the file. Some repeated content to pad the file. Some repeated content to pad the file. Some repeated content to pad the file. Some repeated content to pad the file. Some repeated content to pad the file. Some repeated content to pad the file. Some repeated content to pad the file. Some repeated content to pad the file. Some repeated content to pad the file. Some repeated content to pad the file. Some repeated content to pad the file. Some repeated content to pad the file. Some repeated content to pad the file. Some repeated content to pad the file. Some repeated content to pad the file. Some repeated content to pad the file. Some repeated content to pad the file. Some repeated content to pad the file. Some repeated content to pad the file. Some repeated content to pad the file. Some repeated content to pad the file. Some repeated content to pad the file. Some repeated content to pad the file. Some repeated content to pad the file. Some repeated content to pad the file. Some repeated content to pad the file. Some repeated content to pad the file. Some repeated content to pad the file. Some repeated content to pad the file. Some repeated content to pad the file. Some repeated content to pad the file. Some repeated content to pad the file. Some repeated content to pad the file. Some repeated content to pad the file. Some repeated content to pad the file. Some repeated content to pad the file. Some repeated content to pad the file. Some repeated content to pad the file. Some repeated content to pad the file. Some repeated content to pad the file. Some repeated content to pad the file. Some repeated content to pad the file. Some repeated content to pad the file. Some repeated content to pad the file. Some repeated content to pad the file. Some repeated content to pad the file. Some repeated content to pad the file. Some repeated content to pad the file. Some repeated content to pad the file. Some repeated content to pad the file. Some repeated content to pad the file. Some repeated content to pad the file. Some repeated content to pad the file. Some repeated content to pad the file. Some repeated content to pad the file. Some repeated content to pad the file. Some repeated content to pad the file. Some repeated content to pad the file. Some repeated content to pad the file. Some repeated content to pad the file. Some repeated content to pad the file. Some repeated content to pad the file. Some repeated content to pad the file. Some repeated content to pad the file. Some repeated content to pad the file. Some repeated content to pad the file. Some repeated content to pad the file. Some repeated content to pad the file. Some repeated content to pad the file. Some repeated content to pad the file. Some repeated content to pad the file. Some repeated content to pad the file. Some repeated content to pad the file. Some repeated content to pad the file. Some repeated content to pad the file. Some repeated content to pad the file. Some repeated content to pad the file. Some repeated content to pad the file. Some repeated content to pad the file. Some repeated content to pad the file. Some repeated content to pad the file. Some repeated content to pad the file. Some repeated content to pad the file. Some repeated content to pad the file. Some repeated content to pad the file. Some repeated content to pad the file. Some repeated content to pad the file. Some repeated content to pad the file. Some repeated content to pad the file. Some repeated content to pad the file. Some repeated content to pad the file. Some repeated content to pad the file. Some repeated content to pad the file. Some repeated content to pad the file. Some repeated content to pad the file. Some repeated content to pad the file. Some repeated content to pad the file. Some repeated content to pad the file. Some repeated content to pad the file. Some repeated content to pad the file. Some repeated content to pad the file. Some repeated content to pad the file. Some repeated content to pad the file. Some repeated content to pad the file. Some repeated content to pad the file. Some repeated content to pad the file. Some repeated content to pad the file. Some repeated content to pad the file. Some repeated content to pad the file. Some repeated content to pad the file. Some repeated content to pad the file. Some repeated content to pad the file. Some repeated content to pad the file. Some repeated content to pad the file. Some repeated content to pad the file. Some repeated content to pad the file. Some repeated content to pad the file. Some repeated content to pad the file. Some repeated content to pad the file. Some repeated content to pad the file. Some repeated content to pad the file. Some repeated content to pad the file. Some repeated content to pad the file. Some repeated content to pad the file. Some repeated content to pad the file. Some repeated content to pad the file. Some repeated content to pad the file. Some repeated content to pad the file. Some repeated content to pad the file. Some repeated content to pad the file. Some repeated content to pad the file. Some repeated content to pad the file. Some repeated content to pad the file. Some repeated content to pad the file. Some repeated content to pad the file. Some repeated content to pad the file. Some repeated content to pad the file. Some repeated content to pad the file. Some repeated content to pad the file. Some repeated content to pad the file. Some repeated content to pad the file. Some repeated content to pad the file. Some repeated content to pad the file. Some repeated content to pad the file. Some repeated content to pad the file. Some repeated content to pad the file. Some repeated content to pad the file. Some repeated content to pad the file. Some repeated content to pad the file. Some repeated content to pad the file. Some repeated content to pad the file. Some repeated content to pad the file. Some repeated content to pad the file. Some repeated content to pad the file. Some repeated content to pad the file. Some repeated content to pad the file. Some repeated content to pad the file. Some repeated content to pad the file. Some repeated content to pad the file. Some repeated content to pad the file. Some repeated content to pad the file. Some repeated content to pad the file. Some repeated content to pad the file. Some repeated content to pad the file. Some repeated content to pad the file. Some repeated content to pad the file. Some repeated content to pad the file. Some repeated content to pad the file. Some repeated content to pad the file. Some repeated content to pad the file. Some repeated content to pad the file. Some repeated content to pad the file. Some repeated content to pad the file. Some repeated content to pad the file. Some repeated content to pad the file. Some repeated content to pad the file. Some repeated content to pad the file. Some repeated content to pad the file. Some repeated content to pad the file. Some repeated content to pad the file. Some repeated content to pad the file. Some repeated content to pad the file. Some repeated content to pad the file. Some repeated content to pad the file. Some repeated content to pad the file. Some repeated content to pad the file. Some repeated content to pad the file. Some repeated content to pad the file. Some repeated content to pad the file. Some repeated content to pad the file. Some repeated content to pad the file. Some repeated content to pad the file. Some repeated content to pad the file. Some repeated content to pad the file. Some repeated content to pad the file. Some repeated content to pad the file. Some repeated content to pad the file. Some repeated content to pad the file. Some repeated content to pad the file. Some repeated content to pad the file. Some repeated content to pad the file. Some repeated content to pad the file. Some repeated content to pad the file. Some repeated content to pad the file. Some repeated content to pad the file. Some repeated content to pad the file. Some repeated content to pad the file. Some repeated content to pad the file. Some repeated content to pad the file. Some repeated content to pad the file. Some repeated content to pad the file. Some repeated content to pad the file. Some repeated content to pad the file. Some repeated content to pad the file. Some repeated content to pad the file. Some repeated content to pad the file. Some repeated content to pad the file. Some repeated content to pad the file. Some repeated content to pad the file. Some repeated content to pad the file. Some repeated content to pad the file. Some repeated content to pad the file. Some repeated content to pad the file. Some repeated content to pad the file. Some repeated content to pad the file. Some repeated content to pad the file. Some repeated content to pad the file. Some repeated content to pad the file. Some repeated content to pad the file. Some repeated content to pad the file. Some repeated content to pad the file. Some repeated content to pad the file. Some repeated content to pad the file. Some repeated content to pad the file. Some repeated content to pad the file. Some repeated content to pad the file. Some repeated content to pad the file. Some repeated content to pad the file. Some repeated content to pad the file. Some repeated content to pad the file. Some repeated content to pad the file. Some repeated content to pad the file. Some repeated content to pad the file. Some repeated content to pad the file. Some repeated content to pad the file. Some repeated content to pad the file. Some repeated content to pad the file. Some repeated content to pad the file. Some repeated content to pad the file. Some repeated content to pad the file. Some repeated content to pad the file. Some repeated content to pad the file. Some repeated content to pad the file. Some repeated content to pad the file. Some repeated content to pad the file. Some repeated content to pad the file. Some repeated content to pad the file. Some repeated content to pad the file. Some repeated content to pad the file. Some repeated content to pad the file. Some repeated content to pad the file. Some repeated content to pad the file. Some repeated content to pad the file. Some repeated content to pad the file. Some repeated content to pad the file. Some repeated content to pad the file. Some repeated content to pad the file. Some repeated content to pad the file. Some repeated content to pad the file. Some repeated content to pad the file. Some repeated content to pad the file. Some repeated content to pad the file. Some repeated content to pad the file. Some repeated content to pad the file. Some repeated content to pad the file. Some repeated content to pad the file. Some repeated content to pad the file. Some repeated content to pad the file. Some repeated content to pad the file. Some repeated content to pad the file. Some repeated content to pad the file. Some repeated content to pad the file. Some repeated content to pad the file. Some repeated content to pad the file. Some repeated content to pad the file. Some repeated content to pad the file. Some repeated content to pad the file. Some repeated content to pad the file. Some repeated content to pad the file. Some repeated content to pad the file. Some repeated content to pad the file. Some repeated content to pad the file. Some repeated content to pad the file. Some repeated content to pad the file. Some repeated content to pad the file. Some repeated content to pad the file. Some repeated content to pad the file. Some repeated content to pad the file. Some repeated content to pad the file. Some repeated content to pad the file. Some repeated content to pad the file. Some repeated content to pad the file. Some repeated content to pad the file. Some repeated content to pad the file. Some repeated content to pad the file. Some repeated content to pad the file. Some repeated content to pad the file. Some repeated content to pad the file. Some repeated content to pad the file. Some repeated content to pad the file. Some repeated content to pad the file. Some repeated content to pad the file. Some repeated content to pad the file. Some repeated content to pad the file. Some repeated content to pad the file. Some repeated content to pad the file. Some repeated content to pad the file. Some repeated content to pad the file. Some repeated content to pad the file. Some repeated content to pad the file. Some repeated content to pad the file. Some repeated content to pad the file. Some repeated content to pad the file. Some repeated content to pad the file. Some repeated content to pad the file. Some repeated content to pad the file. Some repeated content to pad the file. Some repeated content to pad the file. Some repeated content to pad the file. Some repeated content to pad the file. Some repeated content to pad the file. Some repeated content to pad the file. Some repeated content to pad the file. Some repeated content to pad the file. Some repeated content to pad the file. Some repeated content to pad the file. Some repeated content to pad the file. Some repeated content to pad the file. Some repeated content to pad the file. Some repeated content to pad the file. Some repeated content to pad the file. Some repeated content to pad the file. Some repeated content to pad the file. Some repeated content to pad the file. Some repeated content to pad the file. Some repeated content to pad the file. Some repeated content to pad the file. Some repeated content to pad the file. Some repeated content to pad the file. Some repeated content to pad the file. Some repeated content to pad the file. Some repeated content to pad the file. Some repeated content to pad the file. Some repeated content to pad the file. Some repeated content to pad the file. Some repeated content to pad the file. Some repeated content to pad the file. Some repeated content to pad the file. Some repeated content to pad the file. Some repeated content to pad the file. Some repeated content to pad the file. Some repeated content to pad the file. Some repeated content to pad the file. Some repeated content to pad the file. Some repeated content to pad the file. Some repeated content to pad the file. Some repeated content to pad the file. Some repeated content to pad the file. Some repeated content to pad the file. Some repeated content to pad the file. Some repeated content to pad the file. Some repeated content to pad the file. Some repeated content to pad the file. Some repeated content to pad the file. Some repeated content to pad the file. Some repeated content to pad the file. Some repeated content to pad the file. Some repeated content to pad the file. Some repeated content to pad the file. Some repeated content to pad the file. Some repeated content to pad the file. Some repeated content to pad the file. Some repeated content to pad the file. Some repeated content to pad the file. Some repeated content to pad the file. Some repeated content to pad the file. Some repeated content to pad the file. Some repeated content to pad the file. Some repeated content to pad the file. Some repeated content to pad the file. Some repeated content to pad the file. Some repeated content to pad the file. Some repeated content to pad the file. Some repeated content to pad the file. Some repeated content to pad the file. Some repeated content to pad the file. Some repeated content to pad the file. Some repeated content to pad the file. Some repeated content to pad the file. Some repeated content to pad the file. Some repeated content to pad the file. Some repeated content to pad the file. Some repeated content to pad the file. Some repeated content to pad the file. Some repeated content to pad the file. Some repeated content to pad the file. Some repeated content to pad the file. Some repeated content to pad the file. Some repeated content to pad the file. Some repeated content to pad the file. Some repeated content to pad the file. Some repeated content to pad the file. Some repeated content to pad the file. Some repeated content to pad the file. Some repeated content to pad the file. Some repeated content to pad the file. Some repeated content to pad the file. Some repeated content to pad the file. Some repeated content to pad the file. Some repeated content to pad the file. Some repeated content to pad the file. Some repeated content to pad the file. Some repeated content to pad the file. Some repeated content to pad the file. Some repeated content to pad the file. Some repeated content to pad the file. Some repeated content to pad the file. Some repeated content to pad the file. Some repeated content to pad the file. Some repeated content to pad the file. Some repeated content to pad the file. Some repeated content to pad the file. Some repeated content to pad the file. Some repeated content to pad the file. Some repeated content to pad the file. Some repeated content to pad the file. Some repeated content to pad the file. Some repeated content to pad the file. Some repeated content to pad the file. Some repeated content to pad the file. Some repeated content to pad the file. Some repeated content to pad the file. Some repeated content to pad the file. Some repeated content to pad the file. Some repeated content to pad the file. Some repeated content to pad the file. Some repeated content to pad the file. Some repeated content to pad the file. Some repeated content to pad the file. Some repeated content to pad the file. Some repeated content to pad the file. Some repeated content to pad the file. Some repeated content to pad the file. Some repeated content to pad the file. Some repeated content to pad the file. Some repeated content to pad the file. Some repeated content to pad the file. Some repeated content to pad the file. Some repeated content to pad the file. Some repeated content to pad the file. Some repeated content to pad the file. Some repeated content to pad the file. Some repeated content to pad the file. Some repeated content to pad the file. Some repeated content to pad the file. Some repeated content to pad the file. Some repeated content to pad the file. Some repeated content to pad the file. Some repeated content to pad the file. Some repeated content to pad the file. Some repeated content to pad the file. Some repeated content to pad the file. Some repeated content to pad the file. Some repeated content to pad the file. Some repeated content to pad the file. Some repeated content to pad the file. Some repeated content to pad the file. Some repeated content to pad the file. Some repeated content to pad the file. Some repeated content to pad the file. Some repeated content to pad the file. Some repeated content to pad the file. Some repeated content to pad the file. Some repeated content to pad the file. Some repeated content to pad the file. Some repeated content to pad the file. Some repeated content to pad the file. Some repeated content to pad the file. Some repeated content to pad the file. Some repeated content to pad the file. Some repeated content to pad the file. Some repeated content to pad the file. Some repeated content to pad the file. Some repeated content to pad the file. Some repeated content to pad the file. Some repeated content to pad the file. Some repeated content to pad the file. Some repeated content to pad the file. Some repeated content to pad the file. Some repeated content to pad the file. Some repeated content to pad the file. Some repeated content to pad the file. Some repeated content to pad the file. Some repeated content to pad the file. Some repeated content to pad the file. Some repeated content to pad the file. Some repeated content to pad the file. Some repeated content to pad the file. Some repeated content to pad the file. Some repeated content to pad the file. Some repeated content to pad the file. Some repeated content to pad the file. Some repeated content to pad the file. Some repeated content to pad the file. Some repeated content to pad the file. Some repeated content to pad the file. Some repeated content to pad the file. Some repeated content to pad the file. Some repeated content to pad the file. Some repeated content to pad the file. Some repeated content to pad the file. Some repeated content to pad the file. Some repeated content to pad the file. Some repeated content to pad the file. Some repeated content to pad the file. Some repeated content to pad the file. Some repeated content to pad the file. Some repeated content to pad the file. Some repeated content to pad the file. Some repeated content to pad the file. Some repeated content to pad the file. Some repeated content to pad the file. Some repeated content to pad the file. Some repeated content to pad the file. Some repeated content to pad the file. Some repeated content to pad the file. Some repeated content to pad the file. Some repeated content to pad the file. Some repeated content to pad the file. Some repeated content to pad the file. Some repeated content to pad the file. Some repeated content to pad the file. Some repeated content to pad the file. Some repeated content to pad the file. Some repeated content to pad the file. Some repeated content to pad the file. Some repeated content to pad the file. Some repeated content to pad the file. Some repeated content to pad the file. Some repeated content to pad the file. Some repeated content to pad the file. Some repeated content to pad the file. Some repeated content to pad the file. Some repeated content to pad the file. Some repeated content to pad the file. Some repeated content to pad the file. Some repeated content to pad the file. Some repeated content to pad the file. Some repeated content to pad the file. Some repeated content to pad the file. Some repeated content to pad the file. Some repeated content to pad the file. Some repeated content to pad the file. Some repeated content to pad the file. Some repeated content to pad the file. Some repeated content to pad the file. Some repeated content to pad the file. Some repeated content to pad the file. Some repeated content to pad the file. Some repeated content to pad the file. Some repeated content to pad the file. Some repeated content to pad the file. Some repeated content to pad the file. Some repeated content to pad the file. Some repeated content to pad the file. Some repeated content to pad the file. Some repeated content to pad the file. Some repeated content to pad the file. Some repeated content to pad the file. Some repeated content to pad the file. Some repeated content to pad the file. Some repeated content to pad the file. Some repeated content to pad the file. Some repeated content to pad the file. Some repeated content to pad the file. Some repeated content to pad the file. Some repeated content to pad the file. Some repeated content to pad the file. Some repeated content to pad the file. Some repeated content to pad the file. Some repeated content to pad the file. Some repeated content to pad the file. Some repeated content to pad the file. Some repeated content to pad the file. Some repeated content to pad the file. Some repeated content to pad the file. Some repeated content to pad the file. Some repeated content to pad the file. Some repeated content to pad the file. Some repeated content to pad the file. Some repeated content to pad the file. Some repeated content to pad the file. Some repeated content to pad the file. Some repeated content to pad the file. Some repeated content to pad the file. Some repeated content to pad the file. Some repeated content to pad the file. Some repeated content to pad the file. Some repeated content to pad the file. Some repeated content to pad the file. Some repeated content to pad the file. Some repeated content to pad the file. Some repeated content to pad the file. Some repeated content to pad the file. Some repeated content to pad the file. Some repeated content to pad the file. Some repeated content to pad the file. Some repeated content to pad the file. Some repeated content to pad the file. Some repeated content to pad the file. Some repeated content to pad the file. Some repeated content to pad the file. Some repeated content to pad the file. Some repeated content to pad the file. Some repeated content to pad the file. Some repeated content to pad the file. Some repeated content to pad the file. Some repeated content to pad the file. Some repeated content to pad the file. Some repeated content to pad the file. Some repeated content to pad the file. Some repeated content to pad the file. Some repeated content to pad the file. Some repeated content to pad the file. Some repeated content to pad the file. Some repeated content to pad the file. Some repeated content to pad the file. Some repeated content to pad the file. Some repeated content to pad the file. Some repeated content to pad the file. Some repeated content to pad the file. Some repeated content to pad the file. Some repeated content to pad the file. Some repeated content to pad the file. Some repeated content to pad the file. Some repeated content to pad the file. Some repeated content to pad the file. Some repeated content to pad the file. Some repeated content to pad the file. Some repeated content to pad the file. Some repeated content to pad the file. Some repeated content to pad the file. Some repeated content to pad the file. Some repeated content to pad the file. Some repeated content to pad the file. Some repeated content to pad the file. Some repeated content to pad the file. Some repeated content to pad the file. Some repeated content to pad the file. Some repeated content to pad the file. Some repeated content to pad the file. Some repeated content to pad the file. Some repeated content to pad the file. Some repeated content to pad the file. Some repeated content to pad the file. Some repeated content to pad the file. Some repeated content to pad the file. Some repeated content to pad the file. Some repeated content to pad the file. Some repeated content to pad the file. Some repeated content to pad the file. Some repeated content to pad the file. Some repeated content to pad the file. Some repeated content to pad the file. Some repeated content to pad the file. Some repeated content to pad the file. Some repeated content to pad the file. Some repeated content to pad the file. Some repeated content to pad the file. Some repeated content to pad the file. Some repeated content to pad the file. Some repeated content to pad the file. Some repeated content to pad the file. Some repeated content to pad the file. Some repeated content to pad the file. Some repeated content to pad the file. Some repeated content to pad the file. Some repeated content to pad the file. Some repeated content to pad the file. Some repeated content to pad the file. Some repeated content to pad the file. Some repeated content to pad the file. Some repeated content to pad the file. Some repeated content to pad the file. Some repeated content to pad the file. Some repeated content to pad the file. Some repeated content to pad the file. Some repeated content to pad the file. Some repeated content to pad the file. Some repeated content to pad the file. Some repeated content to pad the file. Some repeated content to pad the file. Some repeated content to pad the file. Some repeated content to pad the file. Some repeated content to pad the file. Some repeated content to pad the file. Some repeated content to pad the file. Some repeated content to pad the file. Some repeated content to pad the file. Some repeated content to pad the file. Some repeated content to pad the file. Some repeated content to pad the file. Some repeated content to pad the file. Some repeated content to pad the file. Some repeated content to pad the file. Some repeated content to pad the file. Some repeated content to pad the file. Some repeated content to pad the file. Some repeated content to pad the file. Some repeated content to pad the file. Some repeated content to pad the file. Some repeated content to pad the file. Some repeated content to pad the file. Some repeated content to pad the file. Some repeated content to pad the file. Some repeated content to pad the file. Some repeated content to pad the file. Some repeated content to pad the file. Some repeated content to pad the file. Some repeated content to pad the file. Some repeated content to pad the file. Some repeated content to pad the file. Some repeated content to pad the file. Some repeated content to pad the file. Some repeated content to pad the file. Some repeated content to pad the file. Some repeated content to pad the file. Some repeated content to pad the file. Some repeated content to pad the file. Some repeated content to pad the file. Some repeated content to pad the file. Some repeated content to pad the file. Some repeated content to pad the file. Some repeated content to pad the file. Some repeated content to pad the file. Some repeated content to pad the file. Some repeated content to pad the file. Some repeated content to pad the file. Some repeated content to pad the file. Some repeated content to pad the file. Some repeated content to pad the file. Some repeated content to pad the file. Some repeated content to pad the file. Some repeated content to pad the file. Some repeated content to pad the file. Some repeated content to pad the file. Some repeated content to pad the file. Some repeated content to pad the file. Some repeated content to pad the file. Some repeated content to pad the file. Some repeated content to pad the file. Some repeated content to pad the file. Some repeated content to pad the file. Some repeated content to pad the file. Some repeated content to pad the file. Some repeated content to pad the file. Some repeated content to pad the file. Some repeated content to pad the file. Some repeated content to pad the file. Some repeated content to pad the file. Some repeated content to pad the file. Some repeated content to pad the file. Some repeated content to pad the file. Some repeated content to pad the file. Some repeated content to pad the file. Some repeated content to pad the file. Some repeated content to pad the file. Some repeated content to pad the file. Some repeated content to pad the file. Some repeated content to pad the file. Some repeated content to pad the file. Some repeated content to pad the file. Some repeated content to pad the file. Some repeated content to pad the file. Some repeated content to pad the file. Some repeated content to pad the file. Some repeated content to pad the file. Some repeated content to pad the file. Some repeated content to pad the file. Some repeated content to pad the file. Some repeated content to pad the file. Some repeated content to pad the file. Some repeated content to pad the file. Some repeated content to pad the file. Some repeated content to pad the file. Some repeated content to pad the file. Some repeated content to pad the file. Some repeated content to pad the file. Some repeated content to pad the file. Some repeated content to pad the file. Some repeated content to pad the file. Some repeated content to pad the file. Some repeated content to pad the file. Some repeated content to pad the file. Some repeated content to pad the file. Some repeated content to pad the file. Some repeated content to pad the file. Some repeated content to pad the file. Some repeated content to pad the file. Some repeated content to pad the file. Some repeated content to pad the file. Some repeated content to pad the file. Some repeated content to pad the file. Some repeated content to pad the file. Some repeated content to pad the file. Some repeated content to pad the file. Some repeated content to pad the file. Some repeated content to pad the file. Some repeated content to pad the file. Some repeated content to pad the file. Some repeated content to pad the file. Some repeated content to pad the file. Some repeated content to pad the file. Some repeated content to pad the file. Some repeated content to pad the file. Some repeated content to pad the file. Some repeated content to pad the file. Some repeated content to pad the file. Some repeated content to pad the file. Some repeated content to pad the file. Some repeated content to pad the file. Some repeated content to pad the file. Some repeated content to pad the file. Some repeated content to pad the file. Some repeated content to pad the file. Some repeated content to pad the file. Some repeated content to pad the file. Some repeated content to pad the file. Some repeated content to pad the file. Some repeated content to pad the file. Some repeated content to pad the file. Some repeated content to pad the file. Some repeated content to pad the file. Some repeated content to pad the file. Some repeated content to pad the file. Some repeated content to pad the file. Some repeated content to pad the file. Some repeated content to pad the file. Some repeated content to pad the file. Some repeated content to pad the file. Some repeated content to pad the file. Some repeated content to pad the file. Some repeated content to pad the file. Some repeated content to pad the file. Some repeated content to pad the file. Some repeated content to pad the file. Some repeated content to pad the file. Some repeated content to pad the file. Some repeated content to pad the file. Some repeated content to pad the file. Some repeated content to pad the file. Some repeated content to pad the file. Some repeated content to pad the file. Some repeated content to pad the file. Some repeated content to pad the file. Some repeated content to pad the file. Some repeated content to pad the file. Some repeated content to pad the file. Some repeated content to pad the file. Some repeated content to pad the file. Some repeated content to pad the file. Some repeated content to pad the file. Some repeated content to pad the file. Some repeated content to pad the file. Some repeated content to pad the file. Some repeated content to pad the file. Some repeated content to pad the file. Some repeated content to pad the file. Some repeated content to pad the file. Some repeated content to pad the file. Some repeated content to pad the file. Some repeated content to pad the file. Some repeated content to pad the file. Some repeated content to pad the file. Some repeated content to pad the file. Some repeated content to pad the file. Some repeated content to pad the file. Some repeated content to pad the file. Some repeated content to pad the file. Some repeated content to pad the file. Some repeated content to pad the file. Some repeated content to pad the file. Some repeated content to pad the file. Some repeated content to pad the file. Some repeated content to pad the file. Some repeated content to pad the file. Some repeated content to pad the file. Some repeated content to pad the file. Some repeated content to pad the file. Some repeated content to pad the file. Some repeated content to pad the file. Some repeated content to pad the file. Some repeated content to pad the file. Some repeated content to pad the file. Some repeated content to pad the file. Some repeated content to pad the file. Some repeated content to pad the file. Some repeated content to pad the file. Some repeated content to pad the file. Some repeated content to pad the file. Some repeated content to pad the file. Some repeated content to pad the file. Some repeated content to pad the file. Some repeated content to pad the file. Some repeated content to pad the file. Some repeated content to pad the file. Some repeated content to pad the file. Some repeated content to pad the file. Some repeated content to pad the file. Some repeated content to pad the file. Some repeated content to pad the file. Some repeated content to pad the file. Some repeated content to pad the file. Some repeated content to pad the file. Some repeated content to pad the file. Some repeated content to pad the file. Some repeated content to pad the file. Some repeated content to pad the file. Some repeated content to pad the file. Some repeated content to pad the file. Some repeated content to pad the file. Some repeated content to pad the file. Some repeated content to pad the file. Some repeated content to pad the file. Some repeated content to pad the file. Some repeated content to pad the file. Some repeated content to pad the file. Some repeated content to pad the file. Some repeated content to pad the file. Some repeated content to pad the file. Some repeated content to pad the file. Some repeated content to pad the file. Some repeated content to pad the file. Some repeated content to pad the file. Some repeated content to pad the file. Some repeated content to pad the file. Some repeated content to pad the file. Some repeated content to pad the file. Some repeated content to pad the file. Some repeated content to pad the file. Some repeated content to pad the file. Some repeated content to pad the file. Some repeated content to pad the file. Some repeated content to pad the file. Some repeated content to pad the file. Some repeated content to pad the file. Some repeated content to pad the file. Some repeated content to pad the file. Some repeated content to pad the file. Some repeated content to pad the file. Some repeated content to pad the file. Some repeated content to pad the file. Some repeated content to pad the file. Some repeated content to pad the file. Some repeated content to pad the file. Some repeated content to pad the file. Some repeated content to pad the file. Some repeated content to pad the file. Some repeated content to pad the file. Some repeated content to pad the file. Some repeated content to pad the file. Some repeated content to pad the file. Some repeated content to pad the file. Some repeated content to pad the file. Some repeated content to pad the file. Some repeated content to pad the file. Some repeated content to pad the file. Some repeated content to pad the file. Some repeated content to pad the file. Some repeated content to pad the file. Some repeated content to pad the file. Some repeated content to pad the file. Some repeated content to pad the file. Some repeated content to pad the file. Some repeated content to pad the file. Some repeated content to pad the file. Some repeated content to pad the file. Some repeated content to pad the file. Some repeated content to pad the file. Some repeated content to pad the file. Some repeated content to pad the file. Some repeated content to pad the file. Some repeated content to pad the file. Some repeated content to pad the file. Some repeated content to pad the file. Some repeated content to pad the file. Some repeated content to pad the file. Some repeated content to pad the file. Some repeated content to pad the file. Some repeated content to pad the file. Some repeated content to pad the file. Some repeated content to pad the file. Some repeated content to pad the file. Some repeated content to pad the file. Some repeated content to pad the file. Some repeated content to pad the file. Some repeated content to pad the file. Some repeated content to pad the file. Some repeated content to pad the file. Some repeated content to pad the file. Some repeated content to pad the file. Some repeated content to pad the file. Some repeated content to pad the file. Some repeated content to pad the file. Some repeated content to pad the file. Some repeated content to pad the file. Some repeated content to pad the file. Some repeated content to pad the file. Some repeated content to pad the file. Some repeated content to pad the file. Some repeated content to pad the file. Some repeated content to pad the file. Some repeated content to pad the file. Some repeated content to pad the file. Some repeated content to pad the file. Some repeated content to pad the file. Some repeated content to pad the file. Some repeated content to pad the file. Some repeated content to pad the file. Some repeated content to pad the file. Some repeated content to pad the file. Some repeated content to pad the file. Some repeated content to pad the file. Some repeated content to pad the file. Some repeated content to pad the file. Some repeated content to pad the file. Some repeated content to pad the file. Some repeated content to pad the file. Some repeated content to pad the file. Some repeated content to pad the file. Some repeated content to pad the file. Some repeated content to pad the file. Some repeated content to pad the file. Some repeated content to pad the file. Some repeated content to pad the file. Some repeated content to pad the file. Some repeated content to pad the file. Some repeated content to pad the file. Some repeated content to pad the file. Some repeated content to pad the file. Some repeated content to pad the file. Some repeated content to pad the file. Some repeated content to pad the file. Some repeated content to pad the file. Some repeated content to pad the file. Some repeated content to pad the file. Some repeated content to pad the file. Some repeated content to pad the file. Some repeated content to pad the file. Some repeated content to pad the file. Some repeated content to pad the file. Some repeated content to pad the file. Some repeated content to pad the file. Some repeated content to pad the file. Some repeated content to pad the file. Some repeated content to pad the file. Some repeated content to pad the file. Some repeated content to pad the file. Some repeated content to pad the file. Some repeated content to pad the file. Some repeated content to pad the file. Some repeated content to pad the file. Some repeated content to pad the file. Some repeated content to pad the file. Some repeated content to pad the file. Some repeated content to pad the file. Some repeated content to pad the file. Some repeated content to pad the file. Some repeated content to pad the file. Some repeated content to pad the file. Some repeated content to pad the file. Some repeated content to pad the file. Some repeated content to pad the file. Some repeated content to pad the file. Some repeated content to pad the file. Some repeated content to pad the file. Some repeated content to pad the file. Some repeated content to pad the file. Some repeated content to pad the file. Some repeated content to pad the file. Some repeated content to pad the file. Some repeated content to pad the file. Some repeated content to pad the file. Some repeated content to pad the file. Some repeated content to pad the file. Some repeated content to pad the file. Some repeated content to pad the file. Some repeated content to pad the file. Some repeated content to pad the file. Some repeated content to pad the file. Some repeated content to pad the file. Some repeated content to pad the file. Some repeated content to pad the file. Some repeated content to pad the file. Some repeated content to pad the file. Some repeated content to pad the file. Some repeated content to pad the file. Some repeated content to pad the file. Some repeated content to pad the file. Some repeated content to pad the file. Some repeated content to pad the file. Some repeated content to pad the file. Some repeated content to pad the file. Some repeated content to pad the file. Some repeated content to pad the file. Some repeated content to pad the file. Some repeated content to pad the file. Some repeated content to pad the file. Some repeated content to pad the file. Some repeated content to pad the file. Some repeated content to pad the file. Some repeated content to pad the file. Some repeated content to pad the file. Some repeated content to pad the file. Some repeated content to pad the file. Some repeated content to pad the file. Some repeated content to pad the file. Some repeated content to pad the file. Some repeated content to pad the file. Some repeated content to pad the file. Some repeated content to pad the file. Some repeated content to pad the file. Some repeated content to pad the file. Some repeated content to pad the file. Some repeated content to pad the file. Some repeated content to pad the file. Some repeated content to pad the file. Some repeated content to pad the file. Some repeated content to pad the file. Some repeated content to pad the file. Some repeated content to pad the file. Some repeated content to pad the file. Some repeated content to pad the file. Some repeated content to pad the file. Some repeated content to pad the file. Some repeated content to pad the file. Some repeated content to pad the file. Some repeated content to pad the file. Some repeated content to pad the file. Some repeated content to pad the file. Some repeated content to pad the file. Some repeated content to pad the file. Some repeated content to pad the file. Some repeated content to pad the file. Some repeated content to pad the file. Some repeated content to pad the file. Some repeated content to pad the file. Some repeated content to pad the file. Some repeated content to pad the file. Some repeated content to pad the file. Some repeated content to pad the file. Some repeated content to pad the file. Some repeated content to pad the file. Some repeated content to pad the file. Some repeated content to pad the file. Some repeated content to pad the file. Some repeated content to pad the file. Some repeated content to pad the file. Some repeated content to pad the file. Some repeated content to pad the file. Some repeated content to pad the file. Some repeated content to pad the file. Some repeated content to pad the file. Some repeated content to pad the file. Some repeated content to pad the file. Some repeated content to pad the file. Some repeated content to pad the file. Some repeated content to pad the file. Some repeated content to pad the file. Some repeated content to pad the file. Some repeated content to pad the file. Some repeated content to pad the file. Some repeated content to pad the file. Some repeated content to pad the file. Some repeated content to pad the file. Some repeated content to pad the file. Some repeated content to pad the file. Some repeated content to pad the file. Some repeated content to pad the file. Some repeated content to pad the file. Some repeated content to pad the file. Some repeated content to pad the file. Some repeated content to pad the file. Some repeated content to pad the file. Some repeated content to pad the file. Some repeated content to pad the file. Some repeated content to pad the file. Some repeated content to pad the file. Some repeated content to pad the file. Some repeated content to pad the file. Some repeated content to pad the file. Some repeated content to pad the file. Some repeated content to pad the file. Some repeated content to pad the file. Some repeated content to pad the file. Some repeated content to pad the file. Some repeated content to pad the file. Some repeated content to pad the file. Some repeated content to pad the file. Some repeated content to pad the file. Some repeated content to pad the file. Some repeated content to pad the file. Some repeated content to pad the file. Some repeated content to pad the file. Some repeated content to pad the file. Some repeated content to pad the file. Some repeated content to pad the file. Some repeated content to pad the file. Some repeated content to pad the file. Some repeated content to pad the file. Some repeated content to pad the file. Some repeated content to pad the file. Some repeated content to pad the file. Some repeated content to pad the file. Some repeated content to pad the file. Some repeated content to pad the file. Some repeated content to pad the file. Some repeated content to pad the file. Some repeated content to pad the file. Some repeated content to pad the file. Some repeated content to pad the file. Some repeated content to pad the file. Some repeated content to pad the file. Some repeated content to pad the file. Some repeated content to pad the file. Some repeated content to pad the file. Some repeated content to pad the file. Some repeated content to pad the file. Some repeated content to pad the file. Some repeated content to pad the file. Some repeated content to pad the file. Some repeated content to pad the file. Some repeated content to pad the file. Some repeated content to pad the file. Some repeated content to pad the file. Some repeated content to pad the file. Some repeated content to pad the file. Some repeated content to pad the file. Some repeated content to pad the file. Some repeated content to pad the file. Some repeated content to pad the file. Some repeated content to pad the file. Some repeated content to pad the file. Some repeated content to pad the file. Some repeated content to pad the file. Some repeated content to pad the file. Some repeated content to pad the file. Some repeated content to pad the file. Some repeated content to pad the file. Some repeated content to pad the file. Some repeated content to pad the file. Some repeated content to pad the file. Some repeated content to pad the file. Some repeated content to pad the file. Some repeated content to pad the file. Some repeated content to pad the file. Some repeated content to pad the file. Some repeated content to pad the file. Some repeated content to pad the file. Some repeated content to pad the file. Some repeated content to pad the file. Some repeated content to pad the file. Some repeated content to pad the file. Some repeated content to pad the file. Some repeated content to pad the file. Some repeated content to pad the file. Some repeated content to pad the file. Some repeated content to pad the file. Some repeated content to pad the file. Some repeated content to pad the file. Some repeated content to pad the file. Some repeated content to pad the file. Some repeated content to pad the file. Some repeated content to pad the file. Some repeated content to pad the file. Some repeated content to pad the file. Some repeated content to pad the file. Some repeated content to pad the file. Some repeated content to pad the file. Some repeated content to pad the file. Some repeated content to pad the file. Some repeated content to pad the file. Some repeated content to pad the file. Some repeated content to pad the file. Some repeated content to pad the file. Some repeated content to pad the file. Some repeated content to pad the file. Some repeated content to pad the file. Some repeated content to pad the file. Some repeated content to pad the file. Some repeated content to pad the file. Some repeated content to pad the file. Some repeated content to pad the file. Some repeated content to pad the file. Some repeated content to pad the file. Some repeated content to pad the file. Some repeated content to pad the file. Some repeated content to pad the file. Some repeated content to pad the file. Some repeated content to pad the file. Some repeated content to pad the file. Some repeated content to pad the file. Some repeated content to pad the file. Some repeated content to pad the file. Some repeated content to pad the file. Some repeated content to pad the file. Some repeated content to pad the file. Some repeated content to pad the file. Some repeated content to pad the file. Some repeated content to pad the file. Some repeated content to pad the file. Some repeated content to pad the file. Some repeated content to pad the file. Some repeated content to pad the file. Some repeated content to pad the file. Some repeated content to pad the file. Some repeated content to pad the file. Some repeated content to pad the file. Some repeated content to pad the file. Some repeated content to pad the file. Some repeated content to pad the file. Some repeated content to pad the file. Some repeated content to pad the file. Some repeated content to pad the file. Some repeated content to pad the file. Some repeated content to pad the file. Some repeated content to pad the file. Some repeated content to pad the file. Some repeated content to pad the file. Some repeated content to pad the file. Some repeated content to pad the file. Some repeated content to pad the file. Some repeated content to pad the file. Some repeated content to pad the file. Some repeated content to pad the file. Some repeated content to pad the file. Some repeated content to pad the file. Some repeated content to pad the file. Some repeated content to pad the file. Some repeated content to pad the file. Some repeated content to pad the file. Some repeated content to pad the file. Some repeated content to pad the file. Some repeated content to pad the file. Some repeated content to pad the file. Some repeated content to pad the file. Some repeated content to pad the file. Some repeated content to pad the file. Some repeated content to pad the file. Some repeated content to pad the file. Some repeated content to pad the file. Some repeated content to pad the file. Some repeated content to pad the file. Some repeated content to pad the file. Some repeated content to pad the file. Some repeated content to pad the file. Some repeated content to pad the file. Some repeated content to pad the file. Some repeated content to pad the file. Some repeated content to pad the file. Some repeated content to pad the file. Some repeated content to pad the file. Some repeated content to pad the file. Some repeated content to pad the file. Some repeated content to pad the file. Some repeated content to pad the file. Some repeated content to pad the file. Some repeated content to pad the file. Some repeated content to pad the file. Some repeated content to pad the file. Some repeated content to pad the file. Some repeated content to pad the file. Some repeated content to pad the file. Some repeated content to pad the file. Some repeated content to pad the file. Some repeated content to pad the file. Some repeated content to pad the file. Some repeated content to pad the file. Some repeated content to pad the file. Some repeated content to pad the file. Some repeated content to pad the file. Some repeated content to pad the file. Some repeated content to pad the file. Some repeated content to pad the file. Some repeated content to pad the file. Some repeated content to pad the file. Some repeated content to pad the file. Some repeated content to pad the file. Some repeated content to pad the file. Some repeated content to pad the file. Some repeated content to pad the file. Some repeated content to pad the file. Some repeated content to pad the file. Some repeated content to pad the file. Some repeated content to pad the file. Some repeated content to pad the file. Some repeated content to pad the file. Some repeated content to pad the file. Some repeated content to pad the file. Some repeated content to pad the file. Some repeated content to pad the file. Some repeated content to pad the file. Some repeated content to pad the file. Some repeated content to pad the file. Some repeated content to pad the file. Some repeated content to pad the file. Some repeated content to pad the file. Some repeated content to pad the file. Some repeated content to pad the file. Some repeated content to pad the file. Some repeated content to pad the file. Some repeated content to pad the file. Some repeated content to pad the file. Some repeated content to pad the file. Some repeated content to pad the file. Some repeated content to pad the file. Some repeated content to pad the file. Some repeated content to pad the file. Some repeated content to pad the file. Some repeated content to pad the file. Some repeated content to pad the file. Some repeated content to pad the file. Some repeated content to pad the file. Some repeated content to pad the file. Some repeated content to pad the file. Some repeated content to pad the file. Some repeated content to pad the file. Some repeated content to pad the file. Some repeated content to pad the file. Some repeated content to pad the file. Some repeated content to pad the file. Some repeated content to pad the file. Some repeated content to pad the file. Some repeated content to pad the file. Some repeated content to pad the file. Some repeated content to pad the file. Some repeated content to pad the file. Some repeated content to pad the file. Some repeated content to pad the file. Some repeated content to pad the file. Some repeated content to pad the file. Some repeated content to pad the file. Some repeated content to pad the file. Some repeated content to pad the file. Some repeated content to pad the file. Some repeated content to pad the file. Some repeated content to pad the file. Some repeated content to pad the file. Some repeated content to pad the file. Some repeated content to pad the file. Some repeated content to pad the file. Some repeated content to pad the file. Some repeated content to pad the file. Some repeated content to pad the file. Some repeated content to pad the file. Some repeated content to pad the file. Some repeated content to pad the file. Some repeated content to pad the file. Some repeated content to pad the file. Some repeated content to pad the file. Some repeated content to pad the file. Some repeated content to pad the file. Some repeated content to pad the file. Some repeated content to pad the file. Some repeated content to pad the file. Some repeated content to pad the file. Some repeated content to pad the file. Some repeated content to pad the file. Some repeated content to pad the file. Some repeated content to pad the file. Some repeated content to pad the file. Some repeated content to pad the file. Some repeated content to pad the file. Some repeated content to pad the file. Some repeated content to pad the file. Some repeated content to pad the file. Some repeated content to pad the file. Some repeated content to pad the file. Some repeated content to pad the file. Some repeated content to pad the file. Some repeated content to pad the file. Some repeated content to pad the file. Some repeated content to pad the file. Some repeated content to pad the file. Some repeated content to pad the file. Some repeated content to pad the file. Some repeated content to pad the file. Some repeated content to pad the file. Some repeated content to pad the file. Some repeated content to pad the file. Some repeated content to pad the file. Some repeated content to pad the file. Some repeated content to pad the file. Some repeated content to pad the file. Some repeated content to pad the file. Some repeated content to pad the file. Some repeated content to pad the file. Some repeated content to pad the file. Some repeated content to pad the file. Some repeated content to pad the file. Some repeated content to pad the file. Some repeated content to pad the file. Some repeated content to pad the file. Some repeated content to pad the file. Some repeated content to pad the file. Some repeated content to pad the file. Some repeated content to pad the file. Some repeated content to pad the file. Some repeated content to pad the file. Some repeated content to pad the file. Some repeated content to pad the file. Some repeated content to pad the file. Some repeated content to pad the file. Some repeated content to pad the file. Some repeated content to pad the file. Some repeated content to pad the file. Some repeated content to pad the file. Some repeated content to pad the file. Some repeated content to pad the file. Some repeated content to pad the file. Some repeated content to pad the file. Some repeated content to pad the file. Some repeated content to pad the file. Some repeated content to pad the file. Some repeated content to pad the file. Some repeated content to pad the file. Some repeated content to pad the file. Some repeated content to pad the file. Some repeated content to pad the file. Some repeated content to pad the file. Some repeated content to pad the file. Some repeated content to pad the file. Some repeated content to pad the file. Some repeated content to pad the file. Some repeated content to pad the file. Some repeated content to pad the file. Some repeated content to pad the file. Some repeated content to pad the file. Some repeated content to pad the file. Some repeated content to pad the file. Some repeated content to pad the file. Some repeated content to pad the file. Some repeated content to pad the file. Some repeated content to pad the file. Some repeated content to pad the file. Some repeated content to pad the file. Some repeated content to pad the file. Some repeated content to pad the file. Some repeated content to pad the file. Some repeated content to pad the file. Some repeated content to pad the file. Some repeated content to pad the file. Some repeated content to pad the file. Some repeated content to pad the file. Some repeated content to pad the file. Some repeated content to pad the file. Some repeated content to pad the file. Some repeated content to pad the file. Some repeated content to pad the file. Some repeated content to pad the file. Some repeated content to pad the file. Some repeated content to pad the file. Some repeated content to pad the file. Some repeated content to pad the file. Some repeated content to pad the file. Some repeated content to pad the file. Some repeated content to pad the file. Some repeated content to pad the file. Some repeated content to pad the file. Some repeated content to pad the file. Some repeated content to pad the file. Some repeated content to pad the file. Some repeated content to pad the file. Some repeated content to pad the file. Some repeated content to pad the file. Some repeated content to pad the file. Some repeated content to pad the file. Some repeated content to pad the file. Some repeated content to pad the file. Some repeated content to pad the file. Some repeated content to pad the file. Some repeated content to pad the file. Some repeated content to pad the file. Some repeated content to pad the file. Some repeated content to pad the file. Some repeated content to pad the file. Some repeated content to pad the file. Some repeated content to pad the file. Some repeated content to pad the file. Some repeated content to pad the file. Some repeated content to pad the file. Some repeated content to pad the file. Some repeated content to pad the file. Some repeated content to pad the file. Some repeated content to pad the file. Some repeated content to pad the file. Some repeated content to pad the file. Some repeated content to pad the file. Some repeated content to pad the file. Some repeated content to pad the file. Some repeated content to pad the file. Some repeated content to pad the file. Some repeated content to pad the file. Some repeated content to pad the file. Some repeated content to pad the file. Some repeated content to pad the file. Some repeated content to pad the file. Some repeated content to pad the file. Some repeated content to pad the file. Some repeated content to pad the file. Some repeated content to pad the file. Some repeated content to pad the file. Some repeated content to pad the file. Some repeated content to pad the file. Some repeated content to pad the file. Some repeated content to pad the file. Some repeated content to pad the file. Some repeated content to pad the file. Some repeated content to pad the file. Some repeated content to pad the file. Some repeated content to pad the file. Some repeated content to pad the file. Some repeated content to pad the file. Some repeated content to pad the file. Some repeated content to pad the file. Some repeated content to pad the file. Some repeated content to pad the file. Some repeated content to pad the file. Some repeated content to pad the file. Some repeated content to pad the file. Some repeated content to pad the file. Some repeated content to pad the file. Some repeated content to pad the file. Some repeated content to pad the file. Some repeated content to pad the file. Some repeated content to pad the file. Some repeated content to pad the file. Some repeated content to pad the file. Some repeated content to pad the file. Some repeated content to pad the file. Some repeated content to pad the file. Some repeated content to pad the file. Some repeated content to pad the file. Some repeated content to pad the file. Some repeated content to pad the file. Some repeated content to pad the file. Some repeated content to pad the file. Some repeated content to pad the file. Some repeated content to pad the file. Some repeated content to pad the file. Some repeated content to pad the file. Some repeated content to pad the file. Some repeated content to pad the file. Some repeated content to pad the file. Some repeated content to pad the file. Some repeated content to pad the file. Some repeated content to pad the file. Some repeated content to pad the file. Some repeated content to pad the file. Some repeated content to pad the file. Some repeated content to pad the file. Some repeated content to pad the file. Some repeated content to pad the file. Some repeated content to pad the file. Some repeated content to pad the file. Some repeated content to pad the file. Some repeated content to pad the file. Some repeated content to pad the file. Some repeated content to pad the file. Some repeated content to pad the file. Some repeated content to pad the file. Some repeated content to pad the file. Some repeated content to pad the file. Some repeated content to pad the file. Some repeated content to pad the file. Some repeated content to pad the file. Some repeated content to pad the file. Some repeated content to pad the file. Some repeated content to pad the file. Some repeated content to pad the file. Some repeated content to pad the file. Some repeated content to pad the file. Some repeated content to pad the file. Some repeated content to pad the file. Some repeated content to pad the file. Some repeated content to pad the file. Some repeated content to pad the file. Some repeated content to pad the file. Some repeated content to pad the file. Some repeated content to pad the file. Some repeated content to pad the file. Some repeated content to pad the file. Some repeated content to pad the file. Some repeated content to pad the file. Some repeated content to pad the file. Some repeated content to pad the file. Some repeated content to pad the file. Some repeated content to pad the file. Some repeated content to pad the file. Some repeated content to pad the file. Some repeated content to pad the file. Some repeated content to pad the file. Some repeated content to pad the file. Some repeated content to pad the file. Some repeated content to pad the file. Some repeated content to pad the file. Some repeated content to pad the file. Some repeated content to pad the file. Some repeated content to pad the file. Some repeated content to pad the file. Some repeated content to pad the file. Some repeated content to pad the file. Some repeated content to pad the file. Some repeated content to pad the file. Some repeated content to pad the file. Some repeated content to pad the file. Some repeated content to pad the file. Some repeated content to pad the file. Some repeated content to pad the file. Some repeated content to pad the file. Some repeated content to pad the file. Some repeated content to pad the file. Some repeated content to pad the file. Some repeated content to pad the file. Some repeated content to pad the file. Some repeated content to pad the file. Some repeated content to pad the file. Some repeated content to pad the file. Some repeated content to pad the file. Some repeated content to pad the file. Some repeated content to pad the file. Some repeated content to pad the file. Some repeated content to pad the file. Some repeated content to pad the file. Some repeated content to pad the file. Some repeated content to pad the file. Some repeated content to pad the file. Some repeated content to pad the file. Some repeated content to pad the file. Some repeated content to pad the file. Some repeated content to pad the file. Some repeated content to pad the file. Some repeated content to pad the file. Some repeated content to pad the file. Some repeated content to pad the file. Some repeated content to pad the file. Some repeated content to pad the file. Some repeated content to pad the file. Some repeated content to pad the file. Some repeated content to pad the file. Some repeated content to pad the file. Some repeated content to pad the file. Some repeated content to pad the file. Some repeated content to pad the file. Some repeated content to pad the file. Some repeated content to pad the file. Some repeated content to pad the file. Some repeated content to pad the file. Some repeated content to pad the file. Some repeated content to pad the file. Some repeated content to pad the file. Some repeated content to pad the file. Some repeated content to pad the file. Some repeated content to pad the file. Some repeated content to pad the file. Some repeated content to pad the file. Some repeated content to pad the file. Some repeated content to pad the file. Some repeated content to pad the file. Some repeated content to pad the file. Some repeated content to pad the file. Some repeated content to pad the file. Some repeated content to pad the file. Some repeated content to pad the file. Some repeated content to pad the file. Some repeated content to pad the file. Some repeated content to pad the file. Some repeated content to pad the file. Some repeated content to pad the file. Some repeated content to pad the file. Some repeated content to pad the file. Some repeated content to pad the file. Some repeated content to pad the file. Some repeated content to pad the file. Some repeated content to pad the file. Some repeated content to pad the file. Some repeated content to pad the file. Some repeated content to pad the file. Some repeated content to pad the file. Some repeated content to pad the file. Some repeated content to pad the file. Some repeated content to pad the file. Some repeated content to pad the file. Some repeated content to pad the file. Some repeated content to pad the file. Some repeated content to pad the file. Some repeated content to pad the file. Some repeated content to pad the file. Some repeated content to pad the file. Some repeated content to pad the file. Some repeated content to pad the file. Some repeated content to pad the file. Some repeated content to pad the file. Some repeated content to pad the file. Some repeated content to pad the file. Some repeated content to pad the file. Some repeated content to pad the file. Some repeated content to pad the file. Some repeated content to pad the file. Some repeated content to pad the file. Some repeated content to pad the file. Some repeated content to pad the file. Some repeated content to pad the file. Some repeated content to pad the file. Some repeated content to pad the file. Some repeated content to pad the file. Some repeated content to pad the file. Some repeated content to pad the file. Some repeated content to pad the file. Some repeated content to pad the file. Some repeated content to pad the file. Some repeated content to pad the file. Some repeated content to pad the file. Some repeated content to pad the file. Some repeated content to pad the file. Some repeated content to pad the file. Some repeated content to pad the file. Some repeated content to pad the file. Some repeated content to pad the file. Some repeated content to pad the file. Some repeated content to pad the file. Some repeated content to pad the file. Some repeated content to pad the file. Some repeated content to pad the file. Some repeated content to pad the file. Some repeated content to pad the file. Some repeated content to pad the file. Some repeated content to pad the file. Some repeated content to pad the file. Some repeated content to pad the file. Some repeated content to pad the file. Some repeated content to pad the file. Some repeated content to pad the file. Some repeated content to pad the file. Some repeated content to pad the file. Some repeated content to pad the file. Some repeated content to pad the file. Some repeated content to pad the file. Some repeated content to pad the file. Some repeated content to pad the file. Some repeated content to pad the file. Some repeated content to pad the file. Some repeated content to pad the file. Some repeated content to pad the file. Some repeated content to pad the file. Some repeated content to pad the file. Some repeated content to pad the file. Some repeated content to pad the file. Some repeated content to pad the file. Some repeated content to pad the file. Some repeated content to pad the file. Some repeated content to pad the file. Some repeated content to pad the file. Some repeated content to pad the file. Some repeated content to pad the file. Some repeated content to pad the file. Some repeated content to pad the file. Some repeated content to pad the file. Some repeated content to pad the file. Some repeated content to pad the file. Some repeated content to pad the file. Some repeated content to pad the file. Some repeated content to pad the file. Some repeated content to pad the file. Some repeated content to pad the file. Some repeated content to pad the file. Some repeated content to pad the file. Some repeated content to pad the file. Some repeated content to pad the file. Some repeated content to pad the file. Some repeated content to pad the file. Some repeated content to pad the file. Some repeated content to pad the file. Some repeated content to pad the file. Some repeated content to pad the file. Some repeated content to pad the file. Some repeated content to pad the file. Some repeated content to pad the file. Some repeated content to pad the file. Some repeated content to pad the file. Some repeated content to pad the file. Some repeated content to pad the file. Some repeated content to pad the file. Some repeated content to pad the file. Some repeated content to pad the file. Some repeated content to pad the file. Some repeated content to pad the file. Some repeated content to pad the file. Some repeated content to pad the file. Some repeated content to pad the file. Some repeated content to pad the file. Some repeated content to pad the file. Some repeated content to pad the file. Some repeated content to pad the file. Some repeated content to pad the file. Some repeated content to pad the file. Some repeated content to pad the file. Some repeated content to pad the file. Some repeated content to pad the file. Some repeated content to pad the file. Some repeated content to pad the file. Some repeated content to pad the file. Some repeated content to pad the file. Some repeated content to pad the file. Some repeated content to pad the file. Some repeated content to pad the file. Some repeated content to pad the file. Some repeated content to pad the file. Some repeated content to pad the file. Some repeated content to pad the file. Some repeated content to pad the file. Some repeated content to pad the file. Some repeated content to pad the file. Some repeated content to pad the file. Some repeated content to pad the file. Some repeated content to pad the file. Some repeated content to pad the file. Some repeated content to pad the file. Some repeated content to pad the file. Some repeated content to pad the file. Some repeated content to pad the file. Some repeated content to pad the file. Some repeated content to pad the file. Some repeated content to pad the file. Some repeated content to pad the file. Some repeated content to pad the file. Some repeated content to pad the file. Some repeated content to pad the file. Some repeated content to pad the file. Some repeated content to pad the file. Some repeated content to pad the file. Some repeated content to pad the file. Some repeated content to pad the file. Some repeated content to pad the file. Some repeated content to pad the file. Some repeated content to pad the file. Some repeated content to pad the file. Some repeated content to pad the file. Some repeated content to pad the file. Some repeated content to pad the file. Some repeated content to pad the file. Some repeated content to pad the file. Some repeated content to pad the file. Some repeated content to pad the file. Some repeated content to pad the file. Some repeated content to pad the file. Some repeated content to pad the file. Some repeated content to pad the file. Some repeated content to pad the file. Some repeated content to pad the file. Some repeated content to pad the file. Some repeated content to pad the file. Some repeated content to pad the file. Some repeated content to pad the file. Some repeated content to pad the file. Some repeated content to pad the file. Some repeated content to pad the file. Some repeated content to pad the file. Some repeated content to pad the file. Some repeated content to pad the file. Some repeated content to pad the file. Some repeated content to pad the file. Some repeated content to pad the file. Some repeated content to pad the file. Some repeated content to pad the file. Some repeated content to pad the file. Some repeated content to pad the file. Some repeated content to pad the file. Some repeated content to pad the file. Some repeated content to pad the file. Some repeated content to pad the file. Some repeated content to pad the file. Some repeated content to pad the file. Some repeated content to pad the file. Some repeated content to pad the file. Some repeated content to pad the file. Some repeated content to pad the file. Some repeated content to pad the file. Some repeated content to pad the file. Some repeated content to pad the file. Some repeated content to pad the file. Some repeated content to pad the file. Some repeated content to pad the file. Some repeated content to pad the file. Some repeated content to pad the file. Some repeated content to pad the file. Some repeated content to pad the file. Some repeated content to pad the file. Some repeated content to pad the file. Some repeated content to pad the file. Some repeated content to pad the file. Some repeated content to pad the file. Some repeated content to pad the file. Some repeated content to pad the file. Some repeated content to pad the file. Some repeated content to pad the file. Some repeated content to pad the file. Some repeated content to pad the file. Some repeated content to pad the file. Some repeated content to pad the file. Some repeated content to pad the file. Some repeated content to pad the file. Some repeated content to pad the file. Some repeated content to pad the file. Some repeated content to pad the file. Some repeated content to pad the file. Some repeated content to pad the file. Some repeated content to pad the file. Some repeated content to pad the file. Some repeated content to pad the file. Some repeated content to pad the file. Some repeated content to pad the file. Some repeated content to pad the file. Some repeated content to pad the file. Some repeated content to pad the file. Some repeated content to pad the file. Some repeated content to pad the file. Some repeated content to pad the file. Some repeated content to pad the file. Some repeated content to pad the file. Some repeated content to pad the file. Some repeated content to pad the file. Some repeated content to pad the file. Some repeated content to pad the file. Some repeated content to pad the file. Some repeated content to pad the file. Some repeated content to pad the file. Some repeated content to pad the file. Some repeated content to pad the file. Some repeated content to pad the file. Some repeated content to pad the file. Some repeated content to pad the file. Some repeated content to pad the file. Some repeated content to pad the file. Some repeated content to pad the file. Some repeated content to pad the file. Some repeated content to pad the file. Some repeated content to pad the file. Some repeated content to pad the file. Some repeated content to pad the file. Some repeated content to pad the file. Some repeated content to pad the file. Some repeated content to pad the file. Some repeated content to pad the file. Some repeated content to pad the file. Some repeated content to pad the file. Some repeated content to pad the file. Some repeated content to pad the file. Some repeated content to pad the file. Some repeated content to pad the file. Some repeated content to pad the file. Some repeated content to pad the file. Some repeated content to pad the file. Some repeated content to pad the file. Some repeated content to pad the file. Some repeated content to pad the file. Some repeated content to pad the file. Some repeated content to pad the file. Some repeated content to pad the file. Some repeated content to pad the file. Some repeated content to pad the file. Some repeated content to pad the file. Some repeated content to pad the file. Some repeated content to pad the file. Some repeated content to pad the file. Some repeated content to pad the file. Some repeated content to pad the file. Some repeated content to pad the file. Some repeated content to pad the file. Some repeated content to pad the file. Some repeated content to pad the file. Some repeated content to pad the file. Some repeated content to pad the file. Some repeated content to pad the file. Some repeated content to pad the file. Some repeated content to pad the file. Some repeated content to pad the file. Some repeated content to pad the file. Some repeated content to pad the file. Some repeated content to pad the file. Some repeated content to pad the file. Some repeated content to pad the file. Some repeated content to pad the file. Some repeated content to pad the file. Some repeated content to pad the file. Some repeated content to pad the file. Some repeated content to pad the file. Some repeated content to pad the file. Some repeated content to pad the file. Some repeated content to pad the file. Some repeated content to pad the file. Some repeated content to pad the file. Some repeated content to pad the file. Some repeated content to pad the file. Some repeated content to pad the file. Some repeated content to pad the file. Some repeated content to pad the file. Some repeated content to pad the file. Some repeated content to pad the file. Some repeated content to pad the file. Some repeated content to pad the file. Some repeated content to pad the file. Some repeated content to pad the file. Some repeated content to pad the file. Some repeated content to pad the file. Some repeated content to pad the file. Some repeated content to pad the file. Some repeated content to pad the file. Some repeated content to pad the file. Some repeated content to pad the file. Some repeated content to pad the file. Some repeated content to pad the file. Some repeated content to pad the file. Some repeated content to pad the file. Some repeated content to pad the file. Some repeated content to pad the file. Some repeated content to pad the file. Some repeated content to pad the file. Some repeated content to pad the file. Some repeated content to pad the file. Some repeated content to pad the file. Some repeated content to pad the file. Some repeated content to pad the file. Some repeated content to pad the file. Some repeated content to pad the file. Some repeated content to pad the file. Some repeated content to pad the file. Some repeated content to pad the file. Some repeated content to pad the file. Some repeated content to pad the file. Some repeated content to pad the file. Some repeated content to pad the file. Some repeated content to pad the file. Some repeated content to pad the file. Some repeated content to pad the file. Some repeated content to pad the file. Some repeated content to pad the file. Some repeated content to pad the file. Some repeated content to pad the file. Some repeated content to pad the file. Some repeated content to pad the file. Some repeated content to pad the file. Some repeated content to pad the file. Some repeated content to pad the file. Some repeated content to pad the file. Some repeated content to pad the file. Some repeated content to pad the file. Some repeated content to pad the file. Some repeated content to pad the file. Some repeated content to pad the file. Some repeated content to pad the file. Some repeated content to pad the file. Some repeated content to pad the file. Some repeated content to pad the file. Some repeated content to pad the file. Some repeated content to pad the file. Some repeated content to pad the file. Some repeated content to pad the file. Some repeated content to pad the file. Some repeated content to pad the file. Some repeated content to pad the file. Some repeated content to pad the file. Some repeated content to pad the file. Some repeated content to pad the file. Some repeated content to pad the file. Some repeated content to pad the file. Some repeated content to pad the file. Some repeated content to pad the file. Some repeated content to pad the file. Some repeated content to pad the file. Some repeated content to pad the file. Some repeated content to pad the file. Some repeated content to pad the file. Some repeated content to pad the file. Some repeated content to pad the file. Some repeated content to pad the file. Some repeated content to pad the file. Some repeated content to pad the file. Some repeated content to pad the file. Some repeated content to pad the file. Some repeated content to pad the file. Some repeated content to pad the file. Some repeated content to pad the file. Some repeated content to pad the file. Some repeated content to pad the file. Some repeated content to pad the file. Some repeated content to pad the file. Some repeated content to pad the file. Some repeated content to pad the file. Some repeated content to pad the file. Some repeated content to pad the file. Some repeated content to pad the file. Some repeated content to pad the file. Some repeated content to pad the file. Some repeated content to pad the file. Some repeated content to pad the file. Some repeated content to pad the file. Some repeated content to pad the file. Some repeated content to pad the file. Some repeated content to pad the file. Some repeated content to pad the file. Some repeated content to pad the file. Some repeated content to pad the file. Some repeated content to pad the file. Some repeated content to pad the file. Some repeated content to pad the file. Some repeated content to pad the file. Some repeated content to pad the file. Some repeated content to pad the file. Some repeated content to pad the file. Some repeated content to pad the file. Some repeated content to pad the file. Some repeated content to pad the file. Some repeated content to pad the file. Some repeated content to pad the file. Some repeated content to pad the file. Some repeated content to pad the file. Some repeated content to pad the file. Some repeated content to pad the file. Some repeated content to pad the file. Some repeated content to pad the file. Some repeated content to pad the file. Some repeated content to pad the file. Some repeated content to pad the file. Some repeated content to pad the file. Some repeated content to pad the file. Some repeated content to pad the file. Some repeated content to pad the file. Some repeated content to pad the file. Some repeated content to pad the file. Some repeated content to pad the file. Some repeated content to pad the file. Some repeated content to pad the file. Some repeated content to pad the file. Some repeated content to pad the file. Some repeated content to pad the file. Some repeated content to pad the file. Some repeated content to pad the file. Some repeated content to pad the file. Some repeated content to pad the file. Some repeated content to pad the file. Some repeated content to pad the file. Some repeated content to pad the file. Some repeated content to pad the file. Some repeated content to pad the file. Some repeated content to pad the file. Some repeated content to pad the file. Some repeated content to pad the file. Some repeated content to pad the file. Some repeated content to pad the file. Some repeated content to pad the file. Some repeated content to pad the file. Some repeated content to pad the file. Some repeated content to pad the file. Some repeated content to pad the file. Some repeated content to pad the file. Some repeated content to pad the file. Some repeated content to pad the file. Some repeated content to pad the file. Some repeated content to pad the file. Some repeated content to pad the file. Some repeated content to pad the file. Some repeated content to pad the file. Some repeated content to pad the file. Some repeated content to pad the file. Some repeated content to pad the file. Some repeated content to pad the file. Some repeated content to pad the file. Some repeated content to pad the file. Some repeated content to pad the file. Some repeated content to pad the file. Some repeated content to pad the file. Some repeated content to pad the file. Some repeated content to pad the file. Some repeated content to pad the file. Some repeated content to pad the file. Some repeated content to pad the file. Some repeated content to pad the file. Some repeated content to pad the file. Some repeated content to pad the file. Some repeated content to pad the file. Some repeated content to pad the file. Some repeated content to pad the file. Some repeated content to pad the file. Some repeated content to pad the file. Some repeated content to pad the file. Some repeated content to pad the file. Some repeated content to pad the file. Some repeated content to pad the file. Some repeated content to pad the file. Some repeated content to pad the file. Some repeated content to pad the file. Some repeated content to pad the file. Some repeated content to pad the file. Some repeated content to pad the file. Some repeated content to pad the file. Some repeated content to pad the file. Some repeated content to pad the file. Some repeated content to pad the file. Some repeated content to pad the file. Some repeated content to pad the file. Some repeated content to pad the file. Some repeated content to pad the file. Some repeated content to pad the file. Some repeated content to pad the file. Some repeated content to pad the file. Some repeated content to pad the file. Some repeated content to pad the file. Some repeated content to pad the file. Some repeated content to pad the file. Some repeated content to pad the file. Some repeated content to pad the file. Some repeated content to pad the file. Some repeated content to pad the file. Some repeated content to pad the file. Some repeated content to pad the file. Some repeated content to pad the file. Some repeated content to pad the file. Some repeated content to pad the file. Some repeated content to pad the file. Some repeated content to pad the file. Some repeated content to pad the file. Some repeated content to pad the file. Some repeated content to pad the file. Some repeated content to pad the file. Some repeated content to pad the file. Some repeated content to pad the file. Some repeated content to pad the file. Some repeated content to pad the file. Some repeated content to pad the file. Some repeated content to pad the file. Some repeated content to pad the file. Some repeated content to pad the file. Some repeated content to pad the file. Some repeated content to pad the file. Some repeated content to pad the file. Some repeated content to pad the file. Some repeated content to pad the file. Some repeated content to pad the file. Some repeated content to pad the file. Some repeated content to pad the file. Some repeated content to pad the file. Some repeated content to pad the file. Some repeated content to pad the file. Some repeated content to pad the file. Some repeated content to pad the file. Some repeated content to pad the file. Some repeated content to pad the file. Some repeated content to pad the file. Some repeated content to pad the file. Some repeated content to pad the file. Some repeated content to pad the file. Some repeated content to pad the file. Some repeated content to pad the file. Some repeated content to pad the file. Some repeated content to pad the file. Some repeated content to pad the file. Some repeated content to pad the file. Some repeated content to pad the file. Some repeated content to pad the file. Some repeated content to pad the file. Some repeated content to pad the file. Some repeated content to pad the file. Some repeated content to pad the file. Some repeated content to pad the file. Some repeated content to pad the file. Some repeated content to pad the file. Some repeated content to pad the file. Some repeated content to pad the file. Some repeated content to pad the file. Some repeated content to pad the file. Some repeated content to pad the file. Some repeated content to pad the file. Some repeated content to pad the file. Some repeated content to pad the file. Some repeated content to pad the file. Some repeated content to pad the file. Some repeated content to pad the file. Some repeated content to pad the file. Some repeated content to pad the file. Some repeated content to pad the file. Some repeated content to pad the file. Some repeated content to pad the file. Some repeated content to pad the file. Some repeated content to pad the file. Some repeated content to pad the file. Some repeated content to pad the file. Some repeated content to pad the file. Some repeated content to pad the file. Some repeated content to pad the file. Some repeated content to pad the file. Some repeated content to pad the file. Some repeated content to pad the file. Some repeated content to pad the file. Some repeated content to pad the file. Some repeated content to pad the file. Some repeated content to pad the file. Some repeated content to pad the file. Some repeated content to pad the file. Some repeated content to pad the file. Some repeated content to pad the file. Some repeated content to pad the file. Some repeated content to pad the file. Some repeated content to pad the file. Some repeated content to pad the file. Some repeated content to pad the file. Some repeated content to pad the file. Some repeated content to pad the file. Some repeated content to pad the file. Some repeated content to pad the file. Some repeated content to pad the file. Some repeated content to pad the file. Some repeated content to pad the file. Some repeated content to pad the file. Some repeated content to pad the file. Some repeated content to pad the file. Some repeated content to pad the file. Some repeated content to pad the file. Some repeated content to pad the file. Some repeated content to pad the file. Some repeated content to pad the file. Some repeated content to pad the file. Some repeated content to pad the file. Some repeated content to pad the file. Some repeated content to pad the file. Some repeated content to pad the file. Some repeated content to pad the file. Some repeated content to pad the file. Some repeated content to pad the file. Some repeated content to pad the file. Some repeated content to pad the file. Some repeated content to pad the file. Some repeated content to pad the file. Some repeated content to pad the file. Some repeated content to pad the file. Some repeated content to pad the file. Some repeated content to pad the file. Some repeated content to pad the file. Some repeated content to pad the file. Some repeated content to pad the file. Some repeated content to pad the file. Some repeated content to pad the file. Some repeated content to pad the file. Some repeated content to pad the file. Some repeated content to pad the file. Some repeated content to pad the file. Some repeated content to pad the file. Some repeated content to pad the file. Some repeated content to pad the file. Some repeated content to pad the file. Some repeated content to pad the file. Some repeated content to pad the file. Some repeated content to pad the file. Some repeated content to pad the file. Some repeated content to pad the file. Some repeated content to pad the file. Some repeated content to pad the file. Some repeated content to pad the file. Some repeated content to pad the file. Some repeated content to pad the file. Some repeated content to pad the file. Some repeated content to pad the file. Some repeated content to pad the file. Some repeated content to pad the file. Some repeated content to pad the file. Some repeated content to pad the file. Some repeated content to pad the file. Some repeated content to pad the file. Some repeated content to pad the file. Some repeated content to pad the file. Some repeated content to pad the file. Some repeated content to pad the file. Some repeated content to pad the file. Some repeated content to pad the file. Some repeated content to pad the file. Some repeated content to pad the file. Some repeated content to pad the file. Some repeated content to pad the file. Some repeated content to pad the file. Some repeated content to pad the file. Some repeated content to pad the file. Some repeated content to pad the file. Some repeated content to pad the file. Some repeated content to pad the file. Some repeated content to pad the file. Some repeated content to pad the file. Some repeated content to pad the file. Some repeated content to pad the file. Some repeated content to pad the file. Some repeated content to pad the file. Some repeated content to pad the file. Some repeated content to pad the file. Some repeated content to pad the file. Some repeated content to pad the file. Some repeated content to pad the file. Some repeated content to pad the file. Some repeated content to pad the file. Some repeated content to pad the file. Some repeated content to pad the file. Some repeated content to pad the file. Some repeated content to pad the file. Some repeated content to pad the file. Some repeated content to pad the file. Some repeated content to pad the file. Some repeated content to pad the file. Some repeated content to pad the file. Some repeated content to pad the file. Some repeated content to pad the file. Some repeated content to pad the file. Some repeated content to pad the file. Some repeated content to pad the file. Some repeated content to pad the file. Some repeated content to pad the file. Some repeated content to pad the file. Some repeated content to pad the file. Some repeated content to pad the file. Some repeated content to pad the file. Some repeated content to pad the file. Some repeated content to pad the file. Some repeated content to pad the file. Some repeated content to pad the file. Some repeated content to pad the file. Some repeated content to pad the file. Some repeated content to pad the file. Some repeated content to pad the file. Some repeated content to pad the file. Some repeated content to pad the file. Some repeated content to pad the file. Some repeated content to pad the file. Some repeated content to pad the file. Some repeated content to pad the file. Some repeated content to pad the file. Some repeated content to pad the file. Some repeated content to pad the file. Some repeated content to pad the file. Some repeated content to pad the file. Some repeated content to pad the file. Some repeated content to pad the file. Some repeated content to pad the file. Some repeated content to pad the file. Some repeated content to pad the file. Some repeated content to pad the file. Some repeated content to pad the file. Some repeated content to pad the file. Some repeated content to pad the file. Some repeated content to pad the file. Some repeated content to pad the file. Some repeated content to pad the file. Some repeated content to pad the file. Some repeated content to pad the file. Some repeated content to pad the file. Some repeated content to pad the file. Some repeated content to pad the file. Some repeated content to pad the file. Some repeated content to pad the file. Some repeated content to pad the file. Some repeated content to pad the file. Some repeated content to pad the file. Some repeated content to pad the file. Some repeated content to pad the file. Some repeated content to pad the file. Some repeated content to pad the file. Some repeated content to pad the file. Some repeated content to pad the file. Some repeated content to pad the file. Some repeated content to pad the file. Some repeated content to pad the file. Some repeated content to pad the file. Some repeated content to pad the file. Some repeated content to pad the file. Some repeated content to pad the file. Some repeated content to pad the file. Some repeated content to pad the file. Some repeated content to pad the file. Some repeated content to pad the file. Some repeated content to pad the file. Some repeated content to pad the file. Some repeated content to pad the file. Some repeated content to pad the file. Some repeated content to pad the file. Some repeated content to pad the file. Some repeated content to pad the file. Some repeated content to pad the file. Some repeated content to pad the file. Some repeated content to pad the file. Some repeated content to pad the file. Some repeated content to pad the file. Some repeated content to pad the file. Some repeated content to pad the file. Some repeated content to pad the file. Some repeated content to pad the file. Some repeated content to pad the file. Some repeated content to pad the file. Some repeated content to pad the file. Some repeated content to pad the file. Some repeated content to pad the file. Some repeated content to pad the file. Some repeated content to pad the file. Some repeated content to pad the file. Some repeated content to pad the file. Some repeated content to pad the file. Some repeated content to pad the file. Some repeated content to pad the file. Some repeated content to pad the file. Some repeated content to pad the file. Some repeated content to pad the file. Some repeated content to pad the file. Some repeated content to pad the file. Some repeated content to pad the file. Some repeated content to pad the file. Some repeated content to pad the file. Some repeated content to pad the file. Some repeated content to pad the file. Some repeated content to pad the file. Some repeated content to pad the file. Some repeated content to pad the file. Some repeated content to pad the file. Some repeated content to pad the file. Some repeated content to pad the file. Some repeated content to pad the file. Some repeated content to pad the file. Some repeated content to pad the file. Some repeated content to pad the file. Some repeated content to pad the file. Some repeated content to pad the file. Some repeated content to pad the file. Some repeated content to pad the file. Some repeated content to pad the file. Some repeated content to pad the file. Some repeated content to pad the file. Some repeated content to pad the file. Some repeated content to pad the file. Some repeated content to pad the file. Some repeated content to pad the file. Some repeated content to pad the file. Some repeated content to pad the file. Some repeated content to pad the file. Some repeated content to pad the file. Some repeated content to pad the file. Some repeated content to pad the file. Some repeated content to pad the file. Some repeated content to pad the file. Some repeated content to pad the file. Some repeated content to pad the file. Some repeated content to pad the file. Some repeated content to pad the file. Some repeated content to pad the file. Some repeated content to pad the file. Some repeated content to pad the file. Some repeated content to pad the file. Some repeated content to pad the file. Some repeated content to pad the file. Some repeated content to pad the file. Some repeated content to pad the file. Some repeated content to pad the file. Some repeated content to pad the file. Some repeated content to pad the file. Some repeated content to pad the file. Some repeated content to pad the file. Some repeated content to pad the file. Some repeated content to pad the file. Some repeated content to pad the file. Some repeated content to pad the file. Some repeated content to pad the file. Some repeated content to pad the file. Some repeated content to pad the file. Some repeated content to pad the file. Some repeated content to pad the file. Some repeated content to pad the file. Some repeated content to pad the file. Some repeated content to pad the file. Some repeated content to pad the file. Some repeated content to pad the file. Some repeated content to pad the file. Some repeated content to pad the file. Some repeated content to pad the file. Some repeated content to pad the file. Some repeated content to pad the file. Some repeated content to pad the file. Some repeated content to pad the file. Some repeated content to pad the file. Some repeated content to pad the file. Some repeated content to pad the file. Some repeated content to pad the file. Some repeated content to pad the file. Some repeated content to pad the file. Some repeated content to pad the file. Some repeated content to pad the file. Some repeated content to pad the file. Some repeated content to pad the file. Some repeated content to pad the file. Some repeated content to pad the file. Some repeated content to pad the file. Some repeated content to pad the file. Some repeated content to pad the file. Some repeated content to pad the file. Some repeated content to pad the file. Some repeated content to pad the file. Some repeated content to pad the file. Some repeated content to pad the file. Some repeated content to pad the file. Some repeated content to pad the file. Some repeated content to pad the file. Some repeated content to pad the file. Some repeated content to pad the file. Some repeated content to pad the file. Some repeated content to pad the file. Some repeated content to pad the file. Some repeated content to pad the file. Some repeated content to pad the file. Some repeated content to pad the file. Some repeated content to pad the file. Some repeated content to pad the file. Some repeated content to pad the file. Some repeated content to pad the file. Some repeated content to pad the file. Some repeated content to pad the file. Some repeated content to pad the file. Some repeated content to pad the file. Some repeated content to pad the file. Some repeated content to pad the file. Some repeated content to pad the file. Some repeated content to pad the file. Some repeated content to pad the file. Some repeated content to pad the file. Some repeated content to pad the file. Some repeated content to pad the file. Some repeated content to pad the file. Some repeated content to pad the file. Some repeated content to pad the file. Some repeated content to pad the file. Some repeated content to pad the file. Some repeated content to pad the file. Some repeated content to pad the file. Some repeated content to pad the file. Some repeated content to pad the file. Some repeated content to pad the file. Some repeated content to pad the file. Some repeated content to pad the file. Some repeated content to pad the file. Some repeated content to pad the file. Some repeated content to pad the file. Some repeated content to pad the file. Some repeated content to pad the file. Some repeated content to pad the file. Some repeated content to pad the file. Some repeated content to pad the file. Some repeated content to pad the file. Some repeated content to pad the file. Some repeated content to pad the file. Some repeated content to pad the file. Some repeated content to pad the file. Some repeated content to pad the file. Some repeated content to pad the file. Some repeated content to pad the file. Some repeated content to pad the file. Some repeated content to pad the file. Some repeated content to pad the file. Some repeated content to pad the file. Some repeated content to pad the file. Some repeated content to pad the file. Some repeated content to pad the file. Some repeated content to pad the file. Some repeated content to pad the file. Some repeated content to pad the file. Some repeated content to pad the file. Some repeated content to pad the file. Some repeated content to pad the file. Some repeated content to pad the file. Some repeated content to pad the file. Some repeated content to pad the file. Some repeated content to pad the file. Some repeated content to pad the file. Some repeated content to pad the file. Some repeated content to pad the file. Some repeated content to pad the file. Some repeated content to pad the file. Some repeated content to pad the file. Some repeated content to pad the file. Some repeated content to pad the file. Some repeated content to pad the file. Some repeated content to pad the file. Some repeated content to pad the file. Some repeated content to pad the file. Some repeated content to pad the file. Some repeated content to pad the file. Some repeated content to pad the file. Some repeated content to pad the file. Some repeated content to pad the file. Some repeated content to pad the file. Some repeated content to pad the file. Some repeated content to pad the file. Some repeated content to pad the file. Some repeated content to pad the file. Some repeated content to pad the file. Some repeated content to pad the file. Some repeated content to pad the file. Some repeated content to pad the file. Some repeated content to pad the file. Some repeated content to pad the file. Some repeated content to pad the file. Some repeated content to pad the file. Some repeated content to pad the file. Some repeated content to pad the file. Some repeated content to pad the file. Some repeated content to pad the file. Some repeated content to pad the file. Some repeated content to pad the file. Some repeated content to pad the file. Some repeated content to pad the file. Some repeated content to pad the file. Some repeated content to pad the file. Some repeated content to pad the file. Some repeated content to pad the file. Some repeated content to pad the file. Some repeated content to pad the file. Some repeated content to pad the file. Some repeated content to pad the file. Some repeated content to pad the file. Some repeated content to pad the file. Some repeated content to pad the file. Some repeated content to pad the file. Some repeated content to pad the file. Some repeated content to pad the file. Some repeated content to pad the file. Some repeated content to pad the file. Some repeated content to pad the file. Some repeated content to pad the file. Some repeated content to pad the file. Some repeated content to pad the file. Some repeated content to pad the file. Some repeated content to pad the file. Some repeated content to pad the file. Some repeated content to pad the file. Some repeated content to pad the file. Some repeated content to pad the file. Some repeated content to pad the file. Some repeated content to pad the file. Some repeated content to pad the file. Some repeated content to pad the file. Some repeated content to pad the file. Some repeated content to pad the file. Some repeated content to pad the file. Some repeated content to pad the file. Some repeated content to pad the file. Some repeated content to pad the file. Some repeated content to pad the file. Some repeated content to pad the file. Some repeated content to pad the file. Some repeated content to pad the file. Some repeated content to pad the file. Some repeated content to pad the file. Some repeated content to pad the file. Some repeated content to pad the file. Some repeated content to pad the file. Some repeated content to pad the file. Some repeated content to pad the file. Some repeated content to pad the file. Some repeated content to pad the file. Some repeated content to pad the file. Some repeated content to pad the file. Some repeated content to pad the file. Some repeated content to pad the file. Some repeated content to pad the file. Some repeated content to pad the file. Some repeated content to pad the file. Some repeated content to pad the file. Some repeated content to pad the file. Some repeated content to pad the file. Some repeated content to pad the file. Some repeated content to pad the file. Some repeated content to pad the file. Some repeated content to pad the file. Some repeated content to pad the file. Some repeated content to pad the file. Some repeated content to pad the file. Some repeated content to pad the file. Some repeated content to pad the file. Some repeated content to pad the file. Some repeated content to pad the file. Some repeated content to pad the file. Some repeated content to pad the file. Some repeated content to pad the file. Some repeated content to pad the file. Some repeated content to pad the file. Some repeated content to pad the file. Some repeated content to pad the file. Some repeated content to pad the file. Some repeated content to pad the file. Some repeated content to pad the file. Some repeated content to pad the file. Some repeated content to pad the file. Some repeated content to pad the file. Some repeated content to pad the file. Some repeated content to pad the file. Some repeated content to pad the file. Some repeated content to pad the file. Some repeated content to pad the file. Some repeated content to pad the file. Some repeated content to pad the file. Some repeated content to pad the file. Some repeated content to pad the file. Some repeated content to pad the file. Some repeated content to pad the file. Some repeated content to pad the file. Some repeated content to pad the file. Some repeated content to pad the file. Some repeated content to pad the file. Some repeated content to pad the file. Some repeated content to pad the file. Some repeated content to pad the file. Some repeated content to pad the file. Some repeated content to pad the file. Some repeated content to pad the file. Some repeated content to pad the file. Some repeated content to pad the file. Some repeated content to pad the file. Some repeated content to pad the file. Some repeated content to pad the file. Some repeated content to pad the file. Some repeated content to pad the file. Some repeated content to pad the file. Some repeated content to pad the file. Some repeated content to pad the file. Some repeated content to pad the file. Some repeated content to pad the file. Some repeated content to pad the file. Some repeated content to pad the file. Some repeated content to pad the file. Some repeated content to pad the file. Some repeated content to pad the file. Some repeated content to pad the file. Some repeated content to pad the file. Some repeated content to pad the file. Some repeated content to pad the file. Some repeated content to pad the file. Some repeated content to pad the file. Some repeated content to pad the file. Some repeated content to pad the file. Some repeated content to pad the file. Some repeated content to pad the file. Some repeated content to pad the file. Some repeated content to pad the file. Some repeated content to pad the file. Some repeated content to pad the file. Some repeated content to pad the file. Some repeated content to pad the file. Some repeated content to pad the file. Some repeated content to pad the file. Some repeated content to pad the file. Some repeated content to pad the file. Some repeated content to pad the file. Some repeated content to pad the file. Some repeated content to pad the file. Some repeated content to pad the file. Some repeated content to pad the file. Some repeated content to pad the file. Some repeated content to pad the file. Some repeated content to pad the file. Some repeated content to pad the file. Some repeated content to pad the file. Some repeated content to pad the file. Some repeated content to pad the file. Some repeated content to pad the file. Some repeated content to pad the file. Some repeated content to pad the file. Some repeated content to pad the file. Some repeated content to pad the file. Some repeated content to pad the file. Some repeated content to pad the file. Some repeated content to pad the file. Some repeated content to pad the file. Some repeated content to pad the file. Some repeated content to pad the file. Some repeated content to pad the file. Some repeated content to pad the file. Some repeated content to pad the file. Some repeated content to pad the file. Some repeated content to pad the file. Some repeated content to pad the file. Some repeated content to pad the file. Some repeated content to pad the file. Some repeated content to pad the file. Some repeated content to pad the file. Some repeated content to pad the file. Some repeated content to pad the file. Some repeated content to pad the file. Some repeated content to pad the file. Some repeated content to pad the file. Some repeated content to pad the file. Some repeated content to pad the file. Some repeated content to pad the file. Some repeated content to pad the file. Some repeated content to pad the file. Some repeated content to pad the file. Some repeated content to pad the file. Some repeated content to pad the file. Some repeated content to pad the file. Some repeated content to pad the file. Some repeated content to pad the file. Some repeated content to pad the file. Some repeated content to pad the file. Some repeated content to pad the file. Some repeated content to pad the file. Some repeated content to pad the file. Some repeated content to pad the file. Some repeated content to pad the file. Some repeated content to pad the file. Some repeated content to pad the file. Some repeated content to pad the file. Some repeated content to pad the file. Some repeated content to pad the file. Some repeated content to pad the file. Some repeated content to pad the file. Some repeated content to pad the file. Some repeated content to pad the file. Some repeated content to pad the file. Some repeated content to pad the file. Some repeated content to pad the file. Some repeated content to pad the file. Some repeated content to pad the file. Some repeated content to pad the file. Some repeated content to pad the file. Some repeated content to pad the file. Some repeated content to pad the file. Some repeated content to pad the file. Some repeated content to pad the file. Some repeated content to pad the file. Some repeated content to pad the file. Some repeated content to pad the file. Some repeated content to pad the file. Some repeated content to pad the file. Some repeated content to pad the file. Some repeated content to pad the file. Some repeated content to pad the file. Some repeated content to pad the file. Some repeated content to pad the file. Some repeated content to pad the file. Some repeated content to pad the file. Some repeated content to pad the file. Some repeated content to pad the file. Some repeated content to pad the file. Some repeated content to pad the file. Some repeated content to pad the file. Some repeated content to pad the file. Some repeated content to pad the file. Some repeated content to pad the file. Some repeated content to pad the file. Some repeated content to pad the file. Some repeated content to pad the file. Some repeated content to pad the file. Some repeated content to pad the file. Some repeated content to pad the file. Some repeated content to pad the file. Some repeated content to pad the file. Some repeated content to pad the file. Some repeated content to pad the file. Some repeated content to pad the file. Some repeated content to pad the file. Some repeated content to pad the file. Some repeated content to pad the file. Some repeated content to pad the file. Some repeated content to pad the file. Some repeated content to pad the file. Some repeated content to pad the file. Some repeated content to pad the file. Some repeated content to pad the file. Some repeated content to pad the file. Some repeated content to pad the file. Some repeated content to pad the file. Some repeated content to pad the file. Some repeated content to pad the file. Some repeated content to pad the file. Some repeated content to pad the file. Some repeated content to pad the file. Some repeated content to pad the file. Some repeated content to pad the file. Some repeated content to pad the file. Some repeated content to pad the file. Some repeated content to pad the file. Some repeated content to pad the file. Some repeated content to pad the file. Some repeated content to pad the file. Some repeated content to pad the file. Some repeated content to pad the file. Some repeated content to pad the file. Some repeated content to pad the file. Some repeated content to pad the file. Some repeated content to pad the file. Some repeated content to pad the file. Some repeated content to pad the file. Some repeated content to pad the file. Some repeated content to pad the file. Some repeated content to pad the file. Some repeated content to pad the file. Some repeated content to pad the file. Some repeated content to pad the file. Some repeated content to pad the file. Some repeated content to pad the file. Some repeated content to pad the file. Some repeated content to pad the file. Some repeated content to pad the file. Some repeated content to pad the file. Some repeated content to pad the file. Some repeated content to pad the file. Some repeated content to pad the file. Some repeated content to pad the file. Some repeated content to pad the file. Some repeated content to pad the file. Some repeated content to pad the file. Some repeated content to pad the file. Some repeated content to pad the file. Some repeated content to pad the file. Some repeated content to pad the file. Some repeated content to pad the file. Some repeated content to pad the file. Some repeated content to pad the file. Some repeated content to pad the file. Some repeated content to pad the file. Some repeated content to pad the file. Some repeated content to pad the file. Some repeated content to pad the file. Some repeated content to pad the file. Some repeated content to pad the file. Some repeated content to pad the file. Some repeated content to pad the file. Some repeated content to pad the file. Some repeated content to pad the file. Some repeated content to pad the file. Some repeated content to pad the file. Some repeated content to pad the file. Some repeated content to pad the file. Some repeated content to pad the file. Some repeated content to pad the file. Some repeated content to pad the file. Some repeated content to pad the file. Some repeated content to pad the file. Some repeated content to pad the file. Some repeated content to pad the file. Some repeated content to pad the file. Some repeated content to pad the file. Some repeated content to pad the file. Some repeated content to pad the file. Some repeated content to pad the file. Some repeated content to pad the file. Some repeated content to pad the file. Some repeated content to pad the file. Some repeated content to pad the file. Some repeated content to pad the file. Some repeated content to pad the file. Some repeated content to pad the file. Some repeated content to pad the file. Some repeated content to pad the file. Some repeated content to pad the file. Some repeated content to pad the file. Some repeated content to pad the file. Some repeated content to pad the file. Some repeated content to pad the file. Some repeated content to pad the file. Some repeated content to pad the file. Some repeated content to pad the file. Some repeated content to pad the file. Some repeated content to pad the file. Some repeated content to pad the file. Some repeated content to pad the file. Some repeated content to pad the file. Some repeated content to pad the file. Some repeated content to pad the file. Some repeated content to pad the file. Some repeated content to pad the file. Some repeated content to pad the file. Some repeated content to pad the file. Some repeated content to pad the file. Some repeated content to pad the file. Some repeated content to pad the file. Some repeated content to pad the file. Some repeated content to pad the file. Some repeated content to pad the file. Some repeated content to pad the file. Some repeated content to pad the file. Some repeated content to pad the file. Some repeated content to pad the file. Some repeated content to pad the file. Some repeated content to pad the file. Some repeated content to pad the file. Some repeated content to pad the file. Some repeated content to pad the file. Some repeated content to pad the file. Some repeated content to pad the file. Some repeated content to pad the file. Some repeated content to pad the file. Some repeated content to pad the file. Some repeated content to pad the file. Some repeated content to pad the file. Some repeated content to pad the file. Some repeated content to pad the file. Some repeated content to pad the file. Some repeated content to pad the file. Some repeated content to pad the file. Some repeated content to pad the file. Some repeated content to pad the file. Some repeated content to pad the file. Some repeated content to pad the file. Some repeated content to pad the file. Some repeated content to pad the file. Some repeated content to pad the file. Some repeated content to pad the file. Some repeated content to pad the file. Some repeated content to pad the file. Some repeated content to pad the file. Some repeated content to pad the file. Some repeated content to pad the file. Some repeated content to pad the file. Some repeated content to pad the file. Some repeated content to pad the file. Some repeated content to pad the file. Some repeated content to pad the file. Some repeated content to pad the file. Some repeated content to pad the file. Some repeated content to pad the file. Some repeated content to pad the file. Some repeated content to pad the file. Some repeated content to pad the file. Some repeated content to pad the file. Some repeated content to pad the file. Some repeated content to pad the file. Some repeated content to pad the file. Some repeated content to pad the file. Some repeated content to pad the file. Some repeated content to pad the file. Some repeated content to pad the file. Some repeated content to pad the file. Some repeated content to pad the file. Some repeated content to pad the file. Some repeated content to pad the file. Some repeated content to pad the file. Some repeated content to pad the file. Some repeated content to pad the file. Some repeated content to pad the file. Some repeated content to pad the file. Some repeated content to pad the file. Some repeated content to pad the file. Some repeated content to pad the file. Some repeated content to pad the file. Some repeated content to pad the file. Some repeated content to pad the file. Some repeated content to pad the file. Some repeated content to pad the file. Some repeated content to pad the file. Some repeated content to pad the file. Some repeated content to pad the file. Some repeated content to pad the file. Some repeated content to pad the file. Some repeated content to pad the file. Some repeated content to pad the file. Some repeated content to pad the file. Some repeated content to pad the file. Some repeated content to pad the file. Some repeated content to pad the file. Some repeated content to pad the file. Some repeated content to pad the file. Some repeated content to pad the file. Some repeated content to pad the file. Some repeated content to pad the file. Some repeated content to pad the file. Some repeated content to pad the file. Some repeated content to pad the file. Some repeated content to pad the file. Some repeated content to pad the file. Some repeated content to pad the file. Some repeated content to pad the file. Some repeated content to pad the file. Some repeated content to pad the file. Some repeated content to pad the file. Some repeated content to pad the file. Some repeated content to pad the file. Some repeated content to pad the file. Some repeated content to pad the file. Some repeated content to pad the file. Some repeated content to pad the file. Some repeated content to pad the file. Some repeated content to pad the file. Some repeated content to pad the file. Some repeated content to pad the file. Some repeated content to pad the file. Some repeated content to pad the file. Some repeated content to pad the file. Some repeated content to pad the file. Some repeated content to pad the file. Some repeated content to pad the file. Some repeated content to pad the file. Some repeated content to pad the file. Some repeated content to pad the file. Some repeated content to pad the file. Some repeated content to pad the file. Some repeated content to pad the file. Some repeated content to pad the file. Some repeated content to pad the file. Some repeated content to pad the file. Some repeated content to pad the file. Some repeated content to pad the file. Some repeated content to pad the file. Some repeated content to pad the file. Some repeated content to pad the file. Some repeated content to pad the file. Some repeated content to pad the file. Some repeated content to pad the file. Some repeated content to pad the file. Some repeated content to pad the file. Some repeated content to pad the file. Some repeated content to pad the file. Some repeated content to pad the file. Some repeated content to pad the file. Some repeated content to pad the file. Some repeated content to pad the file. Some repeated content to pad the file. Some repeated content to pad the file. Some repeated content to pad the file. Some repeated content to pad the file. Some repeated content to pad the file. Some repeated content to pad the file. Some repeated content to pad the file. Some repeated content to pad the file. Some repeated content to pad the file. Some repeated content to pad the file. Some repeated content to pad the file. Some repeated content to pad the file. Some repeated content to pad the file. Some repeated content to pad the file. Some repeated content to pad the file. Some repeated content to pad the file. Some repeated content to pad the file. Some repeated content to pad the file. Some repeated content to pad the file. Some repeated content to pad the file. Some repeated content to pad the file. Some repeated content to pad the file. Some repeated content to pad the file. Some repeated content to pad the file. Some repeated content to pad the file. Some repeated content to pad the file. Some repeated content to pad the file. Some repeated content to pad the file. Some repeated content to pad the file. Some repeated content to pad the file. Some repeated content to pad the file. Some repeated content to pad the file. Some repeated content to pad the file. Some repeated content to pad the file. Some repeated content to pad the file. Some repeated content to pad the file. Some repeated content to pad the file. Some repeated content to pad the file. Some repeated content to pad the file. Some repeated content to pad the file. Some repeated content to pad the file. Some repeated content to pad the file. Some repeated content to pad the file. Some repeated content to pad the file. Some repeated content to pad the file. Some repeated content to pad the file. Some repeated content to pad the file. Some repeated content to pad the file. Some repeated content to pad the file. Some repeated content to pad the file. Some repeated content to pad the file. Some repeated content to pad the file. Some repeated content to pad the file. Some repeated content to pad the file. Some repeated content to pad the file. Some repeated content to pad the file. Some repeated content to pad the file. Some repeated content to pad the file. Some repeated content to pad the file. Some repeated content to pad the file. Some repeated content to pad the file. Some repeated content to pad the file. Some repeated content to pad the file. Some repeated content to pad the file. Some repeated content to pad the file. Some repeated content to pad the file. Some repeated content to pad the file. Some repeated content to pad the file. Some repeated content to pad the file. Some repeated content to pad the file. Some repeated content to pad the file. Some repeated content to pad the file. Some repeated content to pad the file. Some repeated content to pad the file. Some repeated content to pad the file. Some repeated content to pad the file. Some repeated content to pad the file. Some repeated content to pad the file. Some repeated content to pad the file. Some repeated content to pad the file. Some repeated content to pad the file. Some repeated content to pad the file. Some repeated content to pad the file. Some repeated content to pad the file. Some repeated content to pad the file. Some repeated content to pad the file. Some repeated content to pad the file. Some repeated content to pad the file. Some repeated content to pad the file. Some repeated content to pad the file. Some repeated content to pad the file. Some repeated content to pad the file. Some repeated content to pad the file. Some repeated content to pad the file. Some repeated content to pad the file. Some repeated content to pad the file. Some repeated content to pad the file. Some repeated content to pad the file. Some repeated content to pad the file. Some repeated content to pad the file. Some repeated content to pad the file. Some repeated content to pad the file. Some repeated content to pad the file. Some repeated content to pad the file. Some repeated content to pad the file. Some repeated content to pad the file. Some repeated content to pad the file. Some repeated content to pad the file. Some repeated content to pad the file. Some repeated content to pad the file. Some repeated content to pad the file. Some repeated content to pad the file. Some repeated content to pad the file. Some repeated content to pad the file. Some repeated content to pad the file. Some repeated content to pad the file. Some repeated content to pad the file. Some repeated content to pad the file. Some repeated content to pad the file. Some repeated content to pad the file. Some repeated content to pad the file. Some repeated content to pad the file. Some repeated content to pad the file. Some repeated content to pad the file. Some repeated content to pad the file. Some repeated content to pad the file. Some repeated content to pad the file. Some repeated content to pad the file. Some repeated content to pad the file. Some repeated content to pad the file. Some repeated content to pad the file. Some repeated content to pad the file. Some repeated content to pad the file. Some repeated content to pad the file. Some repeated content to pad the file. Some repeated content to pad the file. Some repeated content to pad the file. Some repeated content to pad the file. Some repeated content to pad the file. Some repeated content to pad the file. Some repeated content to pad the file. Some repeated content to pad the file. Some repeated content to pad the file. Some repeated content to pad the file. Some repeated content to pad the file. Some repeated content to pad the file. Some repeated content to pad the file. Some repeated content to pad the file. Some repeated content to pad the file. Some repeated content to pad the file. Some repeated content to pad the file. Some repeated content to pad the file. Some repeated content to pad the file. Some repeated content to pad the file. Some repeated content to pad the file. Some repeated content to pad the file. Some repeated content to pad the file. Some repeated content to pad the file. Some repeated content to pad the file. Some repeated content to pad the file. Some repeated content to pad the file. Some repeated content to pad the file. Some repeated content to pad the file. Some repeated content to pad the file. Some repeated content to pad the file. Some repeated content to pad the file. Some repeated content to pad the file. Some repeated content to pad the file. Some repeated content to pad the file. Some repeated content to pad the file. Some repeated content to pad the file. Some repeated content to pad the file. Some repeated content to pad the file. Some repeated content to pad the file. Some repeated content to pad the file. Some repeated content to pad the file. Some repeated content to pad the file. Some repeated content to pad the file. Some repeated content to pad the file. Some repeated content to pad the file. Some repeated content to pad the file. Some repeated content to pad the file. Some repeated content to pad the file. Some repeated content to pad the file. Some repeated content to pad the file. Some repeated content to pad the file. Some repeated content to pad the file. Some repeated content to pad the file. Some repeated content to pad the file. Some repeated content to pad the file. Some repeated content to pad the file. Some repeated content to pad the file. Some repeated content to pad the file. Some repeated content to pad the file. Some repeated content to pad the file. Some repeated content to pad the file. Some repeated content to pad the file. Some repeated content to pad the file. Some repeated content to pad the file. Some repeated content to pad the file. Some repeated content to pad the file. Some repeated content to pad the file. Some repeated content to pad the file. Some repeated content to pad the file. Some repeated content to pad the file. Some repeated content to pad the file. Some repeated content to pad the file. Some repeated content to pad the file. Some repeated content to pad the file. Some repeated content to pad the file. Some repeated content to pad the file. Some repeated content to pad the file. Some repeated content to pad the file. Some repeated content to pad the file. Some repeated content to pad the file. Some repeated content to pad the file. Some repeated content to pad the file. Some repeated content to pad the file. Some repeated content to pad the file. Some repeated content to pad the file. Some repeated content to pad the file. Some repeated content to pad the file. Some repeated content to pad the file. Some repeated content to pad the file. Some repeated content to pad the file. Some repeated content to pad the file. Some repeated content to pad the file. Some repeated content to pad the file. Some repeated content to pad the file. Some repeated content to pad the file. Some repeated content to pad the file. Some repeated content to pad the file. Some repeated content to pad the file. Some repeated content to pad the file. Some repeated content to pad the file. Some repeated content to pad the file. Some repeated content to pad the file. Some repeated content to pad the file. Some repeated content to pad the file. Some repeated content to pad the file. Some repeated content to pad the file. Some repeated content to pad the file. Some repeated content to pad the file. Some repeated content to pad the file. Some repeated content to pad the file. Some repeated content to pad the file. Some repeated content to pad the file. Some repeated content to pad the file. Some repeated content to pad the file. Some repeated content to pad the file. Some repeated content to pad the file. Some repeated content to pad the file. Some repeated content to pad the file. Some repeated content to pad the file. Some repeated content to pad the file. Some repeated content to pad the file. Some repeated content to pad the file. Some repeated content to pad the file. Some repeated content to pad the file. Some repeated content to pad the file. Some repeated content to pad the file. Some repeated content to pad the file. Some repeated content to pad the file. Some repeated content to pad the file. Some repeated content to pad the file. Some repeated content to pad the file. Some repeated content to pad the file. Some repeated content to pad the file. Some repeated content to pad the file. Some repeated content to pad the file. Some repeated content to pad the file. Some repeated content to pad the file. Some repeated content to pad the file. Some repeated content to pad the file. Some repeated content to pad the file. Some repeated content to pad the file. Some repeated content to pad the file. Some repeated content to pad the file. Some repeated content to pad the file. Some repeated content to pad the file. Some repeated content to pad the file. Some repeated content to pad the file. Some repeated content to pad the file. Some repeated content to pad the file. Some repeated content to pad the file. Some repeated content to pad the file. Some repeated content to pad the file. Some repeated content to pad the file. Some repeated content to pad the file. Some repeated content to pad the file. Some repeated content to pad the file. Some repeated content to pad the file. Some repeated content to pad the file. Some repeated content to pad the file. Some repeated content to pad the file. Some repeated content to pad the file. Some repeated content to pad the file. Some repeated content to pad the file. Some repeated content to pad the file. Some repeated content to pad the file. Some repeated content to pad the file. Some repeated content to pad the file. Some repeated content to pad the file. Some repeated content to pad the file. Some repeated content to pad the file. Some repeated content to pad the file. Some repeated content to pad the file. Some repeated content to pad the file. Some repeated content to pad the file. Some repeated content to pad the file. Some repeated content to pad the file. Some repeated content to pad the file. Some repeated content to pad the file. Some repeated content to pad the file. Some repeated content to pad the file. Some repeated content to pad the file. Some repeated content to pad the file. Some repeated content to pad the file. Some repeated content to pad the file. Some repeated content to pad the file. Some repeated content to pad the file. Some repeated content to pad the file. Some repeated content to pad the file. Some repeated content to pad the file. Some repeated content to pad the file. Some repeated content to pad the file. Some repeated content to pad the file. Some repeated content to pad the file. Some repeated content to pad the file. Some repeated content to pad the file. Some repeated content to pad the file. Some repeated content to pad the file. Some repeated content to pad the file. Some repeated content to pad the file. Some repeated content to pad the file. Some repeated content to pad the file. Some repeated content to pad the file. Some repeated content to pad the file. Some repeated content to pad the file. Some repeated content to pad the file. Some repeated content to pad the file. Some repeated content to pad the file. Some repeated content to pad the file. Some repeated content to pad the file. Some repeated content to pad the file. Some repeated content to pad the file. Some repeated content to pad the file. Some repeated content to pad the file. Some repeated content to pad the file. Some repeated content to pad the file. Some repeated content to pad the file. Some repeated content to pad the file. Some repeated content to pad the file. Some repeated content to pad the file. Some repeated content to pad the file. Some repeated content to pad the file. Some repeated content to pad the file. Some repeated content to pad the file. Some repeated content to pad the file. Some repeated content to pad the file. Some repeated content to pad the file. Some repeated content to pad the file. Some repeated content to pad the file. Some repeated content to pad the file. Some repeated content to pad the file. Some repeated content to pad the file. Some repeated content to pad the file. Some repeated content to pad the file. Some repeated content to pad the file. Some repeated content to pad the file. Some repeated content to pad the file. Some repeated content to pad the file. Some repeated content to pad the file. Some repeated content to pad the file. Some repeated content to pad the file. Some repeated content to pad the file. Some repeated content to pad the file. Some repeated content to pad the file. Some repeated content to pad the file. Some repeated content to pad the file. Some repeated content to pad the file. Some repeated content to pad the file. Some repeated content to pad the file. Some repeated content to pad the file. Some repeated content to pad the file. Some repeated content to pad the file. Some repeated content to pad the file. Some repeated content to pad the file. Some repeated content to pad the file. Some repeated content to pad the file. Some repeated content to pad the file. Some repeated content to pad the file. Some repeated content to pad the file. Some repeated content to pad the file. Some repeated content to pad the file. Some repeated content to pad the file. Some repeated content to pad the file. Some repeated content to pad the file. Some repeated content to pad the file. Some repeated content to pad the file. Some repeated content to pad the file. Some repeated content to pad the file. Some repeated content to pad the file. Some repeated content to pad the file. Some repeated content to pad the file. Some repeated content to pad the file. Some repeated content to pad the file. Some repeated content to pad the file. Some repeated content to pad the file. Some repeated content to pad the file. Some repeated content to pad the file. Some repeated content to pad the file. Some repeated content to pad the file. Some repeated content to pad the file. Some repeated content to pad the file. Some repeated content to pad the file. Some repeated content to pad the file. Some repeated content to pad the file. Some repeated content to pad the file. Some repeated content to pad the file. Some repeated content to pad the file. Some repeated content to pad the file. Some repeated content to pad the file. Some repeated content to pad the file. Some repeated content to pad the file. Some repeated content to pad the file. Some repeated content to pad the file. Some repeated content to pad the file. Some repeated content to pad the file. Some repeated content to pad the file. Some repeated content to pad the file. Some repeated content to pad the file. Some repeated content to pad the file. Some repeated content to pad the file. Some repeated content to pad the file. Some repeated content to pad the file. Some repeated content to pad the file. Some repeated content to pad the file. Some repeated content to pad the file. Some repeated content to pad the file. Some repeated content to pad the file. Some repeated content to pad the file. Some repeated content to pad the file. Some repeated content to pad the file. Some repeated content to pad the file. Some repeated content to pad the file. Some repeated content to pad the file. Some repeated content to pad the file. Some repeated content to pad the file. Some repeated content to pad the file. Some repeated content to pad the file. Some repeated content to pad the file. Some repeated content to pad the file. Some repeated content to pad the file. Some repeated content to pad the file. Some repeated content to pad the file. Some repeated content to pad the file. Some repeated content to pad the file. Some repeated content to pad the file. Some repeated content to pad the file. Some repeated content to pad the file. Some repeated content to pad the file. Some repeated content to pad the file. Some repeated content to pad the file. Some repeated content to pad the file. Some repeated content to pad the file. Some repeated content to pad the file. Some repeated content to pad the file. Some repeated content to pad the file. Some repeated content to pad the file. Some repeated content to pad the file. Some repeated content to pad the file. Some repeated content to pad the file. Some repeated content to pad the file. Some repeated content to pad the file. Some repeated content to pad the file. Some repeated content to pad the file. Some repeated content to pad the file. Some repeated content to pad the file. Some repeated content to pad the file. Some repeated content to pad the file. Some repeated content to pad the file. Some repeated content to pad the file. Some repeated content to pad the file. Some repeated content to pad the file. Some repeated content to pad the file. Some repeated content to pad the file. Some repeated content to pad the file. Some repeated content to pad the file. Some repeated content to pad the file. Some repeated content to pad the file. Some repeated content to pad the file. Some repeated content to pad the file. Some repeated content to pad the file. Some repeated content to pad the file. Some repeated content to pad the file. Some repeated content to pad the file. Some repeated content to pad the file. Some repeated content to pad the file. Some repeated content to pad the file. Some repeated content to pad the file. Some repeated content to pad the file. Some repeated content to pad the file. Some repeated content to pad the file. Some repeated content to pad the file. Some repeated content to pad the file. Some repeated content to pad the file. Some repeated content to pad the file. Some repeated content to pad the file. Some repeated content to pad the file. Some repeated content to pad the file. Some repeated content to pad the file. Some repeated content to pad the file. Some repeated content to pad the file. Some repeated content to pad the file. Some repeated content to pad the file. Some repeated content to pad the file. Some repeated content to pad the file. Some repeated content to pad the file. Some repeated content to pad the file. Some repeated content to pad the file. Some repeated content to pad the file. Some repeated content to pad the file. Some repeated content to pad the file. Some repeated content to pad the file. Some repeated content to pad the file. Some repeated content to pad the file. Some repeated content to pad the file. Some repeated content to pad the file. Some repeated content to pad the file. Some repeated content to pad the file. Some repeated content to pad the file. Some repeated content to pad the file. Some repeated content to pad the file. Some repeated content to pad the file. Some repeated content to pad the file. Some repeated content to pad the file. Some repeated content to pad the file. Some repeated content to pad the file. Some repeated content to pad the file. Some repeated content to pad the file. Some repeated content to pad the file. Some repeated content to pad the file. Some repeated content to pad the file. Some repeated content to pad the file. Some repeated content to pad the file. Some repeated content to pad the file. Some repeated content to pad the file. Some repeated content to pad the file. Some repeated content to pad the file. Some repeated content to pad the file. Some repeated content to pad the file. Some repeated content to pad the file. Some repeated content to pad the file. Some repeated content to pad the file. Some repeated content to pad the file. Some repeated content to pad the file. Some repeated content to pad the file. Some repeated content to pad the file. Some repeated content to pad the file. Some repeated content to pad the file. Some repeated content to pad the file. Some repeated content to pad the file. Some repeated content to pad the file. Some repeated content to pad the file. Some repeated content to pad the file. Some repeated content to pad the file. Some repeated content to pad the file. Some repeated content to pad the file. Some repeated content to pad the file. Some repeated content to pad the file. Some repeated content to pad the file. Some repeated content to pad the file. Some repeated content to pad the file. Some repeated content to pad the file. Some repeated content to pad the file. Some repeated content to pad the file. Some repeated content to pad the file. Some repeated content to pad the file. Some repeated content to pad the file. Some repeated content to pad the file. Some repeated content to pad the file. Some repeated content to pad the file. Some repeated content to pad the file. Some repeated content to pad the file. Some repeated content to pad the file. Some repeated content to pad the file. Some repeated content to pad the file. Some repeated content to pad the file. Some repeated content to pad the file. Some repeated content to pad the file. Some repeated content to pad the file. Some repeated content to pad the file. Some repeated content to pad the file. Some repeated content to pad the file. Some repeated content to pad the file. Some repeated content to pad the file. Some repeated content to pad the file. Some repeated content to pad the file. Some repeated content to pad the file. Some repeated content to pad the file. Some repeated content to pad the file. Some repeated content to pad the file. Some repeated content to pad the file. Some repeated content to pad the file. Some repeated content to pad the file. Some repeated content to pad the file. Some repeated content to pad the file. Some repeated content to pad the file. Some repeated content to pad the file. Some repeated content to pad the file. Some repeated content to pad the file. Some repeated content to pad the file. Some repeated content to pad the file. Some repeated content to pad the file. Some repeated content to pad the file. Some repeated content to pad the file. Some repeated content to pad the file. Some repeated content to pad the file. Some repeated content to pad the file. Some repeated content to pad the file. Some repeated content to pad the file. Some repeated content to pad the file. Some repeated content to pad the file. Some repeated content to pad the file. Some repeated content to pad the file. Some repeated content to pad the file. Some repeated content to pad the file. Some repeated content to pad the file. Some repeated content to pad the file. Some repeated content to pad the file. Some repeated content to pad the file. Some repeated content to pad the file. Some repeated content to pad the file. Some repeated content to pad the file. Some repeated content to pad the file. Some repeated content to pad the file. Some repeated content to pad the file. Some repeated content to pad the file. Some repeated content to pad the file. Some repeated content to pad the file. Some repeated content to pad the file. Some repeated content to pad the file. Some repeated content to pad the file. Some repeated content to pad the file. Some repeated content to pad the file. Some repeated content to pad the file. Some repeated content to pad the file. Some repeated content to pad the file. Some repeated content to pad the file. Some repeated content to pad the file. Some repeated content to pad the file. Some repeated content to pad the file. Some repeated content to pad the file. Some repeated content to pad the file. Some repeated content to pad the file. Some repeated content to pad the file. Some repeated content to pad the file. Some repeated content to pad the file. Some repeated content to pad the file. Some repeated content to pad the file. Some repeated content to pad the file. Some repeated content to pad the file. Some repeated content to pad the file. Some repeated content to pad the file. Some repeated content to pad the file. Some repeated content to pad the file. Some repeated content to pad the file. Some repeated content to pad the file. Some repeated content to pad the file. Some repeated content to pad the file. Some repeated content to pad the file. Some repeated content to pad the file. Some repeated content to pad the file. Some repeated content to pad the file. Some repeated content to pad the file. Some repeated content to pad the file. Some repeated content to pad the file. Some repeated content to pad the file. Some repeated content to pad the file. Some repeated content to pad the file. Some repeated content to pad the file. Some repeated content to pad the file. Some repeated content to pad the file. Some repeated content to pad the file. Some repeated content to pad the file. Some repeated content to pad the file. Some repeated content to pad the file. Some repeated content to pad the file. Some repeated content to pad the file. Some repeated content to pad the file. Some repeated content to pad the file. Some repeated content to pad the file. Some repeated content to pad the file. Some repeated content to pad the file. Some repeated content to pad the file. Some repeated content to pad the file. Some repeated content to pad the file. Some repeated content to pad the file. Some repeated content to pad the file. Some repeated content to pad the file. Some repeated content to pad the file. Some repeated content to pad the file. Some repeated content to pad the file. Some repeated content to pad the file. Some repeated content to pad the file. Some repeated content to pad the file. Some repeated content to pad the file. Some repeated content to pad the file. Some repeated content to pad the file. Some repeated content to pad the file. Some repeated content to pad the file. Some repeated content to pad the file. Some repeated content to pad the file. Some repeated content to pad the file. Some repeated content to pad the file. Some repeated content to pad the file. Some repeated content to pad the file. Some repeated content to pad the file. Some repeated content to pad the file. Some repeated content to pad the file. Some repeated content to pad the file. Some repeated content to pad the file. Some repeated content to pad the file. Some repeated content to pad the file. Some repeated content to pad the file. Some repeated content to pad the file. Some repeated content to pad the file. Some repeated content to pad the file. Some repeated content to pad the file. Some repeated content to pad the file. Some repeated content to pad the file. Some repeated content to pad the file. Some repeated content to pad the file. Some repeated content to pad the file. Some repeated content to pad the file. Some repeated content to pad the file. Some repeated content to pad the file. Some repeated content to pad the file. Some repeated content to pad the file. Some repeated content to pad the file. Some repeated content to pad the file. Some repeated content to pad the file. Some repeated content to pad the file. Some repeated content to pad the file. Some repeated content to pad the file. Some repeated content to pad the file. Some repeated content to pad the file. Some repeated content to pad the file. Some repeated content to pad the file. Some repeated content to pad the file. Some repeated content to pad the file. Some repeated content to pad the file. Some repeated content to pad the file. Some repeated content to pad the file. Some repeated content to pad the file. Some repeated content to pad the file. Some repeated content to pad the file. Some repeated content to pad the file. Some repeated content to pad the file. Some repeated content to pad the file. Some repeated content to pad the file. Some repeated content to pad the file. Some repeated content to pad the file. Some repeated content to pad the file. Some repeated content to pad the file. Some repeated content to pad the file. Some repeated content to pad the file. Some repeated content to pad the file. Some repeated content to pad the file. Some repeated content to pad the file. Some repeated content to pad the file. Some repeated content to pad the file. Some repeated content to pad the file. Some repeated content to pad the file. Some repeated content to pad the file. Some repeated content to pad the file. Some repeated content to pad the file. Some repeated content to pad the file. Some repeated content to pad the file. Some repeated content to pad the file. Some repeated content to pad the file. Some repeated content to pad the file. Some repeated content to pad the file. Some repeated content to pad the file. Some repeated content to pad the file. Some repeated content to pad the file. Some repeated content to pad the file. Some repeated content to pad the file. Some repeated content to pad the file. Some repeated content to pad the file. Some repeated content to pad the file. Some repeated content to pad the file. Some repeated content to pad the file. Some repeated content to pad the file. Some repeated content to pad the file. Some repeated content to pad the file. Some repeated content to pad the file. Some repeated content to pad the file. Some repeated content to pad the file. Some repeated content to pad the file. Some repeated content to pad the file. Some repeated content to pad the file. Some repeated content to pad the file. Some repeated content to pad the file. Some repeated content to pad the file. Some repeated content to pad the file. Some repeated content to pad the file. Some repeated content to pad the file. Some repeated content to pad the file. Some repeated content to pad the file. Some repeated content to pad the file. Some repeated content to pad the file. Some repeated content to pad the file. Some repeated content to pad the file. Some repeated content to pad the file. Some repeated content to pad the file. Some repeated content to pad the file. Some repeated content to pad the file. Some repeated content to pad the file. Some repeated content to pad the file. Some repeated content to pad the file. Some repeated content to pad the file. Some repeated content to pad the file. Some repeated content to pad the file. Some repeated content to pad the file. Some repeated content to pad the file. Some repeated content to pad the file. Some repeated content to pad the file. Some repeated content to pad the file. Some repeated content to pad the file. Some repeated content to pad the file. Some repeated content to pad the file. Some repeated content to pad the file. Some repeated content to pad the file. Some repeated content to pad the file. Some repeated content to pad the file. Some repeated content to pad the file. Some repeated content to pad the file. Some repeated content to pad the file. Some repeated content to pad the file. Some repeated content to pad the file. Some repeated content to pad the file. Some repeated content to pad the file. Some repeated content to pad the file. Some repeated content to pad the file. Some repeated content to pad the file. Some repeated content to pad the file. Some repeated content to pad the file. Some repeated content to pad the file. Some repeated content to pad the file. Some repeated content to pad the file. Some repeated content to pad the file. Some repeated content to pad the file. Some repeated content to pad the file. Some repeated content to pad the file. Some repeated content to pad the file. Some repeated content to pad the file. Some repeated content to pad the file. Some repeated content to pad the file. Some repeated content to pad the file. Some repeated content to pad the file. Some repeated content to pad the file. Some repeated content to pad the file. Some repeated content to pad the file. Some repeated content to pad the file. Some repeated content to pad the file. Some repeated content to pad the file. Some repeated content to pad the file. Some repeated content to pad the file. Some repeated content to pad the file. Some repeated content to pad the file. Some repeated content to pad the file. Some repeated content to pad the file. Some repeated content to pad the file. Some repeated content to pad the file. Some repeated content to pad the file. Some repeated content to pad the file. Some repeated content to pad the file. Some repeated content to pad the file. Some repeated content to pad the file. Some repeated content to pad the file. Some repeated content to pad the file. Some repeated content to pad the file. Some repeated content to pad the file. Some repeated content to pad the file. Some repeated content to pad the file. Some repeated content to pad the file. Some repeated content to pad the file. Some repeated content to pad the file. Some repeated content to pad the file. Some repeated content to pad the file. Some repeated content to pad the file. Some repeated content to pad the file. Some repeated content to pad the file. Some repeated content to pad the file. Some repeated content to pad the file. Some repeated content to pad the file. Some repeated content to pad the file. Some repeated content to pad the file. Some repeated content to pad the file. Some repeated content to pad the file. Some repeated content to pad the file. Some repeated content to pad the file. Some repeated content to pad the file. Some repeated content to pad the file. Some repeated content to pad the file. Some repeated content to pad the file. Some repeated content to pad the file. Some repeated content to pad the file. Some repeated content to pad the file. Some repeated content to pad the file. Some repeated content to pad the file. Some repeated content to pad the file. Some repeated content to pad the file. Some repeated content to pad the file. Some repeated content to pad the file. Some repeated content to pad the file. Some repeated content to pad the file. Some repeated content to pad the file. Some repeated content to pad the file. Some repeated content to pad the file. Some repeated content to pad the file. Some repeated content to pad the file. Some repeated content to pad the file. Some repeated content to pad the file. Some repeated content to pad the file. Some repeated content to pad the file. Some repeated content to pad the file. Some repeated content to pad the file. Some repeated content to pad the file. Some repeated content to pad the file. Some repeated content to pad the file. Some repeated content to pad the file. Some repeated content to pad the file. Some repeated content to pad the file. Some repeated content to pad the file. Some repeated content to pad the file. Some repeated content to pad the file. Some repeated content to pad the file. Some repeated content to pad the file. Some repeated content to pad the file. Some repeated content to pad the file. Some repeated content to pad the file. Some repeated content to pad the file. Some repeated content to pad the file. Some repeated content to pad the file. Some repeated content to pad the file. Some repeated content to pad the file. Some repeated content to pad the file. Some repeated content to pad the file. Some repeated content to pad the file. Some repeated content to pad the file. Some repeated content to pad the file. Some repeated content to pad the file. Some repeated content to pad the file. Some repeated content to pad the file. Some repeated content to pad the file. Some repeated content to pad the file. Some repeated content to pad the file. Some repeated content to pad the file. Some repeated content to pad the file. Some repeated content to pad the file. Some repeated content to pad the file. Some repeated content to pad the file. Some repeated content to pad the file. Some repeated content to pad the file. Some repeated content to pad the file. Some repeated content to pad the file. Some repeated content to pad the file. Some repeated content to pad the file. Some repeated content to pad the file. Some repeated content to pad the file. Some repeated content to pad the file. Some repeated content to pad the file. Some repeated content to pad the file. Some repeated content to pad the file. Some repeated content to pad the file. Some repeated content to pad the file. Some repeated content to pad the file. Some repeated content to pad the file. Some repeated content to pad the file. Some repeated content to pad the file. Some repeated content to pad the file. Some repeated content to pad the file. Some repeated content to pad the file. Some repeated content to pad the file. Some repeated content to pad the file. Some repeated content to pad the file. Some repeated content to pad the file. Some repeated content to pad the file. Some repeated content to pad the file. Some repeated content to pad the file. Some repeated content to pad the file. Some repeated content to pad the file. Some repeated content to pad the file. Some repeated content to pad the file. Some repeated content to pad the file. Some repeated content to pad the file. Some repeated content to pad the file. Some repeated content to pad the file. Some repeated content to pad the file. Some repeated content to pad the file. Some repeated content to pad the file. Some repeated content to pad the file. Some repeated content to pad the file. Some repeated content to pad the file. Some repeated content to pad the file. Some repeated content to pad the file. Some repeated content to pad the file. Some repeated content to pad the file. Some repeated content to pad the file. Some repeated content to pad the file. Some repeated content to pad the file. Some repeated content to pad the file. Some repeated content to pad the file. Some repeated content to pad the file. Some repeated content to pad the file. Some repeated content to pad the file. Some repeated content to pad the file. Some repeated content to pad the file. Some repeated content to pad the file. Some repeated content to pad the file. Some repeated content to pad the file. Some repeated content to pad the file. Some repeated content to pad the file. Some repeated content to pad the file. Some repeated content to pad the file. Some repeated content to pad the file. Some repeated content to pad the file. Some repeated content to pad the file. Some repeated content to pad the file. Some repeated content to pad the file. Some repeated content to pad the file. Some repeated content to pad the file. Some repeated content to pad the file. Some repeated content to pad the file. Some repeated content to pad the file. Some repeated content to pad the file. Some repeated content to pad the file. Some repeated content to pad the file. Some repeated content to pad the file. Some repeated content to pad the file. Some repeated content to pad the file. Some repeated content to pad the file. Some repeated content to pad the file. Some repeated content to pad the file. Some repeated content to pad the file. Some repeated content to pad the file. Some repeated content to pad the file. Some repeated content to pad the file. Some repeated content to pad the file. Some repeated content to pad the file. Some repeated content to pad the file. Some repeated content to pad the file. Some repeated content to pad the file. Some repeated content to pad the file. Some repeated content to pad the file. Some repeated content to pad the file. Some repeated content to pad the file. Some repeated content to pad the file. Some repeated content to pad the file. Some repeated content to pad the file. Some repeated content to pad the file. Some repeated content to pad the file. Some repeated content to pad the file. Some repeated content to pad the file. Some repeated content to pad the file. Some repeated content to pad the file. Some repeated content to pad the file. Some repeated content to pad the file. Some repeated content to pad the file. Some repeated content to pad the file. Some repeated content to pad the file. Some repeated content to pad the file. Some repeated content to pad the file. Some repeated content to pad the file. Some repeated content to pad the file. Some repeated content to pad the file. Some repeated content to pad the file. Some repeated content to pad the file. Some repeated content to pad the file. Some repeated content to pad the file. Some repeated content to pad the file. Some repeated content to pad the file. Some repeated content to pad the file. Some repeated content to pad the file. Some repeated content to pad the file. Some repeated content to pad the file. Some repeated content to pad the file. Some repeated content to pad the file. Some repeated content to pad the file. Some repeated content to pad the file. Some repeated content to pad the file. Some repeated content to pad the file. Some repeated content to pad the file. Some repeated content to pad the file. Some repeated content to pad the file. Some repeated content to pad the file. Some repeated content to pad the file. Some repeated content to pad the file. Some repeated content to pad the file. Some repeated content to pad the file. Some repeated content to pad the file. Some repeated content to pad the file. Some repeated content to pad the file. Some repeated content to pad the file. Some repeated content to pad the file. Some repeated content to pad the file. Some repeated content to pad the file. Some repeated content to pad the file. Some repeated content to pad the file. Some repeated content to pad the file. Some repeated content to pad the file. Some repeated content to pad the file. Some repeated content to pad the file. Some repeated content to pad the file. Some repeated content to pad the file. Some repeated content to pad the file. Some repeated content to pad the file. Some repeated content to pad the file. Some repeated content to pad the file. Some repeated content to pad the file. Some repeated content to pad the file. Some repeated content to pad the file. Some repeated content to pad the file. Some repeated content to pad the file. Some repeated content to pad the file. Some repeated content to pad the file. Some repeated content to pad the file. Some repeated content to pad the file. Some repeated content to pad the file. Some repeated content to pad the file. Some repeated content to pad the file. Some repeated content to pad the file. Some repeated content to pad the file. Some repeated content to pad the file. Some repeated content to pad the file. Some repeated content to pad the file. Some repeated content to pad the file. Some repeated content to pad the file. Some repeated content to pad the file. Some repeated content to pad the file. Some repeated content to pad the file. Some repeated content to pad the file. Some repeated content to pad the file. Some repeated content to pad the file. Some repeated content to pad the file. Some repeated content to pad the file. Some repeated content to pad the file. Some repeated content to pad the file. Some repeated content to pad the file. Some repeated content to pad the file. Some repeated content to pad the file. Some repeated content to pad the file. Some repeated content to pad the file. Some repeated content to pad the file. Some repeated content to pad the file. Some repeated content to pad the file. Some repeated content to pad the file. Some repeated content to pad the file. Some repeated content to pad the file. Some repeated content to pad the file. Some repeated content to pad the file. Some repeated content to pad the file. Some repeated content to pad the file. Some repeated content to pad the file. Some repeated content to pad the file. Some repeated content to pad the file. Some repeated content to pad the file. Some repeated content to pad the file. Some repeated content to pad the file. Some repeated content to pad the file. Some repeated content to pad the file. Some repeated content to pad the file. Some repeated content to pad the file. Some repeated content to pad the file. Some repeated content to pad the file. Some repeated content to pad the file. Some repeated content to pad the file. Some repeated content to pad the file. Some repeated content to pad the file. Some repeated content to pad the file. Some repeated content to pad the file. Some repeated content to pad the file. Some repeated content to pad the file. Some repeated content to pad the file. Some repeated content to pad the file. Some repeated content to pad the file. Some repeated content to pad the file. Some repeated content to pad the file. Some repeated content to pad the file. Some repeated content to pad the file. Some repeated content to pad the file. Some repeated content to pad the file. Some repeated content to pad the file. Some repeated content to pad the file. Some repeated content to pad the file. Some repeated content to pad the file. Some repeated content to pad the file. Some repeated content to pad the file. Some repeated content to pad the file. Some repeated content to pad the file. Some repeated content to pad the file. Some repeated content to pad the file. Some repeated content to pad the file. Some repeated content to pad the file. Some repeated content to pad the file. Some repeated content to pad the file. Some repeated content to pad the file. Some repeated content to pad the file. Some repeated content to pad the file. Some repeated content to pad the file. Some repeated content to pad the file. Some repeated content to pad the file. Some repeated content to pad the file. Some repeated content to pad the file. Some repeated content to pad the file. Some repeated content to pad the file. Some repeated content to pad the file. Some repeated content to pad the file. Some repeated content to pad the file. Some repeated content to pad the file. Some repeated content to pad the file. Some repeated content to pad the file. Some repeated content to pad the file. Some repeated content to pad the file. Some repeated content to pad the file. Some repeated content to pad the file. Some repeated content to pad the file. Some repeated content to pad the file. Some repeated content to pad the file. Some repeated content to pad the file. Some repeated content to pad the file. Some repeated content to pad the file. Some repeated content to pad the file. Some repeated content to pad the file. Some repeated content to pad the file. Some repeated content to pad the file. Some repeated content to pad the file. Some repeated content to pad the file. Some repeated content to pad the file. Some repeated content to pad the file. Some repeated content to pad the file. Some repeated content to pad the file. Some repeated content to pad the file. Some repeated content to pad the file. Some repeated content to pad the file. Some repeated content to pad the file. Some repeated content to pad the file. Some repeated content to pad the file. Some repeated content to pad the file. Some repeated content to pad the file. Some repeated content to pad the file. Some repeated content to pad the file. Some repeated content to pad the file. Some repeated content to pad the file. Some repeated content to pad the file. Some repeated content to pad the file. Some repeated content to pad the file. Some repeated content to pad the file. Some repeated content to pad the file. Some repeated content to pad the file. Some repeated content to pad the file. Some repeated content to pad the file. Some repeated content to pad the file. Some repeated content to pad the file. Some repeated content to pad the file. Some repeated content to pad the file. Some repeated content to pad the file. Some repeated content to pad the file. Some repeated content to pad the file. Some repeated content to pad the file. Some repeated content to pad the file. Some repeated content to pad the file. Some repeated content to pad the file. Some repeated content to pad the file. Some repeated content to pad the file. Some repeated content to pad the file. Some repeated content to pad the file. Some repeated content to pad the file. Some repeated content to pad the file. Some repeated content to pad the file. Some repeated content to pad the file. Some repeated content to pad the file. Some repeated content to pad the file. Some repeated content to pad the file. Some repeated content to pad the file. Some repeated content to pad the file. Some repeated content to pad the file. Some repeated content to pad the file. Some repeated content to pad the file. Some repeated content to pad the file. Some repeated content to pad the file. Some repeated content to pad the file. Some repeated content to pad the file. Some repeated content to pad the file. Some repeated content to pad the file. Some repeated content to pad the file. Some repeated content to pad the file. Some repeated content to pad the file. Some repeated content to pad the file. Some repeated content to pad the file. Some repeated content to pad the file. Some repeated content to pad the file. Some repeated content to pad the file. Some repeated content to pad the file. Some repeated content to pad the file. Some repeated content to pad the file. Some repeated content to pad the file. Some repeated content to pad the file. Some repeated content to pad the file. Some repeated content to pad the file. Some repeated content to pad the file. Some repeated content to pad the file. Some repeated content to pad the file. Some repeated content to pad the file. Some repeated content to pad the file. Some repeated content to pad the file. Some repeated content to pad the file. Some repeated content to pad the file. Some repeated content to pad the file. Some repeated content to pad the file. Some repeated content to pad the file. Some repeated content to pad the file. Some repeated content to pad the file. Some repeated content to pad the file. Some repeated content to pad the file. Some repeated content to pad the file. Some repeated content to pad the file. Some repeated content to pad the file. Some repeated content to pad the file. Some repeated content to pad the file. Some repeated content to pad the file. Some repeated content to pad the file. Some repeated content to pad the file. Some repeated content to pad the file. Some repeated content to pad the file. Some repeated content to pad the file. Some repeated content to pad the file. Some repeated content to pad the file. Some repeated content to pad the file. Some repeated content to pad the file. Some repeated content to pad the file. Some repeated content to pad the file. Some repeated content to pad the file. Some repeated content to pad the file. Some repeated content to pad the file. Some repeated content to pad the file. Some repeated content to pad the file. Some repeated content to pad the file. Some repeated content to pad the file. Some repeated content to pad the file. Some repeated content to pad the file. Some repeated content to pad the file. Some repeated content to pad the file. Some repeated content to pad the file. Some repeated content to pad the file. Some repeated content to pad the file. Some repeated content to pad the file. Some repeated content to pad the file. Some repeated content to pad the file. Some repeated content to pad the file. Some repeated content to pad the file. Some repeated content to pad the file. Some repeated content to pad the file. Some repeated content to pad the file. Some repeated content to pad the file. Some repeated content to pad the file. Some repeated content to pad the file. Some repeated content to pad the file. Some repeated content to pad the file. Some repeated content to pad the file. Some repeated content to pad the file. Some repeated content to pad the file. Some repeated content to pad the file. Some repeated content to pad the file. Some repeated content to pad the file. Some repeated content to pad the file. Some repeated content to pad the file. Some repeated content to pad the file. Some repeated content to pad the file. Some repeated content to pad the file. Some repeated content to pad the file. Some repeated content to pad the file. Some repeated content to pad the file. Some repeated content to pad the file. Some repeated content to pad the file. Some repeated content to pad the file. Some repeated content to pad the file. Some repeated content to pad the file. Some repeated content to pad the file. Some repeated content to pad the file. Some repeated content to pad the file. Some repeated content to pad the file. Some repeated content to pad the file. Some repeated content to pad the file. Some repeated content to pad the file. Some repeated content to pad the file. Some repeated content to pad the file. Some repeated content to pad the file. Some repeated content to pad the file. Some repeated content to pad the file. Some repeated content to pad the file. Some repeated content to pad the file. Some repeated content to pad the file. Some repeated content to pad the file. Some repeated content to pad the file. Some repeated content to pad the file. Some repeated content to pad the file. Some repeated content to pad the file. Some repeated content to pad the file. Some repeated content to pad the file. Some repeated content to pad the file. Some repeated content to pad the file. Some repeated content to pad the file. Some repeated content to pad the file. Some repeated content to pad the file. Some repeated content to pad the file. Some repeated content to pad the file. Some repeated content to pad the file. Some repeated content to pad the file. Some repeated content to pad the file. Some repeated content to pad the file. Some repeated content to pad the file. Some repeated content to pad the file. Some repeated content to pad the file. Some repeated content to pad the file. Some repeated content to pad the file. Some repeated content to pad the file. Some repeated content to pad the file. Some repeated content to pad the file. Some repeated content to pad the file. Some repeated content to pad the file. Some repeated content to pad the file. Some repeated content to pad the file. Some repeated content to pad the file. Some repeated content to pad the file. Some repeated content to pad the file. Some repeated content to pad the file. Some repeated content to pad the file. Some repeated content to pad the file. Some repeated content to pad the file. Some repeated content to pad the file. Some repeated content to pad the file. Some repeated content to pad the file. Some repeated content to pad the file. Some repeated content to pad the file. Some repeated content to pad the file. Some repeated content to pad the file. Some repeated content to pad the file. Some repeated content to pad the file. Some repeated content to pad the file. Some repeated content to pad the file. Some repeated content to pad the file. Some repeated content to pad the file. Some repeated content to pad the file. Some repeated content to pad the file. Some repeated content to pad the file. Some repeated content to pad the file. Some repeated content to pad the file. Some repeated content to pad the file. Some repeated content to pad the file. Some repeated content to pad the file. Some repeated content to pad the file. Some repeated content to pad the file. Some repeated content to pad the file. Some repeated content to pad the file. Some repeated content to pad the file. Some repeated content to pad the file. Some repeated content to pad the file. Some repeated content to pad the file. Some repeated content to pad the file. Some repeated content to pad the file. Some repeated content to pad the file. Some repeated content to pad the file. Some repeated content to pad the file. Some repeated content to pad the file. Some repeated content to pad the file. Some repeated content to pad the file. Some repeated content to pad the file. Some repeated content to pad the file. Some repeated content to pad the file. Some repeated content to pad the file. Some repeated content to pad the file. Some repeated content to pad the file. Some repeated content to pad the file. Some repeated content to pad the file. Some repeated content to pad the file. Some repeated content to pad the file. Some repeated content to pad the file. Some repeated content to pad the file. Some repeated content to pad the file. Some repeated content to pad the file. Some repeated content to pad the file. Some repeated content to pad the file. Some repeated content to pad the file. Some repeated content to pad the file. Some repeated content to pad the file. Some repeated content to pad the file. Some repeated content to pad the file. Some repeated content to pad the file. Some repeated content to pad the file. Some repeated content to pad the file. Some repeated content to pad the file. Some repeated content to pad the file. Some repeated content to pad the file. Some repeated content to pad the file. Some repeated content to pad the file. Some repeated content to pad the file. Some repeated content to pad the file. Some repeated content to pad the file. Some repeated content to pad the file. Some repeated content to pad the file. Some repeated content to pad the file. Some repeated content to pad the file. Some repeated content to pad the file. Some repeated content to pad the file. Some repeated content to pad the file. Some repeated content to pad the file. Some repeated content to pad the file. Some repeated content to pad the file. Some repeated content to pad the file. Some repeated content to pad the file. Some repeated content to pad the file. Some repeated content to pad the file. Some repeated content to pad the file. Some repeated content to pad the file. Some repeated content to pad the file. Some repeated content to pad the file. Some repeated content to pad the file. Some repeated content to pad the file. Some repeated content to pad the file. Some repeated content to pad the file. Some repeated content to pad the file. Some repeated content to pad the file. Some repeated content to pad the file. Some repeated content to pad the file. Some repeated content to pad the file. Some repeated content to pad the file. Some repeated content to pad the file. Some repeated content to pad the file. Some repeated content to pad the file. Some repeated content to pad the file. Some repeated content to pad the file. Some repeated content to pad the file. Some repeated content to pad the file. Some repeated content to pad the file. Some repeated content to pad the file. Some repeated content to pad the file. Some repeated content to pad the file. Some repeated content to pad the file. Some repeated content to pad the file. Some repeated content to pad the file. Some repeated content to pad the file. Some repeated content to pad the file. Some repeated content to pad the file. Some repeated content to pad the file. Some repeated content to pad the file. Some repeated content to pad the file. Some repeated content to pad the file. Some repeated content to pad the file. Some repeated content to pad the file. Some repeated content to pad the file. Some repeated content to pad the file. Some repeated content to pad the file. Some repeated content to pad the file. Some repeated content to pad the file. Some repeated content to pad the file. Some repeated content to pad the file. Some repeated content to pad the file. Some repeated content to pad the file. Some repeated content to pad the file. Some repeated content to pad the file. Some repeated content to pad the file. Some repeated content to pad the file. Some repeated content to pad the file. Some repeated content to pad the file. Some repeated content to pad the file. Some repeated content to pad the file. Some repeated content to pad the file. Some repeated content to pad the file. Some repeated content to pad the file. Some repeated content to pad the file. Some repeated content to pad the file. Some repeated content to pad the file. Some repeated content to pad the file. Some repeated content to pad the file. Some repeated content to pad the file. Some repeated content to pad the file. Some repeated content to pad the file. Some repeated content to pad the file. Some repeated content to pad the file. Some repeated content to pad the file. Some repeated content to pad the file. Some repeated content to pad the file. Some repeated content to pad the file. Some repeated content to pad the file. Some repeated content to pad the file. Some repeated content to pad the file. Some repeated content to pad the file. Some repeated content to pad the file. Some repeated content to pad the file. Some repeated content to pad the file. Some repeated content to pad the file. Some repeated content to pad the file. Some repeated content to pad the file. Some repeated content to pad the file. Some repeated content to pad the file. Some repeated content to pad the file. Some repeated content to pad the file. Some repeated content to pad the file. Some repeated content to pad the file. Some repeated content to pad the file. Some repeated content to pad the file. Some repeated content to pad the file. Some repeated content to pad the file. Some repeated content to pad the file. Some repeated content to pad the file. Some repeated content to pad the file. Some repeated content to pad the file. Some repeated content to pad the file. Some repeated content to pad the file. Some repeated content to pad the file. Some repeated content to pad the file. Some repeated content to pad the file. Some repeated content to pad the file. Some repeated content to pad the file. Some repeated content to pad the file. Some repeated content to pad the file. Some repeated content to pad the file. Some repeated content to pad the file. Some repeated content to pad the file. Some repeated content to pad the file. Some repeated content to pad the file. Some repeated content to pad the file. Some repeated content to pad the file. Some repeated content to pad the file. Some repeated content to pad the file. Some repeated content to pad the file. Some repeated content to pad the file. Some repeated content to pad the file. Some repeated content to pad the file. Some repeated content to pad the file. Some repeated content to pad the file. Some repeated content to pad the file. Some repeated content to pad the file. Some repeated content to pad the file. Some repeated content to pad the file. Some repeated content to pad the file. Some repeated content to pad the file. Some repeated content to pad the file. Some repeated content to pad the file. Some repeated content to pad the file. Some repeated content to pad the file. Some repeated content to pad the file. Some repeated content to pad the file. Some repeated content to pad the file. Some repeated content to pad the file. Some repeated content to pad the file. Some repeated content to pad the file. Some repeated content to pad the file. Some repeated content to pad the file. Some repeated content to pad the file. Some repeated content to pad the file. Some repeated content to pad the file. Some repeated content to pad the file. Some repeated content to pad the file. Some repeated content to pad the file. Some repeated content to pad the file. Some repeated content to pad the file. Some repeated content to pad the file. Some repeated content to pad the file. Some repeated content to pad the file. Some repeated content to pad the file. Some repeated content to pad the file. Some repeated content to pad the file. Some repeated content to pad the file. Some repeated content to pad the file. Some repeated content to pad the file. Some repeated content to pad the file. Some repeated content to pad the file. Some repeated content to pad the file. Some repeated content to pad the file. Some repeated content to pad the file. Some repeated content to pad the file. Some repeated content to pad the file. Some repeated content to pad the file. Some repeated content to pad the file. Some repeated content to pad the file. Some repeated content to pad the file. Some repeated content to pad the file. Some repeated content to pad the file. Some repeated content to pad the file. Some repeated content to pad the file. Some repeated content to pad the file. Some repeated content to pad the file. Some repeated content to pad the file. Some repeated content to pad the file. Some repeated content to pad the file. Some repeated content to pad the file. Some repeated content to pad the file. Some repeated content to pad the file. Some repeated content to pad the file. Some repeated content to pad the file. Some repeated content to pad the file. Some repeated content to pad the file. Some repeated content to pad the file. Some repeated content to pad the file. Some repeated content to pad the file. Some repeated content to pad the file. Some repeated content to pad the file. Some repeated content to pad the file. Some repeated content to pad the file. Some repeated content to pad the file. Some repeated content to pad the file. Some repeated content to pad the file. Some repeated content to pad the file. Some repeated content to pad the file. Some repeated content to pad the file. Some repeated content to pad the file. Some repeated content to pad the file. Some repeated content to pad the file. Some repeated content to pad the file. Some repeated content to pad the file. Some repeated content to pad the file. Some repeated content to pad the file. Some repeated content to pad the file. Some repeated content to pad the file. Some repeated content to pad the file. Some repeated content to pad the file. Some repeated content to pad the file. Some repeated content to pad the file. Some repeated content to pad the file. Some repeated content to pad the file. Some repeated content to pad the file. Some repeated content to pad the file. Some repeated content to pad the file. Some repeated content to pad the file. Some repeated content to pad the file. Some repeated content to pad the file. Some repeated content to pad the file. Some repeated content to pad the file. Some repeated content to pad the file. Some repeated content to pad the file. Some repeated content to pad the file. Some repeated content to pad the file. Some repeated content to pad the file. Some repeated content to pad the file. Some repeated content to pad the file. Some repeated content to pad the file. Some repeated content to pad the file. Some repeated content to pad the file. Some repeated content to pad the file. Some repeated content to pad the file. Some repeated content to pad the file. Some repeated content to pad the file. Some repeated content to pad the file. Some repeated content to pad the file. Some repeated content to pad the file. Some repeated content to pad the file. Some repeated content to pad the file. Some repeated content to pad the file. Some repeated content to pad the file. Some repeated content to pad the file. Some repeated content to pad the file. Some repeated content to pad the file. Some repeated content to pad the file. Some repeated content to pad the file. Some repeated content to pad the file. Some repeated content to pad the file. Some repeated content to pad the file. Some repeated content to pad the file. Some repeated content to pad the file. Some repeated content to pad the file. Some repeated content to pad the file. Some repeated content to pad the file. Some repeated content to pad the file. Some repeated content to pad the file. Some repeated content to pad the file. Some repeated content to pad the file. Some repeated content to pad the file. Some repeated content to pad the file. Some repeated content to pad the file. Some repeated content to pad the file. Some repeated content to pad the file. Some repeated content to pad the file. Some repeated content to pad the file. Some repeated content to pad the file. Some repeated content to pad the file. Some repeated content to pad the file. Some repeated content to pad the file. Some repeated content to pad the file. Some repeated content to pad the file. Some repeated content to pad the file. Some repeated content to pad the file. Some repeated content to pad the file. Some repeated content to pad the file. Some repeated content to pad the file. Some repeated content to pad the file. Some repeated content to pad the file. Some repeated content to pad the file. Some repeated content to pad the file. Some repeated content to pad the file. Some repeated content to pad the file. Some repeated content to pad the file. Some repeated content to pad the file. Some repeated content to pad the file. Some repeated content to pad the file. Some repeated content to pad the file. Some repeated content to pad the file. Some repeated content to pad the file. Some repeated content to pad the file. Some repeated content to pad the file. Some repeated content to pad the file. Some repeated content to pad the file. Some repeated content to pad the file. Some repeated content to pad the file. Some repeated content to pad the file. Some repeated content to pad the file. Some repeated content to pad the file. Some repeated content to pad the file. Some repeated content to pad the file. Some repeated content to pad the file. Some repeated content to pad the file. Some repeated content to pad the file. Some repeated content to pad the file. Some repeated content to pad the file. Some repeated content to pad the file. Some repeated content to pad the file. Some repeated content to pad the file. Some repeated content to pad the file. Some repeated content to pad the file. Some repeated content to pad the file. Some repeated content to pad the file. Some repeated content to pad the file. Some repeated content to pad the file. Some repeated content to pad the file. Some repeated content to pad the file. Some repeated content to pad the file. Some repeated content to pad the file. Some repeated content to pad the file. Some repeated content to pad the file. Some repeated content to pad the file. Some repeated content to pad the file. Some repeated content to pad the file. Some repeated content to pad the file. Some repeated content to pad the file. Some repeated content to pad the file. Some repeated content to pad the file. Some repeated content to pad the file. Some repeated content to pad the file. Some repeated content to pad the file. Some repeated content to pad the file. Some repeated content to pad the file. Some repeated content to pad the file. Some repeated content to pad the file. Some repeated content to pad the file. Some repeated content to pad the file. Some repeated content to pad the file. Some repeated content to pad the file. Some repeated content to pad the file. Some repeated content to pad the file. Some repeated content to pad the file. Some repeated content to pad the file. Some repeated content to pad the file. Some repeated content to pad the file. Some repeated content to pad the file. Some repeated content to pad the file. Some repeated content to pad the file. Some repeated content to pad the file. Some repeated content to pad the file. Some repeated content to pad the file. Some repeated content to pad the file. Some repeated content to pad the file. Some repeated content to pad the file. Some repeated content to pad the file. Some repeated content to pad the file. Some repeated content to pad the file. Some repeated content to pad the file. Some repeated content to pad the file. Some repeated content to pad the file. Some repeated content to pad the file. Some repeated content to pad the file. Some repeated content to pad the file. Some repeated content to pad the file. Some repeated content to pad the file. Some repeated content to pad the file. Some repeated content to pad the file. Some repeated content to pad the file. Some repeated content to pad the file. Some repeated content to pad the file. Some repeated content to pad the file. Some repeated content to pad the file. Some repeated content to pad the file. Some repeated content to pad the file. Some repeated content to pad the file. Some repeated content to pad the file. Some repeated content to pad the file. Some repeated content to pad the file. Some repeated content to pad the file. Some repeated content to pad the file. Some repeated content to pad the file. Some repeated content to pad the file. Some repeated content to pad the file. Some repeated content to pad the file. Some repeated content to pad the file. Some repeated content to pad the file. Some repeated content to pad the file. Some repeated content to pad the file. Some repeated content to pad the file. Some repeated content to pad the file. Some repeated content to pad the file. Some repeated content to pad the file. Some repeated content to pad the file. Some repeated content to pad the file. Some repeated content to pad the file. Some repeated content to pad the file. Some repeated content to pad the file. Some repeated content to pad the file. Some repeated content to pad the file. Some repeated content to pad the file. Some repeated content to pad the file. Some repeated content to pad the file. Some repeated content to pad the file. Some repeated content to pad the file. Some repeated content to pad the file. Some repeated content to pad the file. Some repeated content to pad the file. Some repeated content to pad the file. Some repeated content to pad the file. Some repeated content to pad the file. Some repeated content to pad the file. Some repeated content to pad the file. Some repeated content to pad the file. Some repeated content to pad the file. Some repeated content to pad the file. Some repeated content to pad the file. Some repeated content to pad the file. Some repeated content to pad the file. Some repeated content to pad the file. Some repeated content to pad the file. Some repeated content to pad the file. Some repeated content to pad the file. Some repeated content to pad the file. Some repeated content to pad the file. Some repeated content to pad the file. Some repeated content to pad the file. Some repeated content to pad the file. Some repeated content to pad the file. Some repeated content to pad the file. Some repeated content to pad the file. Some repeated content to pad the file. Some repeated content to pad the file. Some repeated content to pad the file. Some repeated content to pad the file. Some repeated content to pad the file. Some repeated content to pad the file. Some repeated content to pad the file. Some repeated content to pad the file. Some repeated content to pad the file. Some repeated content to pad the file. Some repeated content to pad the file. Some repeated content to pad the file. Some repeated content to pad the file. Some repeated content to pad the file. Some repeated content to pad the file. Some repeated content to pad the file. Some repeated content to pad the file. Some repeated content to pad the file. Some repeated content to pad the file. Some repeated content to pad the file. Some repeated content to pad the file. Some repeated content to pad the file. Some repeated content to pad the file. Some repeated content to pad the file. Some repeated content to pad the file. Some repeated content to pad the file. Some repeated content to pad the file. Some repeated content to pad the file. Some repeated content to pad the file. Some repeated content to pad the file. Some repeated content to pad the file. Some repeated content to pad the file. Some repeated content to pad the file. Some repeated content to pad the file. Some repeated content to pad the file. Some repeated content to pad the file. Some repeated content to pad the file. Some repeated content to pad the file. Some repeated content to pad the file. Some repeated content to pad the file. Some repeated content to pad the file. Some repeated content to pad the file. Some repeated content to pad the file. Some repeated content to pad the file. Some repeated content to pad the file. Some repeated content to pad the file. Some repeated content to pad the file. Some repeated content to pad the file. Some repeated content to pad the file. Some repeated content to pad the file. Some repeated content to pad the file. Some repeated content to pad the file. Some repeated content to pad the file. Some repeated content to pad the file. Some repeated content to pad the file. Some repeated content to pad the file. Some repeated content to pad the file. Some repeated content to pad the file. Some repeated content to pad the file. Some repeated content to pad the file. Some repeated content to pad the file. Some repeated content to pad the file. Some repeated content to pad the file. Some repeated content to pad the file. Some repeated content to pad the file. Some repeated content to pad the file. Some repeated content to pad the file. Some repeated content to pad the file. Some repeated content to pad the file. Some repeated content to pad the file. Some repeated content to pad the file. Some repeated content to pad the file. Some repeated content to pad the file. Some repeated content to pad the file. Some repeated content to pad the file. Some repeated content to pad the file. Some repeated content to pad the file. Some repeated content to pad the file. Some repeated content to pad the file. Some repeated content to pad the file. Some repeated content to pad the file. Some repeated content to pad the file. Some repeated content to pad the file. Some repeated content to pad the file. Some repeated content to pad the file. Some repeated content to pad the file. Some repeated content to pad the file. Some repeated content to pad the file. Some repeated content to pad the file. Some repeated content to pad the file. Some repeated content to pad the file. Some repeated content to pad the file. Some repeated content to pad the file. Some repeated content to pad the file. Some repeated content to pad the file. Some repeated content to pad the file. Some repeated content to pad the file. Some repeated content to pad the file. Some repeated content to pad the file. Some repeated content to pad the file. Some repeated content to pad the file. Some repeated content to pad the file. Some repeated content to pad the file. Some repeated content to pad the file. Some repeated content to pad the file. Some repeated content to pad the file. Some repeated content to pad the file. Some repeated content to pad the file. Some repeated content to pad the file. Some repeated content to pad the file. Some repeated content to pad the file. Some repeated content to pad the file. Some repeated content to pad the file. Some repeated content to pad the file. Some repeated content to pad the file. Some repeated content to pad the file. Some repeated content to pad the file. Some repeated content to pad the file. Some repeated content to pad the file. Some repeated content to pad the file. Some repeated content to pad the file. Some repeated content to pad the file. Some repeated content to pad the file. Some repeated content to pad the file. Some repeated content to pad the file. Some repeated content to pad the file. Some repeated content to pad the file. Some repeated content to pad the file. Some repeated content to pad the file. Some repeated content to pad the file. Some repeated content to pad the file. Some repeated content to pad the file. Some repeated content to pad the file. Some repeated content to pad the file. Some repeated content to pad the file. Some repeated content to pad the file. Some repeated content to pad the file. Some repeated content to pad the file. Some repeated content to pad the file. Some repeated content to pad the file. Some repeated content to pad the file. Some repeated content to pad the file. Some repeated content to pad the file. Some repeated content to pad the file. Some repeated content to pad the file. Some repeated content to pad the file. Some repeated content to pad the file. Some repeated content to pad the file. Some repeated content to pad the file. Some repeated content to pad the file. Some repeated content to pad the file. Some repeated content to pad the file. Some repeated content to pad the file. Some repeated content to pad the file. Some repeated content to pad the file. Some repeated content to pad the file. Some repeated content to pad the file. Some repeated content to pad the file. Some repeated content to pad the file. Some repeated content to pad the file. Some repeated content to pad the file. Some repeated content to pad the file. Some repeated content to pad the file. Some repeated content to pad the file. Some repeated content to pad the file. Some repeated content to pad the file. Some repeated content to pad the file. Some repeated content to pad the file. Some repeated content to pad the file. Some repeated content to pad the file. Some repeated content to pad the file. Some repeated content to pad the file. Some repeated content to pad the file. Some repeated content to pad the file. Some repeated content to pad the file. Some repeated content to pad the file. Some repeated content to pad the file. Some repeated content to pad the file. Some repeated content to pad the file. Some repeated content to pad the file. Some repeated content to pad the file. Some repeated content to pad the file. Some repeated content to pad the file. Some repeated content to pad the file. Some repeated content to pad the file. Some repeated content to pad the file. Some repeated content to pad the file. Some repeated content to pad the file. Some repeated content to pad the file. Some repeated content to pad the file. Some repeated content to pad the file. Some repeated content to pad the file. Some repeated content to pad the file. Some repeated content to pad the file. Some repeated content to pad the file. Some repeated content to pad the file. Some repeated content to pad the file. Some repeated content to pad the file. Some repeated content to pad the file. Some repeated content to pad the file. Some repeated content to pad the file. Some repeated content to pad the file. Some repeated content to pad the file. Some repeated content to pad the file. Some repeated content to pad the file. Some repeated content to pad the file. Some repeated content to pad the file. Some repeated content to pad the file. Some repeated content to pad the file. Some repeated content to pad the file. Some repeated content to pad the file. Some repeated content to pad the file. Some repeated content to pad the file. Some repeated content to pad the file. Some repeated content to pad the file. Some repeated content to pad the file. Some repeated content to pad the file. Some repeated content to pad the file. Some repeated content to pad the file. Some repeated content to pad the file. Some repeated content to pad the file. Some repeated content to pad the file. Some repeated content to pad the file. Some repeated content to pad the file. Some repeated content to pad the file. Some repeated content to pad the file. Some repeated content to pad the file. Some repeated content to pad the file. Some repeated content to pad the file. Some repeated content to pad the file. Some repeated content to pad the file. Some repeated content to pad the file. Some repeated content to pad the file. Some repeated content to pad the file. Some repeated content to pad the file. Some repeated content to pad the file. Some repeated content to pad the file. Some repeated content to pad the file. Some repeated content to pad the file. Some repeated content to pad the file. Some repeated content to pad the file. Some repeated content to pad the file. Some repeated content to pad the file. Some repeated content to pad the file. Some repeated content to pad the file. Some repeated content to pad the file. Some repeated content to pad the file. Some repeated content to pad the file. Some repeated content to pad the file. Some repeated content to pad the file. Some repeated content to pad the file. Some repeated content to pad the file. Some repeated content to pad the file. Some repeated content to pad the file. Some repeated content to pad the file. Some repeated content to pad the file. Some repeated content to pad the file. Some repeated content to pad the file. Some repeated content to pad the file. Some repeated content to pad the file. Some repeated content to pad the file. Some repeated content to pad the file. Some repeated content to pad the file. Some repeated content to pad the file. Some repeated content to pad the file. Some repeated content to pad the file. Some repeated content to pad the file. Some repeated content to pad the file. Some repeated content to pad the file. Some repeated content to pad the file. Some repeated content to pad the file. Some repeated content to pad the file. Some repeated content to pad the file. Some repeated content to pad the file. Some repeated content to pad the file. Some repeated content to pad the file. Some repeated content to pad the file. Some repeated content to pad the file. Some repeated content to pad the file. Some repeated content to pad the file. Some repeated content to pad the file. Some repeated content to pad the file. Some repeated content to pad the file. Some repeated content to pad the file. Some repeated content to pad the file. Some repeated content to pad the file. Some repeated content to pad the file. Some repeated content to pad the file. Some repeated content to pad the file. Some repeated content to pad the file. Some repeated content to pad the file. Some repeated content to pad the file. Some repeated content to pad the file. Some repeated content to pad the file. Some repeated content to pad the file. Some repeated content to pad the file. Some repeated content to pad the file. Some repeated content to pad the file. Some repeated content to pad the file. Some repeated content to pad the file. Some repeated content to pad the file. Some repeated content to pad the file. Some repeated content to pad the file. Some repeated content to pad the file. Some repeated content to pad the file. Some repeated content to pad the file. Some repeated content to pad the file. Some repeated content to pad the file. Some repeated content to pad the file. Some repeated content to pad the file. Some repeated content to pad the file. Some repeated content to pad the file. Some repeated content to pad the file. Some repeated content to pad the file. Some repeated content to pad the file. Some repeated content to pad the file. Some repeated content to pad the file. Some repeated content to pad the file. Some repeated content to pad the file. Some repeated content to pad the file. Some repeated content to pad the file. Some repeated content to pad the file. Some repeated content to pad the file. Some repeated content to pad the file. Some repeated content to pad the file. Some repeated content to pad the file. Some repeated content to pad the file. Some repeated content to pad the file. Some repeated content to pad the file. Some repeated content to pad the file. Some repeated content to pad the file. Some repeated content to pad the file. Some repeated content to pad the file. Some repeated content to pad the file. Some repeated content to pad the file. Some repeated content to pad the file. Some repeated content to pad the file. Some repeated content to pad the file. Some repeated content to pad the file. Some repeated content to pad the file. Some repeated content to pad the file. Some repeated content to pad the file. Some repeated content to pad the file. Some repeated content to pad the file. Some repeated content to pad the file. Some repeated content to pad the file. Some repeated content to pad the file. Some repeated content to pad the file. Some repeated content to pad the file. Some repeated content to pad the file. Some repeated content to pad the file. Some repeated content to pad the file. Some repeated content to pad the file. Some repeated content to pad the file. Some repeated content to pad the file. Some repeated content to pad the file. Some repeated content to pad the file. Some repeated content to pad the file. Some repeated content to pad the file. Some repeated content to pad the file. Some repeated content to pad the file. Some repeated content to pad the file. Some repeated content to pad the file. Some repeated content to pad the file. Some repeated content to pad the file. Some repeated content to pad the file. Some repeated content to pad the file. Some repeated content to pad the file. Some repeated content to pad the file. Some repeated content to pad the file. Some repeated content to pad the file. Some repeated content to pad the file. Some repeated content to pad the file. Some repeated content to pad the file. Some repeated content to pad the file. Some repeated content to pad the file. Some repeated content to pad the file. Some repeated content to pad the file. Some repeated content to pad the file. Some repeated content to pad the file. Some repeated content to pad the file. Some repeated content to pad the file. Some repeated content to pad the file. Some repeated content to pad the file. Some repeated content to pad the file. Some repeated content to pad the file. Some repeated content to pad the file. Some repeated content to pad the file. Some repeated content to pad the file. Some repeated content to pad the file. Some repeated content to pad the file. Some repeated content to pad the file. Some repeated content to pad the file. Some repeated content to pad the file. Some repeated content to pad the file. Some repeated content to pad the file. Some repeated content to pad the file. Some repeated content to pad the file. Some repeated content to pad the file. Some repeated content to pad the file. Some repeated content to pad the file. Some repeated content to pad the file. Some repeated content to pad the file. Some repeated content to pad the file. Some repeated content to pad the file. Some repeated content to pad the file. Some repeated content to pad the file. Some repeated content to pad the file. Some repeated content to pad the file. Some repeated content to pad the file. Some repeated content to pad the file. Some repeated content to pad the file. Some repeated content to pad the file. Some repeated content to pad the file. Some repeated content to pad the file. Some repeated content to pad the file. Some repeated content to pad the file. Some repeated content to pad the file. Some repeated content to pad the file. Some repeated content to pad the file. Some repeated content to pad the file. Some repeated content to pad the file. Some repeated content to pad the file. Some repeated content to pad the file. Some repeated content to pad the file. Some repeated content to pad the file. Some repeated content to pad the file. Some repeated content to pad the file. Some repeated content to pad the file. Some repeated content to pad the file. Some repeated content to pad the file. Some repeated content to pad the file. Some repeated content to pad the file. Some repeated content to pad the file. Some repeated content to pad the file. Some repeated content to pad the file. Some repeated content to pad the file. Some repeated content to pad the file. Some repeated content to pad the file. Some repeated content to pad the file. Some repeated content to pad the file. Some repeated content to pad the file. Some repeated content to pad the file. Some repeated content to pad the file. Some repeated content to pad the file. Some repeated content to pad the file. Some repeated content to pad the file. Some repeated content to pad the file. Some repeated content to pad the file. Some repeated content to pad the file. Some repeated content to pad the file. Some repeated content to pad the file. Some repeated content to pad the file. Some repeated content to pad the file. Some repeated content to pad the file. Some repeated content to pad the file. Some repeated content to pad the file. Some repeated content to pad the file. Some repeated content to pad the file. Some repeated content to pad the file. Some repeated content to pad the file. Some repeated content to pad the file. Some repeated content to pad the file. Some repeated content to pad the file. Some repeated content to pad the file. Some repeated content to pad the file. Some repeated content to pad the file. Some repeated content to pad the file. Some repeated content to pad the file. Some repeated content to pad the file. Some repeated content to pad the file. Some repeated content to pad the file. Some repeated content to pad the file. Some repeated content to pad the file. Some repeated content to pad the file. Some repeated content to pad the file. Some repeated content to pad the file. Some repeated content to pad the file. Some repeated content to pad the file. Some repeated content to pad the file. Some repeated content to pad the file. Some repeated content to pad the file. Some repeated content to pad the file. Some repeated content to pad the file. Some repeated content to pad the file. Some repeated content to pad the file. Some repeated content to pad the file. Some repeated content to pad the file. Some repeated content to pad the file. Some repeated content to pad the file. Some repeated content to pad the file. Some repeated content to pad the file. Some repeated content to pad the file. Some repeated content to pad the file. Some repeated content to pad the file. Some repeated content to pad the file. Some repeated content to pad the file. Some repeated content to pad the file. Some repeated content to pad the file. Some repeated content to pad the file. Some repeated content to pad the file. Some repeated content to pad the file. Some repeated content to pad the file. Some repeated content to pad the file. Some repeated content to pad the file. Some repeated content to pad the file. Some repeated content to pad the file. Some repeated content to pad the file. Some repeated content to pad the file. Some repeated content to pad the file. Some repeated content to pad the file. Some repeated content to pad the file. Some repeated content to pad the file. Some repeated content to pad the file. Some repeated content to pad the file. Some repeated content to pad the file. Some repeated content to pad the file. Some repeated content to pad the file. Some repeated content to pad the file. Some repeated content to pad the file. Some repeated content to pad the file. Some repeated content to pad the file. Some repeated content to pad the file. Some repeated content to pad the file. Some repeated content to pad the file. Some repeated content to pad the file. Some repeated content to pad the file. Some repeated content to pad the file. Some repeated content to pad the file. Some repeated content to pad the file. Some repeated content to pad the file. Some repeated content to pad the file. Some repeated content to pad the file. Some repeated content to pad the file. Some repeated content to pad the file. Some repeated content to pad the file. Some repeated content to pad the file. Some repeated content to pad the file. Some repeated content to pad the file. Some repeated content to pad the file. Some repeated content to pad the file. Some repeated content to pad the file. Some repeated content to pad the file. Some repeated content to pad the file. Some repeated content to pad the file. Some repeated content to pad the file. Some repeated content to pad the file. Some repeated content to pad the file. Some repeated content to pad the file. Some repeated content to pad the file. Some repeated content to pad the file. Some repeated content to pad the file. Some repeated content to pad the file. Some repeated content to pad the file. Some repeated content to pad the file. Some repeated content to pad the file. Some repeated content to pad the file. Some repeated content to pad the file. Some repeated content to pad the file. Some repeated content to pad the file. Some repeated content to pad the file. Some repeated content to pad the file. Some repeated content to pad the file. Some repeated content to pad the file. Some repeated content to pad the file. Some repeated content to pad the file. Some repeated content to pad the file. Some repeated content to pad the file. Some repeated content to pad the file. Some repeated content to pad the file. Some repeated content to pad the file. Some repeated content to pad the file. Some repeated content to pad the file. Some repeated content to pad the file. Some repeated content to pad the file. Some repeated content to pad the file. Some repeated content to pad the file. Some repeated content to pad the file. Some repeated content to pad the file. Some repeated content to pad the file. Some repeated content to pad the file. Some repeated content to pad the file. Some repeated content to pad the file. Some repeated content to pad the file. Some repeated content to pad the file. Some repeated content to pad the file. Some repeated content to pad the file. Some repeated content to pad the file. Some repeated content to pad the file. Some repeated content to pad the file. Some repeated content to pad the file. Some repeated content to pad the file. Some repeated content to pad the file. Some repeated content to pad the file. Some repeated content to pad the file. Some repeated content to pad the file. Some repeated content to pad the file. Some repeated content to pad the file. Some repeated content to pad the file. Some repeated content to pad the file. Some repeated content to pad the file. Some repeated content to pad the file. Some repeated content to pad the file. Some repeated content to pad the file. Some repeated content to pad the file. Some repeated content to pad the file. Some repeated content to pad the file. Some repeated content to pad the file. Some repeated content to pad the file. Some repeated content to pad the file. Some repeated content to pad the file. Some repeated content to pad the file. Some repeated content to pad the file. Some repeated content to pad the file. Some repeated content to pad the file. Some repeated content to pad the file. Some repeated content to pad the file. Some repeated content to pad the file. Some repeated content to pad the file. Some repeated content to pad the file. Some repeated content to pad the file. Some repeated content to pad the file. Some repeated content to pad the file. Some repeated content to pad the file. Some repeated content to pad the file. Some repeated content to pad the file. Some repeated content to pad the file. Some repeated content to pad the file. Some repeated content to pad the file. Some repeated content to pad the file. Some repeated content to pad the file. Some repeated content to pad the file. Some repeated content to pad the file. Some repeated content to pad the file. Some repeated content to pad the file. Some repeated content to pad the file. Some repeated content to pad the file. Some repeated content to pad the file. Some repeated content to pad the file. Some repeated content to pad the file. Some repeated content to pad the file. Some repeated content to pad the file. Some repeated content to pad the file. Some repeated content to pad the file. Some repeated content to pad the file. Some repeated content to pad the file. Some repeated content to pad the file. Some repeated content to pad the file. Some repeated content to pad the file. Some repeated content to pad the file. Some repeated content to pad the file. Some repeated content to pad the file. Some repeated content to pad the file. Some repeated content to pad the file. Some repeated content to pad the file. Some repeated content to pad the file. Some repeated content to pad the file. Some repeated content to pad the file. Some repeated content to pad the file. Some repeated content to pad the file. Some repeated content to pad the file. Some repeated content to pad the file. Some repeated content to pad the file. Some repeated content to pad the file. Some repeated content to pad the file. Some repeated content to pad the file. Some repeated content to pad the file. Some repeated content to pad the file. Some repeated content to pad the file. Some repeated content to pad the file. Some repeated content to pad the file. Some repeated content to pad the file. Some repeated content to pad the file. Some repeated content to pad the file. Some repeated content to pad the file. Some repeated content to pad the file. Some repeated content to pad the file. Some repeated content to pad the file. Some repeated content to pad the file. Some repeated content to pad the file. Some repeated content to pad the file. Some repeated content to pad the file. Some repeated content to pad the file. Some repeated content to pad the file. Some repeated content to pad the file. Some repeated content to pad the file. Some repeated content to pad the file. Some repeated content to pad the file. Some repeated content to pad the file. Some repeated content to pad the file. Some repeated content to pad the file. Some repeated content to pad the file. Some repeated content to pad the file. Some repeated content to pad the file. Some repeated content to pad the file. Some repeated content to pad the file. Some repeated content to pad the file. Some repeated content to pad the file. Some repeated content to pad the file. Some repeated content to pad the file. Some repeated content to pad the file. Some repeated content to pad the file. Some repeated content to pad the file. Some repeated content to pad the file. Some repeated content to pad the file. Some repeated content to pad the file. Some repeated content to pad the file. Some repeated content to pad the file. Some repeated content to pad the file. Some repeated content to pad the file. Some repeated content to pad the file. Some repeated content to pad the file. Some repeated content to pad the file. Some repeated content to pad the file. Some repeated content to pad the file. Some repeated content to pad the file. Some repeated content to pad the file. Some repeated content to pad the file. Some repeated content to pad the file. Some repeated content to pad the file. Some repeated content to pad the file. Some repeated content to pad the file. Some repeated content to pad the file. Some repeated content to pad the file. Some repeated content to pad the file. Some repeated content to pad the file. Some repeated content to pad the file. Some repeated content to pad the file. Some repeated content to pad the file. Some repeated content to pad the file. Some repeated content to pad the file. Some repeated content to pad the file. Some repeated content to pad the file. Some repeated content to pad the file. Some repeated content to pad the file. Some repeated content to pad the file. Some repeated content to pad the file. Some repeated content to pad the file. Some repeated content to pad the file. Some repeated content to pad the file. Some repeated content to pad the file. Some repeated content to pad the file. Some repeated content to pad the file. Some repeated content to pad the file. Some repeated content to pad the file. Some repeated content to pad the file. Some repeated content to pad the file. Some repeated content to pad the file. Some repeated content to pad the file. Some repeated content to pad the file. Some repeated content to pad the file. Some repeated content to pad the file. Some repeated content to pad the file. Some repeated content to pad the file. Some repeated content to pad the file. Some repeated content to pad the file. Some repeated content to pad the file. Some repeated content to pad the file. Some repeated content to pad the file. Some repeated content to pad the file. Some repeated content to pad the file. Some repeated content to pad the file. Some repeated content to pad the file. Some repeated content to pad the file. Some repeated content to pad the file. Some repeated content to pad the file. Some repeated content to pad the file. Some repeated content to pad the file. Some repeated content to pad the file. Some repeated content to pad the file. Some repeated content to pad the file. Some repeated content to pad the file. Some repeated content to pad the file. Some repeated content to pad the file. Some repeated content to pad the file. Some repeated content to pad the file. Some repeated content to pad the file. Some repeated content to pad the file. Some repeated content to pad the file. Some repeated content to pad the file. Some repeated content to pad the file. Some repeated content to pad the file. Some repeated content to pad the file. Some repeated content to pad the file. Some repeated content to pad the file. Some repeated content to pad the file. Some repeated content to pad the file. Some repeated content to pad the file. Some repeated content to pad the file. Some repeated content to pad the file. Some repeated content to pad the file. Some repeated content to pad the file. Some repeated content to pad the file. Some repeated content to pad the file. Some repeated content to pad the file. Some repeated content to pad the file. Some repeated content to pad the file. Some repeated content to pad the file. Some repeated content to pad the file. Some repeated content to pad the file. Some repeated content to pad the file. Some repeated content to pad the file. Some repeated content to pad the file. Some repeated content to pad the file. Some repeated content to pad the file. Some repeated content to pad the file. Some repeated content to pad the file. Some repeated content to pad the file. Some repeated content to pad the file. Some repeated content to pad the file. Some repeated content to pad the file. Some repeated content to pad the file. Some repeated content to pad the file. Some repeated content to pad the file. Some repeated content to pad the file. Some repeated content to pad the file. Some repeated content to pad the file. Some repeated content to pad the file. Some repeated content to pad the file. Some repeated content to pad the file. Some repeated content to pad the file. Some repeated content to pad the file. Some repeated content to pad the file. Some repeated content to pad the file. Some repeated content to pad the file. Some repeated content to pad the file. Some repeated content to pad the file. Some repeated content to pad the file. Some repeated content to pad the file. Some repeated content to pad the file. Some repeated content to pad the file. Some repeated content to pad the file. Some repeated content to pad the file. Some repeated content to pad the file. Some repeated content to pad the file. Some repeated content to pad the file. Some repeated content to pad the file. Some repeated content to pad the file. Some repeated content to pad the file. Some repeated content to pad the file. Some repeated content to pad the file. Some repeated content to pad the file. Some repeated content to pad the file. Some repeated content to pad the file. Some repeated content to pad the file. Some repeated content to pad the file. Some repeated content to pad the file. Some repeated content to pad the file. Some repeated content to pad the file. Some repeated content to pad the file. Some repeated content to pad the file. Some repeated content to pad the file. Some repeated content to pad the file. Some repeated content to pad the file. Some repeated content to pad the file. Some repeated content to pad the file. Some repeated content to pad the file. Some repeated content to pad the file. Some repeated content to pad the file. Some repeated content to pad the file. Some repeated content to pad the file. Some repeated content to pad the file. Some repeated content to pad the file. Some repeated content to pad the file. Some repeated content to pad the file. Some repeated content to pad the file. Some repeated content to pad the file. Some repeated content to pad the file. Some repeated content to pad the file. Some repeated content to pad the file. Some repeated content to pad the file. Some repeated content to pad the file. Some repeated content to pad the file. Some repeated content to pad the file. Some repeated content to pad the file. Some repeated content to pad the file. Some repeated content to pad the file. Some repeated content to pad the file. Some repeated content to pad the file. Some repeated content to pad the file. Some repeated content to pad the file. Some repeated content to pad the file. Some repeated content to pad the file. Some repeated content to pad the file. Some repeated content to pad the file. Some repeated content to pad the file. Some repeated content to pad the file. Some repeated content to pad the file. Some repeated content to pad the file. Some repeated content to pad the file. Some repeated content to pad the file. Some repeated content to pad the file. Some repeated content to pad the file. Some repeated content to pad the file. Some repeated content to pad the file. Some repeated content to pad the file. Some repeated content to pad the file. Some repeated content to pad the file. Some repeated content to pad the file. Some repeated content to pad the file. Some repeated content to pad the file. Some repeated content to pad the file. Some repeated content to pad the file. Some repeated content to pad the file. Some repeated content to pad the file. Some repeated content to pad the file. Some repeated content to pad the file. Some repeated content to pad the file. Some repeated content to pad the file. Some repeated content to pad the file. Some repeated content to pad the file. Some repeated content to pad the file. Some repeated content to pad the file. Some repeated content to pad the file. Some repeated content to pad the file. Some repeated content to pad the file. Some repeated content to pad the file. Some repeated content to pad the file. Some repeated content to pad the file. Some repeated content to pad the file. Some repeated content to pad the file. Some repeated content to pad the file. Some repeated content to pad the file. Some repeated content to pad the file. Some repeated content to pad the file. Some repeated content to pad the file. Some repeated content to pad the file. Some repeated content to pad the file. Some repeated content to pad the file. Some repeated content to pad the file. Some repeated content to pad the file. Some repeated content to pad the file. Some repeated content to pad the file. Some repeated content to pad the file. Some repeated content to pad the file. Some repeated content to pad the file. Some repeated content to pad the file. Some repeated content to pad the file. Some repeated content to pad the file. Some repeated content to pad the file. Some repeated content to pad the file. Some repeated content to pad the file. Some repeated content to pad the file. Some repeated content to pad the file. Some repeated content to pad the file. Some repeated content to pad the file. Some repeated content to pad the file. Some repeated content to pad the file. Some repeated content to pad the file. Some repeated content to pad the file. Some repeated content to pad the file. Some repeated content to pad the file. Some repeated content to pad the file. Some repeated content to pad the file. Some repeated content to pad the file. Some repeated content to pad the file. Some repeated content to pad the file. Some repeated content to pad the file. Some repeated content to pad the file. Some repeated content to pad the file. Some repeated content to pad the file. Some repeated content to pad the file. Some repeated content to pad the file. Some repeated content to pad the file. Some repeated content to pad the file. Some repeated content to pad the file. Some repeated content to pad the file. Some repeated content to pad the file. Some repeated content to pad the file. Some repeated content to pad the file. Some repeated content to pad the file. Some repeated content to pad the file. Some repeated content to pad the file. Some repeated content to pad the file. Some repeated content to pad the file. Some repeated content to pad the file. Some repeated content to pad the file. Some repeated content to pad the file. Some repeated content to pad the file. Some repeated content to pad the file. Some repeated content to pad the file. Some repeated content to pad the file. Some repeated content to pad the file. Some repeated content to pad the file. Some repeated content to pad the file. Some repeated content to pad the file. Some repeated content to pad the file. Some repeated content to pad the file. Some repeated content to pad the file. Some repeated content to pad the file. Some repeated content to pad the file. Some repeated content to pad the file. Some repeated content to pad the file. Some repeated content to pad the file. Some repeated content to pad the file. Some repeated content to pad the file. Some repeated content to pad the file. Some repeated content to pad the file. Some repeated content to pad the file. Some repeated content to pad the file. Some repeated content to pad the file. Some repeated content to pad the file. Some repeated content to pad the file. Some repeated content to pad the file. Some repeated content to pad the file. Some repeated content to pad the file. Some repeated content to pad the file. Some repeated content to pad the file. Some repeated content to pad the file. Some repeated content to pad the file. Some repeated content to pad the file. Some repeated content to pad the file. Some repeated content to pad the file. Some repeated content to pad the file. Some repeated content to pad the file. Some repeated content to pad the file. Some repeated content to pad the file. Some repeated content to pad the file. Some repeated content to pad the file. Some repeated content to pad the file. Some repeated content to pad the file. Some repeated content to pad the file. Some repeated content to pad the file. Some repeated content to pad the file. Some repeated content to pad the file. Some repeated content to pad the file. Some repeated content to pad the file. Some repeated content to pad the file. Some repeated content to pad the file. Some repeated content to pad the file. Some repeated content to pad the file. Some repeated content to pad the file. Some repeated content to pad the file. Some repeated content to pad the file. Some repeated content to pad the file. Some repeated content to pad the file. Some repeated content to pad the file. Some repeated content to pad the file. Some repeated content to pad the file. Some repeated content to pad the file. Some repeated content to pad the file. Some repeated content to pad the file. Some repeated content to pad the file. Some repeated content to pad the file. Some repeated content to pad the file. Some repeated content to pad the file. Some repeated content to pad the file. Some repeated content to pad the file. Some repeated content to pad the file. Some repeated content to pad the file. Some repeated content to pad the file. Some repeated content to pad the file. Some repeated content to pad the file. Some repeated content to pad the file. Some repeated content to pad the file. Some repeated content to pad the file. Some repeated content to pad the file. Some repeated content to pad the file. Some repeated content to pad the file. Some repeated content to pad the file. Some repeated content to pad the file. Some repeated content to pad the file. Some repeated content to pad the file. Some repeated content to pad the file. Some repeated content to pad the file. Some repeated content to pad the file. Some repeated content to pad the file. Some repeated content to pad the file. Some repeated content to pad the file. Some repeated content to pad the file. Some repeated content to pad the file. Some repeated content to pad the file. Some repeated content to pad the file. Some repeated content to pad the file. Some repeated content to pad the file. Some repeated content to pad the file. Some repeated content to pad the file. Some repeated content to pad the file. Some repeated content to pad the file. Some repeated content to pad the file. Some repeated content to pad the file. Some repeated content to pad the file. Some repeated content to pad the file. Some repeated content to pad the file. Some repeated content to pad the file. Some repeated content to pad the file. Some repeated content to pad the file. Some repeated content to pad the file. Some repeated content to pad the file. Some repeated content to pad the file. Some repeated content to pad the file. Some repeated content to pad the file. Some repeated content to pad the file. Some repeated content to pad the file. Some repeated content to pad the file. Some repeated content to pad the file. Some repeated content to pad the file. Some repeated content to pad the file. Some repeated content to pad the file. Some repeated content to pad the file. Some repeated content to pad the file. Some repeated content to pad the file. Some repeated content to pad the file. Some repeated content to pad the file. Some repeated content to pad the file. Some repeated content to pad the file. Some repeated content to pad the file. Some repeated content to pad the file. Some repeated content to pad the file. Some repeated content to pad the file. Some repeated content to pad the file. Some repeated content to pad the file. Some repeated content to pad the file. Some repeated content to pad the file. Some repeated content to pad the file. Some repeated content to pad the file. Some repeated content to pad the file. Some repeated content to pad the file. Some repeated content to pad the file. Some repeated content to pad the file. Some repeated content to pad the file. Some repeated content to pad the file. Some repeated content to pad the file. Some repeated content to pad the file. Some repeated content to pad the file. Some repeated content to pad the file. Some repeated content to pad the file. Some repeated content to pad the file. Some repeated content to pad the file. Some repeated content to pad the file. Some repeated content to pad the file. Some repeated content to pad the file. Some repeated content to pad the file. Some repeated content to pad the file. Some repeated content to pad the file. Some repeated content to pad the file. Some repeated content to pad the file. Some repeated content to pad the file. Some repeated content to pad the file. Some repeated content to pad the file. Some repeated content to pad the file. Some repeated content to pad the file. Some repeated content to pad the file. Some repeated content to pad the file. Some repeated content to pad the file. Some repeated content to pad the file. Some repeated content to pad the file. Some repeated content to pad the file. Some repeated content to pad the file. Some repeated content to pad the file. Some repeated content to pad the file. Some repeated content to pad the file. Some repeated content to pad the file. Some repeated content to pad the file. Some repeated content to pad the file. Some repeated content to pad the file. Some repeated content to pad the file. Some repeated content to pad the file. Some repeated content to pad the file. Some repeated content to pad the file. Some repeated content to pad the file. Some repeated content to pad the file. Some repeated content to pad the file. Some repeated content to pad the file. Some repeated content to pad the file. Some repeated content to pad the file. Some repeated content to pad the file. Some repeated content to pad the file. Some repeated content to pad the file. Some repeated content to pad the file. Some repeated content to pad the file. Some repeated content to pad the file. Some repeated content to pad the file. Some repeated content to pad the file. Some repeated content to pad the file. Some repeated content to pad the file. Some repeated content to pad the file. Some repeated content to pad the file. Some repeated content to pad the file. Some repeated content to pad the file. Some repeated content to pad the file. Some repeated content to pad the file. Some repeated content to pad the file. Some repeated content to pad the file. Some repeated content to pad the file. Some repeated content to pad the file. Some repeated content to pad the file. Some repeated content to pad the file. Some repeated content to pad the file. Some repeated content to pad the file. Some repeated content to pad the file. Some repeated content to pad the file. Some repeated content to pad the file. Some repeated content to pad the file. Some repeated content to pad the file. Some repeated content to pad the file. Some repeated content to pad the file. Some repeated content to pad the file. Some repeated content to pad the file. Some repeated content to pad the file. Some repeated content to pad the file. Some repeated content to pad the file. Some repeated content to pad the file. Some repeated content to pad the file. Some repeated content to pad the file. Some repeated content to pad the file. Some repeated content to pad the file. Some repeated content to pad the file. Some repeated content to pad the file. Some repeated content to pad the file. Some repeated content to pad the file. Some repeated content to pad the file. Some repeated content to pad the file. Some repeated content to pad the file. Some repeated content to pad the file. Some repeated content to pad the file. Some repeated content to pad the file. Some repeated content to pad the file. Some repeated content to pad the file. Some repeated content to pad the file. Some repeated content to pad the file. Some repeated content to pad the file. Some repeated content to pad the file. Some repeated content to pad the file. Some repeated content to pad the file. Some repeated content to pad the file. Some repeated content to pad the file. Some repeated content to pad the file. Some repeated content to pad the file. Some repeated content to pad the file. Some repeated content to pad the file. Some repeated content to pad the file. Some repeated content to pad the file. Some repeated content to pad the file. Some repeated content to pad the file. Some repeated content to pad the file. Some repeated content to pad the file. Some repeated content to pad the file. Some repeated content to pad the file. Some repeated content to pad the file. Some repeated content to pad the file. Some repeated content to pad the file. Some repeated content to pad the file. Some repeated content to pad the file. Some repeated content to pad the file. Some repeated content to pad the file. Some repeated content to pad the file. Some repeated content to pad the file. Some repeated content to pad the file. Some repeated content to pad the file. Some repeated content to pad the file. Some repeated content to pad the file. Some repeated content to pad the file. Some repeated content to pad the file. Some repeated content to pad the file. Some repeated content to pad the file. Some repeated content to pad the file. Some repeated content to pad the file. Some repeated content to pad the file. Some repeated content to pad the file. Some repeated content to pad the file. Some repeated content to pad the file. Some repeated content to pad the file. Some repeated content to pad the file. Some repeated content to pad the file. Some repeated content to pad the file. Some repeated content to pad the file. Some repeated content to pad the file. Some repeated content to pad the file. Some repeated content to pad the file. Some repeated content to pad the file. Some repeated content to pad the file. Some repeated content to pad the file. Some repeated content to pad the file. Some repeated content to pad the file. Some repeated content to pad the file. Some repeated content to pad the file. Some repeated content to pad the file. Some repeated content to pad the file. Some repeated content to pad the file. Some repeated content to pad the file. Some repeated content to pad the file. Some repeated content to pad the file. Some repeated content to pad the file. Some repeated content to pad the file. Some repeated content to pad the file. Some repeated content to pad the file. Some repeated content to pad the file. Some repeated content to pad the file. Some repeated content to pad the file. Some repeated content to pad the file. Some repeated content to pad the file. Some repeated content to pad the file. Some repeated content to pad the file. Some repeated content to pad the file. Some repeated content to pad the file. Some repeated content to pad the file. Some repeated content to pad the file. Some repeated content to pad the file. Some repeated content to pad the file. Some repeated content to pad the file. Some repeated content to pad the file. Some repeated content to pad the file. Some repeated content to pad the file. Some repeated content to pad the file. Some repeated content to pad the file. Some repeated content to pad the file. Some repeated content to pad the file. Some repeated content to pad the file. Some repeated content to pad the file. Some repeated content to pad the file. Some repeated content to pad the file. Some repeated content to pad the file. Some repeated content to pad the file. Some repeated content to pad the file. Some repeated content to pad the file. Some repeated content to pad the file. Some repeated content to pad the file. Some repeated content to pad the file. Some repeated content to pad the file. Some repeated content to pad the file. Some repeated content to pad the file. Some repeated content to pad the file. Some repeated content to pad the file. Some repeated content to pad the file. Some repeated content to pad the file. Some repeated content to pad the file. Some repeated content to pad the file. Some repeated content to pad the file. Some repeated content to pad the file. Some repeated content to pad the file. Some repeated content to pad the file. Some repeated content to pad the file. Some repeated content to pad the file. Some repeated content to pad the file. Some repeated content to pad the file. Some repeated content to pad the file. Some repeated content to pad the file. Some repeated content to pad the file. Some repeated content to pad the file. Some repeated content to pad the file. Some repeated content to pad the file. Some repeated content to pad the file. Some repeated content to pad the file. Some repeated content to pad the file. Some repeated content to pad the file. Some repeated content to pad the file. Some repeated content to pad the file. Some repeated content to pad the file. Some repeated content to pad the file. Some repeated content to pad the file. Some repeated content to pad the file. Some repeated content to pad the file. Some repeated content to pad the file. Some repeated content to pad the file. Some repeated content to pad the file. Some repeated content to pad the file. Some repeated content to pad the file. Some repeated content to pad the file. Some repeated content to pad the file. Some repeated content to pad the file. Some repeated content to pad the file. Some repeated content to pad the file. Some repeated content to pad the file. Some repeated content to pad the file. Some repeated content to pad the file. Some repeated content to pad the file. Some repeated content to pad the file. Some repeated content to pad the file. Some repeated content to pad the file. Some repeated content to pad the file. Some repeated content to pad the file. Some repeated content to pad the file. Some repeated content to pad the file. Some repeated content to pad the file. Some repeated content to pad the file. Some repeated content to pad the file. Some repeated content to pad the file. Some repeated content to pad the file. Some repeated content to pad the file. Some repeated content to pad the file. Some repeated content to pad the file. Some repeated content to pad the file. Some repeated content to pad the file. Some repeated content to pad the file. Some repeated content to pad the file. Some repeated content to pad the file. Some repeated content to pad the file. Some repeated content to pad the file. Some repeated content to pad the file. Some repeated content to pad the file. Some repeated content to pad the file. Some repeated content to pad the file. Some repeated content to pad the file. Some repeated content to pad the file. Some repeated content to pad the file. Some repeated content to pad the file. Some repeated content to pad the file. Some repeated content to pad the file. Some repeated content to pad the file. Some repeated content to pad the file. Some repeated content to pad the file. Some repeated content to pad the file. Some repeated content to pad the file. Some repeated content to pad the file. Some repeated content to pad the file. Some repeated content to pad the file. Some repeated content to pad the file. Some repeated content to pad the file. Some repeated content to pad the file. Some repeated content to pad the file. Some repeated content to pad the file. Some repeated content to pad the file. Some repeated content to pad the file. Some repeated content to pad the file. Some repeated content to pad the file. Some repeated content to pad the file. Some repeated content to pad the file. Some repeated content to pad the file. Some repeated content to pad the file. Some repeated content to pad the file. Some repeated content to pad the file. Some repeated content to pad the file. Some repeated content to pad the file. Some repeated content to pad the file. Some repeated content to pad the file. Some repeated content to pad the file. Some repeated content to pad the file. Some repeated content to pad the file. Some repeated content to pad the file. Some repeated content to pad the file. Some repeated content to pad the file. Some repeated content to pad the file. Some repeated content to pad the file. Some repeated content to pad the file. Some repeated content to pad the file. Some repeated content to pad the file. Some repeated content to pad the file. Some repeated content to pad the file. Some repeated content to pad the file. Some repeated content to pad the file. Some repeated content to pad the file. Some repeated content to pad the file. Some repeated content to pad the file. Some repeated content to pad the file. Some repeated content to pad the file. Some repeated content to pad the file. Some repeated content to pad the file. Some repeated content to pad the file. Some repeated content to pad the file. Some repeated content to pad the file. Some repeated content to pad the file. Some repeated content to pad the file. Some repeated content to pad the file. Some repeated content to pad the file. Some repeated content to pad the file. Some repeated content to pad the file. Some repeated content to pad the file. Some repeated content to pad the file. Some repeated content to pad the file. Some repeated content to pad the file. Some repeated content to pad the file. Some repeated content to pad the file. Some repeated content to pad the file. Some repeated content to pad the file. Some repeated content to pad the file. Some repeated content to pad the file. Some repeated content to pad the file. Some repeated content to pad the file. Some repeated content to pad the file. Some repeated content to pad the file. Some repeated content to pad the file. Some repeated content to pad the file. Some repeated content to pad the file. Some repeated content to pad the file. Some repeated content to pad the file. Some repeated content to pad the file. Some repeated content to pad the file. Some repeated content to pad the file. Some repeated content to pad the file. Some repeated content to pad the file. Some repeated content to pad the file. Some repeated content to pad the file. Some repeated content to pad the file. Some repeated content to pad the file. Some repeated content to pad the file. Some repeated content to pad the file. Some repeated content to pad the file. Some repeated content to pad the file. Some repeated content to pad the file. Some repeated content to pad the file. Some repeated content to pad the file. Some repeated content to pad the file. Some repeated content to pad the file. Some repeated content to pad the file. Some repeated content to pad the file. Some repeated content to pad the file. Some repeated content to pad the file. Some repeated content to pad the file. Some repeated content to pad the file. 